Archive member included to satisfy reference by file (symbol)

/usr/lib/gcc/arm-none-eabi/4.9.3/../../../arm-none-eabi/lib/armv7e-m/fpu/libg.a(lib_a-errno.o)
                              build/objs/syscalls.o (__errno)
/usr/lib/gcc/arm-none-eabi/4.9.3/../../../arm-none-eabi/lib/armv7e-m/fpu/libg.a(lib_a-impure.o)
                              /usr/lib/gcc/arm-none-eabi/4.9.3/../../../arm-none-eabi/lib/armv7e-m/fpu/libg.a(lib_a-errno.o) (_impure_ptr)
/usr/lib/gcc/arm-none-eabi/4.9.3/../../../arm-none-eabi/lib/armv7e-m/fpu/libg.a(lib_a-malloc.o)
                              build/objs/command_processor.o (malloc)
/usr/lib/gcc/arm-none-eabi/4.9.3/../../../arm-none-eabi/lib/armv7e-m/fpu/libg.a(lib_a-mallocr.o)
                              /usr/lib/gcc/arm-none-eabi/4.9.3/../../../arm-none-eabi/lib/armv7e-m/fpu/libg.a(lib_a-malloc.o) (_malloc_r)
/usr/lib/gcc/arm-none-eabi/4.9.3/../../../arm-none-eabi/lib/armv7e-m/fpu/libg.a(lib_a-mlock.o)
                              /usr/lib/gcc/arm-none-eabi/4.9.3/../../../arm-none-eabi/lib/armv7e-m/fpu/libg.a(lib_a-mallocr.o) (__malloc_lock)
/usr/lib/gcc/arm-none-eabi/4.9.3/../../../arm-none-eabi/lib/armv7e-m/fpu/libg.a(lib_a-sbrkr.o)
                              /usr/lib/gcc/arm-none-eabi/4.9.3/../../../arm-none-eabi/lib/armv7e-m/fpu/libg.a(lib_a-mallocr.o) (_sbrk_r)
/usr/lib/gcc/arm-none-eabi/4.9.3/../../../arm-none-eabi/lib/armv7e-m/fpu/libg.a(lib_a-freer.o)
                              /usr/lib/gcc/arm-none-eabi/4.9.3/../../../arm-none-eabi/lib/armv7e-m/fpu/libg.a(lib_a-malloc.o) (_free_r)
/usr/lib/gcc/arm-none-eabi/4.9.3/../../../arm-none-eabi/lib/armv7e-m/fpu/libg.a(lib_a-reent.o)
                              /usr/lib/gcc/arm-none-eabi/4.9.3/../../../arm-none-eabi/lib/armv7e-m/fpu/libg.a(lib_a-sbrkr.o) (errno)

Allocating common symbols
Common symbol       size              file

PCD8544_y           0x1               build/objs/pcd8544.o
hUsbDeviceFS        0x224             build/objs/usb_device.o
hUsbDevice_0        0x4               build/objs/usbd_cdc_if.o
PCD8544_x           0x1               build/objs/pcd8544.o
PCD8544_Buffer      0x1f8             build/objs/pcd8544.o
errno               0x4               /usr/lib/gcc/arm-none-eabi/4.9.3/../../../arm-none-eabi/lib/armv7e-m/fpu/libg.a(lib_a-reent.o)
hpcd_USB_OTG_FS     0x3b8             build/objs/usbd_conf.o
uwTick              0x4               build/objs/stm32f4xx_hal.o
pFlash              0x20              build/objs/stm32f4xx_hal_flash.o
single_line         0x80              build/objs/command_processor.o
UserRxBufferFS      0x4               build/objs/usbd_cdc_if.o
UserTxBufferFS      0x4               build/objs/usbd_cdc_if.o
hSPI                0x58              build/objs/MAX31855.o
TIM_OC_init         0x1c              build/objs/SSR.o
hTIM                0x3c              build/objs/SSR.o
USBD_StrDesc        0x200             build/objs/usbd_desc.o
TimHandle           0x3c              build/objs/stm32f4xx_hal_timebase_tim_template.o

Memory Configuration

Name             Origin             Length             Attributes
FLASH            0x0000000008000000 0x0000000000100000 xr
RAM              0x0000000020000000 0x0000000000020000 xrw
CCMRAM           0x0000000010000000 0x0000000000010000 rw
*default*        0x0000000000000000 0xffffffffffffffff

Linker script and memory map

LOAD build/objs/usbd_cdc_if.o
LOAD build/objs/usbd_conf.o
LOAD build/objs/syscalls.o
LOAD build/objs/stm32f4xx_hal_msp.o
LOAD build/objs/gpio.o
LOAD build/objs/SSR.o
LOAD build/objs/MAX31855.o
LOAD build/objs/main.o
LOAD build/objs/stm32f4xx_it.o
LOAD build/objs/usb_device.o
LOAD build/objs/usbd_desc.o
LOAD build/objs/pcd8544.o
LOAD build/objs/command_processor.o
LOAD build/objs/stm32f4xx_hal_dsi.o
LOAD build/objs/stm32f4xx_hal_pcd.o
LOAD build/objs/stm32f4xx_hal_irda.o
LOAD build/objs/stm32f4xx_ll_fsmc.o
LOAD build/objs/stm32f4xx_hal_cec.o
LOAD build/objs/stm32f4xx_hal_timebase_tim_template.o
LOAD build/objs/stm32f4xx_ll_usb.o
LOAD build/objs/stm32f4xx_hal.o
LOAD build/objs/stm32f4xx_hal_dcmi_ex.o
LOAD build/objs/stm32f4xx_hal_flash_ex.o
LOAD build/objs/stm32f4xx_hal_cryp.o
LOAD build/objs/stm32f4xx_hal_rng.o
LOAD build/objs/stm32f4xx_hal_nand.o
LOAD build/objs/stm32f4xx_hal_gpio.o
LOAD build/objs/stm32f4xx_hal_ltdc.o
LOAD build/objs/stm32f4xx_hal_hcd.o
LOAD build/objs/stm32f4xx_hal_pcd_ex.o
LOAD build/objs/stm32f4xx_hal_adc.o
LOAD build/objs/stm32f4xx_hal_adc_ex.o
LOAD build/objs/stm32f4xx_hal_lptim.o
LOAD build/objs/stm32f4xx_hal_spi.o
LOAD build/objs/stm32f4xx_hal_i2c.o
LOAD build/objs/stm32f4xx_hal_fmpi2c.o
LOAD build/objs/stm32f4xx_hal_smartcard.o
LOAD build/objs/stm32f4xx_hal_pccard.o
LOAD build/objs/stm32f4xx_hal_dma2d.o
LOAD build/objs/stm32f4xx_hal_sai.o
LOAD build/objs/stm32f4xx_hal_cryp_ex.o
LOAD build/objs/stm32f4xx_hal_rcc_ex.o
LOAD build/objs/stm32f4xx_ll_fmc.o
LOAD build/objs/stm32f4xx_hal_ltdc_ex.o
LOAD build/objs/stm32f4xx_hal_flash_ramfunc.o
LOAD build/objs/stm32f4xx_hal_cortex.o
LOAD build/objs/stm32f4xx_hal_iwdg.o
LOAD build/objs/stm32f4xx_hal_uart.o
LOAD build/objs/stm32f4xx_hal_tim_ex.o
LOAD build/objs/stm32f4xx_hal_i2c_ex.o
LOAD build/objs/stm32f4xx_hal_dma.o
LOAD build/objs/stm32f4xx_hal_dac.o
LOAD build/objs/stm32f4xx_hal_spdifrx.o
LOAD build/objs/stm32f4xx_hal_fmpi2c_ex.o
LOAD build/objs/stm32f4xx_ll_sdmmc.o
LOAD build/objs/stm32f4xx_hal_i2s_ex.o
LOAD build/objs/stm32f4xx_hal_can.o
LOAD build/objs/stm32f4xx_hal_nor.o
LOAD build/objs/stm32f4xx_hal_pwr.o
LOAD build/objs/stm32f4xx_hal_rtc.o
LOAD build/objs/stm32f4xx_hal_qspi.o
LOAD build/objs/stm32f4xx_hal_hash_ex.o
LOAD build/objs/stm32f4xx_hal_i2s.o
LOAD build/objs/stm32f4xx_hal_sram.o
LOAD build/objs/stm32f4xx_hal_hash.o
LOAD build/objs/stm32f4xx_hal_eth.o
LOAD build/objs/stm32f4xx_hal_tim.o
LOAD build/objs/stm32f4xx_hal_dma_ex.o
LOAD build/objs/stm32f4xx_hal_sd.o
LOAD build/objs/stm32f4xx_hal_sai_ex.o
LOAD build/objs/stm32f4xx_hal_rcc.o
LOAD build/objs/stm32f4xx_hal_wwdg.o
LOAD build/objs/stm32f4xx_hal_dac_ex.o
LOAD build/objs/stm32f4xx_hal_rtc_ex.o
LOAD build/objs/stm32f4xx_hal_pwr_ex.o
LOAD build/objs/stm32f4xx_hal_dcmi.o
LOAD build/objs/stm32f4xx_hal_sdram.o
LOAD build/objs/stm32f4xx_hal_flash.o
LOAD build/objs/stm32f4xx_hal_crc.o
LOAD build/objs/stm32f4xx_hal_usart.o
LOAD build/objs/stm32f4_discovery.o
LOAD build/objs/system_stm32f4xx.o
LOAD build/objs/usbd_core.o
LOAD build/objs/usbd_ctlreq.o
LOAD build/objs/usbd_ioreq.o
LOAD build/objs/usbd_cdc_if_template.o
LOAD build/objs/usbd_cdc.o
LOAD build/objs/startup_stm32f407xx.o
START GROUP
LOAD /usr/lib/gcc/arm-none-eabi/4.9.3/armv7e-m/fpu/libgcc.a
LOAD /usr/lib/gcc/arm-none-eabi/4.9.3/../../../arm-none-eabi/lib/armv7e-m/fpu/libg.a
LOAD /usr/lib/gcc/arm-none-eabi/4.9.3/../../../arm-none-eabi/lib/armv7e-m/fpu/libc.a
END GROUP
                0x000000002001ffff                _estack = 0x2001ffff
                0x0000000000000200                _Min_Heap_Size = 0x200
                0x0000000000000400                _Min_Stack_Size = 0x400

.isr_vector     0x0000000008000000      0x188
                0x0000000008000000                . = ALIGN (0x4)
 *(.isr_vector)
 .isr_vector    0x0000000008000000      0x188 build/objs/startup_stm32f407xx.o
                0x0000000008000000                g_pfnVectors
                0x0000000008000188                . = ALIGN (0x4)

.text           0x0000000008000188    0x17068
                0x0000000008000188                . = ALIGN (0x4)
 *(.text)
 .text          0x0000000008000188      0x1ac build/objs/usbd_cdc_if.o
                0x00000000080002e0                CDC_Transmit_FS
 .text          0x0000000008000334      0x588 build/objs/usbd_conf.o
                0x0000000008000334                HAL_PCD_MspInit
                0x00000000080003b0                HAL_PCD_MspDeInit
                0x00000000080003ec                HAL_PCD_SetupStageCallback
                0x0000000008000410                HAL_PCD_DataOutStageCallback
                0x0000000008000448                HAL_PCD_DataInStageCallback
                0x000000000800047c                HAL_PCD_SOFCallback
                0x0000000008000498                HAL_PCD_ResetCallback
                0x00000000080004e8                HAL_PCD_SuspendCallback
                0x0000000008000534                HAL_PCD_ResumeCallback
                0x0000000008000550                HAL_PCD_ISOOUTIncompleteCallback
                0x0000000008000574                HAL_PCD_ISOINIncompleteCallback
                0x0000000008000598                HAL_PCD_ConnectCallback
                0x00000000080005b4                HAL_PCD_DisconnectCallback
                0x00000000080005d0                USBD_LL_Init
                0x0000000008000664                USBD_LL_DeInit
                0x0000000008000684                USBD_LL_Start
                0x00000000080006a4                USBD_LL_Stop
                0x00000000080006c4                USBD_LL_OpenEP
                0x00000000080006f8                USBD_LL_CloseEP
                0x0000000008000720                USBD_LL_FlushEP
                0x0000000008000748                USBD_LL_StallEP
                0x0000000008000770                USBD_LL_ClearStallEP
                0x0000000008000798                USBD_LL_IsStallEP
                0x00000000080007f0                USBD_LL_SetUSBAddress
                0x0000000008000818                USBD_LL_Transmit
                0x000000000800084c                USBD_LL_PrepareReceive
                0x0000000008000880                USBD_LL_GetRxDataSize
                0x00000000080008a8                USBD_LL_Delay
 .text          0x00000000080008bc      0x2b8 build/objs/syscalls.o
                0x00000000080008bc                _sbrk
                0x0000000008000928                _gettimeofday
                0x0000000008000954                initialise_monitor_handles
                0x0000000008000960                _getpid
                0x0000000008000970                _kill
                0x0000000008000990                _exit
                0x00000000080009a4                _write
                0x00000000080009dc                _close
                0x00000000080009f4                _fstat
                0x0000000008000a14                _isatty
                0x0000000008000a2c                _lseek
                0x0000000008000a48                _read
                0x0000000008000a84                _open
                0x0000000008000aa0                _wait
                0x0000000008000ac0                _unlink
                0x0000000008000ae0                _times
                0x0000000008000af8                _stat
                0x0000000008000b18                _link
                0x0000000008000b38                _fork
                0x0000000008000b50                _execve
 .text          0x0000000008000b74       0x48 build/objs/stm32f4xx_hal_msp.o
                0x0000000008000b74                HAL_MspInit
 .text          0x0000000008000bbc       0x4c build/objs/gpio.o
                0x0000000008000bbc                MX_GPIO_Init
 .text          0x0000000008000c08      0x100 build/objs/SSR.o
                0x0000000008000c08                SSR_init
                0x0000000008000c9c                SSR_start
                0x0000000008000cc0                SSR_stop
                0x0000000008000ce8                SSR_set_duty_cycle
 .text          0x0000000008000d08      0x1c4 build/objs/MAX31855.o
                0x0000000008000d08                MAX31855_init
                0x0000000008000e5c                MAX31855_read
 .text          0x0000000008000ecc      0x194 build/objs/main.o
                0x0000000008000ecc                main
                0x0000000008000f9c                SystemClock_Config
 .text          0x0000000008001060       0x20 build/objs/stm32f4xx_it.o
                0x0000000008001060                SysTick_Handler
                0x0000000008001070                OTG_FS_IRQHandler
 .text          0x0000000008001080       0x38 build/objs/usb_device.o
                0x0000000008001080                MX_USB_DEVICE_Init
 .text          0x00000000080010b8      0x160 build/objs/usbd_desc.o
                0x00000000080010b8                USBD_FS_DeviceDescriptor
                0x00000000080010dc                USBD_FS_LangIDStrDescriptor
                0x0000000008001100                USBD_FS_ProductStrDescriptor
                0x000000000800113c                USBD_FS_ManufacturerStrDescriptor
                0x0000000008001164                USBD_FS_SerialStrDescriptor
                0x00000000080011a0                USBD_FS_ConfigStrDescriptor
                0x00000000080011dc                USBD_FS_InterfaceStrDescriptor
 .text          0x0000000008001218      0xed4 build/objs/pcd8544.o
                0x0000000008001218                PCD8544_InitIO
                0x0000000008001470                PCD8544_send
                0x00000000080014b0                PCD8544_Pin
                0x000000000800151c                PCD8544_Delay
                0x0000000008001544                PCD8544_Init
                0x00000000080015bc                PCD8544_Write
                0x00000000080015fc                PCD8544_SetContrast
                0x0000000008001638                PCD8544_DrawPixel
                0x00000000080016f4                PCD8544_Invert
                0x000000000800171c                PCD8544_Clear
                0x0000000008001768                PCD8544_Home
                0x0000000008001780                PCD8544_Refresh
                0x000000000800183c                PCD8544_UpdateArea
                0x00000000080018b4                PCD8544_GotoXY
                0x00000000080018e4                PCD8544_Putc
                0x0000000008001a38                PCD8544_Puts
                0x0000000008001a70                PCD8544_DrawLine
                0x0000000008001c2c                PCD8544_DrawRectangle
                0x0000000008001c98                PCD8544_DrawFilledRectangle
                0x0000000008001ce0                PCD8544_DrawCircle
                0x0000000008001ed4                PCD8544_DrawFilledCircle
                0x00000000080020b8                PCD8544_SetBacklight
 .text          0x00000000080020ec      0x128 build/objs/command_processor.o
                0x00000000080020ec                cmd_proc_receive_data
 .text          0x0000000008002214        0x0 build/objs/stm32f4xx_hal_dsi.o
 .text          0x0000000008002214     0x1290 build/objs/stm32f4xx_hal_pcd.o
                0x0000000008002214                HAL_PCD_Init
                0x0000000008002424                HAL_PCD_DeInit
                0x0000000008002484                HAL_PCD_Start
                0x00000000080024c8                HAL_PCD_Stop
                0x0000000008002518                HAL_PCD_IRQHandler
                0x0000000008002da4                HAL_PCD_DevConnect
                0x0000000008002de0                HAL_PCD_DevDisconnect
                0x0000000008002e1c                HAL_PCD_SetAddress
                0x0000000008002e60                HAL_PCD_EP_Open
                0x0000000008002f30                HAL_PCD_EP_Close
                0x0000000008002fc4                HAL_PCD_EP_Receive
                0x000000000800307c                HAL_PCD_EP_GetRxCount
                0x00000000080030b0                HAL_PCD_EP_Transmit
                0x0000000008003164                HAL_PCD_EP_SetStall
                0x000000000800321c                HAL_PCD_EP_ClrStall
                0x00000000080032b0                HAL_PCD_EP_Flush
                0x000000000800330c                HAL_PCD_ActivateRemoteWakeup
                0x0000000008003350                HAL_PCD_DeActivateRemoteWakeup
                0x0000000008003384                HAL_PCD_GetState
 .text          0x00000000080034a4        0x0 build/objs/stm32f4xx_hal_irda.o
 .text          0x00000000080034a4        0x0 build/objs/stm32f4xx_ll_fsmc.o
 .text          0x00000000080034a4        0x0 build/objs/stm32f4xx_hal_cec.o
 .text          0x00000000080034a4      0x12c build/objs/stm32f4xx_hal_timebase_tim_template.o
                0x00000000080034a4                HAL_InitTick
                0x000000000800356c                HAL_SuspendTick
                0x000000000800358c                HAL_ResumeTick
                0x00000000080035ac                HAL_TIM_PeriodElapsedCallback
                0x00000000080035c0                TIM6_DAC_IRQHandler
 .text          0x00000000080035d0     0x2180 build/objs/stm32f4xx_ll_usb.o
                0x00000000080035d0                USB_CoreInit
                0x0000000008003674                USB_EnableGlobalInt
                0x0000000008003698                USB_DisableGlobalInt
                0x00000000080036bc                USB_SetCurrentMode
                0x000000000800370c                USB_DevInit
                0x0000000008003964                USB_FlushTxFifo
                0x00000000080039b0                USB_FlushRxFifo
                0x00000000080039f4                USB_SetDevSpeed
                0x0000000008003a24                USB_GetDevSpeed
                0x0000000008003a90                USB_ActivateEndpoint
                0x0000000008003ba4                USB_ActivateDedicatedEndpoint
                0x0000000008003d2c                USB_DeactivateEndpoint
                0x0000000008003e24                USB_DeactivateDedicatedEndpoint
                0x0000000008003ed8                USB_EPStartXfer
                0x000000000800435c                USB_EP0StartXfer
                0x0000000008004618                USB_WritePacket
                0x0000000008004684                USB_ReadPacket
                0x00000000080046d4                USB_EPSetStall
                0x00000000080047b8                USB_EPClearStall
                0x0000000008004894                USB_StopDevice
                0x000000000800491c                USB_SetDevAddress
                0x0000000008004968                USB_DevConnect
                0x0000000008004998                USB_DevDisconnect
                0x00000000080049c8                USB_ReadInterrupts
                0x00000000080049f4                USB_ReadDevAllOutEpInterrupt
                0x0000000008004a24                USB_ReadDevAllInEpInterrupt
                0x0000000008004a54                USB_ReadDevOutEPInterrupt
                0x0000000008004a8c                USB_ReadDevInEPInterrupt
                0x0000000008004ae0                USB_ClearInterrupts
                0x0000000008004b00                USB_GetMode
                0x0000000008004b1c                USB_ActivateSetup
                0x0000000008004b88                USB_EP0_OutStart
                0x0000000008004c7c                USB_HostInit
                0x0000000008004dd4                USB_InitFSLSPClkSel
                0x0000000008004e48                USB_ResetPort
                0x0000000008004e94                USB_DriveVbus
                0x0000000008004f00                USB_GetHostSpeed
                0x0000000008004f28                USB_GetCurrentFrame
                0x0000000008004f48                USB_HC_Init
                0x0000000008005140                USB_HC_StartXfer
                0x00000000080053b8                USB_HC_ReadInterrupt
                0x00000000080053d8                USB_HC_Halt
                0x00000000080055d8                USB_DoPing
                0x0000000008005650                USB_StopHost
 .text          0x0000000008005750      0x2dc build/objs/stm32f4xx_hal.o
                0x0000000008005750                HAL_Init
                0x0000000008005794                HAL_DeInit
                0x00000000080057f8                HAL_MspDeInit
                0x000000000800583c                HAL_IncTick
                0x0000000008005858                HAL_GetTick
                0x0000000008005870                HAL_Delay
                0x00000000080058d4                HAL_GetHalVersion
                0x00000000080058e8                HAL_GetREVID
                0x0000000008005900                HAL_GetDEVID
                0x000000000800591c                HAL_DBGMCU_EnableDBGSleepMode
                0x0000000008005938                HAL_DBGMCU_DisableDBGSleepMode
                0x0000000008005954                HAL_DBGMCU_EnableDBGStopMode
                0x0000000008005970                HAL_DBGMCU_DisableDBGStopMode
                0x000000000800598c                HAL_DBGMCU_EnableDBGStandbyMode
                0x00000000080059a8                HAL_DBGMCU_DisableDBGStandbyMode
                0x00000000080059c4                HAL_EnableCompensationCell
                0x00000000080059f8                HAL_DisableCompensationCell
 .text          0x0000000008005a2c        0x0 build/objs/stm32f4xx_hal_dcmi_ex.o
 .text          0x0000000008005a2c      0x60c build/objs/stm32f4xx_hal_flash_ex.o
                0x0000000008005a2c                HAL_FLASHEx_Erase
                0x0000000008005b0c                HAL_FLASHEx_Erase_IT
                0x0000000008005bb8                HAL_FLASHEx_OBProgram
                0x0000000008005c98                HAL_FLASHEx_OBGetConfig
                0x0000000008005d20                FLASH_Erase_Sector
                0x0000000008005fb0                FLASH_FlushCaches
 .text          0x0000000008006038        0x0 build/objs/stm32f4xx_hal_cryp.o
 .text          0x0000000008006038        0x0 build/objs/stm32f4xx_hal_rng.o
 .text          0x0000000008006038        0x0 build/objs/stm32f4xx_hal_nand.o
 .text          0x0000000008006038      0x658 build/objs/stm32f4xx_hal_gpio.o
                0x0000000008006038                HAL_GPIO_Init
                0x0000000008006374                HAL_GPIO_DeInit
                0x0000000008006578                HAL_GPIO_ReadPin
                0x00000000080065a8                HAL_GPIO_WritePin
                0x00000000080065d8                HAL_GPIO_TogglePin
                0x00000000080065fc                HAL_GPIO_LockPin
                0x000000000800664c                HAL_GPIO_EXTI_IRQHandler
                0x000000000800667c                HAL_GPIO_EXTI_Callback
 .text          0x0000000008006690        0x0 build/objs/stm32f4xx_hal_ltdc.o
 .text          0x0000000008006690        0x0 build/objs/stm32f4xx_hal_hcd.o
 .text          0x0000000008006690       0xbc build/objs/stm32f4xx_hal_pcd_ex.o
                0x0000000008006690                HAL_PCDEx_SetTxFiFo
                0x0000000008006728                HAL_PCDEx_SetRxFiFo
 .text          0x000000000800674c        0x0 build/objs/stm32f4xx_hal_adc.o
 .text          0x000000000800674c        0x0 build/objs/stm32f4xx_hal_adc_ex.o
 .text          0x000000000800674c        0x0 build/objs/stm32f4xx_hal_lptim.o
 .text          0x000000000800674c     0x1f30 build/objs/stm32f4xx_hal_spi.o
                0x000000000800674c                HAL_SPI_Init
                0x0000000008006820                HAL_SPI_DeInit
                0x0000000008006870                HAL_SPI_MspInit
                0x0000000008006884                HAL_SPI_MspDeInit
                0x0000000008006898                HAL_SPI_Transmit
                0x0000000008006ad0                HAL_SPI_Receive
                0x0000000008006de0                HAL_SPI_TransmitReceive
                0x0000000008007110                HAL_SPI_Transmit_IT
                0x0000000008007258                HAL_SPI_Receive_IT
                0x00000000080073ac                HAL_SPI_TransmitReceive_IT
                0x00000000080074fc                HAL_SPI_Transmit_DMA
                0x0000000008007650                HAL_SPI_Receive_DMA
                0x00000000080077c8                HAL_SPI_TransmitReceive_DMA
                0x000000000800799c                HAL_SPI_DMAPause
                0x00000000080079e0                HAL_SPI_DMAResume
                0x0000000008007a24                HAL_SPI_DMAStop
                0x0000000008007a74                HAL_SPI_IRQHandler
                0x0000000008007ba0                HAL_SPI_TxCpltCallback
                0x0000000008007bb4                HAL_SPI_RxCpltCallback
                0x0000000008007bc8                HAL_SPI_TxRxCpltCallback
                0x0000000008007bdc                HAL_SPI_TxHalfCpltCallback
                0x0000000008007bf0                HAL_SPI_RxHalfCpltCallback
                0x0000000008007c04                HAL_SPI_TxRxHalfCpltCallback
                0x0000000008007c18                HAL_SPI_ErrorCallback
                0x0000000008007c2c                HAL_SPI_GetState
                0x0000000008007c48                HAL_SPI_GetError
 .text          0x000000000800867c     0x4618 build/objs/stm32f4xx_hal_i2c.o
                0x000000000800867c                HAL_I2C_Init
                0x000000000800883c                HAL_I2C_DeInit
                0x000000000800889c                HAL_I2C_MspInit
                0x00000000080088b0                HAL_I2C_MspDeInit
                0x00000000080088c4                HAL_I2C_Master_Transmit
                0x0000000008008a68                HAL_I2C_Master_Receive
                0x0000000008008da8                HAL_I2C_Slave_Transmit
                0x0000000008008f78                HAL_I2C_Slave_Receive
                0x0000000008009140                HAL_I2C_Master_Transmit_IT
                0x0000000008009288                HAL_I2C_Master_Receive_IT
                0x0000000008009470                HAL_I2C_Master_Sequential_Transmit_IT
                0x00000000080095d0                HAL_I2C_Master_Sequential_Receive_IT
                0x000000000800983c                HAL_I2C_Slave_Transmit_IT
                0x0000000008009910                HAL_I2C_Slave_Receive_IT
                0x00000000080099e4                HAL_I2C_Slave_Sequential_Transmit_IT
                0x0000000008009aa4                HAL_I2C_Slave_Sequential_Receive_IT
                0x0000000008009b64                HAL_I2C_EnableListen_IT
                0x0000000008009bb4                HAL_I2C_DisableListen_IT
                0x0000000008009c2c                HAL_I2C_Master_Transmit_DMA
                0x0000000008009de8                HAL_I2C_Master_Receive_DMA
                0x0000000008009fb0                HAL_I2C_Master_Abort_IT
                0x000000000800a058                HAL_I2C_Slave_Transmit_DMA
                0x000000000800a1e4                HAL_I2C_Slave_Receive_DMA
                0x000000000800a31c                HAL_I2C_Mem_Write
                0x000000000800a4b4                HAL_I2C_Mem_Read
                0x000000000800a7f0                HAL_I2C_Mem_Write_IT
                0x000000000800a92c                HAL_I2C_Mem_Read_IT
                0x000000000800ab20                HAL_I2C_Mem_Write_DMA
                0x000000000800acc0                HAL_I2C_Mem_Read_DMA
                0x000000000800ae98                HAL_I2C_IsDeviceReady
                0x000000000800b0c4                HAL_I2C_EV_IRQHandler
                0x000000000800b3a8                HAL_I2C_ER_IRQHandler
                0x000000000800b5f0                HAL_I2C_MasterTxCpltCallback
                0x000000000800b604                HAL_I2C_MasterRxCpltCallback
                0x000000000800b618                HAL_I2C_SlaveTxCpltCallback
                0x000000000800b62c                HAL_I2C_SlaveRxCpltCallback
                0x000000000800b640                HAL_I2C_AddrCallback
                0x000000000800b65c                HAL_I2C_ListenCpltCallback
                0x000000000800b670                HAL_I2C_MemTxCpltCallback
                0x000000000800b684                HAL_I2C_MemRxCpltCallback
                0x000000000800b698                HAL_I2C_ErrorCallback
                0x000000000800b6ac                HAL_I2C_GetState
                0x000000000800b6c8                HAL_I2C_GetMode
                0x000000000800b6e4                HAL_I2C_GetError
 .text          0x000000000800cc94        0x0 build/objs/stm32f4xx_hal_fmpi2c.o
 .text          0x000000000800cc94        0x0 build/objs/stm32f4xx_hal_smartcard.o
 .text          0x000000000800cc94        0x0 build/objs/stm32f4xx_hal_pccard.o
 .text          0x000000000800cc94        0x0 build/objs/stm32f4xx_hal_dma2d.o
 .text          0x000000000800cc94        0x0 build/objs/stm32f4xx_hal_sai.o
 .text          0x000000000800cc94        0x0 build/objs/stm32f4xx_hal_cryp_ex.o
 .text          0x000000000800cc94      0x2cc build/objs/stm32f4xx_hal_rcc_ex.o
                0x000000000800cc94                HAL_RCC_DeInit
                0x000000000800cd0c                HAL_RCCEx_PeriphCLKConfig
                0x000000000800cedc                HAL_RCCEx_GetPeriphCLKConfig
 .text          0x000000000800cf60        0x0 build/objs/stm32f4xx_ll_fmc.o
 .text          0x000000000800cf60        0x0 build/objs/stm32f4xx_hal_ltdc_ex.o
 .text          0x000000000800cf60        0x0 build/objs/stm32f4xx_hal_flash_ramfunc.o
 .text          0x000000000800cf60      0x5b0 build/objs/stm32f4xx_hal_cortex.o
                0x000000000800d2dc                HAL_NVIC_SetPriorityGrouping
                0x000000000800d2f0                HAL_NVIC_SetPriority
                0x000000000800d328                HAL_NVIC_EnableIRQ
                0x000000000800d344                HAL_NVIC_DisableIRQ
                0x000000000800d360                HAL_NVIC_SystemReset
                0x000000000800d36c                HAL_SYSTICK_Config
                0x000000000800d384                HAL_MPU_ConfigRegion
                0x000000000800d408                HAL_NVIC_GetPriorityGrouping
                0x000000000800d418                HAL_NVIC_GetPriority
                0x000000000800d448                HAL_NVIC_SetPendingIRQ
                0x000000000800d464                HAL_NVIC_GetPendingIRQ
                0x000000000800d484                HAL_NVIC_ClearPendingIRQ
                0x000000000800d4a0                HAL_NVIC_GetActive
                0x000000000800d4c0                HAL_SYSTICK_CLKSourceConfig
                0x000000000800d4f8                HAL_SYSTICK_IRQHandler
                0x000000000800d504                HAL_SYSTICK_Callback
 .text          0x000000000800d510        0x0 build/objs/stm32f4xx_hal_iwdg.o
 .text          0x000000000800d510        0x0 build/objs/stm32f4xx_hal_uart.o
 .text          0x000000000800d510     0x14dc build/objs/stm32f4xx_hal_tim_ex.o
                0x000000000800d510                HAL_TIMEx_HallSensor_Init
                0x000000000800d62c                HAL_TIMEx_HallSensor_DeInit
                0x000000000800d68c                HAL_TIMEx_HallSensor_MspInit
                0x000000000800d6a0                HAL_TIMEx_HallSensor_MspDeInit
                0x000000000800d6b4                HAL_TIMEx_HallSensor_Start
                0x000000000800d6e4                HAL_TIMEx_HallSensor_Stop
                0x000000000800d734                HAL_TIMEx_HallSensor_Start_IT
                0x000000000800d774                HAL_TIMEx_HallSensor_Stop_IT
                0x000000000800d7d4                HAL_TIMEx_HallSensor_Start_DMA
                0x000000000800d880                HAL_TIMEx_HallSensor_Stop_DMA
                0x000000000800d8e0                HAL_TIMEx_OCN_Start
                0x000000000800d924                HAL_TIMEx_OCN_Stop
                0x000000000800d9a8                HAL_TIMEx_OCN_Start_IT
                0x000000000800da88                HAL_TIMEx_OCN_Stop_IT
                0x000000000800dbb8                HAL_TIMEx_OCN_Start_DMA
                0x000000000800dd70                HAL_TIMEx_OCN_Stop_DMA
                0x000000000800de88                HAL_TIMEx_PWMN_Start
                0x000000000800decc                HAL_TIMEx_PWMN_Stop
                0x000000000800df50                HAL_TIMEx_PWMN_Start_IT
                0x000000000800e030                HAL_TIMEx_PWMN_Stop_IT
                0x000000000800e160                HAL_TIMEx_PWMN_Start_DMA
                0x000000000800e318                HAL_TIMEx_PWMN_Stop_DMA
                0x000000000800e430                HAL_TIMEx_OnePulseN_Start
                0x000000000800e464                HAL_TIMEx_OnePulseN_Stop
                0x000000000800e4e8                HAL_TIMEx_OnePulseN_Start_IT
                0x000000000800e53c                HAL_TIMEx_OnePulseN_Stop_IT
                0x000000000800e5e0                HAL_TIMEx_ConfigCommutationEvent
                0x000000000800e680                HAL_TIMEx_ConfigCommutationEvent_IT
                0x000000000800e730                HAL_TIMEx_ConfigCommutationEvent_DMA
                0x000000000800e7f8                HAL_TIMEx_MasterConfigSynchronization
                0x000000000800e884                HAL_TIMEx_ConfigBreakDeadTime
                0x000000000800e8f8                HAL_TIMEx_RemapConfig
                0x000000000800e940                HAL_TIMEx_CommutationCallback
                0x000000000800e954                HAL_TIMEx_BreakCallback
                0x000000000800e968                HAL_TIMEx_HallSensor_GetState
                0x000000000800e984                TIMEx_DMACommutationCplt
 .text          0x000000000800e9ec        0x0 build/objs/stm32f4xx_hal_i2c_ex.o
 .text          0x000000000800e9ec      0x8e4 build/objs/stm32f4xx_hal_dma.o
                0x000000000800e9ec                HAL_DMA_Init
                0x000000000800eac4                HAL_DMA_DeInit
                0x000000000800eb60                HAL_DMA_Start
                0x000000000800ebc4                HAL_DMA_Start_IT
                0x000000000800ec48                HAL_DMA_Abort
                0x000000000800ecc4                HAL_DMA_PollForTransfer
                0x000000000800eee0                HAL_DMA_IRQHandler
                0x000000000800f1d4                HAL_DMA_GetState
                0x000000000800f1f0                HAL_DMA_GetError
 .text          0x000000000800f2d0        0x0 build/objs/stm32f4xx_hal_dac.o
 .text          0x000000000800f2d0        0x0 build/objs/stm32f4xx_hal_spdifrx.o
 .text          0x000000000800f2d0        0x0 build/objs/stm32f4xx_hal_fmpi2c_ex.o
 .text          0x000000000800f2d0        0x0 build/objs/stm32f4xx_ll_sdmmc.o
 .text          0x000000000800f2d0        0x0 build/objs/stm32f4xx_hal_i2s_ex.o
 .text          0x000000000800f2d0        0x0 build/objs/stm32f4xx_hal_can.o
 .text          0x000000000800f2d0        0x0 build/objs/stm32f4xx_hal_nor.o
 .text          0x000000000800f2d0      0x35c build/objs/stm32f4xx_hal_pwr.o
                0x000000000800f2d0                HAL_PWR_DeInit
                0x000000000800f2f8                HAL_PWR_EnableBkUpAccess
                0x000000000800f32c                HAL_PWR_DisableBkUpAccess
                0x000000000800f360                HAL_PWR_ConfigPVD
                0x000000000800f41c                HAL_PWR_EnablePVD
                0x000000000800f450                HAL_PWR_DisablePVD
                0x000000000800f484                HAL_PWR_EnableWakeUpPin
                0x000000000800f4a8                HAL_PWR_DisableWakeUpPin
                0x000000000800f4cc                HAL_PWR_EnterSLEEPMode
                0x000000000800f504                HAL_PWR_EnterSTOPMode
                0x000000000800f55c                HAL_PWR_EnterSTANDBYMode
                0x000000000800f58c                HAL_PWR_PVD_IRQHandler
                0x000000000800f5b0                HAL_PWR_PVDCallback
                0x000000000800f5bc                HAL_PWR_EnableSleepOnExit
                0x000000000800f5d8                HAL_PWR_DisableSleepOnExit
                0x000000000800f5f4                HAL_PWR_EnableSEVOnPend
                0x000000000800f610                HAL_PWR_DisableSEVOnPend
 .text          0x000000000800f62c        0x0 build/objs/stm32f4xx_hal_rtc.o
 .text          0x000000000800f62c        0x0 build/objs/stm32f4xx_hal_qspi.o
 .text          0x000000000800f62c        0x0 build/objs/stm32f4xx_hal_hash_ex.o
 .text          0x000000000800f62c        0x0 build/objs/stm32f4xx_hal_i2s.o
 .text          0x000000000800f62c        0x0 build/objs/stm32f4xx_hal_sram.o
 .text          0x000000000800f62c        0x0 build/objs/stm32f4xx_hal_hash.o
 .text          0x000000000800f62c        0x0 build/objs/stm32f4xx_hal_eth.o
 .text          0x000000000800f62c     0x3f3c build/objs/stm32f4xx_hal_tim.o
                0x000000000800f62c                HAL_TIM_Base_Init
                0x000000000800f684                HAL_TIM_Base_DeInit
                0x000000000800f6e4                HAL_TIM_Base_MspInit
                0x000000000800f6f8                HAL_TIM_Base_MspDeInit
                0x000000000800f70c                HAL_TIM_Base_Start
                0x000000000800f744                HAL_TIM_Base_Stop
                0x000000000800f79c                HAL_TIM_Base_Start_IT
                0x000000000800f7d4                HAL_TIM_Base_Stop_IT
                0x000000000800f82c                HAL_TIM_Base_Start_DMA
                0x000000000800f8cc                HAL_TIM_Base_Stop_DMA
                0x000000000800f92c                HAL_TIM_OC_Init
                0x000000000800f984                HAL_TIM_OC_DeInit
                0x000000000800f9e4                HAL_TIM_OC_MspInit
                0x000000000800f9f8                HAL_TIM_OC_MspDeInit
                0x000000000800fa0c                HAL_TIM_OC_Start
                0x000000000800fa74                HAL_TIM_OC_Stop
                0x000000000800fb1c                HAL_TIM_OC_Start_IT
                0x000000000800fc10                HAL_TIM_OC_Stop_IT
                0x000000000800fd44                HAL_TIM_OC_Start_DMA
                0x000000000800ff20                HAL_TIM_OC_Stop_DMA
                0x000000000801005c                HAL_TIM_PWM_Init
                0x00000000080100b4                HAL_TIM_PWM_DeInit
                0x0000000008010114                HAL_TIM_PWM_MspInit
                0x0000000008010128                HAL_TIM_PWM_MspDeInit
                0x000000000801013c                HAL_TIM_PWM_Start
                0x00000000080101a4                HAL_TIM_PWM_Stop
                0x0000000008010254                HAL_TIM_PWM_Start_IT
                0x0000000008010348                HAL_TIM_PWM_Stop_IT
                0x000000000801047c                HAL_TIM_PWM_Start_DMA
                0x0000000008010658                HAL_TIM_PWM_Stop_DMA
                0x0000000008010794                HAL_TIM_IC_Init
                0x00000000080107ec                HAL_TIM_IC_DeInit
                0x000000000801084c                HAL_TIM_IC_MspInit
                0x0000000008010860                HAL_TIM_IC_MspDeInit
                0x0000000008010874                HAL_TIM_IC_Start
                0x00000000080108a8                HAL_TIM_IC_Stop
                0x00000000080108fc                HAL_TIM_IC_Start_IT
                0x00000000080109bc                HAL_TIM_IC_Stop_IT
                0x0000000008010a9c                HAL_TIM_IC_Start_DMA
                0x0000000008010c3c                HAL_TIM_IC_Stop_DMA
                0x0000000008010d24                HAL_TIM_OnePulse_Init
                0x0000000008010d9c                HAL_TIM_OnePulse_DeInit
                0x0000000008010dfc                HAL_TIM_OnePulse_MspInit
                0x0000000008010e10                HAL_TIM_OnePulse_MspDeInit
                0x0000000008010e24                HAL_TIM_OnePulse_Start
                0x0000000008010e8c                HAL_TIM_OnePulse_Stop
                0x0000000008010f44                HAL_TIM_OnePulse_Start_IT
                0x0000000008010fcc                HAL_TIM_OnePulse_Stop_IT
                0x00000000080110a4                HAL_TIM_Encoder_Init
                0x00000000080111d0                HAL_TIM_Encoder_DeInit
                0x0000000008011230                HAL_TIM_Encoder_MspInit
                0x0000000008011244                HAL_TIM_Encoder_MspDeInit
                0x0000000008011258                HAL_TIM_Encoder_Start
                0x00000000080112c8                HAL_TIM_Encoder_Stop
                0x0000000008011358                HAL_TIM_Encoder_Start_IT
                0x0000000008011408                HAL_TIM_Encoder_Stop_IT
                0x00000000080114dc                HAL_TIM_Encoder_Start_DMA
                0x0000000008011694                HAL_TIM_Encoder_Stop_DMA
                0x0000000008011768                HAL_TIM_IRQHandler
                0x0000000008011978                HAL_TIM_OC_ConfigChannel
                0x0000000008011a38                HAL_TIM_IC_ConfigChannel
                0x0000000008011b70                HAL_TIM_PWM_ConfigChannel
                0x0000000008011cfc                HAL_TIM_OnePulse_ConfigChannel
                0x0000000008011e7c                HAL_TIM_DMABurst_WriteStart
                0x0000000008012088                HAL_TIM_DMABurst_WriteStop
                0x0000000008012138                HAL_TIM_DMABurst_ReadStart
                0x0000000008012338                HAL_TIM_DMABurst_ReadStop
                0x00000000080123e8                HAL_TIM_GenerateEvent
                0x0000000008012438                HAL_TIM_ConfigOCrefClear
                0x000000000801258c                HAL_TIM_ConfigClockSource
                0x0000000008012750                HAL_TIM_ConfigTI1Input
                0x000000000801278c                HAL_TIM_SlaveConfigSynchronization
                0x00000000080127f8                HAL_TIM_SlaveConfigSynchronization_IT
                0x0000000008012864                HAL_TIM_ReadCapturedValue
                0x000000000801291c                HAL_TIM_OC_DelayElapsedCallback
                0x0000000008012930                HAL_TIM_IC_CaptureCallback
                0x0000000008012944                HAL_TIM_PWM_PulseFinishedCallback
                0x0000000008012958                HAL_TIM_TriggerCallback
                0x000000000801296c                HAL_TIM_ErrorCallback
                0x0000000008012980                HAL_TIM_Base_GetState
                0x000000000801299c                HAL_TIM_OC_GetState
                0x00000000080129b8                HAL_TIM_PWM_GetState
                0x00000000080129d4                HAL_TIM_IC_GetState
                0x00000000080129f0                HAL_TIM_OnePulse_GetState
                0x0000000008012a0c                HAL_TIM_Encoder_GetState
                0x0000000008012a28                TIM_Base_SetConfig
                0x0000000008012b78                TIM_TI1_SetConfig
                0x0000000008012c6c                TIM_OC2_SetConfig
                0x0000000008012d5c                TIM_DMADelayPulseCplt
                0x0000000008012dcc                TIM_DMAError
                0x0000000008012df0                TIM_DMACaptureCplt
                0x0000000008012e60                TIM_CCxChannelCmd
 .text          0x0000000008013568      0x210 build/objs/stm32f4xx_hal_dma_ex.o
                0x0000000008013568                HAL_DMAEx_MultiBufferStart
                0x0000000008013608                HAL_DMAEx_MultiBufferStart_IT
                0x00000000080136f8                HAL_DMAEx_ChangeMemory
 .text          0x0000000008013778        0x0 build/objs/stm32f4xx_hal_sd.o
 .text          0x0000000008013778        0x0 build/objs/stm32f4xx_hal_sai_ex.o
 .text          0x0000000008013778      0xae8 build/objs/stm32f4xx_hal_rcc.o
                0x0000000008013784                HAL_RCC_OscConfig
                0x0000000008013ba8                HAL_RCC_ClockConfig
                0x0000000008013d90                HAL_RCC_MCOConfig
                0x0000000008013e5c                HAL_RCC_EnableCSS
                0x0000000008013e74                HAL_RCC_DisableCSS
                0x0000000008013e8c                HAL_RCC_GetSysClockFreq
                0x0000000008013f88                HAL_RCC_GetHCLKFreq
                0x0000000008013fd8                HAL_RCC_GetPCLK1Freq
                0x000000000801401c                HAL_RCC_GetPCLK2Freq
                0x0000000008014060                HAL_RCC_GetOscConfig
                0x00000000080141d0                HAL_RCC_GetClockConfig
                0x0000000008014230                HAL_RCC_NMI_IRQHandler
                0x0000000008014254                HAL_RCC_CSSCallback
 .text          0x0000000008014260        0x0 build/objs/stm32f4xx_hal_wwdg.o
 .text          0x0000000008014260        0x0 build/objs/stm32f4xx_hal_dac_ex.o
 .text          0x0000000008014260        0x0 build/objs/stm32f4xx_hal_rtc_ex.o
 .text          0x0000000008014260      0x1d8 build/objs/stm32f4xx_hal_pwr_ex.o
                0x0000000008014260                HAL_PWREx_EnableBkUpReg
                0x00000000080142c8                HAL_PWREx_DisableBkUpReg
                0x0000000008014330                HAL_PWREx_EnableFlashPowerDown
                0x0000000008014364                HAL_PWREx_DisableFlashPowerDown
                0x0000000008014398                HAL_PWREx_GetVoltageRange
                0x00000000080143b4                HAL_PWREx_ControlVoltageScaling
 .text          0x0000000008014438        0x0 build/objs/stm32f4xx_hal_dcmi.o
 .text          0x0000000008014438        0x0 build/objs/stm32f4xx_hal_sdram.o
 .text          0x0000000008014438      0x5f8 build/objs/stm32f4xx_hal_flash.o
                0x0000000008014438                HAL_FLASH_Program
                0x00000000080144e0                HAL_FLASH_Program_IT
                0x000000000801457c                HAL_FLASH_IRQHandler
                0x00000000080146bc                HAL_FLASH_EndOfOperationCallback
                0x00000000080146d0                HAL_FLASH_OperationErrorCallback
                0x00000000080146e4                HAL_FLASH_Unlock
                0x0000000008014718                HAL_FLASH_Lock
                0x0000000008014738                HAL_FLASH_OB_Unlock
                0x0000000008014770                HAL_FLASH_OB_Lock
                0x0000000008014790                HAL_FLASH_OB_Launch
                0x00000000080147b8                HAL_FLASH_GetError
                0x00000000080147d0                FLASH_WaitForLastOperation
 .text          0x0000000008014a30        0x0 build/objs/stm32f4xx_hal_crc.o
 .text          0x0000000008014a30        0x0 build/objs/stm32f4xx_hal_usart.o
 .text          0x0000000008014a30      0x7cc build/objs/stm32f4_discovery.o
                0x0000000008014a30                BSP_GetVersion
                0x0000000008014a44                BSP_LED_Init
                0x0000000008014b34                BSP_LED_On
                0x0000000008014b68                BSP_LED_Off
                0x0000000008014b9c                BSP_LED_Toggle
                0x0000000008014bcc                BSP_PB_Init
                0x0000000008014c80                BSP_PB_GetState
                0x0000000008014fa4                ACCELERO_IO_Init
                0x0000000008014ffc                ACCELERO_IO_ITConfig
                0x000000000801505c                ACCELERO_IO_Write
                0x00000000080150c0                ACCELERO_IO_Read
                0x0000000008015130                AUDIO_IO_Init
                0x00000000080151a0                AUDIO_IO_DeInit
                0x00000000080151ac                AUDIO_IO_Write
                0x00000000080151d4                AUDIO_IO_Read
 .text          0x00000000080151fc      0x164 build/objs/system_stm32f4xx.o
                0x00000000080151fc                SystemInit
                0x0000000008015268                SystemCoreClockUpdate
 .text          0x0000000008015360      0x57c build/objs/usbd_core.o
                0x0000000008015360                USBD_Init
                0x00000000080153b8                USBD_DeInit
                0x00000000080153f4                USBD_RegisterClass
                0x0000000008015428                USBD_Start
                0x0000000008015440                USBD_Stop
                0x000000000801546c                USBD_RunTestMode
                0x0000000008015484                USBD_SetClassConfig
                0x00000000080154c4                USBD_ClrClassConfig
                0x00000000080154ec                USBD_LL_SetupStage
                0x0000000008015580                USBD_LL_DataOutStage
                0x0000000008015638                USBD_LL_DataInStage
                0x0000000008015758                USBD_LL_Reset
                0x00000000080157b8                USBD_LL_SetSpeed
                0x00000000080157d8                USBD_LL_Suspend
                0x0000000008015804                USBD_LL_Resume
                0x0000000008015828                USBD_LL_SOF
                0x000000000801585c                USBD_LL_IsoINIncomplete
                0x0000000008015878                USBD_LL_IsoOUTIncomplete
                0x0000000008015894                USBD_LL_DevConnected
                0x00000000080158ac                USBD_LL_DevDisconnected
 .text          0x00000000080158dc      0x8c8 build/objs/usbd_ctlreq.o
                0x00000000080158dc                USBD_StdDevReq
                0x000000000801597c                USBD_StdItfReq
                0x00000000080159e4                USBD_StdEPReq
                0x0000000008016058                USBD_ParseSetupRequest
                0x00000000080160d0                USBD_CtlError
                0x00000000080160f0                USBD_GetString
 .text          0x00000000080161a4      0x130 build/objs/usbd_ioreq.o
                0x00000000080161a4                USBD_CtlSendData
                0x00000000080161dc                USBD_CtlContinueSendData
                0x0000000008016200                USBD_CtlPrepareRx
                0x000000000801623c                USBD_CtlContinueRx
                0x0000000008016260                USBD_CtlSendStatus
                0x0000000008016288                USBD_CtlReceiveStatus
                0x00000000080162b0                USBD_GetRxCount
 .text          0x00000000080162d4      0x1a4 build/objs/usbd_cdc_if_template.o
 .text          0x0000000008016478      0x490 build/objs/usbd_cdc.o
                0x00000000080167b0                USBD_CDC_GetDeviceQualifierDescriptor
                0x00000000080167d0                USBD_CDC_RegisterInterface
                0x0000000008016800                USBD_CDC_SetTxBuffer
                0x0000000008016834                USBD_CDC_SetRxBuffer
                0x000000000801685c                USBD_CDC_TransmitPacket
                0x00000000080168b0                USBD_CDC_ReceivePacket
 .text          0x0000000008016908       0x14 build/objs/startup_stm32f407xx.o
 .text          0x000000000801691c        0x0 /usr/lib/gcc/arm-none-eabi/4.9.3/../../../arm-none-eabi/lib/armv7e-m/fpu/libg.a(lib_a-errno.o)
 .text          0x000000000801691c        0x0 /usr/lib/gcc/arm-none-eabi/4.9.3/../../../arm-none-eabi/lib/armv7e-m/fpu/libg.a(lib_a-impure.o)
 .text          0x000000000801691c        0x0 /usr/lib/gcc/arm-none-eabi/4.9.3/../../../arm-none-eabi/lib/armv7e-m/fpu/libg.a(lib_a-malloc.o)
 .text          0x000000000801691c        0x0 /usr/lib/gcc/arm-none-eabi/4.9.3/../../../arm-none-eabi/lib/armv7e-m/fpu/libg.a(lib_a-mallocr.o)
 .text          0x000000000801691c        0x0 /usr/lib/gcc/arm-none-eabi/4.9.3/../../../arm-none-eabi/lib/armv7e-m/fpu/libg.a(lib_a-mlock.o)
 .text          0x000000000801691c        0x0 /usr/lib/gcc/arm-none-eabi/4.9.3/../../../arm-none-eabi/lib/armv7e-m/fpu/libg.a(lib_a-sbrkr.o)
 .text          0x000000000801691c        0x0 /usr/lib/gcc/arm-none-eabi/4.9.3/../../../arm-none-eabi/lib/armv7e-m/fpu/libg.a(lib_a-freer.o)
 .text          0x000000000801691c        0x0 /usr/lib/gcc/arm-none-eabi/4.9.3/../../../arm-none-eabi/lib/armv7e-m/fpu/libg.a(lib_a-reent.o)
 *(.text*)
 .text.Reset_Handler
                0x000000000801691c       0x4c build/objs/startup_stm32f407xx.o
                0x000000000801691c                Reset_Handler
 .text.Default_Handler
                0x0000000008016968        0x2 build/objs/startup_stm32f407xx.o
                0x0000000008016968                RTC_Alarm_IRQHandler
                0x0000000008016968                HASH_RNG_IRQHandler
                0x0000000008016968                EXTI2_IRQHandler
                0x0000000008016968                TIM8_CC_IRQHandler
                0x0000000008016968                DebugMon_Handler
                0x0000000008016968                TIM1_CC_IRQHandler
                0x0000000008016968                DMA2_Stream5_IRQHandler
                0x0000000008016968                HardFault_Handler
                0x0000000008016968                DMA1_Stream5_IRQHandler
                0x0000000008016968                PVD_IRQHandler
                0x0000000008016968                SDIO_IRQHandler
                0x0000000008016968                TAMP_STAMP_IRQHandler
                0x0000000008016968                PendSV_Handler
                0x0000000008016968                NMI_Handler
                0x0000000008016968                CAN2_RX1_IRQHandler
                0x0000000008016968                EXTI3_IRQHandler
                0x0000000008016968                TIM8_TRG_COM_TIM14_IRQHandler
                0x0000000008016968                TIM1_UP_TIM10_IRQHandler
                0x0000000008016968                TIM8_UP_TIM13_IRQHandler
                0x0000000008016968                I2C3_ER_IRQHandler
                0x0000000008016968                EXTI0_IRQHandler
                0x0000000008016968                I2C2_EV_IRQHandler
                0x0000000008016968                DMA1_Stream2_IRQHandler
                0x0000000008016968                CAN1_RX0_IRQHandler
                0x0000000008016968                FPU_IRQHandler
                0x0000000008016968                OTG_HS_WKUP_IRQHandler
                0x0000000008016968                UsageFault_Handler
                0x0000000008016968                CAN2_SCE_IRQHandler
                0x0000000008016968                DMA2_Stream2_IRQHandler
                0x0000000008016968                SPI1_IRQHandler
                0x0000000008016968                TIM1_BRK_TIM9_IRQHandler
                0x0000000008016968                DCMI_IRQHandler
                0x0000000008016968                CAN2_RX0_IRQHandler
                0x0000000008016968                DMA2_Stream3_IRQHandler
                0x0000000008016968                USART6_IRQHandler
                0x0000000008016968                USART3_IRQHandler
                0x0000000008016968                CAN1_RX1_IRQHandler
                0x0000000008016968                UART5_IRQHandler
                0x0000000008016968                DMA2_Stream0_IRQHandler
                0x0000000008016968                TIM4_IRQHandler
                0x0000000008016968                I2C1_EV_IRQHandler
                0x0000000008016968                DMA1_Stream6_IRQHandler
                0x0000000008016968                DMA1_Stream1_IRQHandler
                0x0000000008016968                UART4_IRQHandler
                0x0000000008016968                TIM3_IRQHandler
                0x0000000008016968                RCC_IRQHandler
                0x0000000008016968                TIM8_BRK_TIM12_IRQHandler
                0x0000000008016968                Default_Handler
                0x0000000008016968                EXTI15_10_IRQHandler
                0x0000000008016968                ADC_IRQHandler
                0x0000000008016968                DMA1_Stream7_IRQHandler
                0x0000000008016968                TIM7_IRQHandler
                0x0000000008016968                CAN2_TX_IRQHandler
                0x0000000008016968                TIM5_IRQHandler
                0x0000000008016968                DMA2_Stream7_IRQHandler
                0x0000000008016968                I2C3_EV_IRQHandler
                0x0000000008016968                EXTI9_5_IRQHandler
                0x0000000008016968                RTC_WKUP_IRQHandler
                0x0000000008016968                ETH_WKUP_IRQHandler
                0x0000000008016968                SPI2_IRQHandler
                0x0000000008016968                OTG_HS_EP1_IN_IRQHandler
                0x0000000008016968                MemManage_Handler
                0x0000000008016968                DMA1_Stream0_IRQHandler
                0x0000000008016968                CAN1_TX_IRQHandler
                0x0000000008016968                SVC_Handler
                0x0000000008016968                EXTI4_IRQHandler
                0x0000000008016968                FSMC_IRQHandler
                0x0000000008016968                ETH_IRQHandler
                0x0000000008016968                OTG_HS_EP1_OUT_IRQHandler
                0x0000000008016968                WWDG_IRQHandler
                0x0000000008016968                TIM2_IRQHandler
                0x0000000008016968                OTG_FS_WKUP_IRQHandler
                0x0000000008016968                TIM1_TRG_COM_TIM11_IRQHandler
                0x0000000008016968                OTG_HS_IRQHandler
                0x0000000008016968                EXTI1_IRQHandler
                0x0000000008016968                USART2_IRQHandler
                0x0000000008016968                I2C2_ER_IRQHandler
                0x0000000008016968                DMA2_Stream1_IRQHandler
                0x0000000008016968                CAN1_SCE_IRQHandler
                0x0000000008016968                FLASH_IRQHandler
                0x0000000008016968                DMA2_Stream4_IRQHandler
                0x0000000008016968                BusFault_Handler
                0x0000000008016968                USART1_IRQHandler
                0x0000000008016968                SPI3_IRQHandler
                0x0000000008016968                DMA1_Stream4_IRQHandler
                0x0000000008016968                I2C1_ER_IRQHandler
                0x0000000008016968                DMA2_Stream6_IRQHandler
                0x0000000008016968                DMA1_Stream3_IRQHandler
 *fill*         0x000000000801696a        0x2 
 .text.__errno  0x000000000801696c        0xc /usr/lib/gcc/arm-none-eabi/4.9.3/../../../arm-none-eabi/lib/armv7e-m/fpu/libg.a(lib_a-errno.o)
                0x000000000801696c                __errno
 .text.malloc   0x0000000008016978       0x10 /usr/lib/gcc/arm-none-eabi/4.9.3/../../../arm-none-eabi/lib/armv7e-m/fpu/libg.a(lib_a-malloc.o)
                0x0000000008016978                malloc
 .text.free     0x0000000008016988       0x10 /usr/lib/gcc/arm-none-eabi/4.9.3/../../../arm-none-eabi/lib/armv7e-m/fpu/libg.a(lib_a-malloc.o)
                0x0000000008016988                free
 .text._malloc_r
                0x0000000008016998      0x548 /usr/lib/gcc/arm-none-eabi/4.9.3/../../../arm-none-eabi/lib/armv7e-m/fpu/libg.a(lib_a-mallocr.o)
                0x0000000008016998                _malloc_r
 .text.__malloc_lock
                0x0000000008016ee0        0x4 /usr/lib/gcc/arm-none-eabi/4.9.3/../../../arm-none-eabi/lib/armv7e-m/fpu/libg.a(lib_a-mlock.o)
                0x0000000008016ee0                __malloc_lock
 .text.__malloc_unlock
                0x0000000008016ee4        0x4 /usr/lib/gcc/arm-none-eabi/4.9.3/../../../arm-none-eabi/lib/armv7e-m/fpu/libg.a(lib_a-mlock.o)
                0x0000000008016ee4                __malloc_unlock
 .text._sbrk_r  0x0000000008016ee8       0x24 /usr/lib/gcc/arm-none-eabi/4.9.3/../../../arm-none-eabi/lib/armv7e-m/fpu/libg.a(lib_a-sbrkr.o)
                0x0000000008016ee8                _sbrk_r
 .text._malloc_trim_r
                0x0000000008016f0c       0x9c /usr/lib/gcc/arm-none-eabi/4.9.3/../../../arm-none-eabi/lib/armv7e-m/fpu/libg.a(lib_a-freer.o)
                0x0000000008016f0c                _malloc_trim_r
 .text._free_r  0x0000000008016fa8      0x19c /usr/lib/gcc/arm-none-eabi/4.9.3/../../../arm-none-eabi/lib/armv7e-m/fpu/libg.a(lib_a-freer.o)
                0x0000000008016fa8                _free_r
 .text.cleanup_glue
                0x0000000008017144       0x1c /usr/lib/gcc/arm-none-eabi/4.9.3/../../../arm-none-eabi/lib/armv7e-m/fpu/libg.a(lib_a-reent.o)
                0x0000000008017144                cleanup_glue
 .text._reclaim_reent
                0x0000000008017160       0x90 /usr/lib/gcc/arm-none-eabi/4.9.3/../../../arm-none-eabi/lib/armv7e-m/fpu/libg.a(lib_a-reent.o)
                0x0000000008017160                _reclaim_reent
 *(.glue_7)
 .glue_7        0x00000000080171f0        0x0 linker stubs
 *(.glue_7t)
 .glue_7t       0x00000000080171f0        0x0 linker stubs
 *(.eh_frame)
 *(.init)
 *(.fini)
                0x00000000080171f0                . = ALIGN (0x4)
                0x00000000080171f0                _etext = .

.vfp11_veneer   0x00000000080171f0        0x0
 .vfp11_veneer  0x00000000080171f0        0x0 linker stubs

.v4_bx          0x00000000080171f0        0x0
 .v4_bx         0x00000000080171f0        0x0 linker stubs

.iplt           0x00000000080171f0        0x0
 .iplt          0x00000000080171f0        0x0 build/objs/usbd_cdc_if.o

.rodata         0x00000000080171f0      0x46c
                0x00000000080171f0                . = ALIGN (0x4)
 *(.rodata)
 .rodata        0x00000000080171f0       0x14 build/objs/main.o
 .rodata        0x0000000008017204       0x58 build/objs/usbd_desc.o
 .rodata        0x000000000801725c      0x388 build/objs/pcd8544.o
                0x000000000801725c                PCD8544_Font5x7
                0x00000000080174a4                PCD8544_Font3x5
 .rodata        0x00000000080175e4       0x38 build/objs/command_processor.o
 .rodata        0x000000000801761c        0x8 build/objs/stm32f4xx_hal_dma.o
 .rodata        0x0000000008017624       0x10 build/objs/stm32f4xx_hal_rcc.o
                0x0000000008017624                APBAHBPrescTable
 .rodata        0x0000000008017634       0x10 build/objs/stm32f4_discovery.o
                0x0000000008017634                GPIO_PIN
                0x000000000801763c                BUTTON_PIN
                0x0000000008017640                BUTTON_IRQn
 .rodata        0x0000000008017644       0x10 build/objs/system_stm32f4xx.o
                0x0000000008017644                AHBPrescTable
 *(.rodata*)
 .rodata.str1.4
                0x0000000008017654        0x4 /usr/lib/gcc/arm-none-eabi/4.9.3/../../../arm-none-eabi/lib/armv7e-m/fpu/libg.a(lib_a-impure.o)
 .rodata._global_impure_ptr
                0x0000000008017658        0x4 /usr/lib/gcc/arm-none-eabi/4.9.3/../../../arm-none-eabi/lib/armv7e-m/fpu/libg.a(lib_a-impure.o)
                0x0000000008017658                _global_impure_ptr
                0x000000000801765c                . = ALIGN (0x4)

.rel.dyn        0x000000000801765c        0x0
 .rel.iplt      0x000000000801765c        0x0 build/objs/usbd_cdc_if.o

.ARM.extab
 *(.ARM.extab* .gnu.linkonce.armextab.*)

.ARM            0x000000000801765c        0x0
                0x000000000801765c                __exidx_start = .
 *(.ARM.exidx*)
                0x000000000801765c                __exidx_end = .

.preinit_array  0x000000000801765c        0x0
                [!provide]                        PROVIDE (__preinit_array_start, .)
 *(.preinit_array*)
                [!provide]                        PROVIDE (__preinit_array_end, .)

.init_array     0x000000000801765c        0x0
                [!provide]                        PROVIDE (__init_array_start, .)
 *(SORT(.init_array.*))
 *(.init_array*)
                [!provide]                        PROVIDE (__init_array_end, .)

.fini_array     0x000000000801765c        0x0
                [!provide]                        PROVIDE (__fini_array_start, .)
 *(SORT(.fini_array.*))
 *(.fini_array*)
                [!provide]                        PROVIDE (__fini_array_end, .)
                0x000000000801765c                _sidata = LOADADDR (.data)

.data           0x0000000020000000      0xab4 load address 0x000000000801765c
                0x0000000020000000                . = ALIGN (0x4)
                0x0000000020000000                _sdata = .
 *(.data)
 .data          0x0000000020000000       0x10 build/objs/usbd_cdc_if.o
                0x0000000020000000                USBD_Interface_fops_FS
 .data          0x0000000020000010        0x0 build/objs/usbd_conf.o
 .data          0x0000000020000010        0x0 build/objs/syscalls.o
 .data          0x0000000020000010        0x0 build/objs/stm32f4xx_hal_msp.o
 .data          0x0000000020000010        0x0 build/objs/gpio.o
 .data          0x0000000020000010        0x0 build/objs/SSR.o
 .data          0x0000000020000010        0x0 build/objs/MAX31855.o
 .data          0x0000000020000010        0x0 build/objs/main.o
 .data          0x0000000020000010        0x0 build/objs/stm32f4xx_it.o
 .data          0x0000000020000010        0x0 build/objs/usb_device.o
 .data          0x0000000020000010       0x34 build/objs/usbd_desc.o
                0x0000000020000010                FS_Desc
                0x000000002000002c                USBD_FS_DeviceDesc
                0x0000000020000040                USBD_LangIDDesc
 .data          0x0000000020000044       0xcc build/objs/pcd8544.o
                0x0000000020000044                brightness_levels
 .data          0x0000000020000110       0x20 build/objs/command_processor.o
                0x0000000020000110                allowed_commands
 .data          0x0000000020000130        0x0 build/objs/stm32f4xx_hal_dsi.o
 .data          0x0000000020000130        0x0 build/objs/stm32f4xx_hal_pcd.o
 .data          0x0000000020000130        0x0 build/objs/stm32f4xx_hal_irda.o
 .data          0x0000000020000130        0x0 build/objs/stm32f4xx_ll_fsmc.o
 .data          0x0000000020000130        0x0 build/objs/stm32f4xx_hal_cec.o
 .data          0x0000000020000130        0x0 build/objs/stm32f4xx_hal_timebase_tim_template.o
 .data          0x0000000020000130        0x0 build/objs/stm32f4xx_ll_usb.o
 .data          0x0000000020000130        0x0 build/objs/stm32f4xx_hal.o
 .data          0x0000000020000130        0x0 build/objs/stm32f4xx_hal_dcmi_ex.o
 .data          0x0000000020000130        0x0 build/objs/stm32f4xx_hal_flash_ex.o
 .data          0x0000000020000130        0x0 build/objs/stm32f4xx_hal_cryp.o
 .data          0x0000000020000130        0x0 build/objs/stm32f4xx_hal_rng.o
 .data          0x0000000020000130        0x0 build/objs/stm32f4xx_hal_nand.o
 .data          0x0000000020000130        0x0 build/objs/stm32f4xx_hal_gpio.o
 .data          0x0000000020000130        0x0 build/objs/stm32f4xx_hal_ltdc.o
 .data          0x0000000020000130        0x0 build/objs/stm32f4xx_hal_hcd.o
 .data          0x0000000020000130        0x0 build/objs/stm32f4xx_hal_pcd_ex.o
 .data          0x0000000020000130        0x0 build/objs/stm32f4xx_hal_adc.o
 .data          0x0000000020000130        0x0 build/objs/stm32f4xx_hal_adc_ex.o
 .data          0x0000000020000130        0x0 build/objs/stm32f4xx_hal_lptim.o
 .data          0x0000000020000130        0x0 build/objs/stm32f4xx_hal_spi.o
 .data          0x0000000020000130        0x0 build/objs/stm32f4xx_hal_i2c.o
 .data          0x0000000020000130        0x0 build/objs/stm32f4xx_hal_fmpi2c.o
 .data          0x0000000020000130        0x0 build/objs/stm32f4xx_hal_smartcard.o
 .data          0x0000000020000130        0x0 build/objs/stm32f4xx_hal_pccard.o
 .data          0x0000000020000130        0x0 build/objs/stm32f4xx_hal_dma2d.o
 .data          0x0000000020000130        0x0 build/objs/stm32f4xx_hal_sai.o
 .data          0x0000000020000130        0x0 build/objs/stm32f4xx_hal_cryp_ex.o
 .data          0x0000000020000130        0x0 build/objs/stm32f4xx_hal_rcc_ex.o
 .data          0x0000000020000130        0x0 build/objs/stm32f4xx_ll_fmc.o
 .data          0x0000000020000130        0x0 build/objs/stm32f4xx_hal_ltdc_ex.o
 .data          0x0000000020000130        0x0 build/objs/stm32f4xx_hal_flash_ramfunc.o
 .data          0x0000000020000130        0x0 build/objs/stm32f4xx_hal_cortex.o
 .data          0x0000000020000130        0x0 build/objs/stm32f4xx_hal_iwdg.o
 .data          0x0000000020000130        0x0 build/objs/stm32f4xx_hal_uart.o
 .data          0x0000000020000130        0x0 build/objs/stm32f4xx_hal_tim_ex.o
 .data          0x0000000020000130        0x0 build/objs/stm32f4xx_hal_i2c_ex.o
 .data          0x0000000020000130        0x0 build/objs/stm32f4xx_hal_dma.o
 .data          0x0000000020000130        0x0 build/objs/stm32f4xx_hal_dac.o
 .data          0x0000000020000130        0x0 build/objs/stm32f4xx_hal_spdifrx.o
 .data          0x0000000020000130        0x0 build/objs/stm32f4xx_hal_fmpi2c_ex.o
 .data          0x0000000020000130        0x0 build/objs/stm32f4xx_ll_sdmmc.o
 .data          0x0000000020000130        0x0 build/objs/stm32f4xx_hal_i2s_ex.o
 .data          0x0000000020000130        0x0 build/objs/stm32f4xx_hal_can.o
 .data          0x0000000020000130        0x0 build/objs/stm32f4xx_hal_nor.o
 .data          0x0000000020000130        0x0 build/objs/stm32f4xx_hal_pwr.o
 .data          0x0000000020000130        0x0 build/objs/stm32f4xx_hal_rtc.o
 .data          0x0000000020000130        0x0 build/objs/stm32f4xx_hal_qspi.o
 .data          0x0000000020000130        0x0 build/objs/stm32f4xx_hal_hash_ex.o
 .data          0x0000000020000130        0x0 build/objs/stm32f4xx_hal_i2s.o
 .data          0x0000000020000130        0x0 build/objs/stm32f4xx_hal_sram.o
 .data          0x0000000020000130        0x0 build/objs/stm32f4xx_hal_hash.o
 .data          0x0000000020000130        0x0 build/objs/stm32f4xx_hal_eth.o
 .data          0x0000000020000130        0x0 build/objs/stm32f4xx_hal_tim.o
 .data          0x0000000020000130        0x0 build/objs/stm32f4xx_hal_dma_ex.o
 .data          0x0000000020000130        0x0 build/objs/stm32f4xx_hal_sd.o
 .data          0x0000000020000130        0x0 build/objs/stm32f4xx_hal_sai_ex.o
 .data          0x0000000020000130        0x0 build/objs/stm32f4xx_hal_rcc.o
 .data          0x0000000020000130        0x0 build/objs/stm32f4xx_hal_wwdg.o
 .data          0x0000000020000130        0x0 build/objs/stm32f4xx_hal_dac_ex.o
 .data          0x0000000020000130        0x0 build/objs/stm32f4xx_hal_rtc_ex.o
 .data          0x0000000020000130        0x0 build/objs/stm32f4xx_hal_pwr_ex.o
 .data          0x0000000020000130        0x0 build/objs/stm32f4xx_hal_dcmi.o
 .data          0x0000000020000130        0x0 build/objs/stm32f4xx_hal_sdram.o
 .data          0x0000000020000130        0x0 build/objs/stm32f4xx_hal_flash.o
 .data          0x0000000020000130        0x0 build/objs/stm32f4xx_hal_crc.o
 .data          0x0000000020000130        0x0 build/objs/stm32f4xx_hal_usart.o
 .data          0x0000000020000130       0x1c build/objs/stm32f4_discovery.o
                0x0000000020000130                GPIO_PORT
                0x0000000020000140                BUTTON_PORT
                0x0000000020000144                I2cxTimeout
                0x0000000020000148                SpixTimeout
 .data          0x000000002000014c        0x4 build/objs/system_stm32f4xx.o
                0x000000002000014c                SystemCoreClock
 .data          0x0000000020000150        0x0 build/objs/usbd_core.o
 .data          0x0000000020000150        0x0 build/objs/usbd_ctlreq.o
 .data          0x0000000020000150        0x0 build/objs/usbd_ioreq.o
 .data          0x0000000020000150       0x18 build/objs/usbd_cdc_if_template.o
                0x0000000020000150                USBD_CDC_Template_fops
                0x0000000020000160                linecoding
 .data          0x0000000020000168      0x110 build/objs/usbd_cdc.o
                0x0000000020000174                USBD_CDC
                0x00000000200001ac                USBD_CDC_CfgHSDesc
                0x00000000200001f0                USBD_CDC_CfgFSDesc
                0x0000000020000234                USBD_CDC_OtherSpeedCfgDesc
 .data          0x0000000020000278        0x0 build/objs/startup_stm32f407xx.o
 .data          0x0000000020000278        0x0 /usr/lib/gcc/arm-none-eabi/4.9.3/../../../arm-none-eabi/lib/armv7e-m/fpu/libg.a(lib_a-errno.o)
 .data          0x0000000020000278        0x0 /usr/lib/gcc/arm-none-eabi/4.9.3/../../../arm-none-eabi/lib/armv7e-m/fpu/libg.a(lib_a-impure.o)
 .data          0x0000000020000278        0x0 /usr/lib/gcc/arm-none-eabi/4.9.3/../../../arm-none-eabi/lib/armv7e-m/fpu/libg.a(lib_a-malloc.o)
 .data          0x0000000020000278        0x0 /usr/lib/gcc/arm-none-eabi/4.9.3/../../../arm-none-eabi/lib/armv7e-m/fpu/libg.a(lib_a-mallocr.o)
 .data          0x0000000020000278        0x0 /usr/lib/gcc/arm-none-eabi/4.9.3/../../../arm-none-eabi/lib/armv7e-m/fpu/libg.a(lib_a-mlock.o)
 .data          0x0000000020000278        0x0 /usr/lib/gcc/arm-none-eabi/4.9.3/../../../arm-none-eabi/lib/armv7e-m/fpu/libg.a(lib_a-sbrkr.o)
 .data          0x0000000020000278        0x0 /usr/lib/gcc/arm-none-eabi/4.9.3/../../../arm-none-eabi/lib/armv7e-m/fpu/libg.a(lib_a-freer.o)
 .data          0x0000000020000278        0x0 /usr/lib/gcc/arm-none-eabi/4.9.3/../../../arm-none-eabi/lib/armv7e-m/fpu/libg.a(lib_a-reent.o)
 *(.data*)
 .data.impure_data
                0x0000000020000278      0x428 /usr/lib/gcc/arm-none-eabi/4.9.3/../../../arm-none-eabi/lib/armv7e-m/fpu/libg.a(lib_a-impure.o)
 .data._impure_ptr
                0x00000000200006a0        0x4 /usr/lib/gcc/arm-none-eabi/4.9.3/../../../arm-none-eabi/lib/armv7e-m/fpu/libg.a(lib_a-impure.o)
                0x00000000200006a0                _impure_ptr
 .data.__malloc_av_
                0x00000000200006a4      0x408 /usr/lib/gcc/arm-none-eabi/4.9.3/../../../arm-none-eabi/lib/armv7e-m/fpu/libg.a(lib_a-mallocr.o)
                0x00000000200006a4                __malloc_av_
 .data.__malloc_trim_threshold
                0x0000000020000aac        0x4 /usr/lib/gcc/arm-none-eabi/4.9.3/../../../arm-none-eabi/lib/armv7e-m/fpu/libg.a(lib_a-mallocr.o)
                0x0000000020000aac                __malloc_trim_threshold
 .data.__malloc_sbrk_base
                0x0000000020000ab0        0x4 /usr/lib/gcc/arm-none-eabi/4.9.3/../../../arm-none-eabi/lib/armv7e-m/fpu/libg.a(lib_a-mallocr.o)
                0x0000000020000ab0                __malloc_sbrk_base
                0x0000000020000ab4                . = ALIGN (0x4)
                0x0000000020000ab4                _edata = .
                0x0000000008018110                _siccmram = LOADADDR (.ccmram)

.igot.plt       0x0000000020000ab4        0x0 load address 0x0000000008018110
 .igot.plt      0x0000000020000ab4        0x0 build/objs/usbd_cdc_if.o

.ccmram         0x0000000010000000        0x0 load address 0x0000000008018110
                0x0000000010000000                . = ALIGN (0x4)
                0x0000000010000000                _sccmram = .
 *(.ccmram)
 *(.ccmram*)
                0x0000000010000000                . = ALIGN (0x4)
                0x0000000010000000                _eccmram = .
                0x0000000010000000                . = ALIGN (0x4)

.bss            0x0000000020000ab4      0xc60
                0x0000000020000ab4                _sbss = .
                0x0000000020000ab4                __bss_start__ = _sbss
 *(.bss)
 .bss           0x0000000020000ab4        0x0 build/objs/usbd_cdc_if.o
 .bss           0x0000000020000ab4        0x0 build/objs/usbd_conf.o
 .bss           0x0000000020000ab4        0x4 build/objs/syscalls.o
 .bss           0x0000000020000ab8        0x0 build/objs/stm32f4xx_hal_msp.o
 .bss           0x0000000020000ab8        0x0 build/objs/gpio.o
 .bss           0x0000000020000ab8        0x0 build/objs/SSR.o
 .bss           0x0000000020000ab8        0x0 build/objs/MAX31855.o
 .bss           0x0000000020000ab8        0x0 build/objs/main.o
 .bss           0x0000000020000ab8        0x0 build/objs/stm32f4xx_it.o
 .bss           0x0000000020000ab8        0x0 build/objs/usb_device.o
 .bss           0x0000000020000ab8        0x0 build/objs/usbd_desc.o
 .bss           0x0000000020000ab8        0x4 build/objs/pcd8544.o
                0x0000000020000ab8                PCD8544_UpdateXmin
                0x0000000020000ab9                PCD8544_UpdateXmax
                0x0000000020000aba                PCD8544_UpdateYmin
                0x0000000020000abb                PCD8544_UpdateYmax
 .bss           0x0000000020000abc        0x8 build/objs/command_processor.o
                0x0000000020000abc                reflow_list
                0x0000000020000ac0                current_pos
 .bss           0x0000000020000ac4        0x0 build/objs/stm32f4xx_hal_dsi.o
 .bss           0x0000000020000ac4        0x0 build/objs/stm32f4xx_hal_pcd.o
 .bss           0x0000000020000ac4        0x0 build/objs/stm32f4xx_hal_irda.o
 .bss           0x0000000020000ac4        0x0 build/objs/stm32f4xx_ll_fsmc.o
 .bss           0x0000000020000ac4        0x0 build/objs/stm32f4xx_hal_cec.o
 .bss           0x0000000020000ac4        0x0 build/objs/stm32f4xx_hal_timebase_tim_template.o
 .bss           0x0000000020000ac4        0x4 build/objs/stm32f4xx_ll_usb.o
 .bss           0x0000000020000ac8        0x0 build/objs/stm32f4xx_hal.o
 .bss           0x0000000020000ac8        0x0 build/objs/stm32f4xx_hal_dcmi_ex.o
 .bss           0x0000000020000ac8        0x0 build/objs/stm32f4xx_hal_flash_ex.o
 .bss           0x0000000020000ac8        0x0 build/objs/stm32f4xx_hal_cryp.o
 .bss           0x0000000020000ac8        0x0 build/objs/stm32f4xx_hal_rng.o
 .bss           0x0000000020000ac8        0x0 build/objs/stm32f4xx_hal_nand.o
 .bss           0x0000000020000ac8        0x0 build/objs/stm32f4xx_hal_gpio.o
 .bss           0x0000000020000ac8        0x0 build/objs/stm32f4xx_hal_ltdc.o
 .bss           0x0000000020000ac8        0x0 build/objs/stm32f4xx_hal_hcd.o
 .bss           0x0000000020000ac8        0x0 build/objs/stm32f4xx_hal_pcd_ex.o
 .bss           0x0000000020000ac8        0x0 build/objs/stm32f4xx_hal_adc.o
 .bss           0x0000000020000ac8        0x0 build/objs/stm32f4xx_hal_adc_ex.o
 .bss           0x0000000020000ac8        0x0 build/objs/stm32f4xx_hal_lptim.o
 .bss           0x0000000020000ac8        0x0 build/objs/stm32f4xx_hal_spi.o
 .bss           0x0000000020000ac8        0x0 build/objs/stm32f4xx_hal_i2c.o
 .bss           0x0000000020000ac8        0x0 build/objs/stm32f4xx_hal_fmpi2c.o
 .bss           0x0000000020000ac8        0x0 build/objs/stm32f4xx_hal_smartcard.o
 .bss           0x0000000020000ac8        0x0 build/objs/stm32f4xx_hal_pccard.o
 .bss           0x0000000020000ac8        0x0 build/objs/stm32f4xx_hal_dma2d.o
 .bss           0x0000000020000ac8        0x0 build/objs/stm32f4xx_hal_sai.o
 .bss           0x0000000020000ac8        0x0 build/objs/stm32f4xx_hal_cryp_ex.o
 .bss           0x0000000020000ac8        0x0 build/objs/stm32f4xx_hal_rcc_ex.o
 .bss           0x0000000020000ac8        0x0 build/objs/stm32f4xx_ll_fmc.o
 .bss           0x0000000020000ac8        0x0 build/objs/stm32f4xx_hal_ltdc_ex.o
 .bss           0x0000000020000ac8        0x0 build/objs/stm32f4xx_hal_flash_ramfunc.o
 .bss           0x0000000020000ac8        0x0 build/objs/stm32f4xx_hal_cortex.o
 .bss           0x0000000020000ac8        0x0 build/objs/stm32f4xx_hal_iwdg.o
[...]
USBD_LL_OpenEP                                    build/objs/usbd_conf.o
                                                  build/objs/usbd_cdc.o
                                                  build/objs/usbd_core.o
USBD_LL_PrepareReceive                            build/objs/usbd_conf.o
                                                  build/objs/usbd_cdc.o
                                                  build/objs/usbd_ioreq.o
                                                  build/objs/usbd_core.o
USBD_LL_Reset                                     build/objs/usbd_core.o
                                                  build/objs/usbd_conf.o
USBD_LL_Resume                                    build/objs/usbd_core.o
                                                  build/objs/usbd_conf.o
USBD_LL_SOF                                       build/objs/usbd_core.o
                                                  build/objs/usbd_conf.o
USBD_LL_SetSpeed                                  build/objs/usbd_core.o
                                                  build/objs/usbd_conf.o
USBD_LL_SetUSBAddress                             build/objs/usbd_conf.o
                                                  build/objs/usbd_ctlreq.o
USBD_LL_SetupStage                                build/objs/usbd_core.o
                                                  build/objs/usbd_conf.o
USBD_LL_StallEP                                   build/objs/usbd_conf.o
                                                  build/objs/usbd_ctlreq.o
                                                  build/objs/usbd_core.o
USBD_LL_Start                                     build/objs/usbd_conf.o
                                                  build/objs/usbd_core.o
USBD_LL_Stop                                      build/objs/usbd_conf.o
                                                  build/objs/usbd_core.o
USBD_LL_Suspend                                   build/objs/usbd_core.o
                                                  build/objs/usbd_conf.o
USBD_LL_Transmit                                  build/objs/usbd_conf.o
                                                  build/objs/usbd_cdc.o
                                                  build/objs/usbd_ioreq.o
USBD_LangIDDesc                                   build/objs/usbd_desc.o
USBD_ParseSetupRequest                            build/objs/usbd_ctlreq.o
                                                  build/objs/usbd_core.o
USBD_RegisterClass                                build/objs/usbd_core.o
                                                  build/objs/usb_device.o
USBD_RunTestMode                                  build/objs/usbd_core.o
USBD_SetClassConfig                               build/objs/usbd_core.o
                                                  build/objs/usbd_ctlreq.o
USBD_Start                                        build/objs/usbd_core.o
                                                  build/objs/usb_device.o
USBD_StdDevReq                                    build/objs/usbd_ctlreq.o
                                                  build/objs/usbd_core.o
USBD_StdEPReq                                     build/objs/usbd_ctlreq.o
                                                  build/objs/usbd_core.o
USBD_StdItfReq                                    build/objs/usbd_ctlreq.o
                                                  build/objs/usbd_core.o
USBD_Stop                                         build/objs/usbd_core.o
USBD_StrDesc                                      build/objs/usbd_desc.o
USB_ActivateDedicatedEndpoint                     build/objs/stm32f4xx_ll_usb.o
USB_ActivateEndpoint                              build/objs/stm32f4xx_ll_usb.o
                                                  build/objs/stm32f4xx_hal_pcd.o
USB_ActivateSetup                                 build/objs/stm32f4xx_ll_usb.o
                                                  build/objs/stm32f4xx_hal_pcd.o
USB_ClearInterrupts                               build/objs/stm32f4xx_ll_usb.o
USB_CoreInit                                      build/objs/stm32f4xx_ll_usb.o
                                                  build/objs/stm32f4xx_hal_pcd.o
USB_DeactivateDedicatedEndpoint                   build/objs/stm32f4xx_ll_usb.o
USB_DeactivateEndpoint                            build/objs/stm32f4xx_ll_usb.o
                                                  build/objs/stm32f4xx_hal_pcd.o
USB_DevConnect                                    build/objs/stm32f4xx_ll_usb.o
                                                  build/objs/stm32f4xx_hal_pcd.o
USB_DevDisconnect                                 build/objs/stm32f4xx_ll_usb.o
                                                  build/objs/stm32f4xx_hal_pcd.o
USB_DevInit                                       build/objs/stm32f4xx_ll_usb.o
                                                  build/objs/stm32f4xx_hal_pcd.o
USB_DisableGlobalInt                              build/objs/stm32f4xx_ll_usb.o
                                                  build/objs/stm32f4xx_hal_pcd.o
USB_DoPing                                        build/objs/stm32f4xx_ll_usb.o
USB_DriveVbus                                     build/objs/stm32f4xx_ll_usb.o
USB_EP0StartXfer                                  build/objs/stm32f4xx_ll_usb.o
                                                  build/objs/stm32f4xx_hal_pcd.o
USB_EP0_OutStart                                  build/objs/stm32f4xx_ll_usb.o
                                                  build/objs/stm32f4xx_hal_pcd.o
USB_EPClearStall                                  build/objs/stm32f4xx_ll_usb.o
                                                  build/objs/stm32f4xx_hal_pcd.o
USB_EPSetStall                                    build/objs/stm32f4xx_ll_usb.o
                                                  build/objs/stm32f4xx_hal_pcd.o
USB_EPStartXfer                                   build/objs/stm32f4xx_ll_usb.o
                                                  build/objs/stm32f4xx_hal_pcd.o
USB_EnableGlobalInt                               build/objs/stm32f4xx_ll_usb.o
                                                  build/objs/stm32f4xx_hal_pcd.o
USB_FlushRxFifo                                   build/objs/stm32f4xx_ll_usb.o
                                                  build/objs/stm32f4xx_hal_pcd.o
USB_FlushTxFifo                                   build/objs/stm32f4xx_ll_usb.o
                                                  build/objs/stm32f4xx_hal_pcd.o
USB_GetCurrentFrame                               build/objs/stm32f4xx_ll_usb.o
USB_GetDevSpeed                                   build/objs/stm32f4xx_ll_usb.o
                                                  build/objs/stm32f4xx_hal_pcd.o
USB_GetHostSpeed                                  build/objs/stm32f4xx_ll_usb.o
USB_GetMode                                       build/objs/stm32f4xx_ll_usb.o
                                                  build/objs/stm32f4xx_hal_pcd.o
USB_HC_Halt                                       build/objs/stm32f4xx_ll_usb.o
USB_HC_Init                                       build/objs/stm32f4xx_ll_usb.o
USB_HC_ReadInterrupt                              build/objs/stm32f4xx_ll_usb.o
USB_HC_StartXfer                                  build/objs/stm32f4xx_ll_usb.o
USB_HostInit                                      build/objs/stm32f4xx_ll_usb.o
USB_InitFSLSPClkSel                               build/objs/stm32f4xx_ll_usb.o
USB_ReadDevAllInEpInterrupt                       build/objs/stm32f4xx_ll_usb.o
                                                  build/objs/stm32f4xx_hal_pcd.o
USB_ReadDevAllOutEpInterrupt                      build/objs/stm32f4xx_ll_usb.o
                                                  build/objs/stm32f4xx_hal_pcd.o
USB_ReadDevInEPInterrupt                          build/objs/stm32f4xx_ll_usb.o
                                                  build/objs/stm32f4xx_hal_pcd.o
USB_ReadDevOutEPInterrupt                         build/objs/stm32f4xx_ll_usb.o
                                                  build/objs/stm32f4xx_hal_pcd.o
USB_ReadInterrupts                                build/objs/stm32f4xx_ll_usb.o
                                                  build/objs/stm32f4xx_hal_pcd.o
USB_ReadPacket                                    build/objs/stm32f4xx_ll_usb.o
                                                  build/objs/stm32f4xx_hal_pcd.o
USB_ResetPort                                     build/objs/stm32f4xx_ll_usb.o
USB_SetCurrentMode                                build/objs/stm32f4xx_ll_usb.o
                                                  build/objs/stm32f4xx_hal_pcd.o
USB_SetDevAddress                                 build/objs/stm32f4xx_ll_usb.o
                                                  build/objs/stm32f4xx_hal_pcd.o
USB_SetDevSpeed                                   build/objs/stm32f4xx_ll_usb.o
USB_StopDevice                                    build/objs/stm32f4xx_ll_usb.o
                                                  build/objs/stm32f4xx_hal_pcd.o
USB_StopHost                                      build/objs/stm32f4xx_ll_usb.o
USB_WritePacket                                   build/objs/stm32f4xx_ll_usb.o
                                                  build/objs/stm32f4xx_hal_pcd.o
UsageFault_Handler                                build/objs/startup_stm32f407xx.o
UserRxBufferFS                                    build/objs/usbd_cdc_if.o
UserTxBufferFS                                    build/objs/usbd_cdc_if.o
WWDG_IRQHandler                                   build/objs/startup_stm32f407xx.o
__errno                                           /usr/lib/gcc/arm-none-eabi/4.9.3/../../../arm-none-eabi/lib/armv7e-m/fpu/libg.a(lib_a-errno.o)
                                                  build/objs/syscalls.o
__io_getchar                                      build/objs/syscalls.o
__io_putchar                                      build/objs/syscalls.o
__malloc_av_                                      /usr/lib/gcc/arm-none-eabi/4.9.3/../../../arm-none-eabi/lib/armv7e-m/fpu/libg.a(lib_a-mallocr.o)
                                                  /usr/lib/gcc/arm-none-eabi/4.9.3/../../../arm-none-eabi/lib/armv7e-m/fpu/libg.a(lib_a-freer.o)
__malloc_current_mallinfo                         /usr/lib/gcc/arm-none-eabi/4.9.3/../../../arm-none-eabi/lib/armv7e-m/fpu/libg.a(lib_a-mallocr.o)
                                                  /usr/lib/gcc/arm-none-eabi/4.9.3/../../../arm-none-eabi/lib/armv7e-m/fpu/libg.a(lib_a-freer.o)
__malloc_lock                                     /usr/lib/gcc/arm-none-eabi/4.9.3/../../../arm-none-eabi/lib/armv7e-m/fpu/libg.a(lib_a-mlock.o)
                                                  /usr/lib/gcc/arm-none-eabi/4.9.3/../../../arm-none-eabi/lib/armv7e-m/fpu/libg.a(lib_a-freer.o)
                                                  /usr/lib/gcc/arm-none-eabi/4.9.3/../../../arm-none-eabi/lib/armv7e-m/fpu/libg.a(lib_a-mallocr.o)
__malloc_max_sbrked_mem                           /usr/lib/gcc/arm-none-eabi/4.9.3/../../../arm-none-eabi/lib/armv7e-m/fpu/libg.a(lib_a-mallocr.o)
__malloc_max_total_mem                            /usr/lib/gcc/arm-none-eabi/4.9.3/../../../arm-none-eabi/lib/armv7e-m/fpu/libg.a(lib_a-mallocr.o)
__malloc_sbrk_base                                /usr/lib/gcc/arm-none-eabi/4.9.3/../../../arm-none-eabi/lib/armv7e-m/fpu/libg.a(lib_a-mallocr.o)
                                                  /usr/lib/gcc/arm-none-eabi/4.9.3/../../../arm-none-eabi/lib/armv7e-m/fpu/libg.a(lib_a-freer.o)
__malloc_top_pad                                  /usr/lib/gcc/arm-none-eabi/4.9.3/../../../arm-none-eabi/lib/armv7e-m/fpu/libg.a(lib_a-mallocr.o)
                                                  /usr/lib/gcc/arm-none-eabi/4.9.3/../../../arm-none-eabi/lib/armv7e-m/fpu/libg.a(lib_a-freer.o)
__malloc_trim_threshold                           /usr/lib/gcc/arm-none-eabi/4.9.3/../../../arm-none-eabi/lib/armv7e-m/fpu/libg.a(lib_a-mallocr.o)
                                                  /usr/lib/gcc/arm-none-eabi/4.9.3/../../../arm-none-eabi/lib/armv7e-m/fpu/libg.a(lib_a-freer.o)
__malloc_unlock                                   /usr/lib/gcc/arm-none-eabi/4.9.3/../../../arm-none-eabi/lib/armv7e-m/fpu/libg.a(lib_a-mlock.o)
                                                  /usr/lib/gcc/arm-none-eabi/4.9.3/../../../arm-none-eabi/lib/armv7e-m/fpu/libg.a(lib_a-freer.o)
                                                  /usr/lib/gcc/arm-none-eabi/4.9.3/../../../arm-none-eabi/lib/armv7e-m/fpu/libg.a(lib_a-mallocr.o)
_close                                            build/objs/syscalls.o
_ebss                                             build/objs/startup_stm32f407xx.o
_edata                                            build/objs/startup_stm32f407xx.o
_estack                                           build/objs/startup_stm32f407xx.o
_execve                                           build/objs/syscalls.o
_exit                                             build/objs/syscalls.o
_fork                                             build/objs/syscalls.o
_free_r                                           /usr/lib/gcc/arm-none-eabi/4.9.3/../../../arm-none-eabi/lib/armv7e-m/fpu/libg.a(lib_a-freer.o)
                                                  /usr/lib/gcc/arm-none-eabi/4.9.3/../../../arm-none-eabi/lib/armv7e-m/fpu/libg.a(lib_a-reent.o)
                                                  /usr/lib/gcc/arm-none-eabi/4.9.3/../../../arm-none-eabi/lib/armv7e-m/fpu/libg.a(lib_a-mallocr.o)
                                                  /usr/lib/gcc/arm-none-eabi/4.9.3/../../../arm-none-eabi/lib/armv7e-m/fpu/libg.a(lib_a-malloc.o)
_fstat                                            build/objs/syscalls.o
_getpid                                           build/objs/syscalls.o
_gettimeofday                                     build/objs/syscalls.o
_global_impure_ptr                                /usr/lib/gcc/arm-none-eabi/4.9.3/../../../arm-none-eabi/lib/armv7e-m/fpu/libg.a(lib_a-impure.o)
_impure_ptr                                       /usr/lib/gcc/arm-none-eabi/4.9.3/../../../arm-none-eabi/lib/armv7e-m/fpu/libg.a(lib_a-impure.o)
                                                  /usr/lib/gcc/arm-none-eabi/4.9.3/../../../arm-none-eabi/lib/armv7e-m/fpu/libg.a(lib_a-reent.o)
                                                  /usr/lib/gcc/arm-none-eabi/4.9.3/../../../arm-none-eabi/lib/armv7e-m/fpu/libg.a(lib_a-malloc.o)
                                                  /usr/lib/gcc/arm-none-eabi/4.9.3/../../../arm-none-eabi/lib/armv7e-m/fpu/libg.a(lib_a-errno.o)
_isatty                                           build/objs/syscalls.o
_kill                                             build/objs/syscalls.o
_link                                             build/objs/syscalls.o
_lseek                                            build/objs/syscalls.o
_malloc_r                                         /usr/lib/gcc/arm-none-eabi/4.9.3/../../../arm-none-eabi/lib/armv7e-m/fpu/libg.a(lib_a-mallocr.o)
                                                  /usr/lib/gcc/arm-none-eabi/4.9.3/../../../arm-none-eabi/lib/armv7e-m/fpu/libg.a(lib_a-malloc.o)
_malloc_trim_r                                    /usr/lib/gcc/arm-none-eabi/4.9.3/../../../arm-none-eabi/lib/armv7e-m/fpu/libg.a(lib_a-freer.o)
_open                                             build/objs/syscalls.o
_read                                             build/objs/syscalls.o
_reclaim_reent                                    /usr/lib/gcc/arm-none-eabi/4.9.3/../../../arm-none-eabi/lib/armv7e-m/fpu/libg.a(lib_a-reent.o)
_sbrk                                             build/objs/syscalls.o
                                                  /usr/lib/gcc/arm-none-eabi/4.9.3/../../../arm-none-eabi/lib/armv7e-m/fpu/libg.a(lib_a-sbrkr.o)
_sbrk_r                                           /usr/lib/gcc/arm-none-eabi/4.9.3/../../../arm-none-eabi/lib/armv7e-m/fpu/libg.a(lib_a-sbrkr.o)
                                                  /usr/lib/gcc/arm-none-eabi/4.9.3/../../../arm-none-eabi/lib/armv7e-m/fpu/libg.a(lib_a-freer.o)
                                                  /usr/lib/gcc/arm-none-eabi/4.9.3/../../../arm-none-eabi/lib/armv7e-m/fpu/libg.a(lib_a-mallocr.o)
_sbss                                             build/objs/startup_stm32f407xx.o
_sdata                                            build/objs/startup_stm32f407xx.o
_sidata                                           build/objs/startup_stm32f407xx.o
_stat                                             build/objs/syscalls.o
_times                                            build/objs/syscalls.o
_unlink                                           build/objs/syscalls.o
_wait                                             build/objs/syscalls.o
_write                                            build/objs/syscalls.o
allowed_commands                                  build/objs/command_processor.o
brightness_levels                                 build/objs/pcd8544.o
cleanup_glue                                      /usr/lib/gcc/arm-none-eabi/4.9.3/../../../arm-none-eabi/lib/armv7e-m/fpu/libg.a(lib_a-reent.o)
cmd_proc_receive_data                             build/objs/command_processor.o
                                                  build/objs/usbd_cdc_if.o
current_pos                                       build/objs/command_processor.o
end                                               build/objs/syscalls.o
errno                                             /usr/lib/gcc/arm-none-eabi/4.9.3/../../../arm-none-eabi/lib/armv7e-m/fpu/libg.a(lib_a-reent.o)
                                                  /usr/lib/gcc/arm-none-eabi/4.9.3/../../../arm-none-eabi/lib/armv7e-m/fpu/libg.a(lib_a-sbrkr.o)
free                                              /usr/lib/gcc/arm-none-eabi/4.9.3/../../../arm-none-eabi/lib/armv7e-m/fpu/libg.a(lib_a-malloc.o)
                                                  build/objs/usbd_cdc.o
g_pfnVectors                                      build/objs/startup_stm32f407xx.o
hSPI                                              build/objs/pcd8544.o
                                                  build/objs/MAX31855.o
hTIM                                              build/objs/pcd8544.o
                                                  build/objs/SSR.o
hUsbDeviceFS                                      build/objs/usb_device.o
                                                  build/objs/main.o
                                                  build/objs/usbd_cdc_if.o
hUsbDevice_0                                      build/objs/usbd_cdc_if.o
hpcd_USB_OTG_FS                                   build/objs/usbd_conf.o
                                                  build/objs/stm32f4xx_it.o
initialise_monitor_handles                        build/objs/syscalls.o
linecoding                                        build/objs/usbd_cdc_if_template.o
main                                              build/objs/main.o
                                                  build/objs/startup_stm32f407xx.o
malloc                                            /usr/lib/gcc/arm-none-eabi/4.9.3/../../../arm-none-eabi/lib/armv7e-m/fpu/libg.a(lib_a-malloc.o)
                                                  build/objs/usbd_cdc.o
                                                  build/objs/command_processor.o
pFlash                                            build/objs/stm32f4xx_hal_flash.o
                                                  build/objs/stm32f4xx_hal_flash_ex.o
reflow_list                                       build/objs/command_processor.o
single_line                                       build/objs/command_processor.o
uwTick                                            build/objs/stm32f4xx_hal.o
