Archive member included to satisfy reference by file (symbol)

/usr/lib/gcc/arm-none-eabi/4.9.3/armv7e-m/fpu/libgcc.a(_arm_addsubdf3.o)
                              build/objs/MAX31855.o (__aeabi_ui2d)
/usr/lib/gcc/arm-none-eabi/4.9.3/armv7e-m/fpu/libgcc.a(_arm_muldivdf3.o)
                              build/objs/MAX31855.o (__aeabi_dmul)
/usr/lib/gcc/arm-none-eabi/4.9.3/armv7e-m/fpu/libgcc.a(_arm_truncdfsf2.o)
                              build/objs/MAX31855.o (__aeabi_d2f)
/usr/lib/gcc/arm-none-eabi/4.9.3/../../../arm-none-eabi/lib/armv7e-m/fpu/libg.a(lib_a-atof.o)
                              build/objs/reflow_process.o (atof)
/usr/lib/gcc/arm-none-eabi/4.9.3/../../../arm-none-eabi/lib/armv7e-m/fpu/libg.a(lib_a-atoi.o)
                              build/objs/SSR.o (atoi)
/usr/lib/gcc/arm-none-eabi/4.9.3/../../../arm-none-eabi/lib/armv7e-m/fpu/libg.a(lib_a-errno.o)
                              build/objs/syscalls.o (__errno)
/usr/lib/gcc/arm-none-eabi/4.9.3/../../../arm-none-eabi/lib/armv7e-m/fpu/libg.a(lib_a-impure.o)
                              /usr/lib/gcc/arm-none-eabi/4.9.3/../../../arm-none-eabi/lib/armv7e-m/fpu/libg.a(lib_a-errno.o) (_impure_ptr)
/usr/lib/gcc/arm-none-eabi/4.9.3/../../../arm-none-eabi/lib/armv7e-m/fpu/libg.a(lib_a-malloc.o)
                              build/objs/usbd_cdc.o (malloc)
/usr/lib/gcc/arm-none-eabi/4.9.3/../../../arm-none-eabi/lib/armv7e-m/fpu/libg.a(lib_a-mallocr.o)
                              /usr/lib/gcc/arm-none-eabi/4.9.3/../../../arm-none-eabi/lib/armv7e-m/fpu/libg.a(lib_a-malloc.o) (_malloc_r)
/usr/lib/gcc/arm-none-eabi/4.9.3/../../../arm-none-eabi/lib/armv7e-m/fpu/libg.a(lib_a-mlock.o)
                              /usr/lib/gcc/arm-none-eabi/4.9.3/../../../arm-none-eabi/lib/armv7e-m/fpu/libg.a(lib_a-mallocr.o) (__malloc_lock)
/usr/lib/gcc/arm-none-eabi/4.9.3/../../../arm-none-eabi/lib/armv7e-m/fpu/libg.a(lib_a-sbrkr.o)
                              /usr/lib/gcc/arm-none-eabi/4.9.3/../../../arm-none-eabi/lib/armv7e-m/fpu/libg.a(lib_a-mallocr.o) (_sbrk_r)
/usr/lib/gcc/arm-none-eabi/4.9.3/../../../arm-none-eabi/lib/armv7e-m/fpu/libg.a(lib_a-strcmp.o)
                              build/objs/command_processor.o (strcmp)
/usr/lib/gcc/arm-none-eabi/4.9.3/../../../arm-none-eabi/lib/armv7e-m/fpu/libg.a(lib_a-strtod.o)
                              /usr/lib/gcc/arm-none-eabi/4.9.3/../../../arm-none-eabi/lib/armv7e-m/fpu/libg.a(lib_a-atof.o) (strtod)
/usr/lib/gcc/arm-none-eabi/4.9.3/../../../arm-none-eabi/lib/armv7e-m/fpu/libg.a(lib_a-strtok.o)
                              build/objs/command_processor.o (strtok)
/usr/lib/gcc/arm-none-eabi/4.9.3/../../../arm-none-eabi/lib/armv7e-m/fpu/libg.a(lib_a-strtok_r.o)
                              /usr/lib/gcc/arm-none-eabi/4.9.3/../../../arm-none-eabi/lib/armv7e-m/fpu/libg.a(lib_a-strtok.o) (__strtok_r)
/usr/lib/gcc/arm-none-eabi/4.9.3/../../../arm-none-eabi/lib/armv7e-m/fpu/libg.a(lib_a-strtol.o)
                              /usr/lib/gcc/arm-none-eabi/4.9.3/../../../arm-none-eabi/lib/armv7e-m/fpu/libg.a(lib_a-atoi.o) (_strtol_r)
/usr/lib/gcc/arm-none-eabi/4.9.3/../../../arm-none-eabi/lib/armv7e-m/fpu/libg.a(lib_a-ctype_.o)
                              /usr/lib/gcc/arm-none-eabi/4.9.3/../../../arm-none-eabi/lib/armv7e-m/fpu/libg.a(lib_a-strtol.o) (__ctype_ptr__)
/usr/lib/gcc/arm-none-eabi/4.9.3/../../../arm-none-eabi/lib/armv7e-m/fpu/libg.a(lib_a-freer.o)
                              /usr/lib/gcc/arm-none-eabi/4.9.3/../../../arm-none-eabi/lib/armv7e-m/fpu/libg.a(lib_a-malloc.o) (_free_r)
/usr/lib/gcc/arm-none-eabi/4.9.3/../../../arm-none-eabi/lib/armv7e-m/fpu/libg.a(lib_a-gdtoa-gethex.o)
                              /usr/lib/gcc/arm-none-eabi/4.9.3/../../../arm-none-eabi/lib/armv7e-m/fpu/libg.a(lib_a-strtod.o) (__gethex)
/usr/lib/gcc/arm-none-eabi/4.9.3/../../../arm-none-eabi/lib/armv7e-m/fpu/libg.a(lib_a-gdtoa-hexnan.o)
                              /usr/lib/gcc/arm-none-eabi/4.9.3/../../../arm-none-eabi/lib/armv7e-m/fpu/libg.a(lib_a-strtod.o) (__hexnan)
/usr/lib/gcc/arm-none-eabi/4.9.3/../../../arm-none-eabi/lib/armv7e-m/fpu/libg.a(lib_a-locale.o)
                              /usr/lib/gcc/arm-none-eabi/4.9.3/../../../arm-none-eabi/lib/armv7e-m/fpu/libg.a(lib_a-strtod.o) (_localeconv_r)
/usr/lib/gcc/arm-none-eabi/4.9.3/../../../arm-none-eabi/lib/armv7e-m/fpu/libg.a(lib_a-memcpy.o)
                              /usr/lib/gcc/arm-none-eabi/4.9.3/../../../arm-none-eabi/lib/armv7e-m/fpu/libg.a(lib_a-strtod.o) (memcpy)
/usr/lib/gcc/arm-none-eabi/4.9.3/../../../arm-none-eabi/lib/armv7e-m/fpu/libg.a(lib_a-mprec.o)
                              /usr/lib/gcc/arm-none-eabi/4.9.3/../../../arm-none-eabi/lib/armv7e-m/fpu/libg.a(lib_a-strtod.o) (_Balloc)
/usr/lib/gcc/arm-none-eabi/4.9.3/../../../arm-none-eabi/lib/armv7e-m/fpu/libg.a(lib_a-reent.o)
                              /usr/lib/gcc/arm-none-eabi/4.9.3/../../../arm-none-eabi/lib/armv7e-m/fpu/libg.a(lib_a-sbrkr.o) (errno)
[...]
Memory Configuration

Name             Origin             Length             Attributes
FLASH            0x0000000008000000 0x0000000000100000 xr
RAM              0x0000000020000000 0x0000000000020000 xrw
CCMRAM           0x0000000010000000 0x0000000000010000 rw
*default*        0x0000000000000000 0xffffffffffffffff

Linker script and memory map

LOAD build/objs/stm32f4xx_hal_msp.o
LOAD build/objs/usbd_cdc_if.o
LOAD build/objs/usbd_conf.o
LOAD build/objs/syscalls.o
LOAD build/objs/USB_printf.o
LOAD build/objs/gpio.o
LOAD build/objs/SSR.o
LOAD build/objs/MAX31855.o
LOAD build/objs/main.o
LOAD build/objs/stm32f4xx_it.o
LOAD build/objs/usb_device.o
LOAD build/objs/usbd_desc.o
LOAD build/objs/pcd8544.o
LOAD build/objs/reflow_process.o
LOAD build/objs/command_processor.o
LOAD build/objs/stm32f4xx_hal_dsi.o
LOAD build/objs/stm32f4xx_hal_pcd.o
LOAD build/objs/stm32f4xx_hal_irda.o
LOAD build/objs/stm32f4xx_ll_fsmc.o
LOAD build/objs/stm32f4xx_hal_cec.o
LOAD build/objs/stm32f4xx_hal_timebase_tim_template.o
LOAD build/objs/stm32f4xx_ll_usb.o
LOAD build/objs/stm32f4xx_hal.o
LOAD build/objs/stm32f4xx_hal_dcmi_ex.o
LOAD build/objs/stm32f4xx_hal_flash_ex.o
LOAD build/objs/stm32f4xx_hal_cryp.o
LOAD build/objs/stm32f4xx_hal_rng.o
LOAD build/objs/stm32f4xx_hal_nand.o
LOAD build/objs/stm32f4xx_hal_gpio.o
LOAD build/objs/stm32f4xx_hal_ltdc.o
LOAD build/objs/stm32f4xx_hal_hcd.o
LOAD build/objs/stm32f4xx_hal_pcd_ex.o
LOAD build/objs/stm32f4xx_hal_adc.o
LOAD build/objs/stm32f4xx_hal_adc_ex.o
LOAD build/objs/stm32f4xx_hal_lptim.o
LOAD build/objs/stm32f4xx_hal_spi.o
LOAD build/objs/stm32f4xx_hal_i2c.o
LOAD build/objs/stm32f4xx_hal_fmpi2c.o
LOAD build/objs/stm32f4xx_hal_smartcard.o
LOAD build/objs/stm32f4xx_hal_pccard.o
LOAD build/objs/stm32f4xx_hal_dma2d.o
LOAD build/objs/stm32f4xx_hal_sai.o
LOAD build/objs/stm32f4xx_hal_cryp_ex.o
LOAD build/objs/stm32f4xx_hal_rcc_ex.o
LOAD build/objs/stm32f4xx_ll_fmc.o
LOAD build/objs/stm32f4xx_hal_ltdc_ex.o
LOAD build/objs/stm32f4xx_hal_flash_ramfunc.o
LOAD build/objs/stm32f4xx_hal_cortex.o
LOAD build/objs/stm32f4xx_hal_iwdg.o
LOAD build/objs/stm32f4xx_hal_uart.o
LOAD build/objs/stm32f4xx_hal_tim_ex.o
LOAD build/objs/stm32f4xx_hal_i2c_ex.o
LOAD build/objs/stm32f4xx_hal_dma.o
LOAD build/objs/stm32f4xx_hal_dac.o
LOAD build/objs/stm32f4xx_hal_spdifrx.o
LOAD build/objs/stm32f4xx_hal_fmpi2c_ex.o
LOAD build/objs/stm32f4xx_ll_sdmmc.o
LOAD build/objs/stm32f4xx_hal_i2s_ex.o
LOAD build/objs/stm32f4xx_hal_can.o
LOAD build/objs/stm32f4xx_hal_nor.o
LOAD build/objs/stm32f4xx_hal_pwr.o
LOAD build/objs/stm32f4xx_hal_rtc.o
LOAD build/objs/stm32f4xx_hal_qspi.o
LOAD build/objs/stm32f4xx_hal_hash_ex.o
LOAD build/objs/stm32f4xx_hal_i2s.o
LOAD build/objs/stm32f4xx_hal_sram.o
LOAD build/objs/stm32f4xx_hal_hash.o
LOAD build/objs/stm32f4xx_hal_eth.o
LOAD build/objs/stm32f4xx_hal_tim.o
LOAD build/objs/stm32f4xx_hal_dma_ex.o
LOAD build/objs/stm32f4xx_hal_sd.o
LOAD build/objs/stm32f4xx_hal_sai_ex.o
LOAD build/objs/stm32f4xx_hal_rcc.o
LOAD build/objs/stm32f4xx_hal_wwdg.o
LOAD build/objs/stm32f4xx_hal_dac_ex.o
LOAD build/objs/stm32f4xx_hal_rtc_ex.o
LOAD build/objs/stm32f4xx_hal_pwr_ex.o
LOAD build/objs/stm32f4xx_hal_dcmi.o
LOAD build/objs/stm32f4xx_hal_sdram.o
LOAD build/objs/stm32f4xx_hal_flash.o
LOAD build/objs/stm32f4xx_hal_crc.o
LOAD build/objs/stm32f4xx_hal_usart.o
LOAD build/objs/stm32f4_discovery.o
LOAD build/objs/system_stm32f4xx.o
LOAD build/objs/usbd_core.o
LOAD build/objs/usbd_ctlreq.o
LOAD build/objs/usbd_ioreq.o
LOAD build/objs/usbd_cdc_if_template.o
LOAD build/objs/usbd_cdc.o
LOAD build/objs/startup_stm32f407xx.o
START GROUP
LOAD /usr/lib/gcc/arm-none-eabi/4.9.3/armv7e-m/fpu/libgcc.a
LOAD /usr/lib/gcc/arm-none-eabi/4.9.3/../../../arm-none-eabi/lib/armv7e-m/fpu/libg.a
LOAD /usr/lib/gcc/arm-none-eabi/4.9.3/../../../arm-none-eabi/lib/armv7e-m/fpu/libc.a
END GROUP
                0x000000002001ffff                _estack = 0x2001ffff
                0x0000000000000200                _Min_Heap_Size = 0x200
                0x0000000000000400                _Min_Stack_Size = 0x400

.isr_vector     0x0000000008000000      0x188
                0x0000000008000000                . = ALIGN (0x4)
 *(.isr_vector)
 .isr_vector    0x0000000008000000      0x188 build/objs/startup_stm32f407xx.o
                0x0000000008000000                g_pfnVectors
                0x0000000008000188                . = ALIGN (0x4)

.text           0x00000000080001a0    0x1b138
                0x00000000080001a0                . = ALIGN (0x4)
 *(.text)
 .text          0x00000000080001a0       0x48 build/objs/stm32f4xx_hal_msp.o
                0x00000000080001a0                HAL_MspInit
 .text          0x00000000080001e8      0x19c build/objs/usbd_cdc_if.o
                0x0000000008000330                CDC_Transmit_FS
 .text          0x0000000008000384      0x588 build/objs/usbd_conf.o
                0x0000000008000384                HAL_PCD_MspInit
                0x0000000008000400                HAL_PCD_MspDeInit
                0x000000000800043c                HAL_PCD_SetupStageCallback
                0x0000000008000460                HAL_PCD_DataOutStageCallback
                0x0000000008000498                HAL_PCD_DataInStageCallback
                0x00000000080004cc                HAL_PCD_SOFCallback
                0x00000000080004e8                HAL_PCD_ResetCallback
                0x0000000008000538                HAL_PCD_SuspendCallback
                0x0000000008000584                HAL_PCD_ResumeCallback
                0x00000000080005a0                HAL_PCD_ISOOUTIncompleteCallback
                0x00000000080005c4                HAL_PCD_ISOINIncompleteCallback
                0x00000000080005e8                HAL_PCD_ConnectCallback
                0x0000000008000604                HAL_PCD_DisconnectCallback
                0x0000000008000620                USBD_LL_Init
                0x00000000080006b4                USBD_LL_DeInit
                0x00000000080006d4                USBD_LL_Start
                0x00000000080006f4                USBD_LL_Stop
                0x0000000008000714                USBD_LL_OpenEP
                0x0000000008000748                USBD_LL_CloseEP
                0x0000000008000770                USBD_LL_FlushEP
                0x0000000008000798                USBD_LL_StallEP
                0x00000000080007c0                USBD_LL_ClearStallEP
                0x00000000080007e8                USBD_LL_IsStallEP
                0x0000000008000840                USBD_LL_SetUSBAddress
                0x0000000008000868                USBD_LL_Transmit
                0x000000000800089c                USBD_LL_PrepareReceive
                0x00000000080008d0                USBD_LL_GetRxDataSize
                0x00000000080008f8                USBD_LL_Delay
 .text          0x000000000800090c      0x2b8 build/objs/syscalls.o
                0x000000000800090c                _sbrk
                0x0000000008000978                _gettimeofday
                0x00000000080009a4                initialise_monitor_handles
                0x00000000080009b0                _getpid
                0x00000000080009c0                _kill
                0x00000000080009e0                _exit
                0x00000000080009f4                _write
                0x0000000008000a2c                _close
                0x0000000008000a44                _fstat
                0x0000000008000a64                _isatty
                0x0000000008000a7c                _lseek
                0x0000000008000a98                _read
                0x0000000008000ad4                _open
                0x0000000008000af0                _wait
                0x0000000008000b10                _unlink
                0x0000000008000b30                _times
                0x0000000008000b48                _stat
                0x0000000008000b68                _link
                0x0000000008000b88                _fork
                0x0000000008000ba0                _execve
 .text          0x0000000008000bc4      0x458 build/objs/USB_printf.o
                0x0000000008000f5c                USB_printf
                0x0000000008000f84                USB_printf_buff
                0x0000000008000fdc                PCD8544_printf_buff
 .text          0x000000000800101c       0x4c build/objs/gpio.o
                0x000000000800101c                MX_GPIO_Init
 .text          0x0000000008001068      0x214 build/objs/SSR.o
                0x0000000008001068                SSR_init
                0x0000000008001118                SSR_start
                0x000000000800113c                SSR_stop
                0x0000000008001164                SSR_set_duty_cycle
                0x00000000080011d0                SSR_force_duty_cycle
                0x000000000800123c                SSR_lock_duty_cycle
 .text          0x000000000800127c      0x314 build/objs/MAX31855.o
                0x000000000800127c                MAX31855_init
                0x00000000080013d4                MAX31855_read
 .text          0x0000000008001590      0x1ec build/objs/main.o
                0x0000000008001590                main
                0x0000000008001684                SystemClock_Config
                0x0000000008001748                set_reflow_process_period
 .text          0x000000000800177c       0x20 build/objs/stm32f4xx_it.o
                0x000000000800177c                SysTick_Handler
                0x000000000800178c                OTG_FS_IRQHandler
 .text          0x000000000800179c       0x38 build/objs/usb_device.o
                0x000000000800179c                MX_USB_DEVICE_Init
 .text          0x00000000080017d4      0x160 build/objs/usbd_desc.o
                0x00000000080017d4                USBD_FS_DeviceDescriptor
                0x00000000080017f8                USBD_FS_LangIDStrDescriptor
                0x000000000800181c                USBD_FS_ProductStrDescriptor
                0x0000000008001858                USBD_FS_ManufacturerStrDescriptor
                0x0000000008001880                USBD_FS_SerialStrDescriptor
                0x00000000080018bc                USBD_FS_ConfigStrDescriptor
                0x00000000080018f8                USBD_FS_InterfaceStrDescriptor
 .text          0x0000000008001934      0xe94 build/objs/pcd8544.o
                0x0000000008001934                PCD8544_InitIO
                0x0000000008001b4c                PCD8544_send
                0x0000000008001b8c                PCD8544_Pin
                0x0000000008001bf8                PCD8544_Delay
                0x0000000008001c20                PCD8544_Init
                0x0000000008001c98                PCD8544_Write
                0x0000000008001cd8                PCD8544_SetContrast
                0x0000000008001d14                PCD8544_DrawPixel
                0x0000000008001dd0                PCD8544_Invert
                0x0000000008001df8                PCD8544_Clear
                0x0000000008001e44                PCD8544_Home
                0x0000000008001e5c                PCD8544_Refresh
                0x0000000008001f18                PCD8544_UpdateArea
                0x0000000008001f90                PCD8544_GotoXY
                0x0000000008001fc0                PCD8544_Putc
                0x0000000008002114                PCD8544_Puts
                0x000000000800214c                PCD8544_DrawLine
                0x0000000008002308                PCD8544_DrawRectangle
                0x0000000008002374                PCD8544_DrawFilledRectangle
                0x00000000080023bc                PCD8544_DrawCircle
                0x00000000080025b0                PCD8544_DrawFilledCircle
                0x0000000008002794                PCD8544_SetBacklight
 .text          0x00000000080027c8      0x6c4 build/objs/reflow_process.o
                0x00000000080027c8                add_reflow_point
                0x000000000800285c                get_reflow_point
                0x00000000080028d4                clear_reflow_list
                0x00000000080028fc                start_reflow_process
                0x000000000800295c                stop_reflow_process
                0x0000000008002980                private_stop_reflow_process
                0x00000000080029cc                set_PID_parameters
                0x0000000008002a8c                reflow_process
 .text          0x0000000008002e8c      0x194 build/objs/command_processor.o
                0x0000000008002e8c                cmd_proc_receive_data
 .text          0x0000000008003020        0x0 build/objs/stm32f4xx_hal_dsi.o
 .text          0x0000000008003020     0x1290 build/objs/stm32f4xx_hal_pcd.o
                0x0000000008003020                HAL_PCD_Init
                0x0000000008003230                HAL_PCD_DeInit
                0x0000000008003290                HAL_PCD_Start
                0x00000000080032d4                HAL_PCD_Stop
                0x0000000008003324                HAL_PCD_IRQHandler
                0x0000000008003bb0                HAL_PCD_DevConnect
                0x0000000008003bec                HAL_PCD_DevDisconnect
                0x0000000008003c28                HAL_PCD_SetAddress
                0x0000000008003c6c                HAL_PCD_EP_Open
                0x0000000008003d3c                HAL_PCD_EP_Close
                0x0000000008003dd0                HAL_PCD_EP_Receive
                0x0000000008003e88                HAL_PCD_EP_GetRxCount
                0x0000000008003ebc                HAL_PCD_EP_Transmit
                0x0000000008003f70                HAL_PCD_EP_SetStall
                0x0000000008004028                HAL_PCD_EP_ClrStall
                0x00000000080040bc                HAL_PCD_EP_Flush
                0x0000000008004118                HAL_PCD_ActivateRemoteWakeup
                0x000000000800415c                HAL_PCD_DeActivateRemoteWakeup
                0x0000000008004190                HAL_PCD_GetState
 .text          0x00000000080042b0        0x0 build/objs/stm32f4xx_hal_irda.o
 .text          0x00000000080042b0        0x0 build/objs/stm32f4xx_ll_fsmc.o
 .text          0x00000000080042b0        0x0 build/objs/stm32f4xx_hal_cec.o
 .text          0x00000000080042b0      0x12c build/objs/stm32f4xx_hal_timebase_tim_template.o
                0x00000000080042b0                HAL_InitTick
                0x0000000008004378                HAL_SuspendTick
                0x0000000008004398                HAL_ResumeTick
                0x00000000080043b8                HAL_TIM_PeriodElapsedCallback
                0x00000000080043cc                TIM6_DAC_IRQHandler
 .text          0x00000000080043dc     0x2180 build/objs/stm32f4xx_ll_usb.o
                0x00000000080043dc                USB_CoreInit
                0x0000000008004480                USB_EnableGlobalInt
                0x00000000080044a4                USB_DisableGlobalInt
                0x00000000080044c8                USB_SetCurrentMode
                0x0000000008004518                USB_DevInit
                0x0000000008004770                USB_FlushTxFifo
                0x00000000080047bc                USB_FlushRxFifo
                0x0000000008004800                USB_SetDevSpeed
                0x0000000008004830                USB_GetDevSpeed
                0x000000000800489c                USB_ActivateEndpoint
                0x00000000080049b0                USB_ActivateDedicatedEndpoint
                0x0000000008004b38                USB_DeactivateEndpoint
                0x0000000008004c30                USB_DeactivateDedicatedEndpoint
                0x0000000008004ce4                USB_EPStartXfer
                0x0000000008005168                USB_EP0StartXfer
                0x0000000008005424                USB_WritePacket
                0x0000000008005490                USB_ReadPacket
                0x00000000080054e0                USB_EPSetStall
                0x00000000080055c4                USB_EPClearStall
                0x00000000080056a0                USB_StopDevice
                0x0000000008005728                USB_SetDevAddress
                0x0000000008005774                USB_DevConnect
                0x00000000080057a4                USB_DevDisconnect
                0x00000000080057d4                USB_ReadInterrupts
                0x0000000008005800                USB_ReadDevAllOutEpInterrupt
                0x0000000008005830                USB_ReadDevAllInEpInterrupt
                0x0000000008005860                USB_ReadDevOutEPInterrupt
                0x0000000008005898                USB_ReadDevInEPInterrupt
                0x00000000080058ec                USB_ClearInterrupts
                0x000000000800590c                USB_GetMode
                0x0000000008005928                USB_ActivateSetup
                0x0000000008005994                USB_EP0_OutStart
                0x0000000008005a88                USB_HostInit
                0x0000000008005be0                USB_InitFSLSPClkSel
                0x0000000008005c54                USB_ResetPort
                0x0000000008005ca0                USB_DriveVbus
                0x0000000008005d0c                USB_GetHostSpeed
                0x0000000008005d34                USB_GetCurrentFrame
                0x0000000008005d54                USB_HC_Init
                0x0000000008005f4c                USB_HC_StartXfer
                0x00000000080061c4                USB_HC_ReadInterrupt
                0x00000000080061e4                USB_HC_Halt
                0x00000000080063e4                USB_DoPing
                0x000000000800645c                USB_StopHost
 .text          0x000000000800655c      0x2dc build/objs/stm32f4xx_hal.o
                0x000000000800655c                HAL_Init
                0x00000000080065a0                HAL_DeInit
                0x0000000008006604                HAL_MspDeInit
                0x0000000008006648                HAL_IncTick
                0x0000000008006664                HAL_GetTick
                0x000000000800667c                HAL_Delay
                0x00000000080066e0                HAL_GetHalVersion
                0x00000000080066f4                HAL_GetREVID
                0x000000000800670c                HAL_GetDEVID
                0x0000000008006728                HAL_DBGMCU_EnableDBGSleepMode
                0x0000000008006744                HAL_DBGMCU_DisableDBGSleepMode
                0x0000000008006760                HAL_DBGMCU_EnableDBGStopMode
                0x000000000800677c                HAL_DBGMCU_DisableDBGStopMode
                0x0000000008006798                HAL_DBGMCU_EnableDBGStandbyMode
                0x00000000080067b4                HAL_DBGMCU_DisableDBGStandbyMode
                0x00000000080067d0                HAL_EnableCompensationCell
                0x0000000008006804                HAL_DisableCompensationCell
 .text          0x0000000008006838        0x0 build/objs/stm32f4xx_hal_dcmi_ex.o
 .text          0x0000000008006838      0x60c build/objs/stm32f4xx_hal_flash_ex.o
                0x0000000008006838                HAL_FLASHEx_Erase
                0x0000000008006918                HAL_FLASHEx_Erase_IT
                0x00000000080069c4                HAL_FLASHEx_OBProgram
                0x0000000008006aa4                HAL_FLASHEx_OBGetConfig
                0x0000000008006b2c                FLASH_Erase_Sector
                0x0000000008006dbc                FLASH_FlushCaches
 .text          0x0000000008006e44        0x0 build/objs/stm32f4xx_hal_cryp.o
 .text          0x0000000008006e44        0x0 build/objs/stm32f4xx_hal_rng.o
 .text          0x0000000008006e44        0x0 build/objs/stm32f4xx_hal_nand.o
 .text          0x0000000008006e44      0x658 build/objs/stm32f4xx_hal_gpio.o
                0x0000000008006e44                HAL_GPIO_Init
                0x0000000008007180                HAL_GPIO_DeInit
                0x0000000008007384                HAL_GPIO_ReadPin
                0x00000000080073b4                HAL_GPIO_WritePin
                0x00000000080073e4                HAL_GPIO_TogglePin
                0x0000000008007408                HAL_GPIO_LockPin
                0x0000000008007458                HAL_GPIO_EXTI_IRQHandler
                0x0000000008007488                HAL_GPIO_EXTI_Callback
 .text          0x000000000800749c        0x0 build/objs/stm32f4xx_hal_ltdc.o
 .text          0x000000000800749c        0x0 build/objs/stm32f4xx_hal_hcd.o
 .text          0x000000000800749c       0xbc build/objs/stm32f4xx_hal_pcd_ex.o
                0x000000000800749c                HAL_PCDEx_SetTxFiFo
                0x0000000008007534                HAL_PCDEx_SetRxFiFo
 .text          0x0000000008007558        0x0 build/objs/stm32f4xx_hal_adc.o
 .text          0x0000000008007558        0x0 build/objs/stm32f4xx_hal_adc_ex.o
 .text          0x0000000008007558        0x0 build/objs/stm32f4xx_hal_lptim.o
 .text          0x0000000008007558     0x1f30 build/objs/stm32f4xx_hal_spi.o
                0x0000000008007558                HAL_SPI_Init
                0x000000000800762c                HAL_SPI_DeInit
                0x000000000800767c                HAL_SPI_MspInit
                0x0000000008007690                HAL_SPI_MspDeInit
                0x00000000080076a4                HAL_SPI_Transmit
                0x00000000080078dc                HAL_SPI_Receive
                0x0000000008007bec                HAL_SPI_TransmitReceive
                0x0000000008007f1c                HAL_SPI_Transmit_IT
                0x0000000008008064                HAL_SPI_Receive_IT
                0x00000000080081b8                HAL_SPI_TransmitReceive_IT
                0x0000000008008308                HAL_SPI_Transmit_DMA
                0x000000000800845c                HAL_SPI_Receive_DMA
                0x00000000080085d4                HAL_SPI_TransmitReceive_DMA
                0x00000000080087a8                HAL_SPI_DMAPause
                0x00000000080087ec                HAL_SPI_DMAResume
                0x0000000008008830                HAL_SPI_DMAStop
                0x0000000008008880                HAL_SPI_IRQHandler
                0x00000000080089ac                HAL_SPI_TxCpltCallback
                0x00000000080089c0                HAL_SPI_RxCpltCallback
                0x00000000080089d4                HAL_SPI_TxRxCpltCallback
                0x00000000080089e8                HAL_SPI_TxHalfCpltCallback
                0x00000000080089fc                HAL_SPI_RxHalfCpltCallback
                0x0000000008008a10                HAL_SPI_TxRxHalfCpltCallback
                0x0000000008008a24                HAL_SPI_ErrorCallback
                0x0000000008008a38                HAL_SPI_GetState
                0x0000000008008a54                HAL_SPI_GetError
 .text          0x0000000008009488     0x4618 build/objs/stm32f4xx_hal_i2c.o
                0x0000000008009488                HAL_I2C_Init
                0x0000000008009648                HAL_I2C_DeInit
                0x00000000080096a8                HAL_I2C_MspInit
                0x00000000080096bc                HAL_I2C_MspDeInit
                0x00000000080096d0                HAL_I2C_Master_Transmit
                0x0000000008009874                HAL_I2C_Master_Receive
                0x0000000008009bb4                HAL_I2C_Slave_Transmit
                0x0000000008009d84                HAL_I2C_Slave_Receive
                0x0000000008009f4c                HAL_I2C_Master_Transmit_IT
                0x000000000800a094                HAL_I2C_Master_Receive_IT
                0x000000000800a27c                HAL_I2C_Master_Sequential_Transmit_IT
                0x000000000800a3dc                HAL_I2C_Master_Sequential_Receive_IT
                0x000000000800a648                HAL_I2C_Slave_Transmit_IT
                0x000000000800a71c                HAL_I2C_Slave_Receive_IT
                0x000000000800a7f0                HAL_I2C_Slave_Sequential_Transmit_IT
                0x000000000800a8b0                HAL_I2C_Slave_Sequential_Receive_IT
                0x000000000800a970                HAL_I2C_EnableListen_IT
                0x000000000800a9c0                HAL_I2C_DisableListen_IT
                0x000000000800aa38                HAL_I2C_Master_Transmit_DMA
                0x000000000800abf4                HAL_I2C_Master_Receive_DMA
                0x000000000800adbc                HAL_I2C_Master_Abort_IT
                0x000000000800ae64                HAL_I2C_Slave_Transmit_DMA
                0x000000000800aff0                HAL_I2C_Slave_Receive_DMA
                0x000000000800b128                HAL_I2C_Mem_Write
                0x000000000800b2c0                HAL_I2C_Mem_Read
                0x000000000800b5fc                HAL_I2C_Mem_Write_IT
                0x000000000800b738                HAL_I2C_Mem_Read_IT
                0x000000000800b92c                HAL_I2C_Mem_Write_DMA
                0x000000000800bacc                HAL_I2C_Mem_Read_DMA
                0x000000000800bca4                HAL_I2C_IsDeviceReady
                0x000000000800bed0                HAL_I2C_EV_IRQHandler
                0x000000000800c1b4                HAL_I2C_ER_IRQHandler
                0x000000000800c3fc                HAL_I2C_MasterTxCpltCallback
                0x000000000800c410                HAL_I2C_MasterRxCpltCallback
                0x000000000800c424                HAL_I2C_SlaveTxCpltCallback
                0x000000000800c438                HAL_I2C_SlaveRxCpltCallback
                0x000000000800c44c                HAL_I2C_AddrCallback
                0x000000000800c468                HAL_I2C_ListenCpltCallback
                0x000000000800c47c                HAL_I2C_MemTxCpltCallback
                0x000000000800c490                HAL_I2C_MemRxCpltCallback
                0x000000000800c4a4                HAL_I2C_ErrorCallback
                0x000000000800c4b8                HAL_I2C_GetState
                0x000000000800c4d4                HAL_I2C_GetMode
                0x000000000800c4f0                HAL_I2C_GetError
 .text          0x000000000800daa0        0x0 build/objs/stm32f4xx_hal_fmpi2c.o
 .text          0x000000000800daa0        0x0 build/objs/stm32f4xx_hal_smartcard.o
 .text          0x000000000800daa0        0x0 build/objs/stm32f4xx_hal_pccard.o
 .text          0x000000000800daa0        0x0 build/objs/stm32f4xx_hal_dma2d.o
 .text          0x000000000800daa0        0x0 build/objs/stm32f4xx_hal_sai.o
 .text          0x000000000800daa0        0x0 build/objs/stm32f4xx_hal_cryp_ex.o
 .text          0x000000000800daa0      0x2cc build/objs/stm32f4xx_hal_rcc_ex.o
                0x000000000800daa0                HAL_RCC_DeInit
                0x000000000800db18                HAL_RCCEx_PeriphCLKConfig
                0x000000000800dce8                HAL_RCCEx_GetPeriphCLKConfig
 .text          0x000000000800dd6c        0x0 build/objs/stm32f4xx_ll_fmc.o
 .text          0x000000000800dd6c        0x0 build/objs/stm32f4xx_hal_ltdc_ex.o
 .text          0x000000000800dd6c        0x0 build/objs/stm32f4xx_hal_flash_ramfunc.o
 .text          0x000000000800dd6c      0x5b0 build/objs/stm32f4xx_hal_cortex.o
                0x000000000800e0e8                HAL_NVIC_SetPriorityGrouping
                0x000000000800e0fc                HAL_NVIC_SetPriority
                0x000000000800e134                HAL_NVIC_EnableIRQ
                0x000000000800e150                HAL_NVIC_DisableIRQ
                0x000000000800e16c                HAL_NVIC_SystemReset
                0x000000000800e178                HAL_SYSTICK_Config
                0x000000000800e190                HAL_MPU_ConfigRegion
                0x000000000800e214                HAL_NVIC_GetPriorityGrouping
                0x000000000800e224                HAL_NVIC_GetPriority
                0x000000000800e254                HAL_NVIC_SetPendingIRQ
                0x000000000800e270                HAL_NVIC_GetPendingIRQ
                0x000000000800e290                HAL_NVIC_ClearPendingIRQ
                0x000000000800e2ac                HAL_NVIC_GetActive
                0x000000000800e2cc                HAL_SYSTICK_CLKSourceConfig
                0x000000000800e304                HAL_SYSTICK_IRQHandler
                0x000000000800e310                HAL_SYSTICK_Callback
 .text          0x000000000800e31c        0x0 build/objs/stm32f4xx_hal_iwdg.o
 .text          0x000000000800e31c        0x0 build/objs/stm32f4xx_hal_uart.o
 .text          0x000000000800e31c     0x14dc build/objs/stm32f4xx_hal_tim_ex.o
                0x000000000800e31c                HAL_TIMEx_HallSensor_Init
                0x000000000800e438                HAL_TIMEx_HallSensor_DeInit
                0x000000000800e498                HAL_TIMEx_HallSensor_MspInit
                0x000000000800e4ac                HAL_TIMEx_HallSensor_MspDeInit
                0x000000000800e4c0                HAL_TIMEx_HallSensor_Start
                0x000000000800e4f0                HAL_TIMEx_HallSensor_Stop
                0x000000000800e540                HAL_TIMEx_HallSensor_Start_IT
                0x000000000800e580                HAL_TIMEx_HallSensor_Stop_IT
                0x000000000800e5e0                HAL_TIMEx_HallSensor_Start_DMA
                0x000000000800e68c                HAL_TIMEx_HallSensor_Stop_DMA
                0x000000000800e6ec                HAL_TIMEx_OCN_Start
                0x000000000800e730                HAL_TIMEx_OCN_Stop
                0x000000000800e7b4                HAL_TIMEx_OCN_Start_IT
                0x000000000800e894                HAL_TIMEx_OCN_Stop_IT
                0x000000000800e9c4                HAL_TIMEx_OCN_Start_DMA
                0x000000000800eb7c                HAL_TIMEx_OCN_Stop_DMA
                0x000000000800ec94                HAL_TIMEx_PWMN_Start
                0x000000000800ecd8                HAL_TIMEx_PWMN_Stop
                0x000000000800ed5c                HAL_TIMEx_PWMN_Start_IT
                0x000000000800ee3c                HAL_TIMEx_PWMN_Stop_IT
                0x000000000800ef6c                HAL_TIMEx_PWMN_Start_DMA
                0x000000000800f124                HAL_TIMEx_PWMN_Stop_DMA
                0x000000000800f23c                HAL_TIMEx_OnePulseN_Start
                0x000000000800f270                HAL_TIMEx_OnePulseN_Stop
                0x000000000800f2f4                HAL_TIMEx_OnePulseN_Start_IT
                0x000000000800f348                HAL_TIMEx_OnePulseN_Stop_IT
                0x000000000800f3ec                HAL_TIMEx_ConfigCommutationEvent
                0x000000000800f48c                HAL_TIMEx_ConfigCommutationEvent_IT
                0x000000000800f53c                HAL_TIMEx_ConfigCommutationEvent_DMA
                0x000000000800f604                HAL_TIMEx_MasterConfigSynchronization
                0x000000000800f690                HAL_TIMEx_ConfigBreakDeadTime
                0x000000000800f704                HAL_TIMEx_RemapConfig
                0x000000000800f74c                HAL_TIMEx_CommutationCallback
                0x000000000800f760                HAL_TIMEx_BreakCallback
                0x000000000800f774                HAL_TIMEx_HallSensor_GetState
                0x000000000800f790                TIMEx_DMACommutationCplt
 .text          0x000000000800f7f8        0x0 build/objs/stm32f4xx_hal_i2c_ex.o
 .text          0x000000000800f7f8      0x8e4 build/objs/stm32f4xx_hal_dma.o
                0x000000000800f7f8                HAL_DMA_Init
                0x000000000800f8d0                HAL_DMA_DeInit
                0x000000000800f96c                HAL_DMA_Start
                0x000000000800f9d0                HAL_DMA_Start_IT
                0x000000000800fa54                HAL_DMA_Abort
                0x000000000800fad0                HAL_DMA_PollForTransfer
                0x000000000800fcec                HAL_DMA_IRQHandler
                0x000000000800ffe0                HAL_DMA_GetState
                0x000000000800fffc                HAL_DMA_GetError
 .text          0x00000000080100dc        0x0 build/objs/stm32f4xx_hal_dac.o
 .text          0x00000000080100dc        0x0 build/objs/stm32f4xx_hal_spdifrx.o
 .text          0x00000000080100dc        0x0 build/objs/stm32f4xx_hal_fmpi2c_ex.o
 .text          0x00000000080100dc        0x0 build/objs/stm32f4xx_ll_sdmmc.o
 .text          0x00000000080100dc        0x0 build/objs/stm32f4xx_hal_i2s_ex.o
 .text          0x00000000080100dc        0x0 build/objs/stm32f4xx_hal_can.o
 .text          0x00000000080100dc        0x0 build/objs/stm32f4xx_hal_nor.o
 .text          0x00000000080100dc      0x35c build/objs/stm32f4xx_hal_pwr.o
                0x00000000080100dc                HAL_PWR_DeInit
                0x0000000008010104                HAL_PWR_EnableBkUpAccess
                0x0000000008010138                HAL_PWR_DisableBkUpAccess
                0x000000000801016c                HAL_PWR_ConfigPVD
                0x0000000008010228                HAL_PWR_EnablePVD
                0x000000000801025c                HAL_PWR_DisablePVD
                0x0000000008010290                HAL_PWR_EnableWakeUpPin
                0x00000000080102b4                HAL_PWR_DisableWakeUpPin
                0x00000000080102d8                HAL_PWR_EnterSLEEPMode
                0x0000000008010310                HAL_PWR_EnterSTOPMode
                0x0000000008010368                HAL_PWR_EnterSTANDBYMode
                0x0000000008010398                HAL_PWR_PVD_IRQHandler
                0x00000000080103bc                HAL_PWR_PVDCallback
                0x00000000080103c8                HAL_PWR_EnableSleepOnExit
                0x00000000080103e4                HAL_PWR_DisableSleepOnExit
                0x0000000008010400                HAL_PWR_EnableSEVOnPend
                0x000000000801041c                HAL_PWR_DisableSEVOnPend
 .text          0x0000000008010438        0x0 build/objs/stm32f4xx_hal_rtc.o
 .text          0x0000000008010438        0x0 build/objs/stm32f4xx_hal_qspi.o
 .text          0x0000000008010438        0x0 build/objs/stm32f4xx_hal_hash_ex.o
 .text          0x0000000008010438        0x0 build/objs/stm32f4xx_hal_i2s.o
 .text          0x0000000008010438        0x0 build/objs/stm32f4xx_hal_sram.o
 .text          0x0000000008010438        0x0 build/objs/stm32f4xx_hal_hash.o
 .text          0x0000000008010438        0x0 build/objs/stm32f4xx_hal_eth.o
 .text          0x0000000008010438     0x3f3c build/objs/stm32f4xx_hal_tim.o
                0x0000000008010438                HAL_TIM_Base_Init
                0x0000000008010490                HAL_TIM_Base_DeInit
                0x00000000080104f0                HAL_TIM_Base_MspInit
                0x0000000008010504                HAL_TIM_Base_MspDeInit
                0x0000000008010518                HAL_TIM_Base_Start
                0x0000000008010550                HAL_TIM_Base_Stop
                0x00000000080105a8                HAL_TIM_Base_Start_IT
                0x00000000080105e0                HAL_TIM_Base_Stop_IT
                0x0000000008010638                HAL_TIM_Base_Start_DMA
                0x00000000080106d8                HAL_TIM_Base_Stop_DMA
                0x0000000008010738                HAL_TIM_OC_Init
                0x0000000008010790                HAL_TIM_OC_DeInit
                0x00000000080107f0                HAL_TIM_OC_MspInit
                0x0000000008010804                HAL_TIM_OC_MspDeInit
                0x0000000008010818                HAL_TIM_OC_Start
                0x0000000008010880                HAL_TIM_OC_Stop
                0x0000000008010928                HAL_TIM_OC_Start_IT
                0x0000000008010a1c                HAL_TIM_OC_Stop_IT
                0x0000000008010b50                HAL_TIM_OC_Start_DMA
                0x0000000008010d2c                HAL_TIM_OC_Stop_DMA
                0x0000000008010e68                HAL_TIM_PWM_Init
                0x0000000008010ec0                HAL_TIM_PWM_DeInit
                0x0000000008010f20                HAL_TIM_PWM_MspInit
                0x0000000008010f34                HAL_TIM_PWM_MspDeInit
                0x0000000008010f48                HAL_TIM_PWM_Start
                0x0000000008010fb0                HAL_TIM_PWM_Stop
                0x0000000008011060                HAL_TIM_PWM_Start_IT
                0x0000000008011154                HAL_TIM_PWM_Stop_IT
                0x0000000008011288                HAL_TIM_PWM_Start_DMA
                0x0000000008011464                HAL_TIM_PWM_Stop_DMA
                0x00000000080115a0                HAL_TIM_IC_Init
                0x00000000080115f8                HAL_TIM_IC_DeInit
                0x0000000008011658                HAL_TIM_IC_MspInit
                0x000000000801166c                HAL_TIM_IC_MspDeInit
                0x0000000008011680                HAL_TIM_IC_Start
                0x00000000080116b4                HAL_TIM_IC_Stop
                0x0000000008011708                HAL_TIM_IC_Start_IT
                0x00000000080117c8                HAL_TIM_IC_Stop_IT
                0x00000000080118a8                HAL_TIM_IC_Start_DMA
                0x0000000008011a48                HAL_TIM_IC_Stop_DMA
                0x0000000008011b30                HAL_TIM_OnePulse_Init
                0x0000000008011ba8                HAL_TIM_OnePulse_DeInit
                0x0000000008011c08                HAL_TIM_OnePulse_MspInit
                0x0000000008011c1c                HAL_TIM_OnePulse_MspDeInit
                0x0000000008011c30                HAL_TIM_OnePulse_Start
                0x0000000008011c98                HAL_TIM_OnePulse_Stop
                0x0000000008011d50                HAL_TIM_OnePulse_Start_IT
                0x0000000008011dd8                HAL_TIM_OnePulse_Stop_IT
                0x0000000008011eb0                HAL_TIM_Encoder_Init
                0x0000000008011fdc                HAL_TIM_Encoder_DeInit
                0x000000000801203c                HAL_TIM_Encoder_MspInit
                0x0000000008012050                HAL_TIM_Encoder_MspDeInit
                0x0000000008012064                HAL_TIM_Encoder_Start
                0x00000000080120d4                HAL_TIM_Encoder_Stop
                0x0000000008012164                HAL_TIM_Encoder_Start_IT
                0x0000000008012214                HAL_TIM_Encoder_Stop_IT
                0x00000000080122e8                HAL_TIM_Encoder_Start_DMA
                0x00000000080124a0                HAL_TIM_Encoder_Stop_DMA
                0x0000000008012574                HAL_TIM_IRQHandler
                0x0000000008012784                HAL_TIM_OC_ConfigChannel
                0x0000000008012844                HAL_TIM_IC_ConfigChannel
                0x000000000801297c                HAL_TIM_PWM_ConfigChannel
                0x0000000008012b08                HAL_TIM_OnePulse_ConfigChannel
                0x0000000008012c88                HAL_TIM_DMABurst_WriteStart
                0x0000000008012e94                HAL_TIM_DMABurst_WriteStop
                0x0000000008012f44                HAL_TIM_DMABurst_ReadStart
                0x0000000008013144                HAL_TIM_DMABurst_ReadStop
                0x00000000080131f4                HAL_TIM_GenerateEvent
                0x0000000008013244                HAL_TIM_ConfigOCrefClear
                0x0000000008013398                HAL_TIM_ConfigClockSource
                0x000000000801355c                HAL_TIM_ConfigTI1Input
                0x0000000008013598                HAL_TIM_SlaveConfigSynchronization
                0x0000000008013604                HAL_TIM_SlaveConfigSynchronization_IT
                0x0000000008013670                HAL_TIM_ReadCapturedValue
                0x0000000008013728                HAL_TIM_OC_DelayElapsedCallback
                0x000000000801373c                HAL_TIM_IC_CaptureCallback
                0x0000000008013750                HAL_TIM_PWM_PulseFinishedCallback
                0x0000000008013764                HAL_TIM_TriggerCallback
                0x0000000008013778                HAL_TIM_ErrorCallback
                0x000000000801378c                HAL_TIM_Base_GetState
                0x00000000080137a8                HAL_TIM_OC_GetState
                0x00000000080137c4                HAL_TIM_PWM_GetState
                0x00000000080137e0                HAL_TIM_IC_GetState
                0x00000000080137fc                HAL_TIM_OnePulse_GetState
                0x0000000008013818                HAL_TIM_Encoder_GetState
                0x0000000008013834                TIM_Base_SetConfig
                0x0000000008013984                TIM_TI1_SetConfig
                0x0000000008013a78                TIM_OC2_SetConfig
                0x0000000008013b68                TIM_DMADelayPulseCplt
                0x0000000008013bd8                TIM_DMAError
                0x0000000008013bfc                TIM_DMACaptureCplt
                0x0000000008013c6c                TIM_CCxChannelCmd
 .text          0x0000000008014374      0x210 build/objs/stm32f4xx_hal_dma_ex.o
                0x0000000008014374                HAL_DMAEx_MultiBufferStart
                0x0000000008014414                HAL_DMAEx_MultiBufferStart_IT
                0x0000000008014504                HAL_DMAEx_ChangeMemory
 .text          0x0000000008014584        0x0 build/objs/stm32f4xx_hal_sd.o
 .text          0x0000000008014584        0x0 build/objs/stm32f4xx_hal_sai_ex.o
 .text          0x0000000008014584      0xae8 build/objs/stm32f4xx_hal_rcc.o
                0x0000000008014590                HAL_RCC_OscConfig
                0x00000000080149b4                HAL_RCC_ClockConfig
                0x0000000008014b9c                HAL_RCC_MCOConfig
                0x0000000008014c68                HAL_RCC_EnableCSS
                0x0000000008014c80                HAL_RCC_DisableCSS
                0x0000000008014c98                HAL_RCC_GetSysClockFreq
                0x0000000008014d94                HAL_RCC_GetHCLKFreq
                0x0000000008014de4                HAL_RCC_GetPCLK1Freq
                0x0000000008014e28                HAL_RCC_GetPCLK2Freq
                0x0000000008014e6c                HAL_RCC_GetOscConfig
                0x0000000008014fdc                HAL_RCC_GetClockConfig
                0x000000000801503c                HAL_RCC_NMI_IRQHandler
                0x0000000008015060                HAL_RCC_CSSCallback
 .text          0x000000000801506c        0x0 build/objs/stm32f4xx_hal_wwdg.o
 .text          0x000000000801506c        0x0 build/objs/stm32f4xx_hal_dac_ex.o
 .text          0x000000000801506c        0x0 build/objs/stm32f4xx_hal_rtc_ex.o
 .text          0x000000000801506c      0x1d8 build/objs/stm32f4xx_hal_pwr_ex.o
                0x000000000801506c                HAL_PWREx_EnableBkUpReg
                0x00000000080150d4                HAL_PWREx_DisableBkUpReg
                0x000000000801513c                HAL_PWREx_EnableFlashPowerDown
                0x0000000008015170                HAL_PWREx_DisableFlashPowerDown
                0x00000000080151a4                HAL_PWREx_GetVoltageRange
                0x00000000080151c0                HAL_PWREx_ControlVoltageScaling
 .text          0x0000000008015244        0x0 build/objs/stm32f4xx_hal_dcmi.o
 .text          0x0000000008015244        0x0 build/objs/stm32f4xx_hal_sdram.o
 .text          0x0000000008015244      0x5f8 build/objs/stm32f4xx_hal_flash.o
                0x0000000008015244                HAL_FLASH_Program
                0x00000000080152ec                HAL_FLASH_Program_IT
                0x0000000008015388                HAL_FLASH_IRQHandler
                0x00000000080154c8                HAL_FLASH_EndOfOperationCallback
                0x00000000080154dc                HAL_FLASH_OperationErrorCallback
                0x00000000080154f0                HAL_FLASH_Unlock
                0x0000000008015524                HAL_FLASH_Lock
                0x0000000008015544                HAL_FLASH_OB_Unlock
                0x000000000801557c                HAL_FLASH_OB_Lock
                0x000000000801559c                HAL_FLASH_OB_Launch
                0x00000000080155c4                HAL_FLASH_GetError
                0x00000000080155dc                FLASH_WaitForLastOperation
 .text          0x000000000801583c        0x0 build/objs/stm32f4xx_hal_crc.o
 .text          0x000000000801583c        0x0 build/objs/stm32f4xx_hal_usart.o
 .text          0x000000000801583c      0x7cc build/objs/stm32f4_discovery.o
                0x000000000801583c                BSP_GetVersion
                0x0000000008015850                BSP_LED_Init
                0x0000000008015940                BSP_LED_On
                0x0000000008015974                BSP_LED_Off
                0x00000000080159a8                BSP_LED_Toggle
                0x00000000080159d8                BSP_PB_Init
                0x0000000008015a8c                BSP_PB_GetState
                0x0000000008015db0                ACCELERO_IO_Init
                0x0000000008015e08                ACCELERO_IO_ITConfig
                0x0000000008015e68                ACCELERO_IO_Write
                0x0000000008015ecc                ACCELERO_IO_Read
                0x0000000008015f3c                AUDIO_IO_Init
                0x0000000008015fac                AUDIO_IO_DeInit
                0x0000000008015fb8                AUDIO_IO_Write
                0x0000000008015fe0                AUDIO_IO_Read
 .text          0x0000000008016008      0x164 build/objs/system_stm32f4xx.o
                0x0000000008016008                SystemInit
                0x0000000008016074                SystemCoreClockUpdate
 .text          0x000000000801616c      0x57c build/objs/usbd_core.o
                0x000000000801616c                USBD_Init
                0x00000000080161c4                USBD_DeInit
                0x0000000008016200                USBD_RegisterClass
                0x0000000008016234                USBD_Start
                0x000000000801624c                USBD_Stop
                0x0000000008016278                USBD_RunTestMode
                0x0000000008016290                USBD_SetClassConfig
                0x00000000080162d0                USBD_ClrClassConfig
                0x00000000080162f8                USBD_LL_SetupStage
                0x000000000801638c                USBD_LL_DataOutStage
                0x0000000008016444                USBD_LL_DataInStage
                0x0000000008016564                USBD_LL_Reset
                0x00000000080165c4                USBD_LL_SetSpeed
                0x00000000080165e4                USBD_LL_Suspend
                0x0000000008016610                USBD_LL_Resume
                0x0000000008016634                USBD_LL_SOF
                0x0000000008016668                USBD_LL_IsoINIncomplete
                0x0000000008016684                USBD_LL_IsoOUTIncomplete
                0x00000000080166a0                USBD_LL_DevConnected
                0x00000000080166b8                USBD_LL_DevDisconnected
 .text          0x00000000080166e8      0x8c8 build/objs/usbd_ctlreq.o
                0x00000000080166e8                USBD_StdDevReq
                0x0000000008016788                USBD_StdItfReq
                0x00000000080167f0                USBD_StdEPReq
                0x0000000008016e64                USBD_ParseSetupRequest
                0x0000000008016edc                USBD_CtlError
                0x0000000008016efc                USBD_GetString
 .text          0x0000000008016fb0      0x130 build/objs/usbd_ioreq.o
                0x0000000008016fb0                USBD_CtlSendData
                0x0000000008016fe8                USBD_CtlContinueSendData
                0x000000000801700c                USBD_CtlPrepareRx
                0x0000000008017048                USBD_CtlContinueRx
                0x000000000801706c                USBD_CtlSendStatus
                0x0000000008017094                USBD_CtlReceiveStatus
                0x00000000080170bc                USBD_GetRxCount
 .text          0x00000000080170e0      0x1a4 build/objs/usbd_cdc_if_template.o
 .text          0x0000000008017284      0x490 build/objs/usbd_cdc.o
                0x00000000080175bc                USBD_CDC_GetDeviceQualifierDescriptor
                0x00000000080175dc                USBD_CDC_RegisterInterface
                0x000000000801760c                USBD_CDC_SetTxBuffer
                0x0000000008017640                USBD_CDC_SetRxBuffer
                0x0000000008017668                USBD_CDC_TransmitPacket
                0x00000000080176bc                USBD_CDC_ReceivePacket
 .text          0x0000000008017714       0x14 build/objs/startup_stm32f407xx.o
 .text          0x0000000008017728      0x370 /usr/lib/gcc/arm-none-eabi/4.9.3/armv7e-m/fpu/libgcc.a(_arm_addsubdf3.o)
                0x0000000008017728                __aeabi_drsub
                0x0000000008017730                __aeabi_dsub
                0x0000000008017730                __subdf3
                0x0000000008017734                __adddf3
                0x0000000008017734                __aeabi_dadd
                0x00000000080179ac                __aeabi_ui2d
                0x00000000080179ac                __floatunsidf
                0x00000000080179cc                __floatsidf
                0x00000000080179cc                __aeabi_i2d
                0x00000000080179f0                __extendsfdf2
                0x00000000080179f0                __aeabi_f2d
                0x0000000008017a2c                __aeabi_ul2d
                0x0000000008017a2c                __floatundidf
                0x0000000008017a3c                __floatdidf
                0x0000000008017a3c                __aeabi_l2d
 .text          0x0000000008017a98      0x424 /usr/lib/gcc/arm-none-eabi/4.9.3/armv7e-m/fpu/libgcc.a(_arm_muldivdf3.o)
                0x0000000008017a98                __aeabi_dmul
                0x0000000008017a98                __muldf3
                0x0000000008017cec                __aeabi_ddiv
                0x0000000008017cec                __divdf3
 .text          0x0000000008017ebc       0xa0 /usr/lib/gcc/arm-none-eabi/4.9.3/armv7e-m/fpu/libgcc.a(_arm_truncdfsf2.o)
                0x0000000008017ebc                __aeabi_d2f
                0x0000000008017ebc                __truncdfsf2
 .text          0x0000000008017f5c        0x0 /usr/lib/gcc/arm-none-eabi/4.9.3/../../../arm-none-eabi/lib/armv7e-m/fpu/libg.a(lib_a-atof.o)
 .text          0x0000000008017f5c        0x0 /usr/lib/gcc/arm-none-eabi/4.9.3/../../../arm-none-eabi/lib/armv7e-m/fpu/libg.a(lib_a-atoi.o)
 .text          0x0000000008017f5c        0x0 /usr/lib/gcc/arm-none-eabi/4.9.3/../../../arm-none-eabi/lib/armv7e-m/fpu/libg.a(lib_a-errno.o)
 .text          0x0000000008017f5c        0x0 /usr/lib/gcc/arm-none-eabi/4.9.3/../../../arm-none-eabi/lib/armv7e-m/fpu/libg.a(lib_a-impure.o)
 .text          0x0000000008017f5c        0x0 /usr/lib/gcc/arm-none-eabi/4.9.3/../../../arm-none-eabi/lib/armv7e-m/fpu/libg.a(lib_a-malloc.o)
 .text          0x0000000008017f5c        0x0 /usr/lib/gcc/arm-none-eabi/4.9.3/../../../arm-none-eabi/lib/armv7e-m/fpu/libg.a(lib_a-mallocr.o)
 .text          0x0000000008017f5c        0x0 /usr/lib/gcc/arm-none-eabi/4.9.3/../../../arm-none-eabi/lib/armv7e-m/fpu/libg.a(lib_a-mlock.o)
 .text          0x0000000008017f5c        0x0 /usr/lib/gcc/arm-none-eabi/4.9.3/../../../arm-none-eabi/lib/armv7e-m/fpu/libg.a(lib_a-sbrkr.o)
 *fill*         0x0000000008017f5c        0x4 
 .text          0x0000000008017f60      0x2e0 /usr/lib/gcc/arm-none-eabi/4.9.3/../../../arm-none-eabi/lib/armv7e-m/fpu/libg.a(lib_a-strcmp.o)
                0x0000000008017f68                strcmp
 .text          0x0000000008018240        0x0 /usr/lib/gcc/arm-none-eabi/4.9.3/../../../arm-none-eabi/lib/armv7e-m/fpu/libg.a(lib_a-strtod.o)
 .text          0x0000000008018240        0x0 /usr/lib/gcc/arm-none-eabi/4.9.3/../../../arm-none-eabi/lib/armv7e-m/fpu/libg.a(lib_a-strtok.o)
 .text          0x0000000008018240        0x0 /usr/lib/gcc/arm-none-eabi/4.9.3/../../../arm-none-eabi/lib/armv7e-m/fpu/libg.a(lib_a-strtok_r.o)
 .text          0x0000000008018240        0x0 /usr/lib/gcc/arm-none-eabi/4.9.3/../../../arm-none-eabi/lib/armv7e-m/fpu/libg.a(lib_a-strtol.o)
 .text          0x0000000008018240        0x0 /usr/lib/gcc/arm-none-eabi/4.9.3/../../../arm-none-eabi/lib/armv7e-m/fpu/libg.a(lib_a-ctype_.o)
 .text          0x0000000008018240        0x0 /usr/lib/gcc/arm-none-eabi/4.9.3/../../../arm-none-eabi/lib/armv7e-m/fpu/libg.a(lib_a-freer.o)
 .text          0x0000000008018240        0x0 /usr/lib/gcc/arm-none-eabi/4.9.3/../../../arm-none-eabi/lib/armv7e-m/fpu/libg.a(lib_a-gdtoa-gethex.o)
 .text          0x0000000008018240        0x0 /usr/lib/gcc/arm-none-eabi/4.9.3/../../../arm-none-eabi/lib/armv7e-m/fpu/libg.a(lib_a-gdtoa-hexnan.o)
 .text          0x0000000008018240        0x0 /usr/lib/gcc/arm-none-eabi/4.9.3/../../../arm-none-eabi/lib/armv7e-m/fpu/libg.a(lib_a-locale.o)
 .text          0x0000000008018240      0x134 /usr/lib/gcc/arm-none-eabi/4.9.3/../../../arm-none-eabi/lib/armv7e-m/fpu/libg.a(lib_a-memcpy.o)
                0x0000000008018240                memcpy
 .text          0x0000000008018374        0x0 /usr/lib/gcc/arm-none-eabi/4.9.3/../../../arm-none-eabi/lib/armv7e-m/fpu/libg.a(lib_a-mprec.o)
 .text          0x0000000008018374        0x0 /usr/lib/gcc/arm-none-eabi/4.9.3/../../../arm-none-eabi/lib/armv7e-m/fpu/libg.a(lib_a-reent.o)
 .text          0x0000000008018374        0x0 /usr/lib/gcc/arm-none-eabi/4.9.3/../../../arm-none-eabi/lib/armv7e-m/fpu/libg.a(lib_a-s_fpclassify.o)
 .text          0x0000000008018374        0x0 /usr/lib/gcc/arm-none-eabi/4.9.3/../../../arm-none-eabi/lib/armv7e-m/fpu/libg.a(lib_a-sf_nan.o)
 .text          0x0000000008018374        0x0 /usr/lib/gcc/arm-none-eabi/4.9.3/../../../arm-none-eabi/lib/armv7e-m/fpu/libg.a(lib_a-strlen.o)
 .text          0x0000000008018374        0x0 /usr/lib/gcc/arm-none-eabi/4.9.3/../../../arm-none-eabi/lib/armv7e-m/fpu/libg.a(lib_a-strncmp.o)
 .text          0x0000000008018374        0x0 /usr/lib/gcc/arm-none-eabi/4.9.3/../../../arm-none-eabi/lib/armv7e-m/fpu/libg.a(lib_a-callocr.o)
 .text          0x0000000008018374        0x0 /usr/lib/gcc/arm-none-eabi/4.9.3/../../../arm-none-eabi/lib/armv7e-m/fpu/libg.a(lib_a-memset.o)
 .text          0x0000000008018374      0x110 /usr/lib/gcc/arm-none-eabi/4.9.3/armv7e-m/fpu/libgcc.a(_arm_cmpdf2.o)
                0x0000000008018374                __gtdf2
                0x0000000008018374                __gedf2
                0x000000000801837c                __ltdf2
                0x000000000801837c                __ledf2
                0x0000000008018384                __cmpdf2
                0x0000000008018384                __eqdf2
                0x0000000008018384                __nedf2
                0x0000000008018400                __aeabi_cdrcmple
                0x0000000008018410                __aeabi_cdcmple
                0x0000000008018410                __aeabi_cdcmpeq
                0x0000000008018420                __aeabi_dcmpeq
                0x0000000008018434                __aeabi_dcmplt
                0x0000000008018448                __aeabi_dcmple
                0x000000000801845c                __aeabi_dcmpge
                0x0000000008018470                __aeabi_dcmpgt
 .text          0x0000000008018484       0x50 /usr/lib/gcc/arm-none-eabi/4.9.3/armv7e-m/fpu/libgcc.a(_arm_fixdfsi.o)
                0x0000000008018484                __fixdfsi
                0x0000000008018484                __aeabi_d2iz
 .text          0x00000000080184d4       0x40 /usr/lib/gcc/arm-none-eabi/4.9.3/armv7e-m/fpu/libgcc.a(_arm_fixunsdfsi.o)
                0x00000000080184d4                __fixunsdfsi
                0x00000000080184d4                __aeabi_d2uiz
 *(.text*)
 .text.Reset_Handler
                0x0000000008018514       0x4c build/objs/startup_stm32f407xx.o
                0x0000000008018514                Reset_Handler
 .text.Default_Handler
                0x0000000008018560        0x2 build/objs/startup_stm32f407xx.o
                0x0000000008018560                RTC_Alarm_IRQHandler
                0x0000000008018560                HASH_RNG_IRQHandler
                0x0000000008018560                EXTI2_IRQHandler
                0x0000000008018560                TIM8_CC_IRQHandler
                0x0000000008018560                DebugMon_Handler
                0x0000000008018560                TIM1_CC_IRQHandler
                0x0000000008018560                DMA2_Stream5_IRQHandler
                0x0000000008018560                HardFault_Handler
                0x0000000008018560                DMA1_Stream5_IRQHandler
                0x0000000008018560                PVD_IRQHandler
                0x0000000008018560                SDIO_IRQHandler
                0x0000000008018560                TAMP_STAMP_IRQHandler
                0x0000000008018560                PendSV_Handler
                0x0000000008018560                NMI_Handler
                0x0000000008018560                CAN2_RX1_IRQHandler
                0x0000000008018560                EXTI3_IRQHandler
                0x0000000008018560                TIM8_TRG_COM_TIM14_IRQHandler
                0x0000000008018560                TIM1_UP_TIM10_IRQHandler
                0x0000000008018560                TIM8_UP_TIM13_IRQHandler
                0x0000000008018560                I2C3_ER_IRQHandler
                0x0000000008018560                EXTI0_IRQHandler
                0x0000000008018560                I2C2_EV_IRQHandler
                0x0000000008018560                DMA1_Stream2_IRQHandler
                0x0000000008018560                CAN1_RX0_IRQHandler
                0x0000000008018560                FPU_IRQHandler
                0x0000000008018560                OTG_HS_WKUP_IRQHandler
                0x0000000008018560                UsageFault_Handler
                0x0000000008018560                CAN2_SCE_IRQHandler
                0x0000000008018560                DMA2_Stream2_IRQHandler
                0x0000000008018560                SPI1_IRQHandler
                0x0000000008018560                TIM1_BRK_TIM9_IRQHandler
                0x0000000008018560                DCMI_IRQHandler
                0x0000000008018560                CAN2_RX0_IRQHandler
                0x0000000008018560                DMA2_Stream3_IRQHandler
                0x0000000008018560                USART6_IRQHandler
                0x0000000008018560                USART3_IRQHandler
                0x0000000008018560                CAN1_RX1_IRQHandler
                0x0000000008018560                UART5_IRQHandler
                0x0000000008018560                DMA2_Stream0_IRQHandler
                0x0000000008018560                TIM4_IRQHandler
                0x0000000008018560                I2C1_EV_IRQHandler
                0x0000000008018560                DMA1_Stream6_IRQHandler
                0x0000000008018560                DMA1_Stream1_IRQHandler
                0x0000000008018560                UART4_IRQHandler
                0x0000000008018560                TIM3_IRQHandler
                0x0000000008018560                RCC_IRQHandler
                0x0000000008018560                TIM8_BRK_TIM12_IRQHandler
                0x0000000008018560                Default_Handler
                0x0000000008018560                EXTI15_10_IRQHandler
                0x0000000008018560                ADC_IRQHandler
                0x0000000008018560                DMA1_Stream7_IRQHandler
                0x0000000008018560                TIM7_IRQHandler
                0x0000000008018560                CAN2_TX_IRQHandler
                0x0000000008018560                TIM5_IRQHandler
                0x0000000008018560                DMA2_Stream7_IRQHandler
                0x0000000008018560                I2C3_EV_IRQHandler
                0x0000000008018560                EXTI9_5_IRQHandler
                0x0000000008018560                RTC_WKUP_IRQHandler
                0x0000000008018560                ETH_WKUP_IRQHandler
                0x0000000008018560                SPI2_IRQHandler
                0x0000000008018560                OTG_HS_EP1_IN_IRQHandler
                0x0000000008018560                MemManage_Handler
                0x0000000008018560                DMA1_Stream0_IRQHandler
                0x0000000008018560                CAN1_TX_IRQHandler
                0x0000000008018560                SVC_Handler
                0x0000000008018560                EXTI4_IRQHandler
                0x0000000008018560                FSMC_IRQHandler
                0x0000000008018560                ETH_IRQHandler
                0x0000000008018560                OTG_HS_EP1_OUT_IRQHandler
                0x0000000008018560                WWDG_IRQHandler
                0x0000000008018560                TIM2_IRQHandler
                0x0000000008018560                OTG_FS_WKUP_IRQHandler
                0x0000000008018560                TIM1_TRG_COM_TIM11_IRQHandler
                0x0000000008018560                OTG_HS_IRQHandler
                0x0000000008018560                EXTI1_IRQHandler
                0x0000000008018560                USART2_IRQHandler
                0x0000000008018560                I2C2_ER_IRQHandler
                0x0000000008018560                DMA2_Stream1_IRQHandler
                0x0000000008018560                CAN1_SCE_IRQHandler
                0x0000000008018560                FLASH_IRQHandler
                0x0000000008018560                DMA2_Stream4_IRQHandler
                0x0000000008018560                BusFault_Handler
                0x0000000008018560                USART1_IRQHandler
                0x0000000008018560                SPI3_IRQHandler
                0x0000000008018560                DMA1_Stream4_IRQHandler
                0x0000000008018560                I2C1_ER_IRQHandler
                0x0000000008018560                DMA2_Stream6_IRQHandler
                0x0000000008018560                DMA1_Stream3_IRQHandler
 *fill*         0x0000000008018562        0x2 
 .text.atof     0x0000000008018564        0x8 /usr/lib/gcc/arm-none-eabi/4.9.3/../../../arm-none-eabi/lib/armv7e-m/fpu/libg.a(lib_a-atof.o)
                0x0000000008018564                atof
 .text.atoi     0x000000000801856c        0x8 /usr/lib/gcc/arm-none-eabi/4.9.3/../../../arm-none-eabi/lib/armv7e-m/fpu/libg.a(lib_a-atoi.o)
                0x000000000801856c                atoi
 .text._atoi_r  0x0000000008018574        0x8 /usr/lib/gcc/arm-none-eabi/4.9.3/../../../arm-none-eabi/lib/armv7e-m/fpu/libg.a(lib_a-atoi.o)
                0x0000000008018574                _atoi_r
 .text.__errno  0x000000000801857c        0xc /usr/lib/gcc/arm-none-eabi/4.9.3/../../../arm-none-eabi/lib/armv7e-m/fpu/libg.a(lib_a-errno.o)
                0x000000000801857c                __errno
 .text.malloc   0x0000000008018588       0x10 /usr/lib/gcc/arm-none-eabi/4.9.3/../../../arm-none-eabi/lib/armv7e-m/fpu/libg.a(lib_a-malloc.o)
                0x0000000008018588                malloc
 .text.free     0x0000000008018598       0x10 /usr/lib/gcc/arm-none-eabi/4.9.3/../../../arm-none-eabi/lib/armv7e-m/fpu/libg.a(lib_a-malloc.o)
                0x0000000008018598                free
 .text._malloc_r
                0x00000000080185a8      0x524 /usr/lib/gcc/arm-none-eabi/4.9.3/../../../arm-none-eabi/lib/armv7e-m/fpu/libg.a(lib_a-mallocr.o)
                0x00000000080185a8                _malloc_r
 .text.__malloc_lock
                0x0000000008018acc        0x4 /usr/lib/gcc/arm-none-eabi/4.9.3/../../../arm-none-eabi/lib/armv7e-m/fpu/libg.a(lib_a-mlock.o)
                0x0000000008018acc                __malloc_lock
 .text.__malloc_unlock
                0x0000000008018ad0        0x4 /usr/lib/gcc/arm-none-eabi/4.9.3/../../../arm-none-eabi/lib/armv7e-m/fpu/libg.a(lib_a-mlock.o)
                0x0000000008018ad0                __malloc_unlock
 .text._sbrk_r  0x0000000008018ad4       0x24 /usr/lib/gcc/arm-none-eabi/4.9.3/../../../arm-none-eabi/lib/armv7e-m/fpu/libg.a(lib_a-sbrkr.o)
                0x0000000008018ad4                _sbrk_r
 .text.sulp     0x0000000008018af8       0x40 /usr/lib/gcc/arm-none-eabi/4.9.3/../../../arm-none-eabi/lib/armv7e-m/fpu/libg.a(lib_a-strtod.o)
 .text._strtod_r
                0x0000000008018b38      0xf50 /usr/lib/gcc/arm-none-eabi/4.9.3/../../../arm-none-eabi/lib/armv7e-m/fpu/libg.a(lib_a-strtod.o)
                0x0000000008018b38                _strtod_r
 .text.strtod   0x0000000008019a88       0x10 /usr/lib/gcc/arm-none-eabi/4.9.3/../../../arm-none-eabi/lib/armv7e-m/fpu/libg.a(lib_a-strtod.o)
                0x0000000008019a88                strtod
 .text.strtof   0x0000000008019a98       0x44 /usr/lib/gcc/arm-none-eabi/4.9.3/../../../arm-none-eabi/lib/armv7e-m/fpu/libg.a(lib_a-strtod.o)
                0x0000000008019a98                strtof
 .text.strtok   0x0000000008019adc       0x10 /usr/lib/gcc/arm-none-eabi/4.9.3/../../../arm-none-eabi/lib/armv7e-m/fpu/libg.a(lib_a-strtok.o)
                0x0000000008019adc                strtok
 .text.__strtok_r
                0x0000000008019aec       0x64 /usr/lib/gcc/arm-none-eabi/4.9.3/../../../arm-none-eabi/lib/armv7e-m/fpu/libg.a(lib_a-strtok_r.o)
                0x0000000008019aec                __strtok_r
 .text.strtok_r
                0x0000000008019b50        0x8 /usr/lib/gcc/arm-none-eabi/4.9.3/../../../arm-none-eabi/lib/armv7e-m/fpu/libg.a(lib_a-strtok_r.o)
                0x0000000008019b50                strtok_r
 .text._strtol_r
                0x0000000008019b58      0x11c /usr/lib/gcc/arm-none-eabi/4.9.3/../../../arm-none-eabi/lib/armv7e-m/fpu/libg.a(lib_a-strtol.o)
                0x0000000008019b58                _strtol_r
 .text.strtol   0x0000000008019c74       0x18 /usr/lib/gcc/arm-none-eabi/4.9.3/../../../arm-none-eabi/lib/armv7e-m/fpu/libg.a(lib_a-strtol.o)
                0x0000000008019c74                strtol
 .text._malloc_trim_r
                0x0000000008019c8c       0x9c /usr/lib/gcc/arm-none-eabi/4.9.3/../../../arm-none-eabi/lib/armv7e-m/fpu/libg.a(lib_a-freer.o)
                0x0000000008019c8c                _malloc_trim_r
 .text._free_r  0x0000000008019d28      0x1b0 /usr/lib/gcc/arm-none-eabi/4.9.3/../../../arm-none-eabi/lib/armv7e-m/fpu/libg.a(lib_a-freer.o)
                0x0000000008019d28                _free_r
 .text.rshift   0x0000000008019ed8       0xa0 /usr/lib/gcc/arm-none-eabi/4.9.3/../../../arm-none-eabi/lib/armv7e-m/fpu/libg.a(lib_a-gdtoa-gethex.o)
 .text.__gethex
                0x0000000008019f78      0x514 /usr/lib/gcc/arm-none-eabi/4.9.3/../../../arm-none-eabi/lib/armv7e-m/fpu/libg.a(lib_a-gdtoa-gethex.o)
                0x0000000008019f78                __gethex
 .text.__hexnan
                0x000000000801a48c      0x184 /usr/lib/gcc/arm-none-eabi/4.9.3/../../../arm-none-eabi/lib/armv7e-m/fpu/libg.a(lib_a-gdtoa-hexnan.o)
                0x000000000801a48c                __hexnan
 .text._setlocale_r
                0x000000000801a610       0x44 /usr/lib/gcc/arm-none-eabi/4.9.3/../../../arm-none-eabi/lib/armv7e-m/fpu/libg.a(lib_a-locale.o)
                0x000000000801a610                _setlocale_r
 .text.__locale_charset
                0x000000000801a654        0x8 /usr/lib/gcc/arm-none-eabi/4.9.3/../../../arm-none-eabi/lib/armv7e-m/fpu/libg.a(lib_a-locale.o)
                0x000000000801a654                __locale_charset
 .text.__locale_mb_cur_max
                0x000000000801a65c        0xc /usr/lib/gcc/arm-none-eabi/4.9.3/../../../arm-none-eabi/lib/armv7e-m/fpu/libg.a(lib_a-locale.o)
                0x000000000801a65c                __locale_mb_cur_max
 .text.__locale_msgcharset
                0x000000000801a668        0x8 /usr/lib/gcc/arm-none-eabi/4.9.3/../../../arm-none-eabi/lib/armv7e-m/fpu/libg.a(lib_a-locale.o)
                0x000000000801a668                __locale_msgcharset
 .text.__locale_cjk_lang
                0x000000000801a670        0x4 /usr/lib/gcc/arm-none-eabi/4.9.3/../../../arm-none-eabi/lib/armv7e-m/fpu/libg.a(lib_a-locale.o)
                0x000000000801a670                __locale_cjk_lang
 .text._localeconv_r
                0x000000000801a674        0x8 /usr/lib/gcc/arm-none-eabi/4.9.3/../../../arm-none-eabi/lib/armv7e-m/fpu/libg.a(lib_a-locale.o)
                0x000000000801a674                _localeconv_r
 .text.setlocale
                0x000000000801a67c       0x10 /usr/lib/gcc/arm-none-eabi/4.9.3/../../../arm-none-eabi/lib/armv7e-m/fpu/libg.a(lib_a-locale.o)
                0x000000000801a67c                setlocale
 .text.localeconv
                0x000000000801a68c        0x8 /usr/lib/gcc/arm-none-eabi/4.9.3/../../../arm-none-eabi/lib/armv7e-m/fpu/libg.a(lib_a-locale.o)
                0x000000000801a68c                localeconv
 .text._Balloc  0x000000000801a694       0x4c /usr/lib/gcc/arm-none-eabi/4.9.3/../../../arm-none-eabi/lib/armv7e-m/fpu/libg.a(lib_a-mprec.o)
                0x000000000801a694                _Balloc
 .text._Bfree   0x000000000801a6e0       0x14 /usr/lib/gcc/arm-none-eabi/4.9.3/../../../arm-none-eabi/lib/armv7e-m/fpu/libg.a(lib_a-mprec.o)
                0x000000000801a6e0                _Bfree
 .text.__multadd
                0x000000000801a6f4       0x84 /usr/lib/gcc/arm-none-eabi/4.9.3/../../../arm-none-eabi/lib/armv7e-m/fpu/libg.a(lib_a-mprec.o)
                0x000000000801a6f4                __multadd
 .text.__s2b    0x000000000801a778       0x98 /usr/lib/gcc/arm-none-eabi/4.9.3/../../../arm-none-eabi/lib/armv7e-m/fpu/libg.a(lib_a-mprec.o)
                0x000000000801a778                __s2b
 .text.__hi0bits
                0x000000000801a810       0x40 /usr/lib/gcc/arm-none-eabi/4.9.3/../../../arm-none-eabi/lib/armv7e-m/fpu/libg.a(lib_a-mprec.o)
                0x000000000801a810                __hi0bits
 .text.__lo0bits
                0x000000000801a850       0x5c /usr/lib/gcc/arm-none-eabi/4.9.3/../../../arm-none-eabi/lib/armv7e-m/fpu/libg.a(lib_a-mprec.o)
                0x000000000801a850                __lo0bits
 .text.__i2b    0x000000000801a8ac       0x14 /usr/lib/gcc/arm-none-eabi/4.9.3/../../../arm-none-eabi/lib/armv7e-m/fpu/libg.a(lib_a-mprec.o)
                0x000000000801a8ac                __i2b
 .text.__multiply
                0x000000000801a8c0      0x134 /usr/lib/gcc/arm-none-eabi/4.9.3/../../../arm-none-eabi/lib/armv7e-m/fpu/libg.a(lib_a-mprec.o)
                0x000000000801a8c0                __multiply
 .text.__pow5mult
                0x000000000801a9f4       0xa0 /usr/lib/gcc/arm-none-eabi/4.9.3/../../../arm-none-eabi/lib/armv7e-m/fpu/libg.a(lib_a-mprec.o)
                0x000000000801a9f4                __pow5mult
 .text.__lshift
                0x000000000801aa94       0xac /usr/lib/gcc/arm-none-eabi/4.9.3/../../../arm-none-eabi/lib/armv7e-m/fpu/libg.a(lib_a-mprec.o)
                0x000000000801aa94                __lshift
 .text.__mcmp   0x000000000801ab40       0x48 /usr/lib/gcc/arm-none-eabi/4.9.3/../../../arm-none-eabi/lib/armv7e-m/fpu/libg.a(lib_a-mprec.o)
                0x000000000801ab40                __mcmp
 .text.__mdiff  0x000000000801ab88       0xd4 /usr/lib/gcc/arm-none-eabi/4.9.3/../../../arm-none-eabi/lib/armv7e-m/fpu/libg.a(lib_a-mprec.o)
                0x000000000801ab88                __mdiff
 .text.__ulp    0x000000000801ac5c       0x50 /usr/lib/gcc/arm-none-eabi/4.9.3/../../../arm-none-eabi/lib/armv7e-m/fpu/libg.a(lib_a-mprec.o)
                0x000000000801ac5c                __ulp
 .text.__b2d    0x000000000801acac       0xc4 /usr/lib/gcc/arm-none-eabi/4.9.3/../../../arm-none-eabi/lib/armv7e-m/fpu/libg.a(lib_a-mprec.o)
                0x000000000801acac                __b2d
 .text.__d2b    0x000000000801ad70       0xbc /usr/lib/gcc/arm-none-eabi/4.9.3/../../../arm-none-eabi/lib/armv7e-m/fpu/libg.a(lib_a-mprec.o)
                0x000000000801ad70                __d2b
 .text.__ratio  0x000000000801ae2c       0x60 /usr/lib/gcc/arm-none-eabi/4.9.3/../../../arm-none-eabi/lib/armv7e-m/fpu/libg.a(lib_a-mprec.o)
                0x000000000801ae2c                __ratio
 .text._mprec_log10
                0x000000000801ae8c       0x38 /usr/lib/gcc/arm-none-eabi/4.9.3/../../../arm-none-eabi/lib/armv7e-m/fpu/libg.a(lib_a-mprec.o)
                0x000000000801ae8c                _mprec_log10
 .text.__copybits
                0x000000000801aec4       0x48 /usr/lib/gcc/arm-none-eabi/4.9.3/../../../arm-none-eabi/lib/armv7e-m/fpu/libg.a(lib_a-mprec.o)
                0x000000000801aec4                __copybits
 .text.__any_on
                0x000000000801af0c       0x60 /usr/lib/gcc/arm-none-eabi/4.9.3/../../../arm-none-eabi/lib/armv7e-m/fpu/libg.a(lib_a-mprec.o)
                0x000000000801af0c                __any_on
 .text.cleanup_glue
                0x000000000801af6c       0x1c /usr/lib/gcc/arm-none-eabi/4.9.3/../../../arm-none-eabi/lib/armv7e-m/fpu/libg.a(lib_a-reent.o)
                0x000000000801af6c                cleanup_glue
 .text._reclaim_reent
                0x000000000801af88       0x88 /usr/lib/gcc/arm-none-eabi/4.9.3/../../../arm-none-eabi/lib/armv7e-m/fpu/libg.a(lib_a-reent.o)
                0x000000000801af88                _reclaim_reent
 .text.__fpclassifyd
                0x000000000801b010       0x5c /usr/lib/gcc/arm-none-eabi/4.9.3/../../../arm-none-eabi/lib/armv7e-m/fpu/libg.a(lib_a-s_fpclassify.o)
                0x000000000801b010                __fpclassifyd
 .text.nanf     0x000000000801b06c        0xc /usr/lib/gcc/arm-none-eabi/4.9.3/../../../arm-none-eabi/lib/armv7e-m/fpu/libg.a(lib_a-sf_nan.o)
                0x000000000801b06c                nanf
 .text.strlen   0x000000000801b078       0x5c /usr/lib/gcc/arm-none-eabi/4.9.3/../../../arm-none-eabi/lib/armv7e-m/fpu/libg.a(lib_a-strlen.o)
                0x000000000801b078                strlen
 .text.strncmp  0x000000000801b0d4       0x98 /usr/lib/gcc/arm-none-eabi/4.9.3/../../../arm-none-eabi/lib/armv7e-m/fpu/libg.a(lib_a-strncmp.o)
                0x000000000801b0d4                strncmp
 .text._calloc_r
                0x000000000801b16c       0x60 /usr/lib/gcc/arm-none-eabi/4.9.3/../../../arm-none-eabi/lib/armv7e-m/fpu/libg.a(lib_a-callocr.o)
                0x000000000801b16c                _calloc_r
 .text.memset   0x000000000801b1cc       0x9c /usr/lib/gcc/arm-none-eabi/4.9.3/../../../arm-none-eabi/lib/armv7e-m/fpu/libg.a(lib_a-memset.o)
                0x000000000801b1cc                memset
 *(.glue_7)
 .glue_7        0x000000000801b268        0x0 linker stubs
 *(.glue_7t)
 .glue_7t       0x000000000801b268        0x0 linker stubs
 *(.eh_frame)
 .eh_frame      0x000000000801b268       0x70 /usr/lib/gcc/arm-none-eabi/4.9.3/../../../arm-none-eabi/lib/armv7e-m/fpu/libg.a(lib_a-strcmp.o)
 *(.init)
 *(.fini)
                0x000000000801b2d8                . = ALIGN (0x4)
                0x000000000801b2d8                _etext = .

.vfp11_veneer   0x000000000801b2d8        0x0
 .vfp11_veneer  0x000000000801b2d8        0x0 linker stubs

.v4_bx          0x000000000801b2d8        0x0
 .v4_bx         0x000000000801b2d8        0x0 linker stubs

.iplt           0x000000000801b2d8        0x0
 .iplt          0x000000000801b2d8        0x0 build/objs/stm32f4xx_hal_msp.o

.rodata         0x000000000801b2d8      0x980
                0x000000000801b2d8                . = ALIGN (0x4)
 *(.rodata)
 .rodata        0x000000000801b2d8        0x7 build/objs/USB_printf.o
 *fill*         0x000000000801b2df        0x1 
 .rodata        0x000000000801b2e0        0x7 build/objs/SSR.o
 *fill*         0x000000000801b2e7        0x1 
 .rodata        0x000000000801b2e8       0x24 build/objs/main.o
 .rodata        0x000000000801b30c       0x58 build/objs/usbd_desc.o
 .rodata        0x000000000801b364      0x386 build/objs/pcd8544.o
                0x000000000801b364                PCD8544_Font5x7
                0x000000000801b5ac                PCD8544_Font3x5
 *fill*         0x000000000801b6ea        0x2 
 .rodata        0x000000000801b6ec       0xb2 build/objs/reflow_process.o
 *fill*         0x000000000801b79e        0x2 
 .rodata        0x000000000801b7a0       0xd8 build/objs/command_processor.o
 .rodata        0x000000000801b878        0x8 build/objs/stm32f4xx_hal_dma.o
 .rodata        0x000000000801b880       0x10 build/objs/stm32f4xx_hal_rcc.o
                0x000000000801b880                APBAHBPrescTable
 .rodata        0x000000000801b890       0x10 build/objs/stm32f4_discovery.o
                0x000000000801b890                GPIO_PIN
                0x000000000801b898                BUTTON_PIN
                0x000000000801b89c                BUTTON_IRQn
 .rodata        0x000000000801b8a0       0x10 build/objs/system_stm32f4xx.o
                0x000000000801b8a0                AHBPrescTable
 *(.rodata*)
 .rodata.str1.4
                0x000000000801b8b0        0x2 /usr/lib/gcc/arm-none-eabi/4.9.3/../../../arm-none-eabi/lib/armv7e-m/fpu/libg.a(lib_a-impure.o)
                                          0x4 (size before relaxing)
 *fill*         0x000000000801b8b2        0x2 
 .rodata._global_impure_ptr
                0x000000000801b8b4        0x4 /usr/lib/gcc/arm-none-eabi/4.9.3/../../../arm-none-eabi/lib/armv7e-m/fpu/libg.a(lib_a-impure.o)
                0x000000000801b8b4                _global_impure_ptr
 .rodata.tinytens
                0x000000000801b8b8       0x28 /usr/lib/gcc/arm-none-eabi/4.9.3/../../../arm-none-eabi/lib/armv7e-m/fpu/libg.a(lib_a-strtod.o)
 .rodata.fpinan.5307
                0x000000000801b8e0       0x14 /usr/lib/gcc/arm-none-eabi/4.9.3/../../../arm-none-eabi/lib/armv7e-m/fpu/libg.a(lib_a-strtod.o)
 .rodata.str1.4
                0x000000000801b8f4        0xf /usr/lib/gcc/arm-none-eabi/4.9.3/../../../arm-none-eabi/lib/armv7e-m/fpu/libg.a(lib_a-strtod.o)
                                         0x10 (size before relaxing)
 *fill*         0x000000000801b903        0x1 
 .rodata.fpi.5271
                0x000000000801b904       0x14 /usr/lib/gcc/arm-none-eabi/4.9.3/../../../arm-none-eabi/lib/armv7e-m/fpu/libg.a(lib_a-strtod.o)
 .rodata._ctype_
                0x000000000801b918      0x104 /usr/lib/gcc/arm-none-eabi/4.9.3/../../../arm-none-eabi/lib/armv7e-m/fpu/libg.a(lib_a-ctype_.o)
                0x000000000801b918                _ctype_
 .rodata.__hexdig
                0x000000000801ba1c      0x100 /usr/lib/gcc/arm-none-eabi/4.9.3/../../../arm-none-eabi/lib/armv7e-m/fpu/libg.a(lib_a-gdtoa-gethex.o)
                0x000000000801ba1c                __hexdig
 .rodata.str1.4
                0x000000000801bb1c       0x10 /usr/lib/gcc/arm-none-eabi/4.9.3/../../../arm-none-eabi/lib/armv7e-m/fpu/libg.a(lib_a-locale.o)
                                         0x14 (size before relaxing)
 *fill*         0x000000000801bb2c        0x4 
 .rodata.__mprec_tens
                0x000000000801bb30       0xc8 /usr/lib/gcc/arm-none-eabi/4.9.3/../../../arm-none-eabi/lib/armv7e-m/fpu/libg.a(lib_a-mprec.o)
                0x000000000801bb30                __mprec_tens
 .rodata.p05.5302
                0x000000000801bbf8        0xc /usr/lib/gcc/arm-none-eabi/4.9.3/../../../arm-none-eabi/lib/armv7e-m/fpu/libg.a(lib_a-mprec.o)
 *fill*         0x000000000801bc04        0x4 
 .rodata.__mprec_bigtens
                0x000000000801bc08       0x28 /usr/lib/gcc/arm-none-eabi/4.9.3/../../../arm-none-eabi/lib/armv7e-m/fpu/libg.a(lib_a-mprec.o)
                0x000000000801bc08                __mprec_bigtens
 .rodata.__mprec_tinytens
                0x000000000801bc30       0x28 /usr/lib/gcc/arm-none-eabi/4.9.3/../../../arm-none-eabi/lib/armv7e-m/fpu/libg.a(lib_a-mprec.o)
                0x000000000801bc30                __mprec_tinytens
                0x000000000801bc58                . = ALIGN (0x4)

.rel.dyn        0x000000000801bc58        0x0
 .rel.iplt      0x000000000801bc58        0x0 build/objs/stm32f4xx_hal_msp.o

.ARM.extab
 *(.ARM.extab* .gnu.linkonce.armextab.*)

.ARM            0x000000000801bc58        0x0
                0x000000000801bc58                __exidx_start = .
 *(.ARM.exidx*)
                0x000000000801bc58                __exidx_end = .

.preinit_array  0x000000000801bc58        0x0
                [!provide]                        PROVIDE (__preinit_array_start, .)
 *(.preinit_array*)
                [!provide]                        PROVIDE (__preinit_array_end, .)

.init_array     0x000000000801bc58        0x0
                [!provide]                        PROVIDE (__init_array_start, .)
 *(SORT(.init_array.*))
 *(.init_array*)
                [!provide]                        PROVIDE (__init_array_end, .)

.fini_array     0x000000000801bc58        0x0
                [!provide]                        PROVIDE (__fini_array_start, .)
 *(SORT(.fini_array.*))
 *(.fini_array*)
                [!provide]                        PROVIDE (__fini_array_end, .)
                0x000000000801bc58                _sidata = LOADADDR (.data)

.data           0x0000000020000000      0xb74 load address 0x000000000801bc58
                0x0000000020000000                . = ALIGN (0x4)
                0x0000000020000000                _sdata = .
 *(.data)
 .data          0x0000000020000000        0x0 build/objs/stm32f4xx_hal_msp.o
 .data          0x0000000020000000       0x10 build/objs/usbd_cdc_if.o
                0x0000000020000000                USBD_Interface_fops_FS
 .data          0x0000000020000010        0x0 build/objs/usbd_conf.o
 .data          0x0000000020000010        0x0 build/objs/syscalls.o
 .data          0x0000000020000010        0x0 build/objs/USB_printf.o
 .data          0x0000000020000010        0x0 build/objs/gpio.o
 .data          0x0000000020000010        0x0 build/objs/SSR.o
 .data          0x0000000020000010        0x0 build/objs/MAX31855.o
 .data          0x0000000020000010        0x4 build/objs/main.o
                0x0000000020000010                main_loop_period
 .data          0x0000000020000014        0x0 build/objs/stm32f4xx_it.o
 .data          0x0000000020000014        0x0 build/objs/usb_device.o
 .data          0x0000000020000014       0x34 build/objs/usbd_desc.o
                0x0000000020000014                FS_Desc
                0x0000000020000030                USBD_FS_DeviceDesc
                0x0000000020000044                USBD_LangIDDesc
 .data          0x0000000020000048       0xca build/objs/pcd8544.o
                0x0000000020000048                brightness_levels
 .data          0x0000000020000112        0x0 build/objs/reflow_process.o
 *fill*         0x0000000020000112        0x2 
 .data          0x0000000020000114       0x58 build/objs/command_processor.o
                0x0000000020000114                allowed_commands
 .data          0x000000002000016c        0x0 build/objs/stm32f4xx_hal_dsi.o
 .data          0x000000002000016c        0x0 build/objs/stm32f4xx_hal_pcd.o
 .data          0x000000002000016c        0x0 build/objs/stm32f4xx_hal_irda.o
 .data          0x000000002000016c        0x0 build/objs/stm32f4xx_ll_fsmc.o
 .data          0x000000002000016c        0x0 build/objs/stm32f4xx_hal_cec.o
 .data          0x000000002000016c        0x0 build/objs/stm32f4xx_hal_timebase_tim_template.o
 .data          0x000000002000016c        0x0 build/objs/stm32f4xx_ll_usb.o
 .data          0x000000002000016c        0x0 build/objs/stm32f4xx_hal.o
 .data          0x000000002000016c        0x0 build/objs/stm32f4xx_hal_dcmi_ex.o
 .data          0x000000002000016c        0x0 build/objs/stm32f4xx_hal_flash_ex.o
 .data          0x000000002000016c        0x0 build/objs/stm32f4xx_hal_cryp.o
 .data          0x000000002000016c        0x0 build/objs/stm32f4xx_hal_rng.o
 .data          0x000000002000016c        0x0 build/objs/stm32f4xx_hal_nand.o
 .data          0x000000002000016c        0x0 build/objs/stm32f4xx_hal_gpio.o
 .data          0x000000002000016c        0x0 build/objs/stm32f4xx_hal_ltdc.o
 .data          0x000000002000016c        0x0 build/objs/stm32f4xx_hal_hcd.o
 .data          0x000000002000016c        0x0 build/objs/stm32f4xx_hal_pcd_ex.o
 .data          0x000000002000016c        0x0 build/objs/stm32f4xx_hal_adc.o
 .data          0x000000002000016c        0x0 build/objs/stm32f4xx_hal_adc_ex.o
 .data          0x000000002000016c        0x0 build/objs/stm32f4xx_hal_lptim.o
 .data          0x000000002000016c        0x0 build/objs/stm32f4xx_hal_spi.o
 .data          0x000000002000016c        0x0 build/objs/stm32f4xx_hal_i2c.o
 .data          0x000000002000016c        0x0 build/objs/stm32f4xx_hal_fmpi2c.o
 .data          0x000000002000016c        0x0 build/objs/stm32f4xx_hal_smartcard.o
 .data          0x000000002000016c        0x0 build/objs/stm32f4xx_hal_pccard.o
 .data          0x000000002000016c        0x0 build/objs/stm32f4xx_hal_dma2d.o
 .data          0x000000002000016c        0x0 build/objs/stm32f4xx_hal_sai.o
 .data          0x000000002000016c        0x0 build/objs/stm32f4xx_hal_cryp_ex.o
 .data          0x000000002000016c        0x0 build/objs/stm32f4xx_hal_rcc_ex.o
 .data          0x000000002000016c        0x0 build/objs/stm32f4xx_ll_fmc.o
 .data          0x000000002000016c        0x0 build/objs/stm32f4xx_hal_ltdc_ex.o
 .data          0x000000002000016c        0x0 build/objs/stm32f4xx_hal_flash_ramfunc.o
 .data          0x000000002000016c        0x0 build/objs/stm32f4xx_hal_cortex.o
 .data          0x000000002000016c        0x0 build/objs/stm32f4xx_hal_iwdg.o
 .data          0x000000002000016c        0x0 build/objs/stm32f4xx_hal_uart.o
 .data          0x000000002000016c        0x0 build/objs/stm32f4xx_hal_tim_ex.o
 .data          0x000000002000016c        0x0 build/objs/stm32f4xx_hal_i2c_ex.o
 .data          0x000000002000016c        0x0 build/objs/stm32f4xx_hal_dma.o
 .data          0x000000002000016c        0x0 build/objs/stm32f4xx_hal_dac.o
 .data          0x000000002000016c        0x0 build/objs/stm32f4xx_hal_spdifrx.o
 .data          0x000000002000016c        0x0 build/objs/stm32f4xx_hal_fmpi2c_ex.o
 .data          0x000000002000016c        0x0 build/objs/stm32f4xx_ll_sdmmc.o
 .data          0x000000002000016c        0x0 build/objs/stm32f4xx_hal_i2s_ex.o
 .data          0x000000002000016c        0x0 build/objs/stm32f4xx_hal_can.o
 .data          0x000000002000016c        0x0 build/objs/stm32f4xx_hal_nor.o
 .data          0x000000002000016c        0x0 build/objs/stm32f4xx_hal_pwr.o
 .data          0x000000002000016c        0x0 build/objs/stm32f4xx_hal_rtc.o
 .data          0x000000002000016c        0x0 build/objs/stm32f4xx_hal_qspi.o
 .data          0x000000002000016c        0x0 build/objs/stm32f4xx_hal_hash_ex.o
 .data          0x000000002000016c        0x0 build/objs/stm32f4xx_hal_i2s.o
 .data          0x000000002000016c        0x0 build/objs/stm32f4xx_hal_sram.o
 .data          0x000000002000016c        0x0 build/objs/stm32f4xx_hal_hash.o
 .data          0x000000002000016c        0x0 build/objs/stm32f4xx_hal_eth.o
 .data          0x000000002000016c        0x0 build/objs/stm32f4xx_hal_tim.o
 .data          0x000000002000016c        0x0 build/objs/stm32f4xx_hal_dma_ex.o
 .data          0x000000002000016c        0x0 build/objs/stm32f4xx_hal_sd.o
 .data          0x000000002000016c        0x0 build/objs/stm32f4xx_hal_sai_ex.o
 .data          0x000000002000016c        0x0 build/objs/stm32f4xx_hal_rcc.o
 .data          0x000000002000016c        0x0 build/objs/stm32f4xx_hal_wwdg.o
 .data          0x000000002000016c        0x0 build/objs/stm32f4xx_hal_dac_ex.o
 .data          0x000000002000016c        0x0 build/objs/stm32f4xx_hal_rtc_ex.o
 .data          0x000000002000016c        0x0 build/objs/stm32f4xx_hal_pwr_ex.o
 .data          0x000000002000016c        0x0 build/objs/stm32f4xx_hal_dcmi.o
 .data          0x000000002000016c        0x0 build/objs/stm32f4xx_hal_sdram.o
 .data          0x000000002000016c        0x0 build/objs/stm32f4xx_hal_flash.o
 .data          0x000000002000016c        0x0 build/objs/stm32f4xx_hal_crc.o
 .data          0x000000002000016c        0x0 build/objs/stm32f4xx_hal_usart.o
 .data          0x000000002000016c       0x1c build/objs/stm32f4_discovery.o
                0x000000002000016c                GPIO_PORT
                0x000000002000017c                BUTTON_PORT
                0x0000000020000180                I2cxTimeout
                0x0000000020000184                SpixTimeout
 .data          0x0000000020000188        0x4 build/objs/system_stm32f4xx.o
                0x0000000020000188                SystemCoreClock
 .data          0x000000002000018c        0x0 build/objs/usbd_core.o
 .data          0x000000002000018c        0x0 build/objs/usbd_ctlreq.o
 .data          0x000000002000018c        0x0 build/objs/usbd_ioreq.o
 .data          0x000000002000018c       0x18 build/objs/usbd_cdc_if_template.o
                0x000000002000018c                USBD_CDC_Template_fops
                0x000000002000019c                linecoding
 .data          0x00000000200001a4      0x110 build/objs/usbd_cdc.o
                0x00000000200001b0                USBD_CDC
                0x00000000200001e8                USBD_CDC_CfgHSDesc
                0x000000002000022c                USBD_CDC_CfgFSDesc
                0x0000000020000270                USBD_CDC_OtherSpeedCfgDesc
 .data          0x00000000200002b4        0x0 build/objs/startup_stm32f407xx.o
 .data          0x00000000200002b4        0x0 /usr/lib/gcc/arm-none-eabi/4.9.3/armv7e-m/fpu/libgcc.a(_arm_addsubdf3.o)
 .data          0x00000000200002b4        0x0 /usr/lib/gcc/arm-none-eabi/4.9.3/armv7e-m/fpu/libgcc.a(_arm_muldivdf3.o)
 .data          0x00000000200002b4        0x0 /usr/lib/gcc/arm-none-eabi/4.9.3/armv7e-m/fpu/libgcc.a(_arm_truncdfsf2.o)
 .data          0x00000000200002b4        0x0 /usr/lib/gcc/arm-none-eabi/4.9.3/../../../arm-none-eabi/lib/armv7e-m/fpu/libg.a(lib_a-atof.o)
 .data          0x00000000200002b4        0x0 /usr/lib/gcc/arm-none-eabi/4.9.3/../../../arm-none-eabi/lib/armv7e-m/fpu/libg.a(lib_a-atoi.o)
 .data          0x00000000200002b4        0x0 /usr/lib/gcc/arm-none-eabi/4.9.3/../../../arm-none-eabi/lib/armv7e-m/fpu/libg.a(lib_a-errno.o)
 .data          0x00000000200002b4        0x0 /usr/lib/gcc/arm-none-eabi/4.9.3/../../../arm-none-eabi/lib/armv7e-m/fpu/libg.a(lib_a-impure.o)
 .data          0x00000000200002b4        0x0 /usr/lib/gcc/arm-none-eabi/4.9.3/../../../arm-none-eabi/lib/armv7e-m/fpu/libg.a(lib_a-malloc.o)
 .data          0x00000000200002b4        0x0 /usr/lib/gcc/arm-none-eabi/4.9.3/../../../arm-none-eabi/lib/armv7e-m/fpu/libg.a(lib_a-mallocr.o)
 .data          0x00000000200002b4        0x0 /usr/lib/gcc/arm-none-eabi/4.9.3/../../../arm-none-eabi/lib/armv7e-m/fpu/libg.a(lib_a-mlock.o)
 .data          0x00000000200002b4        0x0 /usr/lib/gcc/arm-none-eabi/4.9.3/../../../arm-none-eabi/lib/armv7e-m/fpu/libg.a(lib_a-sbrkr.o)
 .data          0x00000000200002b4        0x0 /usr/lib/gcc/arm-none-eabi/4.9.3/../../../arm-none-eabi/lib/armv7e-m/fpu/libg.a(lib_a-strcmp.o)
 .data          0x00000000200002b4        0x0 /usr/lib/gcc/arm-none-eabi/4.9.3/../../../arm-none-eabi/lib/armv7e-m/fpu/libg.a(lib_a-strtod.o)
 .data          0x00000000200002b4        0x0 /usr/lib/gcc/arm-none-eabi/4.9.3/../../../arm-none-eabi/lib/armv7e-m/fpu/libg.a(lib_a-strtok.o)
 .data          0x00000000200002b4        0x0 /usr/lib/gcc/arm-none-eabi/4.9.3/../../../arm-none-eabi/lib/armv7e-m/fpu/libg.a(lib_a-strtok_r.o)
 .data          0x00000000200002b4        0x0 /usr/lib/gcc/arm-none-eabi/4.9.3/../../../arm-none-eabi/lib/armv7e-m/fpu/libg.a(lib_a-strtol.o)
 .data          0x00000000200002b4        0x0 /usr/lib/gcc/arm-none-eabi/4.9.3/../../../arm-none-eabi/lib/armv7e-m/fpu/libg.a(lib_a-ctype_.o)
 .data          0x00000000200002b4        0x0 /usr/lib/gcc/arm-none-eabi/4.9.3/../../../arm-none-eabi/lib/armv7e-m/fpu/libg.a(lib_a-freer.o)
 .data          0x00000000200002b4        0x0 /usr/lib/gcc/arm-none-eabi/4.9.3/../../../arm-none-eabi/lib/armv7e-m/fpu/libg.a(lib_a-gdtoa-gethex.o)
 .data          0x00000000200002b4        0x0 /usr/lib/gcc/arm-none-eabi/4.9.3/../../../arm-none-eabi/lib/armv7e-m/fpu/libg.a(lib_a-gdtoa-hexnan.o)
 .data          0x00000000200002b4        0x0 /usr/lib/gcc/arm-none-eabi/4.9.3/../../../arm-none-eabi/lib/armv7e-m/fpu/libg.a(lib_a-locale.o)
 .data          0x00000000200002b4        0x0 /usr/lib/gcc/arm-none-eabi/4.9.3/../../../arm-none-eabi/lib/armv7e-m/fpu/libg.a(lib_a-memcpy.o)
 .data          0x00000000200002b4        0x0 /usr/lib/gcc/arm-none-eabi/4.9.3/../../../arm-none-eabi/lib/armv7e-m/fpu/libg.a(lib_a-mprec.o)
 .data          0x00000000200002b4        0x0 /usr/lib/gcc/arm-none-eabi/4.9.3/../../../arm-none-eabi/lib/armv7e-m/fpu/libg.a(lib_a-reent.o)
 .data          0x00000000200002b4        0x0 /usr/lib/gcc/arm-none-eabi/4.9.3/../../../arm-none-eabi/lib/armv7e-m/fpu/libg.a(lib_a-s_fpclassify.o)
 .data          0x00000000200002b4        0x0 /usr/lib/gcc/arm-none-eabi/4.9.3/../../../arm-none-eabi/lib/armv7e-m/fpu/libg.a(lib_a-sf_nan.o)
 .data          0x00000000200002b4        0x0 /usr/lib/gcc/arm-none-eabi/4.9.3/../../../arm-none-eabi/lib/armv7e-m/fpu/libg.a(lib_a-strlen.o)
 .data          0x00000000200002b4        0x0 /usr/lib/gcc/arm-none-eabi/4.9.3/../../../arm-none-eabi/lib/armv7e-m/fpu/libg.a(lib_a-strncmp.o)
 .data          0x00000000200002b4        0x0 /usr/lib/gcc/arm-none-eabi/4.9.3/../../../arm-none-eabi/lib/armv7e-m/fpu/libg.a(lib_a-callocr.o)
 .data          0x00000000200002b4        0x0 /usr/lib/gcc/arm-none-eabi/4.9.3/../../../arm-none-eabi/lib/armv7e-m/fpu/libg.a(lib_a-memset.o)
 .data          0x00000000200002b4        0x0 /usr/lib/gcc/arm-none-eabi/4.9.3/armv7e-m/fpu/libgcc.a(_arm_cmpdf2.o)
 .data          0x00000000200002b4        0x0 /usr/lib/gcc/arm-none-eabi/4.9.3/armv7e-m/fpu/libgcc.a(_arm_fixdfsi.o)
 .data          0x00000000200002b4        0x0 /usr/lib/gcc/arm-none-eabi/4.9.3/armv7e-m/fpu/libgcc.a(_arm_fixunsdfsi.o)
 *(.data*)
 *fill*         0x00000000200002b4        0x4 
 .data.impure_data