Archive member included to satisfy reference by file (symbol)

/usr/lib/gcc/arm-none-eabi/4.9.3/armv7e-m/fpu/libgcc.a(_arm_addsubdf3.o)
                              build/objs/MAX31855.o (__aeabi_ui2d)
/usr/lib/gcc/arm-none-eabi/4.9.3/armv7e-m/fpu/libgcc.a(_arm_muldivdf3.o)
                              build/objs/MAX31855.o (__aeabi_dmul)
/usr/lib/gcc/arm-none-eabi/4.9.3/armv7e-m/fpu/libgcc.a(_arm_truncdfsf2.o)
                              build/objs/MAX31855.o (__aeabi_d2f)
/usr/lib/gcc/arm-none-eabi/4.9.3/../../../arm-none-eabi/lib/armv7e-m/fpu/libg.a(lib_a-atof.o)
                              build/objs/reflow_process.o (atof)
/usr/lib/gcc/arm-none-eabi/4.9.3/../../../arm-none-eabi/lib/armv7e-m/fpu/libg.a(lib_a-atoi.o)
                              build/objs/reflow_process.o (atoi)
/usr/lib/gcc/arm-none-eabi/4.9.3/../../../arm-none-eabi/lib/armv7e-m/fpu/libg.a(lib_a-errno.o)
                              build/objs/syscalls.o (__errno)
/usr/lib/gcc/arm-none-eabi/4.9.3/../../../arm-none-eabi/lib/armv7e-m/fpu/libg.a(lib_a-impure.o)
                              /usr/lib/gcc/arm-none-eabi/4.9.3/../../../arm-none-eabi/lib/armv7e-m/fpu/libg.a(lib_a-errno.o) (_impure_ptr)
/usr/lib/gcc/arm-none-eabi/4.9.3/../../../arm-none-eabi/lib/armv7e-m/fpu/libg.a(lib_a-malloc.o)
                              build/objs/usbd_cdc.o (malloc)
/usr/lib/gcc/arm-none-eabi/4.9.3/../../../arm-none-eabi/lib/armv7e-m/fpu/libg.a(lib_a-mallocr.o)
                              /usr/lib/gcc/arm-none-eabi/4.9.3/../../../arm-none-eabi/lib/armv7e-m/fpu/libg.a(lib_a-malloc.o) (_malloc_r)
/usr/lib/gcc/arm-none-eabi/4.9.3/../../../arm-none-eabi/lib/armv7e-m/fpu/libg.a(lib_a-mlock.o)
                              /usr/lib/gcc/arm-none-eabi/4.9.3/../../../arm-none-eabi/lib/armv7e-m/fpu/libg.a(lib_a-mallocr.o) (__malloc_lock)
/usr/lib/gcc/arm-none-eabi/4.9.3/../../../arm-none-eabi/lib/armv7e-m/fpu/libg.a(lib_a-sbrkr.o)
                              /usr/lib/gcc/arm-none-eabi/4.9.3/../../../arm-none-eabi/lib/armv7e-m/fpu/libg.a(lib_a-mallocr.o) (_sbrk_r)
/usr/lib/gcc/arm-none-eabi/4.9.3/../../../arm-none-eabi/lib/armv7e-m/fpu/libg.a(lib_a-strcmp.o)
                              build/objs/command_processor.o (strcmp)
/usr/lib/gcc/arm-none-eabi/4.9.3/../../../arm-none-eabi/lib/armv7e-m/fpu/libg.a(lib_a-strtod.o)
                              /usr/lib/gcc/arm-none-eabi/4.9.3/../../../arm-none-eabi/lib/armv7e-m/fpu/libg.a(lib_a-atof.o) (strtod)
/usr/lib/gcc/arm-none-eabi/4.9.3/../../../arm-none-eabi/lib/armv7e-m/fpu/libg.a(lib_a-strtok.o)
                              build/objs/command_processor.o (strtok)
/usr/lib/gcc/arm-none-eabi/4.9.3/../../../arm-none-eabi/lib/armv7e-m/fpu/libg.a(lib_a-strtok_r.o)
                              /usr/lib/gcc/arm-none-eabi/4.9.3/../../../arm-none-eabi/lib/armv7e-m/fpu/libg.a(lib_a-strtok.o) (__strtok_r)
/usr/lib/gcc/arm-none-eabi/4.9.3/../../../arm-none-eabi/lib/armv7e-m/fpu/libg.a(lib_a-strtol.o)
                              /usr/lib/gcc/arm-none-eabi/4.9.3/../../../arm-none-eabi/lib/armv7e-m/fpu/libg.a(lib_a-atoi.o) (_strtol_r)
/usr/lib/gcc/arm-none-eabi/4.9.3/../../../arm-none-eabi/lib/armv7e-m/fpu/libg.a(lib_a-ctype_.o)
                              /usr/lib/gcc/arm-none-eabi/4.9.3/../../../arm-none-eabi/lib/armv7e-m/fpu/libg.a(lib_a-strtol.o) (__ctype_ptr__)
/usr/lib/gcc/arm-none-eabi/4.9.3/../../../arm-none-eabi/lib/armv7e-m/fpu/libg.a(lib_a-freer.o)
                              /usr/lib/gcc/arm-none-eabi/4.9.3/../../../arm-none-eabi/lib/armv7e-m/fpu/libg.a(lib_a-malloc.o) (_free_r)
/usr/lib/gcc/arm-none-eabi/4.9.3/../../../arm-none-eabi/lib/armv7e-m/fpu/libg.a(lib_a-gdtoa-gethex.o)
                              /usr/lib/gcc/arm-none-eabi/4.9.3/../../../arm-none-eabi/lib/armv7e-m/fpu/libg.a(lib_a-strtod.o) (__gethex)
/usr/lib/gcc/arm-none-eabi/4.9.3/../../../arm-none-eabi/lib/armv7e-m/fpu/libg.a(lib_a-gdtoa-hexnan.o)
                              /usr/lib/gcc/arm-none-eabi/4.9.3/../../../arm-none-eabi/lib/armv7e-m/fpu/libg.a(lib_a-strtod.o) (__hexnan)
/usr/lib/gcc/arm-none-eabi/4.9.3/../../../arm-none-eabi/lib/armv7e-m/fpu/libg.a(lib_a-locale.o)
                              /usr/lib/gcc/arm-none-eabi/4.9.3/../../../arm-none-eabi/lib/armv7e-m/fpu/libg.a(lib_a-strtod.o) (_localeconv_r)
/usr/lib/gcc/arm-none-eabi/4.9.3/../../../arm-none-eabi/lib/armv7e-m/fpu/libg.a(lib_a-memcpy.o)
                              /usr/lib/gcc/arm-none-eabi/4.9.3/../../../arm-none-eabi/lib/armv7e-m/fpu/libg.a(lib_a-strtod.o) (memcpy)
/usr/lib/gcc/arm-none-eabi/4.9.3/../../../arm-none-eabi/lib/armv7e-m/fpu/libg.a(lib_a-mprec.o)
                              /usr/lib/gcc/arm-none-eabi/4.9.3/../../../arm-none-eabi/lib/armv7e-m/fpu/libg.a(lib_a-strtod.o) (_Balloc)
/usr/lib/gcc/arm-none-eabi/4.9.3/../../../arm-none-eabi/lib/armv7e-m/fpu/libg.a(lib_a-reent.o)
                              /usr/lib/gcc/arm-none-eabi/4.9.3/../../../arm-none-eabi/lib/armv7e-m/fpu/libg.a(lib_a-sbrkr.o) (errno)
[...]
Memory Configuration

Name             Origin             Length             Attributes
FLASH            0x0000000008000000 0x0000000000100000 xr
RAM              0x0000000020000000 0x0000000000020000 xrw
CCMRAM           0x0000000010000000 0x0000000000010000 rw
*default*        0x0000000000000000 0xffffffffffffffff

Linker script and memory map

LOAD build/objs/usbd_cdc_if.o
LOAD build/objs/usbd_conf.o
LOAD build/objs/syscalls.o
LOAD build/objs/USB_printf.o
LOAD build/objs/stm32f4xx_hal_msp.o
LOAD build/objs/gpio.o
LOAD build/objs/SSR.o
LOAD build/objs/MAX31855.o
LOAD build/objs/main.o
LOAD build/objs/stm32f4xx_it.o
LOAD build/objs/usb_device.o
LOAD build/objs/usbd_desc.o
LOAD build/objs/pcd8544.o
LOAD build/objs/reflow_process.o
LOAD build/objs/command_processor.o
LOAD build/objs/stm32f4xx_hal_dsi.o
LOAD build/objs/stm32f4xx_hal_pcd.o
LOAD build/objs/stm32f4xx_hal_irda.o
LOAD build/objs/stm32f4xx_ll_fsmc.o
LOAD build/objs/stm32f4xx_hal_cec.o
LOAD build/objs/stm32f4xx_hal_timebase_tim_template.o
LOAD build/objs/stm32f4xx_ll_usb.o
LOAD build/objs/stm32f4xx_hal.o
LOAD build/objs/stm32f4xx_hal_dcmi_ex.o
LOAD build/objs/stm32f4xx_hal_flash_ex.o
LOAD build/objs/stm32f4xx_hal_cryp.o
LOAD build/objs/stm32f4xx_hal_rng.o
LOAD build/objs/stm32f4xx_hal_nand.o
LOAD build/objs/stm32f4xx_hal_gpio.o
LOAD build/objs/stm32f4xx_hal_ltdc.o
LOAD build/objs/stm32f4xx_hal_hcd.o
LOAD build/objs/stm32f4xx_hal_pcd_ex.o
LOAD build/objs/stm32f4xx_hal_adc.o
LOAD build/objs/stm32f4xx_hal_adc_ex.o
LOAD build/objs/stm32f4xx_hal_lptim.o
LOAD build/objs/stm32f4xx_hal_spi.o
LOAD build/objs/stm32f4xx_hal_i2c.o
LOAD build/objs/stm32f4xx_hal_fmpi2c.o
LOAD build/objs/stm32f4xx_hal_smartcard.o
LOAD build/objs/stm32f4xx_hal_pccard.o
LOAD build/objs/stm32f4xx_hal_dma2d.o
LOAD build/objs/stm32f4xx_hal_sai.o
LOAD build/objs/stm32f4xx_hal_cryp_ex.o
LOAD build/objs/stm32f4xx_hal_rcc_ex.o
LOAD build/objs/stm32f4xx_ll_fmc.o
LOAD build/objs/stm32f4xx_hal_ltdc_ex.o
LOAD build/objs/stm32f4xx_hal_flash_ramfunc.o
LOAD build/objs/stm32f4xx_hal_cortex.o
LOAD build/objs/stm32f4xx_hal_iwdg.o
LOAD build/objs/stm32f4xx_hal_uart.o
LOAD build/objs/stm32f4xx_hal_tim_ex.o
LOAD build/objs/stm32f4xx_hal_i2c_ex.o
LOAD build/objs/stm32f4xx_hal_dma.o
LOAD build/objs/stm32f4xx_hal_dac.o
LOAD build/objs/stm32f4xx_hal_spdifrx.o
LOAD build/objs/stm32f4xx_hal_fmpi2c_ex.o
LOAD build/objs/stm32f4xx_ll_sdmmc.o
LOAD build/objs/stm32f4xx_hal_i2s_ex.o
LOAD build/objs/stm32f4xx_hal_can.o
LOAD build/objs/stm32f4xx_hal_nor.o
LOAD build/objs/stm32f4xx_hal_pwr.o
LOAD build/objs/stm32f4xx_hal_rtc.o
LOAD build/objs/stm32f4xx_hal_qspi.o
LOAD build/objs/stm32f4xx_hal_hash_ex.o
LOAD build/objs/stm32f4xx_hal_i2s.o
LOAD build/objs/stm32f4xx_hal_sram.o
LOAD build/objs/stm32f4xx_hal_hash.o
LOAD build/objs/stm32f4xx_hal_eth.o
LOAD build/objs/stm32f4xx_hal_tim.o
LOAD build/objs/stm32f4xx_hal_dma_ex.o
LOAD build/objs/stm32f4xx_hal_sd.o
LOAD build/objs/stm32f4xx_hal_sai_ex.o
LOAD build/objs/stm32f4xx_hal_rcc.o
LOAD build/objs/stm32f4xx_hal_wwdg.o
LOAD build/objs/stm32f4xx_hal_dac_ex.o
LOAD build/objs/stm32f4xx_hal_rtc_ex.o
LOAD build/objs/stm32f4xx_hal_pwr_ex.o
LOAD build/objs/stm32f4xx_hal_dcmi.o
LOAD build/objs/stm32f4xx_hal_sdram.o
LOAD build/objs/stm32f4xx_hal_flash.o
LOAD build/objs/stm32f4xx_hal_crc.o
LOAD build/objs/stm32f4xx_hal_usart.o
LOAD build/objs/stm32f4_discovery.o
LOAD build/objs/system_stm32f4xx.o
LOAD build/objs/usbd_core.o
LOAD build/objs/usbd_ctlreq.o
LOAD build/objs/usbd_ioreq.o
LOAD build/objs/usbd_cdc_if_template.o
LOAD build/objs/usbd_cdc.o
LOAD build/objs/startup_stm32f407xx.o
START GROUP
LOAD /usr/lib/gcc/arm-none-eabi/4.9.3/armv7e-m/fpu/libgcc.a
LOAD /usr/lib/gcc/arm-none-eabi/4.9.3/../../../arm-none-eabi/lib/armv7e-m/fpu/libg.a
LOAD /usr/lib/gcc/arm-none-eabi/4.9.3/../../../arm-none-eabi/lib/armv7e-m/fpu/libc.a
END GROUP
                0x000000002001ffff                _estack = 0x2001ffff
                0x0000000000000200                _Min_Heap_Size = 0x200
                0x0000000000000400                _Min_Stack_Size = 0x400

.isr_vector     0x0000000008000000      0x188
                0x0000000008000000                . = ALIGN (0x4)
 *(.isr_vector)
 .isr_vector    0x0000000008000000      0x188 build/objs/startup_stm32f407xx.o
                0x0000000008000000                g_pfnVectors
                0x0000000008000188                . = ALIGN (0x4)

.text           0x00000000080001a0    0x1af78
                0x00000000080001a0                . = ALIGN (0x4)
 *(.text)
 .text          0x00000000080001a0      0x19c build/objs/usbd_cdc_if.o
                0x00000000080002e8                CDC_Transmit_FS
 .text          0x000000000800033c      0x588 build/objs/usbd_conf.o
                0x000000000800033c                HAL_PCD_MspInit
                0x00000000080003b8                HAL_PCD_MspDeInit
                0x00000000080003f4                HAL_PCD_SetupStageCallback
                0x0000000008000418                HAL_PCD_DataOutStageCallback
                0x0000000008000450                HAL_PCD_DataInStageCallback
                0x0000000008000484                HAL_PCD_SOFCallback
                0x00000000080004a0                HAL_PCD_ResetCallback
                0x00000000080004f0                HAL_PCD_SuspendCallback
                0x000000000800053c                HAL_PCD_ResumeCallback
                0x0000000008000558                HAL_PCD_ISOOUTIncompleteCallback
                0x000000000800057c                HAL_PCD_ISOINIncompleteCallback
                0x00000000080005a0                HAL_PCD_ConnectCallback
                0x00000000080005bc                HAL_PCD_DisconnectCallback
                0x00000000080005d8                USBD_LL_Init
                0x000000000800066c                USBD_LL_DeInit
                0x000000000800068c                USBD_LL_Start
                0x00000000080006ac                USBD_LL_Stop
                0x00000000080006cc                USBD_LL_OpenEP
                0x0000000008000700                USBD_LL_CloseEP
                0x0000000008000728                USBD_LL_FlushEP
                0x0000000008000750                USBD_LL_StallEP
                0x0000000008000778                USBD_LL_ClearStallEP
                0x00000000080007a0                USBD_LL_IsStallEP
                0x00000000080007f8                USBD_LL_SetUSBAddress
                0x0000000008000820                USBD_LL_Transmit
                0x0000000008000854                USBD_LL_PrepareReceive
                0x0000000008000888                USBD_LL_GetRxDataSize
                0x00000000080008b0                USBD_LL_Delay
 .text          0x00000000080008c4      0x2b8 build/objs/syscalls.o
                0x00000000080008c4                _sbrk
                0x0000000008000930                _gettimeofday
                0x000000000800095c                initialise_monitor_handles
                0x0000000008000968                _getpid
                0x0000000008000978                _kill
                0x0000000008000998                _exit
                0x00000000080009ac                _write
                0x00000000080009e4                _close
                0x00000000080009fc                _fstat
                0x0000000008000a1c                _isatty
                0x0000000008000a34                _lseek
                0x0000000008000a50                _read
                0x0000000008000a8c                _open
                0x0000000008000aa8                _wait
                0x0000000008000ac8                _unlink
                0x0000000008000ae8                _times
                0x0000000008000b00                _stat
                0x0000000008000b20                _link
                0x0000000008000b40                _fork
                0x0000000008000b58                _execve
 .text          0x0000000008000b7c      0x44c build/objs/USB_printf.o
                0x0000000008000f14                USB_printf
                0x0000000008000f3c                USB_printf_buff
                0x0000000008000f88                PCD8544_printf_buff
 .text          0x0000000008000fc8       0x48 build/objs/stm32f4xx_hal_msp.o
                0x0000000008000fc8                HAL_MspInit
 .text          0x0000000008001010       0x4c build/objs/gpio.o
                0x0000000008001010                MX_GPIO_Init
 .text          0x000000000800105c      0x108 build/objs/SSR.o
                0x000000000800105c                SSR_init
                0x00000000080010f0                SSR_start
                0x0000000008001114                SSR_stop
                0x000000000800113c                SSR_set_duty_cycle
 .text          0x0000000008001164      0x330 build/objs/MAX31855.o
                0x0000000008001164                MAX31855_init
                0x00000000080012d8                MAX31855_read
 .text          0x0000000008001494      0x26c build/objs/main.o
                0x0000000008001494                main
                0x000000000800163c                SystemClock_Config
 .text          0x0000000008001700       0x20 build/objs/stm32f4xx_it.o
                0x0000000008001700                SysTick_Handler
                0x0000000008001710                OTG_FS_IRQHandler
 .text          0x0000000008001720       0x38 build/objs/usb_device.o
                0x0000000008001720                MX_USB_DEVICE_Init
 .text          0x0000000008001758      0x160 build/objs/usbd_desc.o
                0x0000000008001758                USBD_FS_DeviceDescriptor
                0x000000000800177c                USBD_FS_LangIDStrDescriptor
                0x00000000080017a0                USBD_FS_ProductStrDescriptor
                0x00000000080017dc                USBD_FS_ManufacturerStrDescriptor
                0x0000000008001804                USBD_FS_SerialStrDescriptor
                0x0000000008001840                USBD_FS_ConfigStrDescriptor
                0x000000000800187c                USBD_FS_InterfaceStrDescriptor
 .text          0x00000000080018b8      0xe94 build/objs/pcd8544.o
                0x00000000080018b8                PCD8544_InitIO
                0x0000000008001ad0                PCD8544_send
                0x0000000008001b10                PCD8544_Pin
                0x0000000008001b7c                PCD8544_Delay
                0x0000000008001ba4                PCD8544_Init
                0x0000000008001c1c                PCD8544_Write
                0x0000000008001c5c                PCD8544_SetContrast
                0x0000000008001c98                PCD8544_DrawPixel
                0x0000000008001d54                PCD8544_Invert
                0x0000000008001d7c                PCD8544_Clear
                0x0000000008001dc8                PCD8544_Home
                0x0000000008001de0                PCD8544_Refresh
                0x0000000008001e9c                PCD8544_UpdateArea
                0x0000000008001f14                PCD8544_GotoXY
                0x0000000008001f44                PCD8544_Putc
                0x0000000008002098                PCD8544_Puts
                0x00000000080020d0                PCD8544_DrawLine
                0x000000000800228c                PCD8544_DrawRectangle
                0x00000000080022f8                PCD8544_DrawFilledRectangle
                0x0000000008002340                PCD8544_DrawCircle
                0x0000000008002534                PCD8544_DrawFilledCircle
                0x0000000008002718                PCD8544_SetBacklight
 .text          0x000000000800274c      0x58c build/objs/reflow_process.o
                0x000000000800274c                add_reflow_point
                0x00000000080027e0                get_reflow_point
                0x0000000008002858                clear_reflow_list
                0x0000000008002880                start_reflow_process
                0x00000000080028c4                stop_reflow_process
                0x0000000008002914                set_PID_parameters
                0x00000000080029d4                reflow_process
 .text          0x0000000008002cd8      0x188 build/objs/command_processor.o
                0x0000000008002cd8                cmd_proc_receive_data
 .text          0x0000000008002e60        0x0 build/objs/stm32f4xx_hal_dsi.o
 .text          0x0000000008002e60     0x1290 build/objs/stm32f4xx_hal_pcd.o
                0x0000000008002e60                HAL_PCD_Init
                0x0000000008003070                HAL_PCD_DeInit
                0x00000000080030d0                HAL_PCD_Start
                0x0000000008003114                HAL_PCD_Stop
                0x0000000008003164                HAL_PCD_IRQHandler
                0x00000000080039f0                HAL_PCD_DevConnect
                0x0000000008003a2c                HAL_PCD_DevDisconnect
                0x0000000008003a68                HAL_PCD_SetAddress
                0x0000000008003aac                HAL_PCD_EP_Open
                0x0000000008003b7c                HAL_PCD_EP_Close
                0x0000000008003c10                HAL_PCD_EP_Receive
                0x0000000008003cc8                HAL_PCD_EP_GetRxCount
                0x0000000008003cfc                HAL_PCD_EP_Transmit
                0x0000000008003db0                HAL_PCD_EP_SetStall
                0x0000000008003e68                HAL_PCD_EP_ClrStall
                0x0000000008003efc                HAL_PCD_EP_Flush
                0x0000000008003f58                HAL_PCD_ActivateRemoteWakeup
                0x0000000008003f9c                HAL_PCD_DeActivateRemoteWakeup
                0x0000000008003fd0                HAL_PCD_GetState
 .text          0x00000000080040f0        0x0 build/objs/stm32f4xx_hal_irda.o
 .text          0x00000000080040f0        0x0 build/objs/stm32f4xx_ll_fsmc.o
 .text          0x00000000080040f0        0x0 build/objs/stm32f4xx_hal_cec.o
 .text          0x00000000080040f0      0x12c build/objs/stm32f4xx_hal_timebase_tim_template.o
                0x00000000080040f0                HAL_InitTick
                0x00000000080041b8                HAL_SuspendTick
                0x00000000080041d8                HAL_ResumeTick
                0x00000000080041f8                HAL_TIM_PeriodElapsedCallback
                0x000000000800420c                TIM6_DAC_IRQHandler
 .text          0x000000000800421c     0x2180 build/objs/stm32f4xx_ll_usb.o
                0x000000000800421c                USB_CoreInit
                0x00000000080042c0                USB_EnableGlobalInt
                0x00000000080042e4                USB_DisableGlobalInt
                0x0000000008004308                USB_SetCurrentMode
                0x0000000008004358                USB_DevInit
                0x00000000080045b0                USB_FlushTxFifo
                0x00000000080045fc                USB_FlushRxFifo
                0x0000000008004640                USB_SetDevSpeed
                0x0000000008004670                USB_GetDevSpeed
                0x00000000080046dc                USB_ActivateEndpoint
                0x00000000080047f0                USB_ActivateDedicatedEndpoint
                0x0000000008004978                USB_DeactivateEndpoint
                0x0000000008004a70                USB_DeactivateDedicatedEndpoint
                0x0000000008004b24                USB_EPStartXfer
                0x0000000008004fa8                USB_EP0StartXfer
                0x0000000008005264                USB_WritePacket
                0x00000000080052d0                USB_ReadPacket
                0x0000000008005320                USB_EPSetStall
                0x0000000008005404                USB_EPClearStall
                0x00000000080054e0                USB_StopDevice
                0x0000000008005568                USB_SetDevAddress
                0x00000000080055b4                USB_DevConnect
                0x00000000080055e4                USB_DevDisconnect
                0x0000000008005614                USB_ReadInterrupts
                0x0000000008005640                USB_ReadDevAllOutEpInterrupt
                0x0000000008005670                USB_ReadDevAllInEpInterrupt
                0x00000000080056a0                USB_ReadDevOutEPInterrupt
                0x00000000080056d8                USB_ReadDevInEPInterrupt
                0x000000000800572c                USB_ClearInterrupts
                0x000000000800574c                USB_GetMode
                0x0000000008005768                USB_ActivateSetup
                0x00000000080057d4                USB_EP0_OutStart
                0x00000000080058c8                USB_HostInit
                0x0000000008005a20                USB_InitFSLSPClkSel
                0x0000000008005a94                USB_ResetPort
                0x0000000008005ae0                USB_DriveVbus
                0x0000000008005b4c                USB_GetHostSpeed
                0x0000000008005b74                USB_GetCurrentFrame
                0x0000000008005b94                USB_HC_Init
                0x0000000008005d8c                USB_HC_StartXfer
                0x0000000008006004                USB_HC_ReadInterrupt
                0x0000000008006024                USB_HC_Halt
                0x0000000008006224                USB_DoPing
                0x000000000800629c                USB_StopHost
 .text          0x000000000800639c      0x2dc build/objs/stm32f4xx_hal.o
                0x000000000800639c                HAL_Init
                0x00000000080063e0                HAL_DeInit
                0x0000000008006444                HAL_MspDeInit
                0x0000000008006488                HAL_IncTick
                0x00000000080064a4                HAL_GetTick
                0x00000000080064bc                HAL_Delay
                0x0000000008006520                HAL_GetHalVersion
                0x0000000008006534                HAL_GetREVID
                0x000000000800654c                HAL_GetDEVID
                0x0000000008006568                HAL_DBGMCU_EnableDBGSleepMode
                0x0000000008006584                HAL_DBGMCU_DisableDBGSleepMode
                0x00000000080065a0                HAL_DBGMCU_EnableDBGStopMode
                0x00000000080065bc                HAL_DBGMCU_DisableDBGStopMode
                0x00000000080065d8                HAL_DBGMCU_EnableDBGStandbyMode
                0x00000000080065f4                HAL_DBGMCU_DisableDBGStandbyMode
                0x0000000008006610                HAL_EnableCompensationCell
                0x0000000008006644                HAL_DisableCompensationCell
 .text          0x0000000008006678        0x0 build/objs/stm32f4xx_hal_dcmi_ex.o
 .text          0x0000000008006678      0x60c build/objs/stm32f4xx_hal_flash_ex.o
                0x0000000008006678                HAL_FLASHEx_Erase
                0x0000000008006758                HAL_FLASHEx_Erase_IT
                0x0000000008006804                HAL_FLASHEx_OBProgram
                0x00000000080068e4                HAL_FLASHEx_OBGetConfig
                0x000000000800696c                FLASH_Erase_Sector
                0x0000000008006bfc                FLASH_FlushCaches
 .text          0x0000000008006c84        0x0 build/objs/stm32f4xx_hal_cryp.o
 .text          0x0000000008006c84        0x0 build/objs/stm32f4xx_hal_rng.o
 .text          0x0000000008006c84        0x0 build/objs/stm32f4xx_hal_nand.o
 .text          0x0000000008006c84      0x658 build/objs/stm32f4xx_hal_gpio.o
                0x0000000008006c84                HAL_GPIO_Init
                0x0000000008006fc0                HAL_GPIO_DeInit
                0x00000000080071c4                HAL_GPIO_ReadPin
                0x00000000080071f4                HAL_GPIO_WritePin
                0x0000000008007224                HAL_GPIO_TogglePin
                0x0000000008007248                HAL_GPIO_LockPin
                0x0000000008007298                HAL_GPIO_EXTI_IRQHandler
                0x00000000080072c8                HAL_GPIO_EXTI_Callback
 .text          0x00000000080072dc        0x0 build/objs/stm32f4xx_hal_ltdc.o
 .text          0x00000000080072dc        0x0 build/objs/stm32f4xx_hal_hcd.o
 .text          0x00000000080072dc       0xbc build/objs/stm32f4xx_hal_pcd_ex.o
                0x00000000080072dc                HAL_PCDEx_SetTxFiFo
                0x0000000008007374                HAL_PCDEx_SetRxFiFo
 .text          0x0000000008007398        0x0 build/objs/stm32f4xx_hal_adc.o
 .text          0x0000000008007398        0x0 build/objs/stm32f4xx_hal_adc_ex.o
 .text          0x0000000008007398        0x0 build/objs/stm32f4xx_hal_lptim.o
 .text          0x0000000008007398     0x1f30 build/objs/stm32f4xx_hal_spi.o
                0x0000000008007398                HAL_SPI_Init
                0x000000000800746c                HAL_SPI_DeInit
                0x00000000080074bc                HAL_SPI_MspInit
                0x00000000080074d0                HAL_SPI_MspDeInit
                0x00000000080074e4                HAL_SPI_Transmit
                0x000000000800771c                HAL_SPI_Receive
                0x0000000008007a2c                HAL_SPI_TransmitReceive
                0x0000000008007d5c                HAL_SPI_Transmit_IT
                0x0000000008007ea4                HAL_SPI_Receive_IT
                0x0000000008007ff8                HAL_SPI_TransmitReceive_IT
                0x0000000008008148                HAL_SPI_Transmit_DMA
                0x000000000800829c                HAL_SPI_Receive_DMA
                0x0000000008008414                HAL_SPI_TransmitReceive_DMA
                0x00000000080085e8                HAL_SPI_DMAPause
                0x000000000800862c                HAL_SPI_DMAResume
                0x0000000008008670                HAL_SPI_DMAStop
                0x00000000080086c0                HAL_SPI_IRQHandler
                0x00000000080087ec                HAL_SPI_TxCpltCallback
                0x0000000008008800                HAL_SPI_RxCpltCallback
                0x0000000008008814                HAL_SPI_TxRxCpltCallback
                0x0000000008008828                HAL_SPI_TxHalfCpltCallback
                0x000000000800883c                HAL_SPI_RxHalfCpltCallback
                0x0000000008008850                HAL_SPI_TxRxHalfCpltCallback
                0x0000000008008864                HAL_SPI_ErrorCallback
                0x0000000008008878                HAL_SPI_GetState
                0x0000000008008894                HAL_SPI_GetError
 .text          0x00000000080092c8     0x4618 build/objs/stm32f4xx_hal_i2c.o
                0x00000000080092c8                HAL_I2C_Init
                0x0000000008009488                HAL_I2C_DeInit
                0x00000000080094e8                HAL_I2C_MspInit
                0x00000000080094fc                HAL_I2C_MspDeInit
                0x0000000008009510                HAL_I2C_Master_Transmit
                0x00000000080096b4                HAL_I2C_Master_Receive
                0x00000000080099f4                HAL_I2C_Slave_Transmit
                0x0000000008009bc4                HAL_I2C_Slave_Receive
                0x0000000008009d8c                HAL_I2C_Master_Transmit_IT
                0x0000000008009ed4                HAL_I2C_Master_Receive_IT
                0x000000000800a0bc                HAL_I2C_Master_Sequential_Transmit_IT
                0x000000000800a21c                HAL_I2C_Master_Sequential_Receive_IT
                0x000000000800a488                HAL_I2C_Slave_Transmit_IT
                0x000000000800a55c                HAL_I2C_Slave_Receive_IT
                0x000000000800a630                HAL_I2C_Slave_Sequential_Transmit_IT
                0x000000000800a6f0                HAL_I2C_Slave_Sequential_Receive_IT
                0x000000000800a7b0                HAL_I2C_EnableListen_IT
                0x000000000800a800                HAL_I2C_DisableListen_IT
                0x000000000800a878                HAL_I2C_Master_Transmit_DMA
                0x000000000800aa34                HAL_I2C_Master_Receive_DMA
                0x000000000800abfc                HAL_I2C_Master_Abort_IT
                0x000000000800aca4                HAL_I2C_Slave_Transmit_DMA
                0x000000000800ae30                HAL_I2C_Slave_Receive_DMA
                0x000000000800af68                HAL_I2C_Mem_Write
                0x000000000800b100                HAL_I2C_Mem_Read
                0x000000000800b43c                HAL_I2C_Mem_Write_IT
                0x000000000800b578                HAL_I2C_Mem_Read_IT
                0x000000000800b76c                HAL_I2C_Mem_Write_DMA
                0x000000000800b90c                HAL_I2C_Mem_Read_DMA
                0x000000000800bae4                HAL_I2C_IsDeviceReady
                0x000000000800bd10                HAL_I2C_EV_IRQHandler
                0x000000000800bff4                HAL_I2C_ER_IRQHandler
                0x000000000800c23c                HAL_I2C_MasterTxCpltCallback
                0x000000000800c250                HAL_I2C_MasterRxCpltCallback
                0x000000000800c264                HAL_I2C_SlaveTxCpltCallback
                0x000000000800c278                HAL_I2C_SlaveRxCpltCallback
                0x000000000800c28c                HAL_I2C_AddrCallback
                0x000000000800c2a8                HAL_I2C_ListenCpltCallback
                0x000000000800c2bc                HAL_I2C_MemTxCpltCallback
                0x000000000800c2d0                HAL_I2C_MemRxCpltCallback
                0x000000000800c2e4                HAL_I2C_ErrorCallback
                0x000000000800c2f8                HAL_I2C_GetState
                0x000000000800c314                HAL_I2C_GetMode
                0x000000000800c330                HAL_I2C_GetError
 .text          0x000000000800d8e0        0x0 build/objs/stm32f4xx_hal_fmpi2c.o
 .text          0x000000000800d8e0        0x0 build/objs/stm32f4xx_hal_smartcard.o
 .text          0x000000000800d8e0        0x0 build/objs/stm32f4xx_hal_pccard.o
 .text          0x000000000800d8e0        0x0 build/objs/stm32f4xx_hal_dma2d.o
 .text          0x000000000800d8e0        0x0 build/objs/stm32f4xx_hal_sai.o
 .text          0x000000000800d8e0        0x0 build/objs/stm32f4xx_hal_cryp_ex.o
 .text          0x000000000800d8e0      0x2cc build/objs/stm32f4xx_hal_rcc_ex.o
                0x000000000800d8e0                HAL_RCC_DeInit
                0x000000000800d958                HAL_RCCEx_PeriphCLKConfig
                0x000000000800db28                HAL_RCCEx_GetPeriphCLKConfig
 .text          0x000000000800dbac        0x0 build/objs/stm32f4xx_ll_fmc.o
 .text          0x000000000800dbac        0x0 build/objs/stm32f4xx_hal_ltdc_ex.o
 .text          0x000000000800dbac        0x0 build/objs/stm32f4xx_hal_flash_ramfunc.o
 .text          0x000000000800dbac      0x5b0 build/objs/stm32f4xx_hal_cortex.o
                0x000000000800df28                HAL_NVIC_SetPriorityGrouping
                0x000000000800df3c                HAL_NVIC_SetPriority
                0x000000000800df74                HAL_NVIC_EnableIRQ
                0x000000000800df90                HAL_NVIC_DisableIRQ
                0x000000000800dfac                HAL_NVIC_SystemReset
                0x000000000800dfb8                HAL_SYSTICK_Config
                0x000000000800dfd0                HAL_MPU_ConfigRegion
                0x000000000800e054                HAL_NVIC_GetPriorityGrouping
                0x000000000800e064                HAL_NVIC_GetPriority
                0x000000000800e094                HAL_NVIC_SetPendingIRQ
                0x000000000800e0b0                HAL_NVIC_GetPendingIRQ
                0x000000000800e0d0                HAL_NVIC_ClearPendingIRQ
                0x000000000800e0ec                HAL_NVIC_GetActive
                0x000000000800e10c                HAL_SYSTICK_CLKSourceConfig
                0x000000000800e144                HAL_SYSTICK_IRQHandler
                0x000000000800e150                HAL_SYSTICK_Callback
 .text          0x000000000800e15c        0x0 build/objs/stm32f4xx_hal_iwdg.o
 .text          0x000000000800e15c        0x0 build/objs/stm32f4xx_hal_uart.o
 .text          0x000000000800e15c     0x14dc build/objs/stm32f4xx_hal_tim_ex.o
                0x000000000800e15c                HAL_TIMEx_HallSensor_Init
                0x000000000800e278                HAL_TIMEx_HallSensor_DeInit
                0x000000000800e2d8                HAL_TIMEx_HallSensor_MspInit
                0x000000000800e2ec                HAL_TIMEx_HallSensor_MspDeInit
                0x000000000800e300                HAL_TIMEx_HallSensor_Start
                0x000000000800e330                HAL_TIMEx_HallSensor_Stop
                0x000000000800e380                HAL_TIMEx_HallSensor_Start_IT
                0x000000000800e3c0                HAL_TIMEx_HallSensor_Stop_IT
                0x000000000800e420                HAL_TIMEx_HallSensor_Start_DMA
                0x000000000800e4cc                HAL_TIMEx_HallSensor_Stop_DMA
                0x000000000800e52c                HAL_TIMEx_OCN_Start
                0x000000000800e570                HAL_TIMEx_OCN_Stop
                0x000000000800e5f4                HAL_TIMEx_OCN_Start_IT
                0x000000000800e6d4                HAL_TIMEx_OCN_Stop_IT
                0x000000000800e804                HAL_TIMEx_OCN_Start_DMA
                0x000000000800e9bc                HAL_TIMEx_OCN_Stop_DMA
                0x000000000800ead4                HAL_TIMEx_PWMN_Start
                0x000000000800eb18                HAL_TIMEx_PWMN_Stop
                0x000000000800eb9c                HAL_TIMEx_PWMN_Start_IT
                0x000000000800ec7c                HAL_TIMEx_PWMN_Stop_IT
                0x000000000800edac                HAL_TIMEx_PWMN_Start_DMA
                0x000000000800ef64                HAL_TIMEx_PWMN_Stop_DMA
                0x000000000800f07c                HAL_TIMEx_OnePulseN_Start
                0x000000000800f0b0                HAL_TIMEx_OnePulseN_Stop
                0x000000000800f134                HAL_TIMEx_OnePulseN_Start_IT
                0x000000000800f188                HAL_TIMEx_OnePulseN_Stop_IT
                0x000000000800f22c                HAL_TIMEx_ConfigCommutationEvent
                0x000000000800f2cc                HAL_TIMEx_ConfigCommutationEvent_IT
                0x000000000800f37c                HAL_TIMEx_ConfigCommutationEvent_DMA
                0x000000000800f444                HAL_TIMEx_MasterConfigSynchronization
                0x000000000800f4d0                HAL_TIMEx_ConfigBreakDeadTime
                0x000000000800f544                HAL_TIMEx_RemapConfig
                0x000000000800f58c                HAL_TIMEx_CommutationCallback
                0x000000000800f5a0                HAL_TIMEx_BreakCallback
                0x000000000800f5b4                HAL_TIMEx_HallSensor_GetState
                0x000000000800f5d0                TIMEx_DMACommutationCplt
 .text          0x000000000800f638        0x0 build/objs/stm32f4xx_hal_i2c_ex.o
 .text          0x000000000800f638      0x8e4 build/objs/stm32f4xx_hal_dma.o
                0x000000000800f638                HAL_DMA_Init
                0x000000000800f710                HAL_DMA_DeInit
                0x000000000800f7ac                HAL_DMA_Start
                0x000000000800f810                HAL_DMA_Start_IT
                0x000000000800f894                HAL_DMA_Abort
                0x000000000800f910                HAL_DMA_PollForTransfer
                0x000000000800fb2c                HAL_DMA_IRQHandler
                0x000000000800fe20                HAL_DMA_GetState
                0x000000000800fe3c                HAL_DMA_GetError
 .text          0x000000000800ff1c        0x0 build/objs/stm32f4xx_hal_dac.o
 .text          0x000000000800ff1c        0x0 build/objs/stm32f4xx_hal_spdifrx.o
 .text          0x000000000800ff1c        0x0 build/objs/stm32f4xx_hal_fmpi2c_ex.o
 .text          0x000000000800ff1c        0x0 build/objs/stm32f4xx_ll_sdmmc.o
 .text          0x000000000800ff1c        0x0 build/objs/stm32f4xx_hal_i2s_ex.o
 .text          0x000000000800ff1c        0x0 build/objs/stm32f4xx_hal_can.o
 .text          0x000000000800ff1c        0x0 build/objs/stm32f4xx_hal_nor.o
 .text          0x000000000800ff1c      0x35c build/objs/stm32f4xx_hal_pwr.o
                0x000000000800ff1c                HAL_PWR_DeInit
                0x000000000800ff44                HAL_PWR_EnableBkUpAccess
                0x000000000800ff78                HAL_PWR_DisableBkUpAccess
                0x000000000800ffac                HAL_PWR_ConfigPVD
                0x0000000008010068                HAL_PWR_EnablePVD
                0x000000000801009c                HAL_PWR_DisablePVD
                0x00000000080100d0                HAL_PWR_EnableWakeUpPin
                0x00000000080100f4                HAL_PWR_DisableWakeUpPin
                0x0000000008010118                HAL_PWR_EnterSLEEPMode
                0x0000000008010150                HAL_PWR_EnterSTOPMode
                0x00000000080101a8                HAL_PWR_EnterSTANDBYMode
                0x00000000080101d8                HAL_PWR_PVD_IRQHandler
                0x00000000080101fc                HAL_PWR_PVDCallback
                0x0000000008010208                HAL_PWR_EnableSleepOnExit
                0x0000000008010224                HAL_PWR_DisableSleepOnExit
                0x0000000008010240                HAL_PWR_EnableSEVOnPend
                0x000000000801025c                HAL_PWR_DisableSEVOnPend
 .text          0x0000000008010278        0x0 build/objs/stm32f4xx_hal_rtc.o
 .text          0x0000000008010278        0x0 build/objs/stm32f4xx_hal_qspi.o
 .text          0x0000000008010278        0x0 build/objs/stm32f4xx_hal_hash_ex.o
 .text          0x0000000008010278        0x0 build/objs/stm32f4xx_hal_i2s.o
 .text          0x0000000008010278        0x0 build/objs/stm32f4xx_hal_sram.o
 .text          0x0000000008010278        0x0 build/objs/stm32f4xx_hal_hash.o
 .text          0x0000000008010278        0x0 build/objs/stm32f4xx_hal_eth.o
 .text          0x0000000008010278     0x3f3c build/objs/stm32f4xx_hal_tim.o
                0x0000000008010278                HAL_TIM_Base_Init
                0x00000000080102d0                HAL_TIM_Base_DeInit
                0x0000000008010330                HAL_TIM_Base_MspInit
                0x0000000008010344                HAL_TIM_Base_MspDeInit
                0x0000000008010358                HAL_TIM_Base_Start
                0x0000000008010390                HAL_TIM_Base_Stop
                0x00000000080103e8                HAL_TIM_Base_Start_IT
                0x0000000008010420                HAL_TIM_Base_Stop_IT
                0x0000000008010478                HAL_TIM_Base_Start_DMA
                0x0000000008010518                HAL_TIM_Base_Stop_DMA
                0x0000000008010578                HAL_TIM_OC_Init
                0x00000000080105d0                HAL_TIM_OC_DeInit
                0x0000000008010630                HAL_TIM_OC_MspInit
                0x0000000008010644                HAL_TIM_OC_MspDeInit
                0x0000000008010658                HAL_TIM_OC_Start
                0x00000000080106c0                HAL_TIM_OC_Stop
                0x0000000008010768                HAL_TIM_OC_Start_IT
                0x000000000801085c                HAL_TIM_OC_Stop_IT
                0x0000000008010990                HAL_TIM_OC_Start_DMA
                0x0000000008010b6c                HAL_TIM_OC_Stop_DMA
                0x0000000008010ca8                HAL_TIM_PWM_Init
                0x0000000008010d00                HAL_TIM_PWM_DeInit
                0x0000000008010d60                HAL_TIM_PWM_MspInit
                0x0000000008010d74                HAL_TIM_PWM_MspDeInit
                0x0000000008010d88                HAL_TIM_PWM_Start
                0x0000000008010df0                HAL_TIM_PWM_Stop
                0x0000000008010ea0                HAL_TIM_PWM_Start_IT
                0x0000000008010f94                HAL_TIM_PWM_Stop_IT
                0x00000000080110c8                HAL_TIM_PWM_Start_DMA
                0x00000000080112a4                HAL_TIM_PWM_Stop_DMA
                0x00000000080113e0                HAL_TIM_IC_Init
                0x0000000008011438                HAL_TIM_IC_DeInit
                0x0000000008011498                HAL_TIM_IC_MspInit
                0x00000000080114ac                HAL_TIM_IC_MspDeInit
                0x00000000080114c0                HAL_TIM_IC_Start
                0x00000000080114f4                HAL_TIM_IC_Stop
                0x0000000008011548                HAL_TIM_IC_Start_IT
                0x0000000008011608                HAL_TIM_IC_Stop_IT
                0x00000000080116e8                HAL_TIM_IC_Start_DMA
                0x0000000008011888                HAL_TIM_IC_Stop_DMA
                0x0000000008011970                HAL_TIM_OnePulse_Init
                0x00000000080119e8                HAL_TIM_OnePulse_DeInit
                0x0000000008011a48                HAL_TIM_OnePulse_MspInit
                0x0000000008011a5c                HAL_TIM_OnePulse_MspDeInit
                0x0000000008011a70                HAL_TIM_OnePulse_Start
                0x0000000008011ad8                HAL_TIM_OnePulse_Stop
                0x0000000008011b90                HAL_TIM_OnePulse_Start_IT
                0x0000000008011c18                HAL_TIM_OnePulse_Stop_IT
                0x0000000008011cf0                HAL_TIM_Encoder_Init
                0x0000000008011e1c                HAL_TIM_Encoder_DeInit
                0x0000000008011e7c                HAL_TIM_Encoder_MspInit
                0x0000000008011e90                HAL_TIM_Encoder_MspDeInit
                0x0000000008011ea4                HAL_TIM_Encoder_Start
                0x0000000008011f14                HAL_TIM_Encoder_Stop
                0x0000000008011fa4                HAL_TIM_Encoder_Start_IT
                0x0000000008012054                HAL_TIM_Encoder_Stop_IT
                0x0000000008012128                HAL_TIM_Encoder_Start_DMA
                0x00000000080122e0                HAL_TIM_Encoder_Stop_DMA
                0x00000000080123b4                HAL_TIM_IRQHandler
                0x00000000080125c4                HAL_TIM_OC_ConfigChannel
                0x0000000008012684                HAL_TIM_IC_ConfigChannel
                0x00000000080127bc                HAL_TIM_PWM_ConfigChannel
                0x0000000008012948                HAL_TIM_OnePulse_ConfigChannel
                0x0000000008012ac8                HAL_TIM_DMABurst_WriteStart
                0x0000000008012cd4                HAL_TIM_DMABurst_WriteStop
                0x0000000008012d84                HAL_TIM_DMABurst_ReadStart
                0x0000000008012f84                HAL_TIM_DMABurst_ReadStop
                0x0000000008013034                HAL_TIM_GenerateEvent
                0x0000000008013084                HAL_TIM_ConfigOCrefClear
                0x00000000080131d8                HAL_TIM_ConfigClockSource
                0x000000000801339c                HAL_TIM_ConfigTI1Input
                0x00000000080133d8                HAL_TIM_SlaveConfigSynchronization
                0x0000000008013444                HAL_TIM_SlaveConfigSynchronization_IT
                0x00000000080134b0                HAL_TIM_ReadCapturedValue
                0x0000000008013568                HAL_TIM_OC_DelayElapsedCallback
                0x000000000801357c                HAL_TIM_IC_CaptureCallback
                0x0000000008013590                HAL_TIM_PWM_PulseFinishedCallback
                0x00000000080135a4                HAL_TIM_TriggerCallback
                0x00000000080135b8                HAL_TIM_ErrorCallback
                0x00000000080135cc                HAL_TIM_Base_GetState
                0x00000000080135e8                HAL_TIM_OC_GetState
                0x0000000008013604                HAL_TIM_PWM_GetState
                0x0000000008013620                HAL_TIM_IC_GetState
                0x000000000801363c                HAL_TIM_OnePulse_GetState
                0x0000000008013658                HAL_TIM_Encoder_GetState
                0x0000000008013674                TIM_Base_SetConfig
                0x00000000080137c4                TIM_TI1_SetConfig
                0x00000000080138b8                TIM_OC2_SetConfig
                0x00000000080139a8                TIM_DMADelayPulseCplt
                0x0000000008013a18                TIM_DMAError
                0x0000000008013a3c                TIM_DMACaptureCplt
                0x0000000008013aac                TIM_CCxChannelCmd
 .text          0x00000000080141b4      0x210 build/objs/stm32f4xx_hal_dma_ex.o
                0x00000000080141b4                HAL_DMAEx_MultiBufferStart
                0x0000000008014254                HAL_DMAEx_MultiBufferStart_IT
                0x0000000008014344                HAL_DMAEx_ChangeMemory
 .text          0x00000000080143c4        0x0 build/objs/stm32f4xx_hal_sd.o
 .text          0x00000000080143c4        0x0 build/objs/stm32f4xx_hal_sai_ex.o
 .text          0x00000000080143c4      0xae8 build/objs/stm32f4xx_hal_rcc.o
                0x00000000080143d0                HAL_RCC_OscConfig
                0x00000000080147f4                HAL_RCC_ClockConfig
                0x00000000080149dc                HAL_RCC_MCOConfig
                0x0000000008014aa8                HAL_RCC_EnableCSS
                0x0000000008014ac0                HAL_RCC_DisableCSS
                0x0000000008014ad8                HAL_RCC_GetSysClockFreq
                0x0000000008014bd4                HAL_RCC_GetHCLKFreq
                0x0000000008014c24                HAL_RCC_GetPCLK1Freq
                0x0000000008014c68                HAL_RCC_GetPCLK2Freq
                0x0000000008014cac                HAL_RCC_GetOscConfig
                0x0000000008014e1c                HAL_RCC_GetClockConfig
                0x0000000008014e7c                HAL_RCC_NMI_IRQHandler
                0x0000000008014ea0                HAL_RCC_CSSCallback
 .text          0x0000000008014eac        0x0 build/objs/stm32f4xx_hal_wwdg.o
 .text          0x0000000008014eac        0x0 build/objs/stm32f4xx_hal_dac_ex.o
 .text          0x0000000008014eac        0x0 build/objs/stm32f4xx_hal_rtc_ex.o
 .text          0x0000000008014eac      0x1d8 build/objs/stm32f4xx_hal_pwr_ex.o
                0x0000000008014eac                HAL_PWREx_EnableBkUpReg
                0x0000000008014f14                HAL_PWREx_DisableBkUpReg
                0x0000000008014f7c                HAL_PWREx_EnableFlashPowerDown
                0x0000000008014fb0                HAL_PWREx_DisableFlashPowerDown
                0x0000000008014fe4                HAL_PWREx_GetVoltageRange
                0x0000000008015000                HAL_PWREx_ControlVoltageScaling
 .text          0x0000000008015084        0x0 build/objs/stm32f4xx_hal_dcmi.o
 .text          0x0000000008015084        0x0 build/objs/stm32f4xx_hal_sdram.o
 .text          0x0000000008015084      0x5f8 build/objs/stm32f4xx_hal_flash.o
                0x0000000008015084                HAL_FLASH_Program
                0x000000000801512c                HAL_FLASH_Program_IT
                0x00000000080151c8                HAL_FLASH_IRQHandler
                0x0000000008015308                HAL_FLASH_EndOfOperationCallback
                0x000000000801531c                HAL_FLASH_OperationErrorCallback
                0x0000000008015330                HAL_FLASH_Unlock
                0x0000000008015364                HAL_FLASH_Lock
                0x0000000008015384                HAL_FLASH_OB_Unlock
                0x00000000080153bc                HAL_FLASH_OB_Lock
                0x00000000080153dc                HAL_FLASH_OB_Launch
                0x0000000008015404                HAL_FLASH_GetError
                0x000000000801541c                FLASH_WaitForLastOperation
 .text          0x000000000801567c        0x0 build/objs/stm32f4xx_hal_crc.o
 .text          0x000000000801567c        0x0 build/objs/stm32f4xx_hal_usart.o
 .text          0x000000000801567c      0x7cc build/objs/stm32f4_discovery.o
                0x000000000801567c                BSP_GetVersion
                0x0000000008015690                BSP_LED_Init
                0x0000000008015780                BSP_LED_On
                0x00000000080157b4                BSP_LED_Off
                0x00000000080157e8                BSP_LED_Toggle
                0x0000000008015818                BSP_PB_Init
                0x00000000080158cc                BSP_PB_GetState
                0x0000000008015bf0                ACCELERO_IO_Init
                0x0000000008015c48                ACCELERO_IO_ITConfig
                0x0000000008015ca8                ACCELERO_IO_Write
                0x0000000008015d0c                ACCELERO_IO_Read
                0x0000000008015d7c                AUDIO_IO_Init
                0x0000000008015dec                AUDIO_IO_DeInit
                0x0000000008015df8                AUDIO_IO_Write
                0x0000000008015e20                AUDIO_IO_Read
 .text          0x0000000008015e48      0x164 build/objs/system_stm32f4xx.o
                0x0000000008015e48                SystemInit
                0x0000000008015eb4                SystemCoreClockUpdate
 .text          0x0000000008015fac      0x57c build/objs/usbd_core.o
                0x0000000008015fac                USBD_Init
                0x0000000008016004                USBD_DeInit
                0x0000000008016040                USBD_RegisterClass
                0x0000000008016074                USBD_Start
                0x000000000801608c                USBD_Stop
                0x00000000080160b8                USBD_RunTestMode
                0x00000000080160d0                USBD_SetClassConfig
                0x0000000008016110                USBD_ClrClassConfig
                0x0000000008016138                USBD_LL_SetupStage
                0x00000000080161cc                USBD_LL_DataOutStage
                0x0000000008016284                USBD_LL_DataInStage
                0x00000000080163a4                USBD_LL_Reset
                0x0000000008016404                USBD_LL_SetSpeed
                0x0000000008016424                USBD_LL_Suspend
                0x0000000008016450                USBD_LL_Resume
                0x0000000008016474                USBD_LL_SOF
                0x00000000080164a8                USBD_LL_IsoINIncomplete
                0x00000000080164c4                USBD_LL_IsoOUTIncomplete
                0x00000000080164e0                USBD_LL_DevConnected
                0x00000000080164f8                USBD_LL_DevDisconnected
 .text          0x0000000008016528      0x8c8 build/objs/usbd_ctlreq.o
                0x0000000008016528                USBD_StdDevReq
                0x00000000080165c8                USBD_StdItfReq
                0x0000000008016630                USBD_StdEPReq
                0x0000000008016ca4                USBD_ParseSetupRequest
                0x0000000008016d1c                USBD_CtlError
                0x0000000008016d3c                USBD_GetString
 .text          0x0000000008016df0      0x130 build/objs/usbd_ioreq.o
                0x0000000008016df0                USBD_CtlSendData
                0x0000000008016e28                USBD_CtlContinueSendData
                0x0000000008016e4c                USBD_CtlPrepareRx
                0x0000000008016e88                USBD_CtlContinueRx
                0x0000000008016eac                USBD_CtlSendStatus
                0x0000000008016ed4                USBD_CtlReceiveStatus
                0x0000000008016efc                USBD_GetRxCount
 .text          0x0000000008016f20      0x1a4 build/objs/usbd_cdc_if_template.o
 .text          0x00000000080170c4      0x490 build/objs/usbd_cdc.o
                0x00000000080173fc                USBD_CDC_GetDeviceQualifierDescriptor
                0x000000000801741c                USBD_CDC_RegisterInterface
                0x000000000801744c                USBD_CDC_SetTxBuffer
                0x0000000008017480                USBD_CDC_SetRxBuffer
                0x00000000080174a8                USBD_CDC_TransmitPacket
                0x00000000080174fc                USBD_CDC_ReceivePacket
 .text          0x0000000008017554       0x14 build/objs/startup_stm32f407xx.o
 .text          0x0000000008017568      0x370 /usr/lib/gcc/arm-none-eabi/4.9.3/armv7e-m/fpu/libgcc.a(_arm_addsubdf3.o)
                0x0000000008017568                __aeabi_drsub
                0x0000000008017570                __aeabi_dsub
                0x0000000008017570                __subdf3
                0x0000000008017574                __adddf3
                0x0000000008017574                __aeabi_dadd
                0x00000000080177ec                __aeabi_ui2d
                0x00000000080177ec                __floatunsidf
                0x000000000801780c                __floatsidf
                0x000000000801780c                __aeabi_i2d
                0x0000000008017830                __extendsfdf2
                0x0000000008017830                __aeabi_f2d
                0x000000000801786c                __aeabi_ul2d
                0x000000000801786c                __floatundidf
                0x000000000801787c                __floatdidf
                0x000000000801787c                __aeabi_l2d
 .text          0x00000000080178d8      0x424 /usr/lib/gcc/arm-none-eabi/4.9.3/armv7e-m/fpu/libgcc.a(_arm_muldivdf3.o)
                0x00000000080178d8                __aeabi_dmul
                0x00000000080178d8                __muldf3
                0x0000000008017b2c                __aeabi_ddiv
                0x0000000008017b2c                __divdf3
 .text          0x0000000008017cfc       0xa0 /usr/lib/gcc/arm-none-eabi/4.9.3/armv7e-m/fpu/libgcc.a(_arm_truncdfsf2.o)
                0x0000000008017cfc                __aeabi_d2f
                0x0000000008017cfc                __truncdfsf2
 .text          0x0000000008017d9c        0x0 /usr/lib/gcc/arm-none-eabi/4.9.3/../../../arm-none-eabi/lib/armv7e-m/fpu/libg.a(lib_a-atof.o)
 .text          0x0000000008017d9c        0x0 /usr/lib/gcc/arm-none-eabi/4.9.3/../../../arm-none-eabi/lib/armv7e-m/fpu/libg.a(lib_a-atoi.o)
 .text          0x0000000008017d9c        0x0 /usr/lib/gcc/arm-none-eabi/4.9.3/../../../arm-none-eabi/lib/armv7e-m/fpu/libg.a(lib_a-errno.o)
 .text          0x0000000008017d9c        0x0 /usr/lib/gcc/arm-none-eabi/4.9.3/../../../arm-none-eabi/lib/armv7e-m/fpu/libg.a(lib_a-impure.o)
 .text          0x0000000008017d9c        0x0 /usr/lib/gcc/arm-none-eabi/4.9.3/../../../arm-none-eabi/lib/armv7e-m/fpu/libg.a(lib_a-malloc.o)
 .text          0x0000000008017d9c        0x0 /usr/lib/gcc/arm-none-eabi/4.9.3/../../../arm-none-eabi/lib/armv7e-m/fpu/libg.a(lib_a-mallocr.o)
 .text          0x0000000008017d9c        0x0 /usr/lib/gcc/arm-none-eabi/4.9.3/../../../arm-none-eabi/lib/armv7e-m/fpu/libg.a(lib_a-mlock.o)
 .text          0x0000000008017d9c        0x0 /usr/lib/gcc/arm-none-eabi/4.9.3/../../../arm-none-eabi/lib/armv7e-m/fpu/libg.a(lib_a-sbrkr.o)
 *fill*         0x0000000008017d9c        0x4 
 .text          0x0000000008017da0      0x2e0 /usr/lib/gcc/arm-none-eabi/4.9.3/../../../arm-none-eabi/lib/armv7e-m/fpu/libg.a(lib_a-strcmp.o)
                0x0000000008017da8                strcmp
 .text          0x0000000008018080        0x0 /usr/lib/gcc/arm-none-eabi/4.9.3/../../../arm-none-eabi/lib/armv7e-m/fpu/libg.a(lib_a-strtod.o)
 .text          0x0000000008018080        0x0 /usr/lib/gcc/arm-none-eabi/4.9.3/../../../arm-none-eabi/lib/armv7e-m/fpu/libg.a(lib_a-strtok.o)
 .text          0x0000000008018080        0x0 /usr/lib/gcc/arm-none-eabi/4.9.3/../../../arm-none-eabi/lib/armv7e-m/fpu/libg.a(lib_a-strtok_r.o)
 .text          0x0000000008018080        0x0 /usr/lib/gcc/arm-none-eabi/4.9.3/../../../arm-none-eabi/lib/armv7e-m/fpu/libg.a(lib_a-strtol.o)
 .text          0x0000000008018080        0x0 /usr/lib/gcc/arm-none-eabi/4.9.3/../../../arm-none-eabi/lib/armv7e-m/fpu/libg.a(lib_a-ctype_.o)
 .text          0x0000000008018080        0x0 /usr/lib/gcc/arm-none-eabi/4.9.3/../../../arm-none-eabi/lib/armv7e-m/fpu/libg.a(lib_a-freer.o)
 .text          0x0000000008018080        0x0 /usr/lib/gcc/arm-none-eabi/4.9.3/../../../arm-none-eabi/lib/armv7e-m/fpu/libg.a(lib_a-gdtoa-gethex.o)
 .text          0x0000000008018080        0x0 /usr/lib/gcc/arm-none-eabi/4.9.3/../../../arm-none-eabi/lib/armv7e-m/fpu/libg.a(lib_a-gdtoa-hexnan.o)
 .text          0x0000000008018080        0x0 /usr/lib/gcc/arm-none-eabi/4.9.3/../../../arm-none-eabi/lib/armv7e-m/fpu/libg.a(lib_a-locale.o)
 .text          0x0000000008018080      0x134 /usr/lib/gcc/arm-none-eabi/4.9.3/../../../arm-none-eabi/lib/armv7e-m/fpu/libg.a(lib_a-memcpy.o)
                0x0000000008018080                memcpy
 .text          0x00000000080181b4        0x0 /usr/lib/gcc/arm-none-eabi/4.9.3/../../../arm-none-eabi/lib/armv7e-m/fpu/libg.a(lib_a-mprec.o)
 .text          0x00000000080181b4        0x0 /usr/lib/gcc/arm-none-eabi/4.9.3/../../../arm-none-eabi/lib/armv7e-m/fpu/libg.a(lib_a-reent.o)
 .text          0x00000000080181b4        0x0 /usr/lib/gcc/arm-none-eabi/4.9.3/../../../arm-none-eabi/lib/armv7e-m/fpu/libg.a(lib_a-s_fpclassify.o)
 .text          0x00000000080181b4        0x0 /usr/lib/gcc/arm-none-eabi/4.9.3/../../../arm-none-eabi/lib/armv7e-m/fpu/libg.a(lib_a-sf_nan.o)
 .text          0x00000000080181b4        0x0 /usr/lib/gcc/arm-none-eabi/4.9.3/../../../arm-none-eabi/lib/armv7e-m/fpu/libg.a(lib_a-strlen.o)
 .text          0x00000000080181b4        0x0 /usr/lib/gcc/arm-none-eabi/4.9.3/../../../arm-none-eabi/lib/armv7e-m/fpu/libg.a(lib_a-strncmp.o)
 .text          0x00000000080181b4        0x0 /usr/lib/gcc/arm-none-eabi/4.9.3/../../../arm-none-eabi/lib/armv7e-m/fpu/libg.a(lib_a-callocr.o)
 .text          0x00000000080181b4        0x0 /usr/lib/gcc/arm-none-eabi/4.9.3/../../../arm-none-eabi/lib/armv7e-m/fpu/libg.a(lib_a-memset.o)
 .text          0x00000000080181b4      0x110 /usr/lib/gcc/arm-none-eabi/4.9.3/armv7e-m/fpu/libgcc.a(_arm_cmpdf2.o)
                0x00000000080181b4                __gtdf2
                0x00000000080181b4                __gedf2
                0x00000000080181bc                __ltdf2
                0x00000000080181bc                __ledf2
                0x00000000080181c4                __cmpdf2
                0x00000000080181c4                __eqdf2
                0x00000000080181c4                __nedf2
                0x0000000008018240                __aeabi_cdrcmple
                0x0000000008018250                __aeabi_cdcmple
                0x0000000008018250                __aeabi_cdcmpeq
                0x0000000008018260                __aeabi_dcmpeq
                0x0000000008018274                __aeabi_dcmplt
                0x0000000008018288                __aeabi_dcmple
                0x000000000801829c                __aeabi_dcmpge
                0x00000000080182b0                __aeabi_dcmpgt
 .text          0x00000000080182c4       0x50 /usr/lib/gcc/arm-none-eabi/4.9.3/armv7e-m/fpu/libgcc.a(_arm_fixdfsi.o)
                0x00000000080182c4                __fixdfsi
                0x00000000080182c4                __aeabi_d2iz
 .text          0x0000000008018314       0x40 /usr/lib/gcc/arm-none-eabi/4.9.3/armv7e-m/fpu/libgcc.a(_arm_fixunsdfsi.o)
                0x0000000008018314                __fixunsdfsi
                0x0000000008018314                __aeabi_d2uiz
 *(.text*)
 .text.Reset_Handler
                0x0000000008018354       0x4c build/objs/startup_stm32f407xx.o
                0x0000000008018354                Reset_Handler
 .text.Default_Handler
                0x00000000080183a0        0x2 build/objs/startup_stm32f407xx.o
                0x00000000080183a0                RTC_Alarm_IRQHandler
                0x00000000080183a0                HASH_RNG_IRQHandler
                0x00000000080183a0                EXTI2_IRQHandler
                0x00000000080183a0                TIM8_CC_IRQHandler
                0x00000000080183a0                DebugMon_Handler
                0x00000000080183a0                TIM1_CC_IRQHandler
                0x00000000080183a0                DMA2_Stream5_IRQHandler
                0x00000000080183a0                HardFault_Handler
                0x00000000080183a0                DMA1_Stream5_IRQHandler
                0x00000000080183a0                PVD_IRQHandler
                0x00000000080183a0                SDIO_IRQHandler
                0x00000000080183a0                TAMP_STAMP_IRQHandler
                0x00000000080183a0                PendSV_Handler
                0x00000000080183a0                NMI_Handler
                0x00000000080183a0                CAN2_RX1_IRQHandler
                0x00000000080183a0                EXTI3_IRQHandler
                0x00000000080183a0                TIM8_TRG_COM_TIM14_IRQHandler
                0x00000000080183a0                TIM1_UP_TIM10_IRQHandler
                0x00000000080183a0                TIM8_UP_TIM13_IRQHandler
                0x00000000080183a0                I2C3_ER_IRQHandler
                0x00000000080183a0                EXTI0_IRQHandler
                0x00000000080183a0                I2C2_EV_IRQHandler
                0x00000000080183a0                DMA1_Stream2_IRQHandler
                0x00000000080183a0                CAN1_RX0_IRQHandler
                0x00000000080183a0                FPU_IRQHandler
                0x00000000080183a0                OTG_HS_WKUP_IRQHandler
                0x00000000080183a0                UsageFault_Handler
                0x00000000080183a0                CAN2_SCE_IRQHandler
                0x00000000080183a0                DMA2_Stream2_IRQHandler
                0x00000000080183a0                SPI1_IRQHandler
                0x00000000080183a0                TIM1_BRK_TIM9_IRQHandler
                0x00000000080183a0                DCMI_IRQHandler
                0x00000000080183a0                CAN2_RX0_IRQHandler
                0x00000000080183a0                DMA2_Stream3_IRQHandler
                0x00000000080183a0                USART6_IRQHandler
                0x00000000080183a0                USART3_IRQHandler
                0x00000000080183a0                CAN1_RX1_IRQHandler
                0x00000000080183a0                UART5_IRQHandler
                0x00000000080183a0                DMA2_Stream0_IRQHandler
                0x00000000080183a0                TIM4_IRQHandler
                0x00000000080183a0                I2C1_EV_IRQHandler
                0x00000000080183a0                DMA1_Stream6_IRQHandler
                0x00000000080183a0                DMA1_Stream1_IRQHandler
                0x00000000080183a0                UART4_IRQHandler
                0x00000000080183a0                TIM3_IRQHandler
                0x00000000080183a0                RCC_IRQHandler
                0x00000000080183a0                TIM8_BRK_TIM12_IRQHandler
                0x00000000080183a0                Default_Handler
                0x00000000080183a0                EXTI15_10_IRQHandler
                0x00000000080183a0                ADC_IRQHandler
                0x00000000080183a0                DMA1_Stream7_IRQHandler
                0x00000000080183a0                TIM7_IRQHandler
                0x00000000080183a0                CAN2_TX_IRQHandler
                0x00000000080183a0                TIM5_IRQHandler
                0x00000000080183a0                DMA2_Stream7_IRQHandler
                0x00000000080183a0                I2C3_EV_IRQHandler
                0x00000000080183a0                EXTI9_5_IRQHandler
                0x00000000080183a0                RTC_WKUP_IRQHandler
                0x00000000080183a0                ETH_WKUP_IRQHandler
                0x00000000080183a0                SPI2_IRQHandler
                0x00000000080183a0                OTG_HS_EP1_IN_IRQHandler
                0x00000000080183a0                MemManage_Handler
                0x00000000080183a0                DMA1_Stream0_IRQHandler
                0x00000000080183a0                CAN1_TX_IRQHandler
                0x00000000080183a0                SVC_Handler
                0x00000000080183a0                EXTI4_IRQHandler
                0x00000000080183a0                FSMC_IRQHandler
                0x00000000080183a0                ETH_IRQHandler
                0x00000000080183a0                OTG_HS_EP1_OUT_IRQHandler
                0x00000000080183a0                WWDG_IRQHandler
                0x00000000080183a0                TIM2_IRQHandler
                0x00000000080183a0                OTG_FS_WKUP_IRQHandler
                0x00000000080183a0                TIM1_TRG_COM_TIM11_IRQHandler
                0x00000000080183a0                OTG_HS_IRQHandler
                0x00000000080183a0                EXTI1_IRQHandler
                0x00000000080183a0                USART2_IRQHandler
                0x00000000080183a0                I2C2_ER_IRQHandler
                0x00000000080183a0                DMA2_Stream1_IRQHandler
                0x00000000080183a0                CAN1_SCE_IRQHandler
                0x00000000080183a0                FLASH_IRQHandler
                0x00000000080183a0                DMA2_Stream4_IRQHandler
                0x00000000080183a0                BusFault_Handler
                0x00000000080183a0                USART1_IRQHandler
                0x00000000080183a0                SPI3_IRQHandler
                0x00000000080183a0                DMA1_Stream4_IRQHandler
                0x00000000080183a0                I2C1_ER_IRQHandler
                0x00000000080183a0                DMA2_Stream6_IRQHandler
                0x00000000080183a0                DMA1_Stream3_IRQHandler
 *fill*         0x00000000080183a2        0x2 
 .text.atof     0x00000000080183a4        0x8 /usr/lib/gcc/arm-none-eabi/4.9.3/../../../arm-none-eabi/lib/armv7e-m/fpu/libg.a(lib_a-atof.o)
                0x00000000080183a4                atof
 .text.atoi     0x00000000080183ac        0x8 /usr/lib/gcc/arm-none-eabi/4.9.3/../../../arm-none-eabi/lib/armv7e-m/fpu/libg.a(lib_a-atoi.o)
                0x00000000080183ac                atoi
 .text._atoi_r  0x00000000080183b4        0x8 /usr/lib/gcc/arm-none-eabi/4.9.3/../../../arm-none-eabi/lib/armv7e-m/fpu/libg.a(lib_a-atoi.o)
                0x00000000080183b4                _atoi_r
 .text.__errno  0x00000000080183bc        0xc /usr/lib/gcc/arm-none-eabi/4.9.3/../../../arm-none-eabi/lib/armv7e-m/fpu/libg.a(lib_a-errno.o)
                0x00000000080183bc                __errno
 .text.malloc   0x00000000080183c8       0x10 /usr/lib/gcc/arm-none-eabi/4.9.3/../../../arm-none-eabi/lib/armv7e-m/fpu/libg.a(lib_a-malloc.o)
                0x00000000080183c8                malloc
 .text.free     0x00000000080183d8       0x10 /usr/lib/gcc/arm-none-eabi/4.9.3/../../../arm-none-eabi/lib/armv7e-m/fpu/libg.a(lib_a-malloc.o)
                0x00000000080183d8                free
 .text._malloc_r
                0x00000000080183e8      0x524 /usr/lib/gcc/arm-none-eabi/4.9.3/../../../arm-none-eabi/lib/armv7e-m/fpu/libg.a(lib_a-mallocr.o)
                0x00000000080183e8                _malloc_r
 .text.__malloc_lock
                0x000000000801890c        0x4 /usr/lib/gcc/arm-none-eabi/4.9.3/../../../arm-none-eabi/lib/armv7e-m/fpu/libg.a(lib_a-mlock.o)
                0x000000000801890c                __malloc_lock
 .text.__malloc_unlock
                0x0000000008018910        0x4 /usr/lib/gcc/arm-none-eabi/4.9.3/../../../arm-none-eabi/lib/armv7e-m/fpu/libg.a(lib_a-mlock.o)
                0x0000000008018910                __malloc_unlock
 .text._sbrk_r  0x0000000008018914       0x24 /usr/lib/gcc/arm-none-eabi/4.9.3/../../../arm-none-eabi/lib/armv7e-m/fpu/libg.a(lib_a-sbrkr.o)
                0x0000000008018914                _sbrk_r
 .text.sulp     0x0000000008018938       0x40 /usr/lib/gcc/arm-none-eabi/4.9.3/../../../arm-none-eabi/lib/armv7e-m/fpu/libg.a(lib_a-strtod.o)
 .text._strtod_r
                0x0000000008018978      0xf50 /usr/lib/gcc/arm-none-eabi/4.9.3/../../../arm-none-eabi/lib/armv7e-m/fpu/libg.a(lib_a-strtod.o)
                0x0000000008018978                _strtod_r
 .text.strtod   0x00000000080198c8       0x10 /usr/lib/gcc/arm-none-eabi/4.9.3/../../../arm-none-eabi/lib/armv7e-m/fpu/libg.a(lib_a-strtod.o)
                0x00000000080198c8                strtod
 .text.strtof   0x00000000080198d8       0x44 /usr/lib/gcc/arm-none-eabi/4.9.3/../../../arm-none-eabi/lib/armv7e-m/fpu/libg.a(lib_a-strtod.o)
                0x00000000080198d8                strtof
 .text.strtok   0x000000000801991c       0x10 /usr/lib/gcc/arm-none-eabi/4.9.3/../../../arm-none-eabi/lib/armv7e-m/fpu/libg.a(lib_a-strtok.o)
                0x000000000801991c                strtok
 .text.__strtok_r
                0x000000000801992c       0x64 /usr/lib/gcc/arm-none-eabi/4.9.3/../../../arm-none-eabi/lib/armv7e-m/fpu/libg.a(lib_a-strtok_r.o)
                0x000000000801992c                __strtok_r
 .text.strtok_r
                0x0000000008019990        0x8 /usr/lib/gcc/arm-none-eabi/4.9.3/../../../arm-none-eabi/lib/armv7e-m/fpu/libg.a(lib_a-strtok_r.o)
                0x0000000008019990                strtok_r
 .text._strtol_r
                0x0000000008019998      0x11c /usr/lib/gcc/arm-none-eabi/4.9.3/../../../arm-none-eabi/lib/armv7e-m/fpu/libg.a(lib_a-strtol.o)
                0x0000000008019998                _strtol_r
 .text.strtol   0x0000000008019ab4       0x18 /usr/lib/gcc/arm-none-eabi/4.9.3/../../../arm-none-eabi/lib/armv7e-m/fpu/libg.a(lib_a-strtol.o)
                0x0000000008019ab4                strtol
 .text._malloc_trim_r
                0x0000000008019acc       0x9c /usr/lib/gcc/arm-none-eabi/4.9.3/../../../arm-none-eabi/lib/armv7e-m/fpu/libg.a(lib_a-freer.o)
                0x0000000008019acc                _malloc_trim_r
 .text._free_r  0x0000000008019b68      0x1b0 /usr/lib/gcc/arm-none-eabi/4.9.3/../../../arm-none-eabi/lib/armv7e-m/fpu/libg.a(lib_a-freer.o)
                0x0000000008019b68                _free_r
 .text.rshift   0x0000000008019d18       0xa0 /usr/lib/gcc/arm-none-eabi/4.9.3/../../../arm-none-eabi/lib/armv7e-m/fpu/libg.a(lib_a-gdtoa-gethex.o)
 .text.__gethex
                0x0000000008019db8      0x514 /usr/lib/gcc/arm-none-eabi/4.9.3/../../../arm-none-eabi/lib/armv7e-m/fpu/libg.a(lib_a-gdtoa-gethex.o)
                0x0000000008019db8                __gethex
 .text.__hexnan
                0x000000000801a2cc      0x184 /usr/lib/gcc/arm-none-eabi/4.9.3/../../../arm-none-eabi/lib/armv7e-m/fpu/libg.a(lib_a-gdtoa-hexnan.o)
                0x000000000801a2cc                __hexnan
 .text._setlocale_r
                0x000000000801a450       0x44 /usr/lib/gcc/arm-none-eabi/4.9.3/../../../arm-none-eabi/lib/armv7e-m/fpu/libg.a(lib_a-locale.o)
                0x000000000801a450                _setlocale_r
 .text.__locale_charset
                0x000000000801a494        0x8 /usr/lib/gcc/arm-none-eabi/4.9.3/../../../arm-none-eabi/lib/armv7e-m/fpu/libg.a(lib_a-locale.o)
                0x000000000801a494                __locale_charset
 .text.__locale_mb_cur_max
                0x000000000801a49c        0xc /usr/lib/gcc/arm-none-eabi/4.9.3/../../../arm-none-eabi/lib/armv7e-m/fpu/libg.a(lib_a-locale.o)
                0x000000000801a49c                __locale_mb_cur_max
 .text.__locale_msgcharset
                0x000000000801a4a8        0x8 /usr/lib/gcc/arm-none-eabi/4.9.3/../../../arm-none-eabi/lib/armv7e-m/fpu/libg.a(lib_a-locale.o)
                0x000000000801a4a8                __locale_msgcharset
 .text.__locale_cjk_lang
                0x000000000801a4b0        0x4 /usr/lib/gcc/arm-none-eabi/4.9.3/../../../arm-none-eabi/lib/armv7e-m/fpu/libg.a(lib_a-locale.o)
                0x000000000801a4b0                __locale_cjk_lang
 .text._localeconv_r
                0x000000000801a4b4        0x8 /usr/lib/gcc/arm-none-eabi/4.9.3/../../../arm-none-eabi/lib/armv7e-m/fpu/libg.a(lib_a-locale.o)
                0x000000000801a4b4                _localeconv_r
 .text.setlocale
                0x000000000801a4bc       0x10 /usr/lib/gcc/arm-none-eabi/4.9.3/../../../arm-none-eabi/lib/armv7e-m/fpu/libg.a(lib_a-locale.o)
                0x000000000801a4bc                setlocale
 .text.localeconv
                0x000000000801a4cc        0x8 /usr/lib/gcc/arm-none-eabi/4.9.3/../../../arm-none-eabi/lib/armv7e-m/fpu/libg.a(lib_a-locale.o)
                0x000000000801a4cc                localeconv
 .text._Balloc  0x000000000801a4d4       0x4c /usr/lib/gcc/arm-none-eabi/4.9.3/../../../arm-none-eabi/lib/armv7e-m/fpu/libg.a(lib_a-mprec.o)
                0x000000000801a4d4                _Balloc
 .text._Bfree   0x000000000801a520       0x14 /usr/lib/gcc/arm-none-eabi/4.9.3/../../../arm-none-eabi/lib/armv7e-m/fpu/libg.a(lib_a-mprec.o)
                0x000000000801a520                _Bfree
 .text.__multadd
                0x000000000801a534       0x84 /usr/lib/gcc/arm-none-eabi/4.9.3/../../../arm-none-eabi/lib/armv7e-m/fpu/libg.a(lib_a-mprec.o)
                0x000000000801a534                __multadd
 .text.__s2b    0x000000000801a5b8       0x98 /usr/lib/gcc/arm-none-eabi/4.9.3/../../../arm-none-eabi/lib/armv7e-m/fpu/libg.a(lib_a-mprec.o)
                0x000000000801a5b8                __s2b
 .text.__hi0bits
                0x000000000801a650       0x40 /usr/lib/gcc/arm-none-eabi/4.9.3/../../../arm-none-eabi/lib/armv7e-m/fpu/libg.a(lib_a-mprec.o)
                0x000000000801a650                __hi0bits
 .text.__lo0bits
                0x000000000801a690       0x5c /usr/lib/gcc/arm-none-eabi/4.9.3/../../../arm-none-eabi/lib/armv7e-m/fpu/libg.a(lib_a-mprec.o)
                0x000000000801a690                __lo0bits
 .text.__i2b    0x000000000801a6ec       0x14 /usr/lib/gcc/arm-none-eabi/4.9.3/../../../arm-none-eabi/lib/armv7e-m/fpu/libg.a(lib_a-mprec.o)
                0x000000000801a6ec                __i2b
 .text.__multiply
                0x000000000801a700      0x134 /usr/lib/gcc/arm-none-eabi/4.9.3/../../../arm-none-eabi/lib/armv7e-m/fpu/libg.a(lib_a-mprec.o)
                0x000000000801a700                __multiply
 .text.__pow5mult
                0x000000000801a834       0xa0 /usr/lib/gcc/arm-none-eabi/4.9.3/../../../arm-none-eabi/lib/armv7e-m/fpu/libg.a(lib_a-mprec.o)
                0x000000000801a834                __pow5mult
 .text.__lshift
                0x000000000801a8d4       0xac /usr/lib/gcc/arm-none-eabi/4.9.3/../../../arm-none-eabi/lib/armv7e-m/fpu/libg.a(lib_a-mprec.o)
                0x000000000801a8d4                __lshift
 .text.__mcmp   0x000000000801a980       0x48 /usr/lib/gcc/arm-none-eabi/4.9.3/../../../arm-none-eabi/lib/armv7e-m/fpu/libg.a(lib_a-mprec.o)
                0x000000000801a980                __mcmp
 .text.__mdiff  0x000000000801a9c8       0xd4 /usr/lib/gcc/arm-none-eabi/4.9.3/../../../arm-none-eabi/lib/armv7e-m/fpu/libg.a(lib_a-mprec.o)
                0x000000000801a9c8                __mdiff
 .text.__ulp    0x000000000801aa9c       0x50 /usr/lib/gcc/arm-none-eabi/4.9.3/../../../arm-none-eabi/lib/armv7e-m/fpu/libg.a(lib_a-mprec.o)
                0x000000000801aa9c                __ulp
 .text.__b2d    0x000000000801aaec       0xc4 /usr/lib/gcc/arm-none-eabi/4.9.3/../../../arm-none-eabi/lib/armv7e-m/fpu/libg.a(lib_a-mprec.o)
                0x000000000801aaec                __b2d
 .text.__d2b    0x000000000801abb0       0xbc /usr/lib/gcc/arm-none-eabi/4.9.3/../../../arm-none-eabi/lib/armv7e-m/fpu/libg.a(lib_a-mprec.o)
                0x000000000801abb0                __d2b
 .text.__ratio  0x000000000801ac6c       0x60 /usr/lib/gcc/arm-none-eabi/4.9.3/../../../arm-none-eabi/lib/armv7e-m/fpu/libg.a(lib_a-mprec.o)
                0x000000000801ac6c                __ratio
 .text._mprec_log10
                0x000000000801accc       0x38 /usr/lib/gcc/arm-none-eabi/4.9.3/../../../arm-none-eabi/lib/armv7e-m/fpu/libg.a(lib_a-mprec.o)
                0x000000000801accc                _mprec_log10
 .text.__copybits
                0x000000000801ad04       0x48 /usr/lib/gcc/arm-none-eabi/4.9.3/../../../arm-none-eabi/lib/armv7e-m/fpu/libg.a(lib_a-mprec.o)
                0x000000000801ad04                __copybits
 .text.__any_on
                0x000000000801ad4c       0x60 /usr/lib/gcc/arm-none-eabi/4.9.3/../../../arm-none-eabi/lib/armv7e-m/fpu/libg.a(lib_a-mprec.o)
                0x000000000801ad4c                __any_on
 .text.cleanup_glue
                0x000000000801adac       0x1c /usr/lib/gcc/arm-none-eabi/4.9.3/../../../arm-none-eabi/lib/armv7e-m/fpu/libg.a(lib_a-reent.o)
                0x000000000801adac                cleanup_glue
 .text._reclaim_reent
                0x000000000801adc8       0x88 /usr/lib/gcc/arm-none-eabi/4.9.3/../../../arm-none-eabi/lib/armv7e-m/fpu/libg.a(lib_a-reent.o)
                0x000000000801adc8                _reclaim_reent
 .text.__fpclassifyd
                0x000000000801ae50       0x5c /usr/lib/gcc/arm-none-eabi/4.9.3/../../../arm-none-eabi/lib/armv7e-m/fpu/libg.a(lib_a-s_fpclassify.o)
                0x000000000801ae50                __fpclassifyd
 .text.nanf     0x000000000801aeac        0xc /usr/lib/gcc/arm-none-eabi/4.9.3/../../../arm-none-eabi/lib/armv7e-m/fpu/libg.a(lib_a-sf_nan.o)
                0x000000000801aeac                nanf
 .text.strlen   0x000000000801aeb8       0x5c /usr/lib/gcc/arm-none-eabi/4.9.3/../../../arm-none-eabi/lib/armv7e-m/fpu/libg.a(lib_a-strlen.o)
                0x000000000801aeb8                strlen
 .text.strncmp  0x000000000801af14       0x98 /usr/lib/gcc/arm-none-eabi/4.9.3/../../../arm-none-eabi/lib/armv7e-m/fpu/libg.a(lib_a-strncmp.o)
                0x000000000801af14                strncmp
 .text._calloc_r
                0x000000000801afac       0x60 /usr/lib/gcc/arm-none-eabi/4.9.3/../../../arm-none-eabi/lib/armv7e-m/fpu/libg.a(lib_a-callocr.o)
                0x000000000801afac                _calloc_r
 .text.memset   0x000000000801b00c       0x9c /usr/lib/gcc/arm-none-eabi/4.9.3/../../../arm-none-eabi/lib/armv7e-m/fpu/libg.a(lib_a-memset.o)
                0x000000000801b00c                memset
 *(.glue_7)
 .glue_7        0x000000000801b0a8        0x0 linker stubs
 *(.glue_7t)
 .glue_7t       0x000000000801b0a8        0x0 linker stubs
 *(.eh_frame)
 .eh_frame      0x000000000801b0a8       0x70 /usr/lib/gcc/arm-none-eabi/4.9.3/../../../arm-none-eabi/lib/armv7e-m/fpu/libg.a(lib_a-strcmp.o)
 *(.init)
 *(.fini)
                0x000000000801b118                . = ALIGN (0x4)
                0x000000000801b118                _etext = .

.vfp11_veneer   0x000000000801b118        0x0
 .vfp11_veneer  0x000000000801b118        0x0 linker stubs

.v4_bx          0x000000000801b118        0x0
 .v4_bx         0x000000000801b118        0x0 linker stubs

.iplt           0x000000000801b118        0x0
 .iplt          0x000000000801b118        0x0 build/objs/usbd_cdc_if.o

.rodata         0x000000000801b118      0x918
                0x000000000801b118                . = ALIGN (0x4)
 *(.rodata)
 .rodata        0x000000000801b118        0x7 build/objs/USB_printf.o
 *fill*         0x000000000801b11f        0x1 
 .rodata        0x000000000801b120       0x60 build/objs/main.o
 .rodata        0x000000000801b180       0x58 build/objs/usbd_desc.o
 .rodata        0x000000000801b1d8      0x386 build/objs/pcd8544.o
                0x000000000801b1d8                PCD8544_Font5x7
                0x000000000801b420                PCD8544_Font3x5
 *fill*         0x000000000801b55e        0x2 
 .rodata        0x000000000801b560       0x5a build/objs/reflow_process.o
 *fill*         0x000000000801b5ba        0x2 
 .rodata        0x000000000801b5bc       0x90 build/objs/command_processor.o
 .rodata        0x000000000801b64c        0x8 build/objs/stm32f4xx_hal_dma.o
 .rodata        0x000000000801b654       0x10 build/objs/stm32f4xx_hal_rcc.o
                0x000000000801b654                APBAHBPrescTable
 .rodata        0x000000000801b664       0x10 build/objs/stm32f4_discovery.o
                0x000000000801b664                GPIO_PIN
                0x000000000801b66c                BUTTON_PIN
                0x000000000801b670                BUTTON_IRQn
 .rodata        0x000000000801b674       0x10 build/objs/system_stm32f4xx.o
                0x000000000801b674                AHBPrescTable
 *(.rodata*)
 .rodata.str1.4
                0x000000000801b684        0x2 /usr/lib/gcc/arm-none-eabi/4.9.3/../../../arm-none-eabi/lib/armv7e-m/fpu/libg.a(lib_a-impure.o)
                                          0x4 (size before relaxing)
 *fill*         0x000000000801b686        0x2 
 .rodata._global_impure_ptr
                0x000000000801b688        0x4 /usr/lib/gcc/arm-none-eabi/4.9.3/../../../arm-none-eabi/lib/armv7e-m/fpu/libg.a(lib_a-impure.o)
                0x000000000801b688                _global_impure_ptr
 *fill*         0x000000000801b68c        0x4 
 .rodata.tinytens
                0x000000000801b690       0x28 /usr/lib/gcc/arm-none-eabi/4.9.3/../../../arm-none-eabi/lib/armv7e-m/fpu/libg.a(lib_a-strtod.o)
 .rodata.fpinan.5307
                0x000000000801b6b8       0x14 /usr/lib/gcc/arm-none-eabi/4.9.3/../../../arm-none-eabi/lib/armv7e-m/fpu/libg.a(lib_a-strtod.o)
 .rodata.str1.4
                0x000000000801b6cc        0xf /usr/lib/gcc/arm-none-eabi/4.9.3/../../../arm-none-eabi/lib/armv7e-m/fpu/libg.a(lib_a-strtod.o)
                                         0x10 (size before relaxing)
 *fill*         0x000000000801b6db        0x1 
 .rodata.fpi.5271
                0x000000000801b6dc       0x14 /usr/lib/gcc/arm-none-eabi/4.9.3/../../../arm-none-eabi/lib/armv7e-m/fpu/libg.a(lib_a-strtod.o)
 .rodata._ctype_
                0x000000000801b6f0      0x104 /usr/lib/gcc/arm-none-eabi/4.9.3/../../../arm-none-eabi/lib/armv7e-m/fpu/libg.a(lib_a-ctype_.o)
                0x000000000801b6f0                _ctype_
 .rodata.__hexdig
                0x000000000801b7f4      0x100 /usr/lib/gcc/arm-none-eabi/4.9.3/../../../arm-none-eabi/lib/armv7e-m/fpu/libg.a(lib_a-gdtoa-gethex.o)
                0x000000000801b7f4                __hexdig
 .rodata.str1.4
                0x000000000801b8f4       0x10 /usr/lib/gcc/arm-none-eabi/4.9.3/../../../arm-none-eabi/lib/armv7e-m/fpu/libg.a(lib_a-locale.o)
                                         0x14 (size before relaxing)
 *fill*         0x000000000801b904        0x4 
 .rodata.__mprec_tens
                0x000000000801b908       0xc8 /usr/lib/gcc/arm-none-eabi/4.9.3/../../../arm-none-eabi/lib/armv7e-m/fpu/libg.a(lib_a-mprec.o)
                0x000000000801b908                __mprec_tens
 .rodata.p05.5302
                0x000000000801b9d0        0xc /usr/lib/gcc/arm-none-eabi/4.9.3/../../../arm-none-eabi/lib/armv7e-m/fpu/libg.a(lib_a-mprec.o)
 *fill*         0x000000000801b9dc        0x4 
 .rodata.__mprec_bigtens
                0x000000000801b9e0       0x28 /usr/lib/gcc/arm-none-eabi/4.9.3/../../../arm-none-eabi/lib/armv7e-m/fpu/libg.a(lib_a-mprec.o)
                0x000000000801b9e0                __mprec_bigtens
 .rodata.__mprec_tinytens
                0x000000000801ba08       0x28 /usr/lib/gcc/arm-none-eabi/4.9.3/../../../arm-none-eabi/lib/armv7e-m/fpu/libg.a(lib_a-mprec.o)
                0x000000000801ba08                __mprec_tinytens
                0x000000000801ba30                . = ALIGN (0x4)

.rel.dyn        0x000000000801ba30        0x0
 .rel.iplt      0x000000000801ba30        0x0 build/objs/usbd_cdc_if.o

.ARM.extab
 *(.ARM.extab* .gnu.linkonce.armextab.*)

.ARM            0x000000000801ba30        0x0
                0x000000000801ba30                __exidx_start = .
 *(.ARM.exidx*)
                0x000000000801ba30                __exidx_end = .

.preinit_array  0x000000000801ba30        0x0
                [!provide]                        PROVIDE (__preinit_array_start, .)
 *(.preinit_array*)
                [!provide]                        PROVIDE (__preinit_array_end, .)

.init_array     0x000000000801ba30        0x0
                [!provide]                        PROVIDE (__init_array_start, .)
 *(SORT(.init_array.*))
 *(.init_array*)
                [!provide]                        PROVIDE (__init_array_end, .)

.fini_array     0x000000000801ba30        0x0
                [!provide]                        PROVIDE (__fini_array_start, .)
 *(SORT(.fini_array.*))
 *(.fini_array*)
                [!provide]                        PROVIDE (__fini_array_end, .)
                0x000000000801ba30                _sidata = LOADADDR (.data)

.data           0x0000000020000000      0xb54 load address 0x000000000801ba30
                0x0000000020000000                . = ALIGN (0x4)
                0x0000000020000000                _sdata = .
 *(.data)
 .data          0x0000000020000000       0x10 build/objs/usbd_cdc_if.o
                0x0000000020000000                USBD_Interface_fops_FS
 .data          0x0000000020000010        0x0 build/objs/usbd_conf.o
 .data          0x0000000020000010        0x0 build/objs/syscalls.o
 .data          0x0000000020000010        0x0 build/objs/USB_printf.o
 .data          0x0000000020000010        0x0 build/objs/stm32f4xx_hal_msp.o
 .data          0x0000000020000010        0x0 build/objs/gpio.o
 .data          0x0000000020000010        0x0 build/objs/SSR.o
 .data          0x0000000020000010        0x0 build/objs/MAX31855.o
 .data          0x0000000020000010        0x0 build/objs/main.o
 .data          0x0000000020000010        0x0 build/objs/stm32f4xx_it.o
 .data          0x0000000020000010        0x0 build/objs/usb_device.o
 .data          0x0000000020000010       0x34 build/objs/usbd_desc.o
                0x0000000020000010                FS_Desc
                0x000000002000002c                USBD_FS_DeviceDesc
                0x0000000020000040                USBD_LangIDDesc
 .data          0x0000000020000044       0xca build/objs/pcd8544.o
                0x0000000020000044                brightness_levels
 .data          0x000000002000010e        0x0 build/objs/reflow_process.o
 *fill*         0x000000002000010e        0x2 
 .data          0x0000000020000110       0x40 build/objs/command_processor.o
                0x0000000020000110                allowed_commands
 .data          0x0000000020000150        0x0 build/objs/stm32f4xx_hal_dsi.o
 .data          0x0000000020000150        0x0 build/objs/stm32f4xx_hal_pcd.o
 .data          0x0000000020000150        0x0 build/objs/stm32f4xx_hal_irda.o
 .data          0x0000000020000150        0x0 build/objs/stm32f4xx_ll_fsmc.o
 .data          0x0000000020000150        0x0 build/objs/stm32f4xx_hal_cec.o
 .data          0x0000000020000150        0x0 build/objs/stm32f4xx_hal_timebase_tim_template.o
 .data          0x0000000020000150        0x0 build/objs/stm32f4xx_ll_usb.o
 .data          0x0000000020000150        0x0 build/objs/stm32f4xx_hal.o
 .data          0x0000000020000150        0x0 build/objs/stm32f4xx_hal_dcmi_ex.o
 .data          0x0000000020000150        0x0 build/objs/stm32f4xx_hal_flash_ex.o
 .data          0x0000000020000150        0x0 build/objs/stm32f4xx_hal_cryp.o
 .data          0x0000000020000150        0x0 build/objs/stm32f4xx_hal_rng.o
 .data          0x0000000020000150        0x0 build/objs/stm32f4xx_hal_nand.o
 .data          0x0000000020000150        0x0 build/objs/stm32f4xx_hal_gpio.o
 .data          0x0000000020000150        0x0 build/objs/stm32f4xx_hal_ltdc.o
 .data          0x0000000020000150        0x0 build/objs/stm32f4xx_hal_hcd.o
 .data          0x0000000020000150        0x0 build/objs/stm32f4xx_hal_pcd_ex.o
 .data          0x0000000020000150        0x0 build/objs/stm32f4xx_hal_adc.o
 .data          0x0000000020000150        0x0 build/objs/stm32f4xx_hal_adc_ex.o
 .data          0x0000000020000150        0x0 build/objs/stm32f4xx_hal_lptim.o
 .data          0x0000000020000150        0x0 build/objs/stm32f4xx_hal_spi.o
 .data          0x0000000020000150        0x0 build/objs/stm32f4xx_hal_i2c.o
 .data          0x0000000020000150        0x0 build/objs/stm32f4xx_hal_fmpi2c.o
 .data          0x0000000020000150        0x0 build/objs/stm32f4xx_hal_smartcard.o
 .data          0x0000000020000150        0x0 build/objs/stm32f4xx_hal_pccard.o
 .data          0x0000000020000150        0x0 build/objs/stm32f4xx_hal_dma2d.o
 .data          0x0000000020000150        0x0 build/objs/stm32f4xx_hal_sai.o
 .data          0x0000000020000150        0x0 build/objs/stm32f4xx_hal_cryp_ex.o
 .data          0x0000000020000150        0x0 build/objs/stm32f4xx_hal_rcc_ex.o
 .data          0x0000000020000150        0x0 build/objs/stm32f4xx_ll_fmc.o
 .data          0x0000000020000150        0x0 build/objs/stm32f4xx_hal_ltdc_ex.o
 .data          0x0000000020000150        0x0 build/objs/stm32f4xx_hal_flash_ramfunc.o
 .data          0x0000000020000150        0x0 build/objs/stm32f4xx_hal_cortex.o
 .data          0x0000000020000150        0x0 build/objs/stm32f4xx_hal_iwdg.o
 .data          0x0000000020000150        0x0 build/objs/stm32f4xx_hal_uart.o
 .data          0x0000000020000150        0x0 build/objs/stm32f4xx_hal_tim_ex.o
 .data          0x0000000020000150        0x0 build/objs/stm32f4xx_hal_i2c_ex.o
 .data          0x0000000020000150        0x0 build/objs/stm32f4xx_hal_dma.o
 .data          0x0000000020000150        0x0 build/objs/stm32f4xx_hal_dac.o
 .data          0x0000000020000150        0x0 build/objs/stm32f4xx_hal_spdifrx.o
 .data          0x0000000020000150        0x0 build/objs/stm32f4xx_hal_fmpi2c_ex.o
 .data          0x0000000020000150        0x0 build/objs/stm32f4xx_ll_sdmmc.o
 .data          0x0000000020000150        0x0 build/objs/stm32f4xx_hal_i2s_ex.o
 .data          0x0000000020000150        0x0 build/objs/stm32f4xx_hal_can.o
 .data          0x0000000020000150        0x0 build/objs/stm32f4xx_hal_nor.o
 .data          0x0000000020000150        0x0 build/objs/stm32f4xx_hal_pwr.o
 .data          0x0000000020000150        0x0 build/objs/stm32f4xx_hal_rtc.o
 .data          0x0000000020000150        0x0 build/objs/stm32f4xx_hal_qspi.o
 .data          0x0000000020000150        0x0 build/objs/stm32f4xx_hal_hash_ex.o
 .data          0x0000000020000150        0x0 build/objs/stm32f4xx_hal_i2s.o
 .data          0x0000000020000150        0x0 build/objs/stm32f4xx_hal_sram.o
 .data          0x0000000020000150        0x0 build/objs/stm32f4xx_hal_hash.o
 .data          0x0000000020000150        0x0 build/objs/stm32f4xx_hal_eth.o
 .data          0x0000000020000150        0x0 build/objs/stm32f4xx_hal_tim.o
 .data          0x0000000020000150        0x0 build/objs/stm32f4xx_hal_dma_ex.o
 .data          0x0000000020000150        0x0 build/objs/stm32f4xx_hal_sd.o
 .data          0x0000000020000150        0x0 build/objs/stm32f4xx_hal_sai_ex.o
 .data          0x0000000020000150        0x0 build/objs/stm32f4xx_hal_rcc.o
 .data          0x0000000020000150        0x0 build/objs/stm32f4xx_hal_wwdg.o
 .data          0x0000000020000150        0x0 build/objs/stm32f4xx_hal_dac_ex.o
 .data          0x0000000020000150        0x0 build/objs/stm32f4xx_hal_rtc_ex.o
 .data          0x0000000020000150        0x0 build/objs/stm32f4xx_hal_pwr_ex.o
 .data          0x0000000020000150        0x0 build/objs/stm32f4xx_hal_dcmi.o
 .data          0x0000000020000150        0x0 build/objs/stm32f4xx_hal_sdram.o
 .data          0x0000000020000150        0x0 build/objs/stm32f4xx_hal_flash.o
 .data          0x0000000020000150        0x0 build/objs/stm32f4xx_hal_crc.o
 .data          0x0000000020000150        0x0 build/objs/stm32f4xx_hal_usart.o
 .data          0x0000000020000150       0x1c build/objs/stm32f4_discovery.o
                0x0000000020000150                GPIO_PORT
                0x0000000020000160                BUTTON_PORT
                0x0000000020000164                I2cxTimeout
                0x0000000020000168                SpixTimeout
 .data          0x000000002000016c        0x4 build/objs/system_stm32f4xx.o
                0x000000002000016c                SystemCoreClock
 .data          0x0000000020000170        0x0 build/objs/usbd_core.o
 .data          0x0000000020000170        0x0 build/objs/usbd_ctlreq.o
 .data          0x0000000020000170        0x0 build/objs/usbd_ioreq.o
 .data          0x0000000020000170       0x18 build/objs/usbd_cdc_if_template.o
                0x0000000020000170                USBD_CDC_Template_fops
                0x0000000020000180                linecoding
 .data          0x0000000020000188      0x110 build/objs/usbd_cdc.o
                0x0000000020000194                USBD_CDC
                0x00000000200001cc                USBD_CDC_CfgHSDesc
                0x0000000020000210                USBD_CDC_CfgFSDesc
                0x0000000020000254                USBD_CDC_OtherSpeedCfgDesc
 .data          0x0000000020000298        0x0 build/objs/startup_stm32f407xx.o
 .data          0x0000000020000298        0x0 /usr/lib/gcc/arm-none-eabi/4.9.3/armv7e-m/fpu/libgcc.a(_arm_addsubdf3.o)
 .data          0x0000000020000298        0x0 /usr/lib/gcc/arm-none-eabi/4.9.3/armv7e-m/fpu/libgcc.a(_arm_muldivdf3.o)
 .data          0x0000000020000298        0x0 /usr/lib/gcc/arm-none-eabi/4.9.3/armv7e-m/fpu/libgcc.a(_arm_truncdfsf2.o)
 .data          0x0000000020000298        0x0 /usr/lib/gcc/arm-none-eabi/4.9.3/../../../arm-none-eabi/lib/armv7e-m/fpu/libg.a(lib_a-atof.o)
 .data          0x0000000020000298        0x0 /usr/lib/gcc/arm-none-eabi/4.9.3/../../../arm-none-eabi/lib/armv7e-m/fpu/libg.a(lib_a-atoi.o)
 .data          0x0000000020000298        0x0 /usr/lib/gcc/arm-none-eabi/4.9.3/../../../arm-none-eabi/lib/armv7e-m/fpu/libg.a(lib_a-errno.o)
 .data          0x0000000020000298        0x0 /usr/lib/gcc/arm-none-eabi/4.9.3/../../../arm-none-eabi/lib/armv7e-m/fpu/libg.a(lib_a-impure.o)
 .data          0x0000000020000298        0x0 /usr/lib/gcc/arm-none-eabi/4.9.3/../../../arm-none-eabi/lib/armv7e-m/fpu/libg.a(lib_a-malloc.o)
 .data          0x0000000020000298        0x0 /usr/lib/gcc/arm-none-eabi/4.9.3/../../../arm-none-eabi/lib/armv7e-m/fpu/libg.a(lib_a-mallocr.o)
 .data          0x0000000020000298        0x0 /usr/lib/gcc/arm-none-eabi/4.9.3/../../../arm-none-eabi/lib/armv7e-m/fpu/libg.a(lib_a-mlock.o)
 .data          0x0000000020000298        0x0 /usr/lib/gcc/arm-none-eabi/4.9.3/../../../arm-none-eabi/lib/armv7e-m/fpu/libg.a(lib_a-sbrkr.o)
 .data          0x0000000020000298        0x0 /usr/lib/gcc/arm-none-eabi/4.9.3/../../../arm-none-eabi/lib/armv7e-m/fpu/libg.a(lib_a-strcmp.o)
 .data          0x0000000020000298        0x0 /usr/lib/gcc/arm-none-eabi/4.9.3/../../../arm-none-eabi/lib/armv7e-m/fpu/libg.a(lib_a-strtod.o)
 .data          0x0000000020000298        0x0 /usr/lib/gcc/arm-none-eabi/4.9.3/../../../arm-none-eabi/lib/armv7e-m/fpu/libg.a(lib_a-strtok.o)
 .data          0x0000000020000298        0x0 /usr/lib/gcc/arm-none-eabi/4.9.3/../../../arm-none-eabi/lib/armv7e-m/fpu/libg.a(lib_a-strtok_r.o)
 .data          0x0000000020000298        0x0 /usr/lib/gcc/arm-none-eabi/4.9.3/../../../arm-none-eabi/lib/armv7e-m/fpu/libg.a(lib_a-strtol.o)
 .data          0x0000000020000298        0x0 /usr/lib/gcc/arm-none-eabi/4.9.3/../../../arm-none-eabi/lib/armv7e-m/fpu/libg.a(lib_a-ctype_.o)
 .data          0x0000000020000298        0x0 /usr/lib/gcc/arm-none-eabi/4.9.3/../../../arm-none-eabi/lib/armv7e-m/fpu/libg.a(lib_a-freer.o)
 .data          0x0000000020000298        0x0 /usr/lib/gcc/arm-none-eabi/4.9.3/../../../arm-none-eabi/lib/armv7e-m/fpu/libg.a(lib_a-gdtoa-gethex.o)
 .data          0x0000000020000298        0x0 /usr/lib/gcc/arm-none-eabi/4.9.3/../../../arm-none-eabi/lib/armv7e-m/fpu/libg.a(lib_a-gdtoa-hexnan.o)
 .data          0x0000000020000298        0x0 /usr/lib/gcc/arm-none-eabi/4.9.3/../../../arm-none-eabi/lib/armv7e-m/fpu/libg.a(lib_a-locale.o)
 .data          0x0000000020000298        0x0 /usr/lib/gcc/arm-none-eabi/4.9.3/../../../arm-none-eabi/lib/armv7e-m/fpu/libg.a(lib_a-memcpy.o)
 .data          0x0000000020000298        0x0 /usr/lib/gcc/arm-none-eabi/4.9.3/../../../arm-none-eabi/lib/armv7e-m/fpu/libg.a(lib_a-mprec.o)
 .data          0x0000000020000298        0x0 /usr/lib/gcc/arm-none-eabi/4.9.3/../../../arm-none-eabi/lib/armv7e-m/fpu/libg.a(lib_a-reent.o)
 .data          0x0000000020000298        0x0 /usr/lib/gcc/arm-none-eabi/4.9.3/../../../arm-none-eabi/lib/armv7e-m/fpu/libg.a(lib_a-s_fpclassify.o)
 .data          0x0000000020000298        0x0 /usr/lib/gcc/arm-none-eabi/4.9.3/../../../arm-none-eabi/lib/armv7e-m/fpu/libg.a(lib_a-sf_nan.o)
 .data          0x0000000020000298        0x0 /usr/lib/gcc/arm-none-eabi/4.9.3/../../../arm-none-eabi/lib/armv7e-m/fpu/libg.a(lib_a-strlen.o)
 .data          0x0000000020000298        0x0 /usr/lib/gcc/arm-none-eabi/4.9.3/../../../arm-none-eabi/lib/armv7e-m/fpu/libg.a(lib_a-strncmp.o)
 .data          0x0000000020000298        0x0 /usr/lib/gcc/arm-none-eabi/4.9.3/../../../arm-none-eabi/lib/armv7e-m/fpu/libg.a(lib_a-callocr.o)
 .data          0x0000000020000298        0x0 /usr/lib/gcc/arm-none-eabi/4.9.3/../../../arm-none-eabi/lib/armv7e-m/fpu/libg.a(lib_a-memset.o)
 .data          0x0000000020000298        0x0 /usr/lib/gcc/arm-none-eabi/4.9.3/armv7e-m/fpu/libgcc.a(_arm_cmpdf2.o)
 .data          0x0000000020000298        0x0 /usr/lib/gcc/arm-none-eabi/4.9.3/armv7e-m/fpu/libgcc.a(_arm_fixdfsi.o)
 .data          0x0000000020000298        0x0 /usr/lib/gcc/arm-none-eabi/4.9.3/armv7e-m/fpu/libgcc.a(_arm_fixunsdfsi.o)
 *(.data*)
 .data.impure_data
                0x0000000020000298      0x428 /usr/lib/gcc/arm-none-eabi/4.9.3/../../../arm-none-eabi/lib/armv7e-m/fpu/libg.a(lib_a-impure.o)
 .data._impure_ptr
                0x00000000200006c0        0x4 /usr/lib/gcc/arm-none-eabi/4.9.3/../../../arm-none-eabi/lib/armv7e-m/fpu/libg.a(lib_a-impure.o)
                0x00000000200006c0                _impure_ptr
 .data.__malloc_av_