Archive member included to satisfy reference by file (symbol)

/usr/lib/gcc/arm-none-eabi/4.9.3/../../../arm-none-eabi/lib/armv7e-m/fpu/libg.a(lib_a-errno.o)
                              build/objs/syscalls.o (__errno)
/usr/lib/gcc/arm-none-eabi/4.9.3/../../../arm-none-eabi/lib/armv7e-m/fpu/libg.a(lib_a-impure.o)
                              /usr/lib/gcc/arm-none-eabi/4.9.3/../../../arm-none-eabi/lib/armv7e-m/fpu/libg.a(lib_a-errno.o) (_impure_ptr)
/usr/lib/gcc/arm-none-eabi/4.9.3/../../../arm-none-eabi/lib/armv7e-m/fpu/libg.a(lib_a-malloc.o)
                              build/objs/usbd_cdc.o (malloc)
/usr/lib/gcc/arm-none-eabi/4.9.3/../../../arm-none-eabi/lib/armv7e-m/fpu/libg.a(lib_a-mallocr.o)
                              /usr/lib/gcc/arm-none-eabi/4.9.3/../../../arm-none-eabi/lib/armv7e-m/fpu/libg.a(lib_a-malloc.o) (_malloc_r)
/usr/lib/gcc/arm-none-eabi/4.9.3/../../../arm-none-eabi/lib/armv7e-m/fpu/libg.a(lib_a-mlock.o)
                              /usr/lib/gcc/arm-none-eabi/4.9.3/../../../arm-none-eabi/lib/armv7e-m/fpu/libg.a(lib_a-mallocr.o) (__malloc_lock)
/usr/lib/gcc/arm-none-eabi/4.9.3/../../../arm-none-eabi/lib/armv7e-m/fpu/libg.a(lib_a-sbrkr.o)
                              /usr/lib/gcc/arm-none-eabi/4.9.3/../../../arm-none-eabi/lib/armv7e-m/fpu/libg.a(lib_a-mallocr.o) (_sbrk_r)
/usr/lib/gcc/arm-none-eabi/4.9.3/../../../arm-none-eabi/lib/armv7e-m/fpu/libg.a(lib_a-strcmp.o)
                              build/objs/command_processor.o (strcmp)
/usr/lib/gcc/arm-none-eabi/4.9.3/../../../arm-none-eabi/lib/armv7e-m/fpu/libg.a(lib_a-strtok.o)
                              build/objs/command_processor.o (strtok)
/usr/lib/gcc/arm-none-eabi/4.9.3/../../../arm-none-eabi/lib/armv7e-m/fpu/libg.a(lib_a-strtok_r.o)
                              /usr/lib/gcc/arm-none-eabi/4.9.3/../../../arm-none-eabi/lib/armv7e-m/fpu/libg.a(lib_a-strtok.o) (__strtok_r)
/usr/lib/gcc/arm-none-eabi/4.9.3/../../../arm-none-eabi/lib/armv7e-m/fpu/libg.a(lib_a-freer.o)
                              /usr/lib/gcc/arm-none-eabi/4.9.3/../../../arm-none-eabi/lib/armv7e-m/fpu/libg.a(lib_a-malloc.o) (_free_r)
/usr/lib/gcc/arm-none-eabi/4.9.3/../../../arm-none-eabi/lib/armv7e-m/fpu/libg.a(lib_a-reent.o)
                              /usr/lib/gcc/arm-none-eabi/4.9.3/../../../arm-none-eabi/lib/armv7e-m/fpu/libg.a(lib_a-sbrkr.o) (errno)

Allocating common symbols
Common symbol       size              file

PCD8544_y           0x1               build/objs/pcd8544.o
hUsbDeviceFS        0x224             build/objs/usb_device.o
hUsbDevice_0        0x4               build/objs/usbd_cdc_if.o
PCD8544_x           0x1               build/objs/pcd8544.o
PCD8544_Buffer      0x1f8             build/objs/pcd8544.o
errno               0x4               /usr/lib/gcc/arm-none-eabi/4.9.3/../../../arm-none-eabi/lib/armv7e-m/fpu/libg.a(lib_a-reent.o)
hpcd_USB_OTG_FS     0x3b8             build/objs/usbd_conf.o
uwTick              0x4               build/objs/stm32f4xx_hal.o
pFlash              0x20              build/objs/stm32f4xx_hal_flash.o
reflow_list         0x28              build/objs/command_processor.o
single_line         0x80              build/objs/command_processor.o
UserRxBufferFS      0x4               build/objs/usbd_cdc_if.o
UserTxBufferFS      0x4               build/objs/usbd_cdc_if.o
hSPI                0x58              build/objs/MAX31855.o
TIM_OC_init         0x1c              build/objs/SSR.o
hTIM                0x3c              build/objs/SSR.o
USBD_StrDesc        0x200             build/objs/usbd_desc.o
TimHandle           0x3c              build/objs/stm32f4xx_hal_timebase_tim_template.o

Memory Configuration

Name             Origin             Length             Attributes
FLASH            0x0000000008000000 0x0000000000100000 xr
RAM              0x0000000020000000 0x0000000000020000 xrw
CCMRAM           0x0000000010000000 0x0000000000010000 rw
*default*        0x0000000000000000 0xffffffffffffffff

Linker script and memory map

LOAD build/objs/usbd_cdc_if.o
LOAD build/objs/usbd_conf.o
LOAD build/objs/syscalls.o
LOAD build/objs/stm32f4xx_hal_msp.o
LOAD build/objs/gpio.o
LOAD build/objs/SSR.o
LOAD build/objs/MAX31855.o
LOAD build/objs/main.o
LOAD build/objs/stm32f4xx_it.o
LOAD build/objs/usb_device.o
LOAD build/objs/usbd_desc.o
LOAD build/objs/pcd8544.o
LOAD build/objs/command_processor.o
LOAD build/objs/stm32f4xx_hal_dsi.o
LOAD build/objs/stm32f4xx_hal_pcd.o
LOAD build/objs/stm32f4xx_hal_irda.o
LOAD build/objs/stm32f4xx_ll_fsmc.o
LOAD build/objs/stm32f4xx_hal_cec.o
LOAD build/objs/stm32f4xx_hal_timebase_tim_template.o
LOAD build/objs/stm32f4xx_ll_usb.o
LOAD build/objs/stm32f4xx_hal.o
LOAD build/objs/stm32f4xx_hal_dcmi_ex.o
LOAD build/objs/stm32f4xx_hal_flash_ex.o
LOAD build/objs/stm32f4xx_hal_cryp.o
LOAD build/objs/stm32f4xx_hal_rng.o
LOAD build/objs/stm32f4xx_hal_nand.o
LOAD build/objs/stm32f4xx_hal_gpio.o
LOAD build/objs/stm32f4xx_hal_ltdc.o
LOAD build/objs/stm32f4xx_hal_hcd.o
LOAD build/objs/stm32f4xx_hal_pcd_ex.o
LOAD build/objs/stm32f4xx_hal_adc.o
LOAD build/objs/stm32f4xx_hal_adc_ex.o
LOAD build/objs/stm32f4xx_hal_lptim.o
LOAD build/objs/stm32f4xx_hal_spi.o
LOAD build/objs/stm32f4xx_hal_i2c.o
LOAD build/objs/stm32f4xx_hal_fmpi2c.o
LOAD build/objs/stm32f4xx_hal_smartcard.o
LOAD build/objs/stm32f4xx_hal_pccard.o
LOAD build/objs/stm32f4xx_hal_dma2d.o
LOAD build/objs/stm32f4xx_hal_sai.o
LOAD build/objs/stm32f4xx_hal_cryp_ex.o
LOAD build/objs/stm32f4xx_hal_rcc_ex.o
LOAD build/objs/stm32f4xx_ll_fmc.o
LOAD build/objs/stm32f4xx_hal_ltdc_ex.o
LOAD build/objs/stm32f4xx_hal_flash_ramfunc.o
LOAD build/objs/stm32f4xx_hal_cortex.o
LOAD build/objs/stm32f4xx_hal_iwdg.o
LOAD build/objs/stm32f4xx_hal_uart.o
LOAD build/objs/stm32f4xx_hal_tim_ex.o
LOAD build/objs/stm32f4xx_hal_i2c_ex.o
LOAD build/objs/stm32f4xx_hal_dma.o
LOAD build/objs/stm32f4xx_hal_dac.o
LOAD build/objs/stm32f4xx_hal_spdifrx.o
LOAD build/objs/stm32f4xx_hal_fmpi2c_ex.o
LOAD build/objs/stm32f4xx_ll_sdmmc.o
LOAD build/objs/stm32f4xx_hal_i2s_ex.o
LOAD build/objs/stm32f4xx_hal_can.o
LOAD build/objs/stm32f4xx_hal_nor.o
LOAD build/objs/stm32f4xx_hal_pwr.o
LOAD build/objs/stm32f4xx_hal_rtc.o
LOAD build/objs/stm32f4xx_hal_qspi.o
LOAD build/objs/stm32f4xx_hal_hash_ex.o
LOAD build/objs/stm32f4xx_hal_i2s.o
LOAD build/objs/stm32f4xx_hal_sram.o
LOAD build/objs/stm32f4xx_hal_hash.o
LOAD build/objs/stm32f4xx_hal_eth.o
LOAD build/objs/stm32f4xx_hal_tim.o
LOAD build/objs/stm32f4xx_hal_dma_ex.o
LOAD build/objs/stm32f4xx_hal_sd.o
LOAD build/objs/stm32f4xx_hal_sai_ex.o
LOAD build/objs/stm32f4xx_hal_rcc.o
LOAD build/objs/stm32f4xx_hal_wwdg.o
LOAD build/objs/stm32f4xx_hal_dac_ex.o
LOAD build/objs/stm32f4xx_hal_rtc_ex.o
LOAD build/objs/stm32f4xx_hal_pwr_ex.o
LOAD build/objs/stm32f4xx_hal_dcmi.o
LOAD build/objs/stm32f4xx_hal_sdram.o
LOAD build/objs/stm32f4xx_hal_flash.o
LOAD build/objs/stm32f4xx_hal_crc.o
LOAD build/objs/stm32f4xx_hal_usart.o
LOAD build/objs/stm32f4_discovery.o
LOAD build/objs/system_stm32f4xx.o
LOAD build/objs/usbd_core.o
LOAD build/objs/usbd_ctlreq.o
LOAD build/objs/usbd_ioreq.o
LOAD build/objs/usbd_cdc_if_template.o
LOAD build/objs/usbd_cdc.o
LOAD build/objs/startup_stm32f407xx.o
START GROUP
LOAD /usr/lib/gcc/arm-none-eabi/4.9.3/armv7e-m/fpu/libgcc.a
LOAD /usr/lib/gcc/arm-none-eabi/4.9.3/../../../arm-none-eabi/lib/armv7e-m/fpu/libg.a
LOAD /usr/lib/gcc/arm-none-eabi/4.9.3/../../../arm-none-eabi/lib/armv7e-m/fpu/libc.a
END GROUP
                0x000000002001ffff                _estack = 0x2001ffff
                0x0000000000000200                _Min_Heap_Size = 0x200
                0x0000000000000400                _Min_Stack_Size = 0x400

.isr_vector     0x0000000008000000      0x188
                0x0000000008000000                . = ALIGN (0x4)
 *(.isr_vector)
 .isr_vector    0x0000000008000000      0x188 build/objs/startup_stm32f407xx.o
                0x0000000008000000                g_pfnVectors
                0x0000000008000188                . = ALIGN (0x4)

.text           0x00000000080001a0    0x17588
                0x00000000080001a0                . = ALIGN (0x4)
 *(.text)
 .text          0x00000000080001a0      0x19c build/objs/usbd_cdc_if.o
                0x00000000080002e8                CDC_Transmit_FS
 .text          0x000000000800033c      0x588 build/objs/usbd_conf.o
                0x000000000800033c                HAL_PCD_MspInit
                0x00000000080003b8                HAL_PCD_MspDeInit
                0x00000000080003f4                HAL_PCD_SetupStageCallback
                0x0000000008000418                HAL_PCD_DataOutStageCallback
                0x0000000008000450                HAL_PCD_DataInStageCallback
                0x0000000008000484                HAL_PCD_SOFCallback
                0x00000000080004a0                HAL_PCD_ResetCallback
                0x00000000080004f0                HAL_PCD_SuspendCallback
                0x000000000800053c                HAL_PCD_ResumeCallback
                0x0000000008000558                HAL_PCD_ISOOUTIncompleteCallback
                0x000000000800057c                HAL_PCD_ISOINIncompleteCallback
                0x00000000080005a0                HAL_PCD_ConnectCallback
                0x00000000080005bc                HAL_PCD_DisconnectCallback
                0x00000000080005d8                USBD_LL_Init
                0x000000000800066c                USBD_LL_DeInit
                0x000000000800068c                USBD_LL_Start
                0x00000000080006ac                USBD_LL_Stop
                0x00000000080006cc                USBD_LL_OpenEP
                0x0000000008000700                USBD_LL_CloseEP
                0x0000000008000728                USBD_LL_FlushEP
                0x0000000008000750                USBD_LL_StallEP
                0x0000000008000778                USBD_LL_ClearStallEP
                0x00000000080007a0                USBD_LL_IsStallEP
                0x00000000080007f8                USBD_LL_SetUSBAddress
                0x0000000008000820                USBD_LL_Transmit
                0x0000000008000854                USBD_LL_PrepareReceive
                0x0000000008000888                USBD_LL_GetRxDataSize
                0x00000000080008b0                USBD_LL_Delay
 .text          0x00000000080008c4      0x2b8 build/objs/syscalls.o
                0x00000000080008c4                _sbrk
                0x0000000008000930                _gettimeofday
                0x000000000800095c                initialise_monitor_handles
                0x0000000008000968                _getpid
                0x0000000008000978                _kill
                0x0000000008000998                _exit
                0x00000000080009ac                _write
                0x00000000080009e4                _close
                0x00000000080009fc                _fstat
                0x0000000008000a1c                _isatty
                0x0000000008000a34                _lseek
                0x0000000008000a50                _read
                0x0000000008000a8c                _open
                0x0000000008000aa8                _wait
                0x0000000008000ac8                _unlink
                0x0000000008000ae8                _times
                0x0000000008000b00                _stat
                0x0000000008000b20                _link
                0x0000000008000b40                _fork
                0x0000000008000b58                _execve
 .text          0x0000000008000b7c       0x48 build/objs/stm32f4xx_hal_msp.o
                0x0000000008000b7c                HAL_MspInit
 .text          0x0000000008000bc4       0x4c build/objs/gpio.o
                0x0000000008000bc4                MX_GPIO_Init
 .text          0x0000000008000c10      0x100 build/objs/SSR.o
                0x0000000008000c10                SSR_init
                0x0000000008000ca4                SSR_start
                0x0000000008000cc8                SSR_stop
                0x0000000008000cf0                SSR_set_duty_cycle
 .text          0x0000000008000d10      0x1c4 build/objs/MAX31855.o
                0x0000000008000d10                MAX31855_init
                0x0000000008000e64                MAX31855_read
 .text          0x0000000008000ed4      0x194 build/objs/main.o
                0x0000000008000ed4                main
                0x0000000008000fa4                SystemClock_Config
 .text          0x0000000008001068       0x20 build/objs/stm32f4xx_it.o
                0x0000000008001068                SysTick_Handler
                0x0000000008001078                OTG_FS_IRQHandler
 .text          0x0000000008001088       0x38 build/objs/usb_device.o
                0x0000000008001088                MX_USB_DEVICE_Init
 .text          0x00000000080010c0      0x160 build/objs/usbd_desc.o
                0x00000000080010c0                USBD_FS_DeviceDescriptor
                0x00000000080010e4                USBD_FS_LangIDStrDescriptor
                0x0000000008001108                USBD_FS_ProductStrDescriptor
                0x0000000008001144                USBD_FS_ManufacturerStrDescriptor
                0x000000000800116c                USBD_FS_SerialStrDescriptor
                0x00000000080011a8                USBD_FS_ConfigStrDescriptor
                0x00000000080011e4                USBD_FS_InterfaceStrDescriptor
 .text          0x0000000008001220      0xed4 build/objs/pcd8544.o
                0x0000000008001220                PCD8544_InitIO
                0x0000000008001478                PCD8544_send
                0x00000000080014b8                PCD8544_Pin
                0x0000000008001524                PCD8544_Delay
                0x000000000800154c                PCD8544_Init
                0x00000000080015c4                PCD8544_Write
                0x0000000008001604                PCD8544_SetContrast
                0x0000000008001640                PCD8544_DrawPixel
                0x00000000080016fc                PCD8544_Invert
                0x0000000008001724                PCD8544_Clear
                0x0000000008001770                PCD8544_Home
                0x0000000008001788                PCD8544_Refresh
                0x0000000008001844                PCD8544_UpdateArea
                0x00000000080018bc                PCD8544_GotoXY
                0x00000000080018ec                PCD8544_Putc
                0x0000000008001a40                PCD8544_Puts
                0x0000000008001a78                PCD8544_DrawLine
                0x0000000008001c34                PCD8544_DrawRectangle
                0x0000000008001ca0                PCD8544_DrawFilledRectangle
                0x0000000008001ce8                PCD8544_DrawCircle
                0x0000000008001edc                PCD8544_DrawFilledCircle
                0x00000000080020c0                PCD8544_SetBacklight
 .text          0x00000000080020f4      0x288 build/objs/command_processor.o
                0x00000000080020f4                cmd_proc_receive_data
 .text          0x000000000800237c        0x0 build/objs/stm32f4xx_hal_dsi.o
 .text          0x000000000800237c     0x1290 build/objs/stm32f4xx_hal_pcd.o
                0x000000000800237c                HAL_PCD_Init
                0x000000000800258c                HAL_PCD_DeInit
                0x00000000080025ec                HAL_PCD_Start
                0x0000000008002630                HAL_PCD_Stop
                0x0000000008002680                HAL_PCD_IRQHandler
                0x0000000008002f0c                HAL_PCD_DevConnect
                0x0000000008002f48                HAL_PCD_DevDisconnect
                0x0000000008002f84                HAL_PCD_SetAddress
                0x0000000008002fc8                HAL_PCD_EP_Open
                0x0000000008003098                HAL_PCD_EP_Close
                0x000000000800312c                HAL_PCD_EP_Receive
                0x00000000080031e4                HAL_PCD_EP_GetRxCount
                0x0000000008003218                HAL_PCD_EP_Transmit
                0x00000000080032cc                HAL_PCD_EP_SetStall
                0x0000000008003384                HAL_PCD_EP_ClrStall
                0x0000000008003418                HAL_PCD_EP_Flush
                0x0000000008003474                HAL_PCD_ActivateRemoteWakeup
                0x00000000080034b8                HAL_PCD_DeActivateRemoteWakeup
                0x00000000080034ec                HAL_PCD_GetState
 .text          0x000000000800360c        0x0 build/objs/stm32f4xx_hal_irda.o
 .text          0x000000000800360c        0x0 build/objs/stm32f4xx_ll_fsmc.o
 .text          0x000000000800360c        0x0 build/objs/stm32f4xx_hal_cec.o
 .text          0x000000000800360c      0x12c build/objs/stm32f4xx_hal_timebase_tim_template.o
                0x000000000800360c                HAL_InitTick
                0x00000000080036d4                HAL_SuspendTick
                0x00000000080036f4                HAL_ResumeTick
                0x0000000008003714                HAL_TIM_PeriodElapsedCallback
                0x0000000008003728                TIM6_DAC_IRQHandler
 .text          0x0000000008003738     0x2180 build/objs/stm32f4xx_ll_usb.o
                0x0000000008003738                USB_CoreInit
                0x00000000080037dc                USB_EnableGlobalInt
                0x0000000008003800                USB_DisableGlobalInt
                0x0000000008003824                USB_SetCurrentMode
                0x0000000008003874                USB_DevInit
                0x0000000008003acc                USB_FlushTxFifo
                0x0000000008003b18                USB_FlushRxFifo
                0x0000000008003b5c                USB_SetDevSpeed
                0x0000000008003b8c                USB_GetDevSpeed
                0x0000000008003bf8                USB_ActivateEndpoint
                0x0000000008003d0c                USB_ActivateDedicatedEndpoint
                0x0000000008003e94                USB_DeactivateEndpoint
                0x0000000008003f8c                USB_DeactivateDedicatedEndpoint
                0x0000000008004040                USB_EPStartXfer
                0x00000000080044c4                USB_EP0StartXfer
                0x0000000008004780                USB_WritePacket
                0x00000000080047ec                USB_ReadPacket
                0x000000000800483c                USB_EPSetStall
                0x0000000008004920                USB_EPClearStall
                0x00000000080049fc                USB_StopDevice
                0x0000000008004a84                USB_SetDevAddress
                0x0000000008004ad0                USB_DevConnect
                0x0000000008004b00                USB_DevDisconnect
                0x0000000008004b30                USB_ReadInterrupts
                0x0000000008004b5c                USB_ReadDevAllOutEpInterrupt
                0x0000000008004b8c                USB_ReadDevAllInEpInterrupt
                0x0000000008004bbc                USB_ReadDevOutEPInterrupt
                0x0000000008004bf4                USB_ReadDevInEPInterrupt
                0x0000000008004c48                USB_ClearInterrupts
                0x0000000008004c68                USB_GetMode
                0x0000000008004c84                USB_ActivateSetup
                0x0000000008004cf0                USB_EP0_OutStart
                0x0000000008004de4                USB_HostInit
                0x0000000008004f3c                USB_InitFSLSPClkSel
                0x0000000008004fb0                USB_ResetPort
                0x0000000008004ffc                USB_DriveVbus
                0x0000000008005068                USB_GetHostSpeed
                0x0000000008005090                USB_GetCurrentFrame
                0x00000000080050b0                USB_HC_Init
                0x00000000080052a8                USB_HC_StartXfer
                0x0000000008005520                USB_HC_ReadInterrupt
                0x0000000008005540                USB_HC_Halt
                0x0000000008005740                USB_DoPing
                0x00000000080057b8                USB_StopHost
 .text          0x00000000080058b8      0x2dc build/objs/stm32f4xx_hal.o
                0x00000000080058b8                HAL_Init
                0x00000000080058fc                HAL_DeInit
                0x0000000008005960                HAL_MspDeInit
                0x00000000080059a4                HAL_IncTick
                0x00000000080059c0                HAL_GetTick
                0x00000000080059d8                HAL_Delay
                0x0000000008005a3c                HAL_GetHalVersion
                0x0000000008005a50                HAL_GetREVID
                0x0000000008005a68                HAL_GetDEVID
                0x0000000008005a84                HAL_DBGMCU_EnableDBGSleepMode
                0x0000000008005aa0                HAL_DBGMCU_DisableDBGSleepMode
                0x0000000008005abc                HAL_DBGMCU_EnableDBGStopMode
                0x0000000008005ad8                HAL_DBGMCU_DisableDBGStopMode
                0x0000000008005af4                HAL_DBGMCU_EnableDBGStandbyMode
                0x0000000008005b10                HAL_DBGMCU_DisableDBGStandbyMode
                0x0000000008005b2c                HAL_EnableCompensationCell
                0x0000000008005b60                HAL_DisableCompensationCell
 .text          0x0000000008005b94        0x0 build/objs/stm32f4xx_hal_dcmi_ex.o
 .text          0x0000000008005b94      0x60c build/objs/stm32f4xx_hal_flash_ex.o
                0x0000000008005b94                HAL_FLASHEx_Erase
                0x0000000008005c74                HAL_FLASHEx_Erase_IT
                0x0000000008005d20                HAL_FLASHEx_OBProgram
                0x0000000008005e00                HAL_FLASHEx_OBGetConfig
                0x0000000008005e88                FLASH_Erase_Sector
                0x0000000008006118                FLASH_FlushCaches
 .text          0x00000000080061a0        0x0 build/objs/stm32f4xx_hal_cryp.o
 .text          0x00000000080061a0        0x0 build/objs/stm32f4xx_hal_rng.o
 .text          0x00000000080061a0        0x0 build/objs/stm32f4xx_hal_nand.o
 .text          0x00000000080061a0      0x658 build/objs/stm32f4xx_hal_gpio.o
                0x00000000080061a0                HAL_GPIO_Init
                0x00000000080064dc                HAL_GPIO_DeInit
                0x00000000080066e0                HAL_GPIO_ReadPin
                0x0000000008006710                HAL_GPIO_WritePin
                0x0000000008006740                HAL_GPIO_TogglePin
                0x0000000008006764                HAL_GPIO_LockPin
                0x00000000080067b4                HAL_GPIO_EXTI_IRQHandler
                0x00000000080067e4                HAL_GPIO_EXTI_Callback
 .text          0x00000000080067f8        0x0 build/objs/stm32f4xx_hal_ltdc.o
 .text          0x00000000080067f8        0x0 build/objs/stm32f4xx_hal_hcd.o
 .text          0x00000000080067f8       0xbc build/objs/stm32f4xx_hal_pcd_ex.o
                0x00000000080067f8                HAL_PCDEx_SetTxFiFo
                0x0000000008006890                HAL_PCDEx_SetRxFiFo
 .text          0x00000000080068b4        0x0 build/objs/stm32f4xx_hal_adc.o
 .text          0x00000000080068b4        0x0 build/objs/stm32f4xx_hal_adc_ex.o
 .text          0x00000000080068b4        0x0 build/objs/stm32f4xx_hal_lptim.o
 .text          0x00000000080068b4     0x1f30 build/objs/stm32f4xx_hal_spi.o
                0x00000000080068b4                HAL_SPI_Init
                0x0000000008006988                HAL_SPI_DeInit
                0x00000000080069d8                HAL_SPI_MspInit
                0x00000000080069ec                HAL_SPI_MspDeInit
                0x0000000008006a00                HAL_SPI_Transmit
                0x0000000008006c38                HAL_SPI_Receive
                0x0000000008006f48                HAL_SPI_TransmitReceive
                0x0000000008007278                HAL_SPI_Transmit_IT
                0x00000000080073c0                HAL_SPI_Receive_IT
                0x0000000008007514                HAL_SPI_TransmitReceive_IT
                0x0000000008007664                HAL_SPI_Transmit_DMA
                0x00000000080077b8                HAL_SPI_Receive_DMA
                0x0000000008007930                HAL_SPI_TransmitReceive_DMA
                0x0000000008007b04                HAL_SPI_DMAPause
                0x0000000008007b48                HAL_SPI_DMAResume
                0x0000000008007b8c                HAL_SPI_DMAStop
                0x0000000008007bdc                HAL_SPI_IRQHandler
                0x0000000008007d08                HAL_SPI_TxCpltCallback
                0x0000000008007d1c                HAL_SPI_RxCpltCallback
                0x0000000008007d30                HAL_SPI_TxRxCpltCallback
                0x0000000008007d44                HAL_SPI_TxHalfCpltCallback
                0x0000000008007d58                HAL_SPI_RxHalfCpltCallback
                0x0000000008007d6c                HAL_SPI_TxRxHalfCpltCallback
                0x0000000008007d80                HAL_SPI_ErrorCallback
                0x0000000008007d94                HAL_SPI_GetState
                0x0000000008007db0                HAL_SPI_GetError
 .text          0x00000000080087e4     0x4618 build/objs/stm32f4xx_hal_i2c.o
                0x00000000080087e4                HAL_I2C_Init
                0x00000000080089a4                HAL_I2C_DeInit
                0x0000000008008a04                HAL_I2C_MspInit
                0x0000000008008a18                HAL_I2C_MspDeInit
                0x0000000008008a2c                HAL_I2C_Master_Transmit
                0x0000000008008bd0                HAL_I2C_Master_Receive
                0x0000000008008f10                HAL_I2C_Slave_Transmit
                0x00000000080090e0                HAL_I2C_Slave_Receive
                0x00000000080092a8                HAL_I2C_Master_Transmit_IT
                0x00000000080093f0                HAL_I2C_Master_Receive_IT
                0x00000000080095d8                HAL_I2C_Master_Sequential_Transmit_IT
                0x0000000008009738                HAL_I2C_Master_Sequential_Receive_IT
                0x00000000080099a4                HAL_I2C_Slave_Transmit_IT
                0x0000000008009a78                HAL_I2C_Slave_Receive_IT
                0x0000000008009b4c                HAL_I2C_Slave_Sequential_Transmit_IT
                0x0000000008009c0c                HAL_I2C_Slave_Sequential_Receive_IT
                0x0000000008009ccc                HAL_I2C_EnableListen_IT
                0x0000000008009d1c                HAL_I2C_DisableListen_IT
                0x0000000008009d94                HAL_I2C_Master_Transmit_DMA
                0x0000000008009f50                HAL_I2C_Master_Receive_DMA
                0x000000000800a118                HAL_I2C_Master_Abort_IT
                0x000000000800a1c0                HAL_I2C_Slave_Transmit_DMA
                0x000000000800a34c                HAL_I2C_Slave_Receive_DMA
                0x000000000800a484                HAL_I2C_Mem_Write
                0x000000000800a61c                HAL_I2C_Mem_Read
                0x000000000800a958                HAL_I2C_Mem_Write_IT
                0x000000000800aa94                HAL_I2C_Mem_Read_IT
                0x000000000800ac88                HAL_I2C_Mem_Write_DMA
                0x000000000800ae28                HAL_I2C_Mem_Read_DMA
                0x000000000800b000                HAL_I2C_IsDeviceReady
                0x000000000800b22c                HAL_I2C_EV_IRQHandler
                0x000000000800b510                HAL_I2C_ER_IRQHandler
                0x000000000800b758                HAL_I2C_MasterTxCpltCallback
                0x000000000800b76c                HAL_I2C_MasterRxCpltCallback
                0x000000000800b780                HAL_I2C_SlaveTxCpltCallback
                0x000000000800b794                HAL_I2C_SlaveRxCpltCallback
                0x000000000800b7a8                HAL_I2C_AddrCallback
                0x000000000800b7c4                HAL_I2C_ListenCpltCallback
                0x000000000800b7d8                HAL_I2C_MemTxCpltCallback
                0x000000000800b7ec                HAL_I2C_MemRxCpltCallback
                0x000000000800b800                HAL_I2C_ErrorCallback
                0x000000000800b814                HAL_I2C_GetState
                0x000000000800b830                HAL_I2C_GetMode
                0x000000000800b84c                HAL_I2C_GetError
 .text          0x000000000800cdfc        0x0 build/objs/stm32f4xx_hal_fmpi2c.o
 .text          0x000000000800cdfc        0x0 build/objs/stm32f4xx_hal_smartcard.o
 .text          0x000000000800cdfc        0x0 build/objs/stm32f4xx_hal_pccard.o
 .text          0x000000000800cdfc        0x0 build/objs/stm32f4xx_hal_dma2d.o
 .text          0x000000000800cdfc        0x0 build/objs/stm32f4xx_hal_sai.o
 .text          0x000000000800cdfc        0x0 build/objs/stm32f4xx_hal_cryp_ex.o
 .text          0x000000000800cdfc      0x2cc build/objs/stm32f4xx_hal_rcc_ex.o
                0x000000000800cdfc                HAL_RCC_DeInit
                0x000000000800ce74                HAL_RCCEx_PeriphCLKConfig
                0x000000000800d044                HAL_RCCEx_GetPeriphCLKConfig
 .text          0x000000000800d0c8        0x0 build/objs/stm32f4xx_ll_fmc.o
 .text          0x000000000800d0c8        0x0 build/objs/stm32f4xx_hal_ltdc_ex.o
 .text          0x000000000800d0c8        0x0 build/objs/stm32f4xx_hal_flash_ramfunc.o
 .text          0x000000000800d0c8      0x5b0 build/objs/stm32f4xx_hal_cortex.o
                0x000000000800d444                HAL_NVIC_SetPriorityGrouping
                0x000000000800d458                HAL_NVIC_SetPriority
                0x000000000800d490                HAL_NVIC_EnableIRQ
                0x000000000800d4ac                HAL_NVIC_DisableIRQ
                0x000000000800d4c8                HAL_NVIC_SystemReset
                0x000000000800d4d4                HAL_SYSTICK_Config
                0x000000000800d4ec                HAL_MPU_ConfigRegion
                0x000000000800d570                HAL_NVIC_GetPriorityGrouping
                0x000000000800d580                HAL_NVIC_GetPriority
                0x000000000800d5b0                HAL_NVIC_SetPendingIRQ
                0x000000000800d5cc                HAL_NVIC_GetPendingIRQ
                0x000000000800d5ec                HAL_NVIC_ClearPendingIRQ
                0x000000000800d608                HAL_NVIC_GetActive
                0x000000000800d628                HAL_SYSTICK_CLKSourceConfig
                0x000000000800d660                HAL_SYSTICK_IRQHandler
                0x000000000800d66c                HAL_SYSTICK_Callback
 .text          0x000000000800d678        0x0 build/objs/stm32f4xx_hal_iwdg.o
 .text          0x000000000800d678        0x0 build/objs/stm32f4xx_hal_uart.o
 .text          0x000000000800d678     0x14dc build/objs/stm32f4xx_hal_tim_ex.o
                0x000000000800d678                HAL_TIMEx_HallSensor_Init
                0x000000000800d794                HAL_TIMEx_HallSensor_DeInit
                0x000000000800d7f4                HAL_TIMEx_HallSensor_MspInit
                0x000000000800d808                HAL_TIMEx_HallSensor_MspDeInit
                0x000000000800d81c                HAL_TIMEx_HallSensor_Start
                0x000000000800d84c                HAL_TIMEx_HallSensor_Stop
                0x000000000800d89c                HAL_TIMEx_HallSensor_Start_IT
                0x000000000800d8dc                HAL_TIMEx_HallSensor_Stop_IT
                0x000000000800d93c                HAL_TIMEx_HallSensor_Start_DMA
                0x000000000800d9e8                HAL_TIMEx_HallSensor_Stop_DMA
                0x000000000800da48                HAL_TIMEx_OCN_Start
                0x000000000800da8c                HAL_TIMEx_OCN_Stop
                0x000000000800db10                HAL_TIMEx_OCN_Start_IT
                0x000000000800dbf0                HAL_TIMEx_OCN_Stop_IT
                0x000000000800dd20                HAL_TIMEx_OCN_Start_DMA
                0x000000000800ded8                HAL_TIMEx_OCN_Stop_DMA
                0x000000000800dff0                HAL_TIMEx_PWMN_Start
                0x000000000800e034                HAL_TIMEx_PWMN_Stop
                0x000000000800e0b8                HAL_TIMEx_PWMN_Start_IT
                0x000000000800e198                HAL_TIMEx_PWMN_Stop_IT
                0x000000000800e2c8                HAL_TIMEx_PWMN_Start_DMA
                0x000000000800e480                HAL_TIMEx_PWMN_Stop_DMA
                0x000000000800e598                HAL_TIMEx_OnePulseN_Start
                0x000000000800e5cc                HAL_TIMEx_OnePulseN_Stop
                0x000000000800e650                HAL_TIMEx_OnePulseN_Start_IT
                0x000000000800e6a4                HAL_TIMEx_OnePulseN_Stop_IT
                0x000000000800e748                HAL_TIMEx_ConfigCommutationEvent
                0x000000000800e7e8                HAL_TIMEx_ConfigCommutationEvent_IT
                0x000000000800e898                HAL_TIMEx_ConfigCommutationEvent_DMA
                0x000000000800e960                HAL_TIMEx_MasterConfigSynchronization
                0x000000000800e9ec                HAL_TIMEx_ConfigBreakDeadTime
                0x000000000800ea60                HAL_TIMEx_RemapConfig
                0x000000000800eaa8                HAL_TIMEx_CommutationCallback
                0x000000000800eabc                HAL_TIMEx_BreakCallback
                0x000000000800ead0                HAL_TIMEx_HallSensor_GetState
                0x000000000800eaec                TIMEx_DMACommutationCplt
 .text          0x000000000800eb54        0x0 build/objs/stm32f4xx_hal_i2c_ex.o
 .text          0x000000000800eb54      0x8e4 build/objs/stm32f4xx_hal_dma.o
                0x000000000800eb54                HAL_DMA_Init
                0x000000000800ec2c                HAL_DMA_DeInit
                0x000000000800ecc8                HAL_DMA_Start
                0x000000000800ed2c                HAL_DMA_Start_IT
                0x000000000800edb0                HAL_DMA_Abort
                0x000000000800ee2c                HAL_DMA_PollForTransfer
                0x000000000800f048                HAL_DMA_IRQHandler
                0x000000000800f33c                HAL_DMA_GetState
                0x000000000800f358                HAL_DMA_GetError
 .text          0x000000000800f438        0x0 build/objs/stm32f4xx_hal_dac.o
 .text          0x000000000800f438        0x0 build/objs/stm32f4xx_hal_spdifrx.o
 .text          0x000000000800f438        0x0 build/objs/stm32f4xx_hal_fmpi2c_ex.o
 .text          0x000000000800f438        0x0 build/objs/stm32f4xx_ll_sdmmc.o
 .text          0x000000000800f438        0x0 build/objs/stm32f4xx_hal_i2s_ex.o
 .text          0x000000000800f438        0x0 build/objs/stm32f4xx_hal_can.o
 .text          0x000000000800f438        0x0 build/objs/stm32f4xx_hal_nor.o
 .text          0x000000000800f438      0x35c build/objs/stm32f4xx_hal_pwr.o
                0x000000000800f438                HAL_PWR_DeInit
                0x000000000800f460                HAL_PWR_EnableBkUpAccess
                0x000000000800f494                HAL_PWR_DisableBkUpAccess
                0x000000000800f4c8                HAL_PWR_ConfigPVD
                0x000000000800f584                HAL_PWR_EnablePVD
                0x000000000800f5b8                HAL_PWR_DisablePVD
                0x000000000800f5ec                HAL_PWR_EnableWakeUpPin
                0x000000000800f610                HAL_PWR_DisableWakeUpPin
                0x000000000800f634                HAL_PWR_EnterSLEEPMode
                0x000000000800f66c                HAL_PWR_EnterSTOPMode
                0x000000000800f6c4                HAL_PWR_EnterSTANDBYMode
                0x000000000800f6f4                HAL_PWR_PVD_IRQHandler
                0x000000000800f718                HAL_PWR_PVDCallback
                0x000000000800f724                HAL_PWR_EnableSleepOnExit
                0x000000000800f740                HAL_PWR_DisableSleepOnExit
                0x000000000800f75c                HAL_PWR_EnableSEVOnPend
                0x000000000800f778                HAL_PWR_DisableSEVOnPend
 .text          0x000000000800f794        0x0 build/objs/stm32f4xx_hal_rtc.o
 .text          0x000000000800f794        0x0 build/objs/stm32f4xx_hal_qspi.o
 .text          0x000000000800f794        0x0 build/objs/stm32f4xx_hal_hash_ex.o
 .text          0x000000000800f794        0x0 build/objs/stm32f4xx_hal_i2s.o
 .text          0x000000000800f794        0x0 build/objs/stm32f4xx_hal_sram.o
 .text          0x000000000800f794        0x0 build/objs/stm32f4xx_hal_hash.o
 .text          0x000000000800f794        0x0 build/objs/stm32f4xx_hal_eth.o
 .text          0x000000000800f794     0x3f3c build/objs/stm32f4xx_hal_tim.o
                0x000000000800f794                HAL_TIM_Base_Init
                0x000000000800f7ec                HAL_TIM_Base_DeInit
                0x000000000800f84c                HAL_TIM_Base_MspInit
                0x000000000800f860                HAL_TIM_Base_MspDeInit
                0x000000000800f874                HAL_TIM_Base_Start
                0x000000000800f8ac                HAL_TIM_Base_Stop
                0x000000000800f904                HAL_TIM_Base_Start_IT
                0x000000000800f93c                HAL_TIM_Base_Stop_IT
                0x000000000800f994                HAL_TIM_Base_Start_DMA
                0x000000000800fa34                HAL_TIM_Base_Stop_DMA
                0x000000000800fa94                HAL_TIM_OC_Init
                0x000000000800faec                HAL_TIM_OC_DeInit
                0x000000000800fb4c                HAL_TIM_OC_MspInit
                0x000000000800fb60                HAL_TIM_OC_MspDeInit
                0x000000000800fb74                HAL_TIM_OC_Start
                0x000000000800fbdc                HAL_TIM_OC_Stop
                0x000000000800fc84                HAL_TIM_OC_Start_IT
                0x000000000800fd78                HAL_TIM_OC_Stop_IT
                0x000000000800feac                HAL_TIM_OC_Start_DMA
                0x0000000008010088                HAL_TIM_OC_Stop_DMA
                0x00000000080101c4                HAL_TIM_PWM_Init
                0x000000000801021c                HAL_TIM_PWM_DeInit
                0x000000000801027c                HAL_TIM_PWM_MspInit
                0x0000000008010290                HAL_TIM_PWM_MspDeInit
                0x00000000080102a4                HAL_TIM_PWM_Start
                0x000000000801030c                HAL_TIM_PWM_Stop
                0x00000000080103bc                HAL_TIM_PWM_Start_IT
                0x00000000080104b0                HAL_TIM_PWM_Stop_IT
                0x00000000080105e4                HAL_TIM_PWM_Start_DMA
                0x00000000080107c0                HAL_TIM_PWM_Stop_DMA
                0x00000000080108fc                HAL_TIM_IC_Init
                0x0000000008010954                HAL_TIM_IC_DeInit
                0x00000000080109b4                HAL_TIM_IC_MspInit
                0x00000000080109c8                HAL_TIM_IC_MspDeInit
                0x00000000080109dc                HAL_TIM_IC_Start
                0x0000000008010a10                HAL_TIM_IC_Stop
                0x0000000008010a64                HAL_TIM_IC_Start_IT
                0x0000000008010b24                HAL_TIM_IC_Stop_IT
                0x0000000008010c04                HAL_TIM_IC_Start_DMA
                0x0000000008010da4                HAL_TIM_IC_Stop_DMA
                0x0000000008010e8c                HAL_TIM_OnePulse_Init
                0x0000000008010f04                HAL_TIM_OnePulse_DeInit
                0x0000000008010f64                HAL_TIM_OnePulse_MspInit
                0x0000000008010f78                HAL_TIM_OnePulse_MspDeInit
                0x0000000008010f8c                HAL_TIM_OnePulse_Start
                0x0000000008010ff4                HAL_TIM_OnePulse_Stop
                0x00000000080110ac                HAL_TIM_OnePulse_Start_IT
                0x0000000008011134                HAL_TIM_OnePulse_Stop_IT
                0x000000000801120c                HAL_TIM_Encoder_Init
                0x0000000008011338                HAL_TIM_Encoder_DeInit
                0x0000000008011398                HAL_TIM_Encoder_MspInit
                0x00000000080113ac                HAL_TIM_Encoder_MspDeInit
                0x00000000080113c0                HAL_TIM_Encoder_Start
                0x0000000008011430                HAL_TIM_Encoder_Stop
                0x00000000080114c0                HAL_TIM_Encoder_Start_IT
                0x0000000008011570                HAL_TIM_Encoder_Stop_IT
                0x0000000008011644                HAL_TIM_Encoder_Start_DMA
                0x00000000080117fc                HAL_TIM_Encoder_Stop_DMA
                0x00000000080118d0                HAL_TIM_IRQHandler
                0x0000000008011ae0                HAL_TIM_OC_ConfigChannel
                0x0000000008011ba0                HAL_TIM_IC_ConfigChannel
                0x0000000008011cd8                HAL_TIM_PWM_ConfigChannel
                0x0000000008011e64                HAL_TIM_OnePulse_ConfigChannel
                0x0000000008011fe4                HAL_TIM_DMABurst_WriteStart
                0x00000000080121f0                HAL_TIM_DMABurst_WriteStop
                0x00000000080122a0                HAL_TIM_DMABurst_ReadStart
                0x00000000080124a0                HAL_TIM_DMABurst_ReadStop
                0x0000000008012550                HAL_TIM_GenerateEvent
                0x00000000080125a0                HAL_TIM_ConfigOCrefClear
                0x00000000080126f4                HAL_TIM_ConfigClockSource
                0x00000000080128b8                HAL_TIM_ConfigTI1Input
                0x00000000080128f4                HAL_TIM_SlaveConfigSynchronization
                0x0000000008012960                HAL_TIM_SlaveConfigSynchronization_IT
                0x00000000080129cc                HAL_TIM_ReadCapturedValue
                0x0000000008012a84                HAL_TIM_OC_DelayElapsedCallback
                0x0000000008012a98                HAL_TIM_IC_CaptureCallback
                0x0000000008012aac                HAL_TIM_PWM_PulseFinishedCallback
                0x0000000008012ac0                HAL_TIM_TriggerCallback
                0x0000000008012ad4                HAL_TIM_ErrorCallback
                0x0000000008012ae8                HAL_TIM_Base_GetState
                0x0000000008012b04                HAL_TIM_OC_GetState
                0x0000000008012b20                HAL_TIM_PWM_GetState
                0x0000000008012b3c                HAL_TIM_IC_GetState
                0x0000000008012b58                HAL_TIM_OnePulse_GetState
                0x0000000008012b74                HAL_TIM_Encoder_GetState
                0x0000000008012b90                TIM_Base_SetConfig
                0x0000000008012ce0                TIM_TI1_SetConfig
                0x0000000008012dd4                TIM_OC2_SetConfig
                0x0000000008012ec4                TIM_DMADelayPulseCplt
                0x0000000008012f34                TIM_DMAError
                0x0000000008012f58                TIM_DMACaptureCplt
                0x0000000008012fc8                TIM_CCxChannelCmd
 .text          0x00000000080136d0      0x210 build/objs/stm32f4xx_hal_dma_ex.o
                0x00000000080136d0                HAL_DMAEx_MultiBufferStart
                0x0000000008013770                HAL_DMAEx_MultiBufferStart_IT
                0x0000000008013860                HAL_DMAEx_ChangeMemory
 .text          0x00000000080138e0        0x0 build/objs/stm32f4xx_hal_sd.o
 .text          0x00000000080138e0        0x0 build/objs/stm32f4xx_hal_sai_ex.o
 .text          0x00000000080138e0      0xae8 build/objs/stm32f4xx_hal_rcc.o
                0x00000000080138ec                HAL_RCC_OscConfig
                0x0000000008013d10                HAL_RCC_ClockConfig
                0x0000000008013ef8                HAL_RCC_MCOConfig
                0x0000000008013fc4                HAL_RCC_EnableCSS
                0x0000000008013fdc                HAL_RCC_DisableCSS
                0x0000000008013ff4                HAL_RCC_GetSysClockFreq
                0x00000000080140f0                HAL_RCC_GetHCLKFreq
                0x0000000008014140                HAL_RCC_GetPCLK1Freq
                0x0000000008014184                HAL_RCC_GetPCLK2Freq
                0x00000000080141c8                HAL_RCC_GetOscConfig
                0x0000000008014338                HAL_RCC_GetClockConfig
                0x0000000008014398                HAL_RCC_NMI_IRQHandler
                0x00000000080143bc                HAL_RCC_CSSCallback
 .text          0x00000000080143c8        0x0 build/objs/stm32f4xx_hal_wwdg.o
 .text          0x00000000080143c8        0x0 build/objs/stm32f4xx_hal_dac_ex.o
 .text          0x00000000080143c8        0x0 build/objs/stm32f4xx_hal_rtc_ex.o
 .text          0x00000000080143c8      0x1d8 build/objs/stm32f4xx_hal_pwr_ex.o
                0x00000000080143c8                HAL_PWREx_EnableBkUpReg
                0x0000000008014430                HAL_PWREx_DisableBkUpReg
                0x0000000008014498                HAL_PWREx_EnableFlashPowerDown
                0x00000000080144cc                HAL_PWREx_DisableFlashPowerDown
                0x0000000008014500                HAL_PWREx_GetVoltageRange
                0x000000000801451c                HAL_PWREx_ControlVoltageScaling
 .text          0x00000000080145a0        0x0 build/objs/stm32f4xx_hal_dcmi.o
 .text          0x00000000080145a0        0x0 build/objs/stm32f4xx_hal_sdram.o
 .text          0x00000000080145a0      0x5f8 build/objs/stm32f4xx_hal_flash.o
                0x00000000080145a0                HAL_FLASH_Program
                0x0000000008014648                HAL_FLASH_Program_IT
                0x00000000080146e4                HAL_FLASH_IRQHandler
                0x0000000008014824                HAL_FLASH_EndOfOperationCallback
                0x0000000008014838                HAL_FLASH_OperationErrorCallback
                0x000000000801484c                HAL_FLASH_Unlock
                0x0000000008014880                HAL_FLASH_Lock
                0x00000000080148a0                HAL_FLASH_OB_Unlock
                0x00000000080148d8                HAL_FLASH_OB_Lock
                0x00000000080148f8                HAL_FLASH_OB_Launch
                0x0000000008014920                HAL_FLASH_GetError
                0x0000000008014938                FLASH_WaitForLastOperation
 .text          0x0000000008014b98        0x0 build/objs/stm32f4xx_hal_crc.o
 .text          0x0000000008014b98        0x0 build/objs/stm32f4xx_hal_usart.o
 .text          0x0000000008014b98      0x7cc build/objs/stm32f4_discovery.o
                0x0000000008014b98                BSP_GetVersion
                0x0000000008014bac                BSP_LED_Init
                0x0000000008014c9c                BSP_LED_On
                0x0000000008014cd0                BSP_LED_Off
                0x0000000008014d04                BSP_LED_Toggle
                0x0000000008014d34                BSP_PB_Init
                0x0000000008014de8                BSP_PB_GetState
                0x000000000801510c                ACCELERO_IO_Init
                0x0000000008015164                ACCELERO_IO_ITConfig
                0x00000000080151c4                ACCELERO_IO_Write
                0x0000000008015228                ACCELERO_IO_Read
                0x0000000008015298                AUDIO_IO_Init
                0x0000000008015308                AUDIO_IO_DeInit
                0x0000000008015314                AUDIO_IO_Write
                0x000000000801533c                AUDIO_IO_Read
 .text          0x0000000008015364      0x164 build/objs/system_stm32f4xx.o
                0x0000000008015364                SystemInit
                0x00000000080153d0                SystemCoreClockUpdate
 .text          0x00000000080154c8      0x57c build/objs/usbd_core.o
                0x00000000080154c8                USBD_Init
                0x0000000008015520                USBD_DeInit
                0x000000000801555c                USBD_RegisterClass
                0x0000000008015590                USBD_Start
                0x00000000080155a8                USBD_Stop
                0x00000000080155d4                USBD_RunTestMode
                0x00000000080155ec                USBD_SetClassConfig
                0x000000000801562c                USBD_ClrClassConfig
                0x0000000008015654                USBD_LL_SetupStage
                0x00000000080156e8                USBD_LL_DataOutStage
                0x00000000080157a0                USBD_LL_DataInStage
                0x00000000080158c0                USBD_LL_Reset
                0x0000000008015920                USBD_LL_SetSpeed
                0x0000000008015940                USBD_LL_Suspend
                0x000000000801596c                USBD_LL_Resume
                0x0000000008015990                USBD_LL_SOF
                0x00000000080159c4                USBD_LL_IsoINIncomplete
                0x00000000080159e0                USBD_LL_IsoOUTIncomplete
                0x00000000080159fc                USBD_LL_DevConnected
                0x0000000008015a14                USBD_LL_DevDisconnected
 .text          0x0000000008015a44      0x8c8 build/objs/usbd_ctlreq.o
                0x0000000008015a44                USBD_StdDevReq
                0x0000000008015ae4                USBD_StdItfReq
                0x0000000008015b4c                USBD_StdEPReq
                0x00000000080161c0                USBD_ParseSetupRequest
                0x0000000008016238                USBD_CtlError
                0x0000000008016258                USBD_GetString
 .text          0x000000000801630c      0x130 build/objs/usbd_ioreq.o
                0x000000000801630c                USBD_CtlSendData
                0x0000000008016344                USBD_CtlContinueSendData
                0x0000000008016368                USBD_CtlPrepareRx
                0x00000000080163a4                USBD_CtlContinueRx
                0x00000000080163c8                USBD_CtlSendStatus
                0x00000000080163f0                USBD_CtlReceiveStatus
                0x0000000008016418                USBD_GetRxCount
 .text          0x000000000801643c      0x1a4 build/objs/usbd_cdc_if_template.o
 .text          0x00000000080165e0      0x490 build/objs/usbd_cdc.o
                0x0000000008016918                USBD_CDC_GetDeviceQualifierDescriptor
                0x0000000008016938                USBD_CDC_RegisterInterface
                0x0000000008016968                USBD_CDC_SetTxBuffer
                0x000000000801699c                USBD_CDC_SetRxBuffer
                0x00000000080169c4                USBD_CDC_TransmitPacket
                0x0000000008016a18                USBD_CDC_ReceivePacket
 .text          0x0000000008016a70       0x14 build/objs/startup_stm32f407xx.o
 .text          0x0000000008016a84        0x0 /usr/lib/gcc/arm-none-eabi/4.9.3/../../../arm-none-eabi/lib/armv7e-m/fpu/libg.a(lib_a-errno.o)
 .text          0x0000000008016a84        0x0 /usr/lib/gcc/arm-none-eabi/4.9.3/../../../arm-none-eabi/lib/armv7e-m/fpu/libg.a(lib_a-impure.o)
 .text          0x0000000008016a84        0x0 /usr/lib/gcc/arm-none-eabi/4.9.3/../../../arm-none-eabi/lib/armv7e-m/fpu/libg.a(lib_a-malloc.o)
 .text          0x0000000008016a84        0x0 /usr/lib/gcc/arm-none-eabi/4.9.3/../../../arm-none-eabi/lib/armv7e-m/fpu/libg.a(lib_a-mallocr.o)
 .text          0x0000000008016a84        0x0 /usr/lib/gcc/arm-none-eabi/4.9.3/../../../arm-none-eabi/lib/armv7e-m/fpu/libg.a(lib_a-mlock.o)
 .text          0x0000000008016a84        0x0 /usr/lib/gcc/arm-none-eabi/4.9.3/../../../arm-none-eabi/lib/armv7e-m/fpu/libg.a(lib_a-sbrkr.o)
 *fill*         0x0000000008016a84       0x1c 
 .text          0x0000000008016aa0      0x2e0 /usr/lib/gcc/arm-none-eabi/4.9.3/../../../arm-none-eabi/lib/armv7e-m/fpu/libg.a(lib_a-strcmp.o)
                0x0000000008016aa8                strcmp
 .text          0x0000000008016d80        0x0 /usr/lib/gcc/arm-none-eabi/4.9.3/../../../arm-none-eabi/lib/armv7e-m/fpu/libg.a(lib_a-strtok.o)
 .text          0x0000000008016d80        0x0 /usr/lib/gcc/arm-none-eabi/4.9.3/../../../arm-none-eabi/lib/armv7e-m/fpu/libg.a(lib_a-strtok_r.o)
 .text          0x0000000008016d80        0x0 /usr/lib/gcc/arm-none-eabi/4.9.3/../../../arm-none-eabi/lib/armv7e-m/fpu/libg.a(lib_a-freer.o)
 .text          0x0000000008016d80        0x0 /usr/lib/gcc/arm-none-eabi/4.9.3/../../../arm-none-eabi/lib/armv7e-m/fpu/libg.a(lib_a-reent.o)
 *(.text*)
 .text.Reset_Handler
                0x0000000008016d80       0x4c build/objs/startup_stm32f407xx.o
                0x0000000008016d80                Reset_Handler
 .text.Default_Handler
                0x0000000008016dcc        0x2 build/objs/startup_stm32f407xx.o
                0x0000000008016dcc                RTC_Alarm_IRQHandler
                0x0000000008016dcc                HASH_RNG_IRQHandler
                0x0000000008016dcc                EXTI2_IRQHandler
                0x0000000008016dcc                TIM8_CC_IRQHandler
                0x0000000008016dcc                DebugMon_Handler
                0x0000000008016dcc                TIM1_CC_IRQHandler
                0x0000000008016dcc                DMA2_Stream5_IRQHandler
                0x0000000008016dcc                HardFault_Handler
                0x0000000008016dcc                DMA1_Stream5_IRQHandler
                0x0000000008016dcc                PVD_IRQHandler
                0x0000000008016dcc                SDIO_IRQHandler
                0x0000000008016dcc                TAMP_STAMP_IRQHandler
                0x0000000008016dcc                PendSV_Handler
                0x0000000008016dcc                NMI_Handler
                0x0000000008016dcc                CAN2_RX1_IRQHandler
                0x0000000008016dcc                EXTI3_IRQHandler
                0x0000000008016dcc                TIM8_TRG_COM_TIM14_IRQHandler
                0x0000000008016dcc                TIM1_UP_TIM10_IRQHandler
                0x0000000008016dcc                TIM8_UP_TIM13_IRQHandler
                0x0000000008016dcc                I2C3_ER_IRQHandler
                0x0000000008016dcc                EXTI0_IRQHandler
                0x0000000008016dcc                I2C2_EV_IRQHandler
                0x0000000008016dcc                DMA1_Stream2_IRQHandler
                0x0000000008016dcc                CAN1_RX0_IRQHandler
                0x0000000008016dcc                FPU_IRQHandler
                0x0000000008016dcc                OTG_HS_WKUP_IRQHandler
                0x0000000008016dcc                UsageFault_Handler
                0x0000000008016dcc                CAN2_SCE_IRQHandler
                0x0000000008016dcc                DMA2_Stream2_IRQHandler
                0x0000000008016dcc                SPI1_IRQHandler
                0x0000000008016dcc                TIM1_BRK_TIM9_IRQHandler
                0x0000000008016dcc                DCMI_IRQHandler
                0x0000000008016dcc                CAN2_RX0_IRQHandler
                0x0000000008016dcc                DMA2_Stream3_IRQHandler
                0x0000000008016dcc                USART6_IRQHandler
                0x0000000008016dcc                USART3_IRQHandler
                0x0000000008016dcc                CAN1_RX1_IRQHandler
                0x0000000008016dcc                UART5_IRQHandler
                0x0000000008016dcc                DMA2_Stream0_IRQHandler
                0x0000000008016dcc                TIM4_IRQHandler
                0x0000000008016dcc                I2C1_EV_IRQHandler
                0x0000000008016dcc                DMA1_Stream6_IRQHandler
                0x0000000008016dcc                DMA1_Stream1_IRQHandler
                0x0000000008016dcc                UART4_IRQHandler
                0x0000000008016dcc                TIM3_IRQHandler
                0x0000000008016dcc                RCC_IRQHandler
                0x0000000008016dcc                TIM8_BRK_TIM12_IRQHandler
                0x0000000008016dcc                Default_Handler
                0x0000000008016dcc                EXTI15_10_IRQHandler
                0x0000000008016dcc                ADC_IRQHandler
                0x0000000008016dcc                DMA1_Stream7_IRQHandler
                0x0000000008016dcc                TIM7_IRQHandler
                0x0000000008016dcc                CAN2_TX_IRQHandler
                0x0000000008016dcc                TIM5_IRQHandler
                0x0000000008016dcc                DMA2_Stream7_IRQHandler
                0x0000000008016dcc                I2C3_EV_IRQHandler
                0x0000000008016dcc                EXTI9_5_IRQHandler
                0x0000000008016dcc                RTC_WKUP_IRQHandler
                0x0000000008016dcc                ETH_WKUP_IRQHandler
                0x0000000008016dcc                SPI2_IRQHandler
                0x0000000008016dcc                OTG_HS_EP1_IN_IRQHandler
                0x0000000008016dcc                MemManage_Handler
                0x0000000008016dcc                DMA1_Stream0_IRQHandler
                0x0000000008016dcc                CAN1_TX_IRQHandler
                0x0000000008016dcc                SVC_Handler
                0x0000000008016dcc                EXTI4_IRQHandler
                0x0000000008016dcc                FSMC_IRQHandler
                0x0000000008016dcc                ETH_IRQHandler
                0x0000000008016dcc                OTG_HS_EP1_OUT_IRQHandler
                0x0000000008016dcc                WWDG_IRQHandler
                0x0000000008016dcc                TIM2_IRQHandler
                0x0000000008016dcc                OTG_FS_WKUP_IRQHandler
                0x0000000008016dcc                TIM1_TRG_COM_TIM11_IRQHandler
                0x0000000008016dcc                OTG_HS_IRQHandler
                0x0000000008016dcc                EXTI1_IRQHandler
                0x0000000008016dcc                USART2_IRQHandler
                0x0000000008016dcc                I2C2_ER_IRQHandler
                0x0000000008016dcc                DMA2_Stream1_IRQHandler
                0x0000000008016dcc                CAN1_SCE_IRQHandler
                0x0000000008016dcc                FLASH_IRQHandler
                0x0000000008016dcc                DMA2_Stream4_IRQHandler
                0x0000000008016dcc                BusFault_Handler
                0x0000000008016dcc                USART1_IRQHandler
                0x0000000008016dcc                SPI3_IRQHandler
                0x0000000008016dcc                DMA1_Stream4_IRQHandler
                0x0000000008016dcc                I2C1_ER_IRQHandler
                0x0000000008016dcc                DMA2_Stream6_IRQHandler
                0x0000000008016dcc                DMA1_Stream3_IRQHandler
 *fill*         0x0000000008016dce        0x2 
 .text.__errno  0x0000000008016dd0        0xc /usr/lib/gcc/arm-none-eabi/4.9.3/../../../arm-none-eabi/lib/armv7e-m/fpu/libg.a(lib_a-errno.o)
                0x0000000008016dd0                __errno
 .text.malloc   0x0000000008016ddc       0x10 /usr/lib/gcc/arm-none-eabi/4.9.3/../../../arm-none-eabi/lib/armv7e-m/fpu/libg.a(lib_a-malloc.o)
                0x0000000008016ddc                malloc
 .text.free     0x0000000008016dec       0x10 /usr/lib/gcc/arm-none-eabi/4.9.3/../../../arm-none-eabi/lib/armv7e-m/fpu/libg.a(lib_a-malloc.o)
                0x0000000008016dec                free
 .text._malloc_r
                0x0000000008016dfc      0x524 /usr/lib/gcc/arm-none-eabi/4.9.3/../../../arm-none-eabi/lib/armv7e-m/fpu/libg.a(lib_a-mallocr.o)
                0x0000000008016dfc                _malloc_r
 .text.__malloc_lock
                0x0000000008017320        0x4 /usr/lib/gcc/arm-none-eabi/4.9.3/../../../arm-none-eabi/lib/armv7e-m/fpu/libg.a(lib_a-mlock.o)
                0x0000000008017320                __malloc_lock
 .text.__malloc_unlock
                0x0000000008017324        0x4 /usr/lib/gcc/arm-none-eabi/4.9.3/../../../arm-none-eabi/lib/armv7e-m/fpu/libg.a(lib_a-mlock.o)
                0x0000000008017324                __malloc_unlock
 .text._sbrk_r  0x0000000008017328       0x24 /usr/lib/gcc/arm-none-eabi/4.9.3/../../../arm-none-eabi/lib/armv7e-m/fpu/libg.a(lib_a-sbrkr.o)
                0x0000000008017328                _sbrk_r
 .text.strtok   0x000000000801734c       0x10 /usr/lib/gcc/arm-none-eabi/4.9.3/../../../arm-none-eabi/lib/armv7e-m/fpu/libg.a(lib_a-strtok.o)
                0x000000000801734c                strtok
 .text.__strtok_r
                0x000000000801735c       0x64 /usr/lib/gcc/arm-none-eabi/4.9.3/../../../arm-none-eabi/lib/armv7e-m/fpu/libg.a(lib_a-strtok_r.o)
                0x000000000801735c                __strtok_r
 .text.strtok_r
                0x00000000080173c0        0x8 /usr/lib/gcc/arm-none-eabi/4.9.3/../../../arm-none-eabi/lib/armv7e-m/fpu/libg.a(lib_a-strtok_r.o)
                0x00000000080173c0                strtok_r
 .text._malloc_trim_r
                0x00000000080173c8       0x9c /usr/lib/gcc/arm-none-eabi/4.9.3/../../../arm-none-eabi/lib/armv7e-m/fpu/libg.a(lib_a-freer.o)
                0x00000000080173c8                _malloc_trim_r
 .text._free_r  0x0000000008017464      0x1b0 /usr/lib/gcc/arm-none-eabi/4.9.3/../../../arm-none-eabi/lib/armv7e-m/fpu/libg.a(lib_a-freer.o)
                0x0000000008017464                _free_r
 .text.cleanup_glue
                0x0000000008017614       0x1c /usr/lib/gcc/arm-none-eabi/4.9.3/../../../arm-none-eabi/lib/armv7e-m/fpu/libg.a(lib_a-reent.o)
                0x0000000008017614                cleanup_glue
 .text._reclaim_reent
                0x0000000008017630       0x88 /usr/lib/gcc/arm-none-eabi/4.9.3/../../../arm-none-eabi/lib/armv7e-m/fpu/libg.a(lib_a-reent.o)
                0x0000000008017630                _reclaim_reent
 *(.glue_7)
 .glue_7        0x00000000080176b8        0x0 linker stubs
 *(.glue_7t)
 .glue_7t       0x00000000080176b8        0x0 linker stubs
 *(.eh_frame)
 .eh_frame      0x00000000080176b8       0x70 /usr/lib/gcc/arm-none-eabi/4.9.3/../../../arm-none-eabi/lib/armv7e-m/fpu/libg.a(lib_a-strcmp.o)
 *(.init)
 *(.fini)
                0x0000000008017728                . = ALIGN (0x4)
                0x0000000008017728                _etext = .

.vfp11_veneer   0x0000000008017728        0x0
 .vfp11_veneer  0x0000000008017728        0x0 linker stubs

.v4_bx          0x0000000008017728        0x0
 .v4_bx         0x0000000008017728        0x0 linker stubs

.iplt           0x0000000008017728        0x0
 .iplt          0x0000000008017728        0x0 build/objs/usbd_cdc_if.o

.rodata         0x0000000008017728      0x4a0
                0x0000000008017728                . = ALIGN (0x4)
 *(.rodata)
 .rodata        0x0000000008017728       0x14 build/objs/main.o
 .rodata        0x000000000801773c       0x58 build/objs/usbd_desc.o
 .rodata        0x0000000008017794      0x388 build/objs/pcd8544.o
                0x0000000008017794                PCD8544_Font5x7
                0x00000000080179dc                PCD8544_Font3x5
 .rodata        0x0000000008017b1c       0x6a build/objs/command_processor.o
 *fill*         0x0000000008017b86        0x2 
 .rodata        0x0000000008017b88        0x8 build/objs/stm32f4xx_hal_dma.o
 .rodata        0x0000000008017b90       0x10 build/objs/stm32f4xx_hal_rcc.o
                0x0000000008017b90                APBAHBPrescTable
 .rodata        0x0000000008017ba0       0x10 build/objs/stm32f4_discovery.o
                0x0000000008017ba0                GPIO_PIN
                0x0000000008017ba8                BUTTON_PIN
                0x0000000008017bac                BUTTON_IRQn
 .rodata        0x0000000008017bb0       0x10 build/objs/system_stm32f4xx.o
                0x0000000008017bb0                AHBPrescTable
 *(.rodata*)
 .rodata.str1.4
                0x0000000008017bc0        0x4 /usr/lib/gcc/arm-none-eabi/4.9.3/../../../arm-none-eabi/lib/armv7e-m/fpu/libg.a(lib_a-impure.o)
 .rodata._global_impure_ptr
                0x0000000008017bc4        0x4 /usr/lib/gcc/arm-none-eabi/4.9.3/../../../arm-none-eabi/lib/armv7e-m/fpu/libg.a(lib_a-impure.o)
                0x0000000008017bc4                _global_impure_ptr
                0x0000000008017bc8                . = ALIGN (0x4)

.rel.dyn        0x0000000008017bc8        0x0
 .rel.iplt      0x0000000008017bc8        0x0 build/objs/usbd_cdc_if.o

.ARM.extab
 *(.ARM.extab* .gnu.linkonce.armextab.*)

.ARM            0x0000000008017bc8        0x0
                0x0000000008017bc8                __exidx_start = .
 *(.ARM.exidx*)
                0x0000000008017bc8                __exidx_end = .

.preinit_array  0x0000000008017bc8        0x0
                [!provide]                        PROVIDE (__preinit_array_start, .)
 *(.preinit_array*)
                [!provide]                        PROVIDE (__preinit_array_end, .)

.init_array     0x0000000008017bc8        0x0
                [!provide]                        PROVIDE (__init_array_start, .)
 *(SORT(.init_array.*))
 *(.init_array*)
                [!provide]                        PROVIDE (__init_array_end, .)

.fini_array     0x0000000008017bc8        0x0
                [!provide]                        PROVIDE (__fini_array_start, .)
 *(SORT(.fini_array.*))
 *(.fini_array*)
                [!provide]                        PROVIDE (__fini_array_end, .)
                0x0000000008017bc8                _sidata = LOADADDR (.data)

.data           0x0000000020000000      0xabc load address 0x0000000008017bc8
                0x0000000020000000                . = ALIGN (0x4)
                0x0000000020000000                _sdata = .
 *(.data)
 .data          0x0000000020000000       0x10 build/objs/usbd_cdc_if.o
                0x0000000020000000                USBD_Interface_fops_FS
 .data          0x0000000020000010        0x0 build/objs/usbd_conf.o
 .data          0x0000000020000010        0x0 build/objs/syscalls.o
 .data          0x0000000020000010        0x0 build/objs/stm32f4xx_hal_msp.o
 .data          0x0000000020000010        0x0 build/objs/gpio.o
 .data          0x0000000020000010        0x0 build/objs/SSR.o
 .data          0x0000000020000010        0x0 build/objs/MAX31855.o
 .data          0x0000000020000010        0x0 build/objs/main.o
 .data          0x0000000020000010        0x0 build/objs/stm32f4xx_it.o
 .data          0x0000000020000010        0x0 build/objs/usb_device.o
 .data          0x0000000020000010       0x34 build/objs/usbd_desc.o
                0x0000000020000010                FS_Desc
                0x000000002000002c                USBD_FS_DeviceDesc
                0x0000000020000040                USBD_LangIDDesc
 .data          0x0000000020000044       0xcc build/objs/pcd8544.o
                0x0000000020000044                brightness_levels
 .data          0x0000000020000110       0x28 build/objs/command_processor.o
                0x0000000020000110                allowed_commands
 .data          0x0000000020000138        0x0 build/objs/stm32f4xx_hal_dsi.o
 .data          0x0000000020000138        0x0 build/objs/stm32f4xx_hal_pcd.o
 .data          0x0000000020000138        0x0 build/objs/stm32f4xx_hal_irda.o
 .data          0x0000000020000138        0x0 build/objs/stm32f4xx_ll_fsmc.o
 .data          0x0000000020000138        0x0 build/objs/stm32f4xx_hal_cec.o
 .data          0x0000000020000138        0x0 build/objs/stm32f4xx_hal_timebase_tim_template.o
 .data          0x0000000020000138        0x0 build/objs/stm32f4xx_ll_usb.o
 .data          0x0000000020000138        0x0 build/objs/stm32f4xx_hal.o
 .data          0x0000000020000138        0x0 build/objs/stm32f4xx_hal_dcmi_ex.o
 .data          0x0000000020000138        0x0 build/objs/stm32f4xx_hal_flash_ex.o
 .data          0x0000000020000138        0x0 build/objs/stm32f4xx_hal_cryp.o
 .data          0x0000000020000138        0x0 build/objs/stm32f4xx_hal_rng.o
 .data          0x0000000020000138        0x0 build/objs/stm32f4xx_hal_nand.o
 .data          0x0000000020000138        0x0 build/objs/stm32f4xx_hal_gpio.o
 .data          0x0000000020000138        0x0 build/objs/stm32f4xx_hal_ltdc.o
 .data          0x0000000020000138        0x0 build/objs/stm32f4xx_hal_hcd.o
 .data          0x0000000020000138        0x0 build/objs/stm32f4xx_hal_pcd_ex.o
 .data          0x0000000020000138        0x0 build/objs/stm32f4xx_hal_adc.o
 .data          0x0000000020000138        0x0 build/objs/stm32f4xx_hal_adc_ex.o
 .data          0x0000000020000138        0x0 build/objs/stm32f4xx_hal_lptim.o
 .data          0x0000000020000138        0x0 build/objs/stm32f4xx_hal_spi.o
 .data          0x0000000020000138        0x0 build/objs/stm32f4xx_hal_i2c.o
 .data          0x0000000020000138        0x0 build/objs/stm32f4xx_hal_fmpi2c.o
 .data          0x0000000020000138        0x0 build/objs/stm32f4xx_hal_smartcard.o
 .data          0x0000000020000138        0x0 build/objs/stm32f4xx_hal_pccard.o
 .data          0x0000000020000138        0x0 build/objs/stm32f4xx_hal_dma2d.o
 .data          0x0000000020000138        0x0 build/objs/stm32f4xx_hal_sai.o
 .data          0x0000000020000138        0x0 build/objs/stm32f4xx_hal_cryp_ex.o
 .data          0x0000000020000138        0x0 build/objs/stm32f4xx_hal_rcc_ex.o
 .data          0x0000000020000138        0x0 build/objs/stm32f4xx_ll_fmc.o
 .data          0x0000000020000138        0x0 build/objs/stm32f4xx_hal_ltdc_ex.o
 .data          0x0000000020000138        0x0 build/objs/stm32f4xx_hal_flash_ramfunc.o
 .data          0x0000000020000138        0x0 build/objs/stm32f4xx_hal_cortex.o
 .data          0x0000000020000138        0x0 build/objs/stm32f4xx_hal_iwdg.o
 .data          0x0000000020000138        0x0 build/objs/stm32f4xx_hal_uart.o
 .data          0x0000000020000138        0x0 build/objs/stm32f4xx_hal_tim_ex.o
 .data          0x0000000020000138        0x0 build/objs/stm32f4xx_hal_i2c_ex.o
 .data          0x0000000020000138        0x0 build/objs/stm32f4xx_hal_dma.o
 .data          0x0000000020000138        0x0 build/objs/stm32f4xx_hal_dac.o
 .data          0x0000000020000138        0x0 build/objs/stm32f4xx_hal_spdifrx.o
 .data          0x0000000020000138        0x0 build/objs/stm32f4xx_hal_fmpi2c_ex.o
 .data          0x0000000020000138        0x0 build/objs/stm32f4xx_ll_sdmmc.o
 .data          0x0000000020000138        0x0 build/objs/stm32f4xx_hal_i2s_ex.o
 .data          0x0000000020000138        0x0 build/objs/stm32f4xx_hal_can.o
 .data          0x0000000020000138        0x0 build/objs/stm32f4xx_hal_nor.o
 .data          0x0000000020000138        0x0 build/objs/stm32f4xx_hal_pwr.o
 .data          0x0000000020000138        0x0 build/objs/stm32f4xx_hal_rtc.o
 .data          0x0000000020000138        0x0 build/objs/stm32f4xx_hal_qspi.o
 .data          0x0000000020000138        0x0 build/objs/stm32f4xx_hal_hash_ex.o
 .data          0x0000000020000138        0x0 build/objs/stm32f4xx_hal_i2s.o
 .data          0x0000000020000138        0x0 build/objs/stm32f4xx_hal_sram.o
 .data          0x0000000020000138        0x0 build/objs/stm32f4xx_hal_hash.o
 .data          0x0000000020000138        0x0 build/objs/stm32f4xx_hal_eth.o
 .data          0x0000000020000138        0x0 build/objs/stm32f4xx_hal_tim.o
 .data          0x0000000020000138        0x0 build/objs/stm32f4xx_hal_dma_ex.o
 .data          0x0000000020000138        0x0 build/objs/stm32f4xx_hal_sd.o
 .data          0x0000000020000138        0x0 build/objs/stm32f4xx_hal_sai_ex.o
 .data          0x0000000020000138        0x0 build/objs/stm32f4xx_hal_rcc.o
 .data          0x0000000020000138        0x0 build/objs/stm32f4xx_hal_wwdg.o
 .data          0x0000000020000138        0x0 build/objs/stm32f4xx_hal_dac_ex.o
 .data          0x0000000020000138        0x0 build/objs/stm32f4xx_hal_rtc_ex.o
 .data          0x0000000020000138        0x0 build/objs/stm32f4xx_hal_pwr_ex.o
 .data          0x0000000020000138        0x0 build/objs/stm32f4xx_hal_dcmi.o
 .data          0x0000000020000138        0x0 build/objs/stm32f4xx_hal_sdram.o
 .data          0x0000000020000138        0x0 build/objs/stm32f4xx_hal_flash.o
 .data          0x0000000020000138        0x0 build/objs/stm32f4xx_hal_crc.o
 .data          0x0000000020000138        0x0 build/objs/stm32f4xx_hal_usart.o
 .data          0x0000000020000138       0x1c build/objs/stm32f4_discovery.o
                0x0000000020000138                GPIO_PORT
                0x0000000020000148                BUTTON_PORT
                0x000000002000014c                I2cxTimeout
                0x0000000020000150                SpixTimeout
 .data          0x0000000020000154        0x4 build/objs/system_stm32f4xx.o
                0x0000000020000154                SystemCoreClock
 .data          0x0000000020000158        0x0 build/objs/usbd_core.o
 .data          0x0000000020000158        0x0 build/objs/usbd_ctlreq.o
 .data          0x0000000020000158        0x0 build/objs/usbd_ioreq.o
 .data          0x0000000020000158       0x18 build/objs/usbd_cdc_if_template.o
                0x0000000020000158                USBD_CDC_Template_fops
                0x0000000020000168                linecoding
 .data          0x0000000020000170      0x110 build/objs/usbd_cdc.o
                0x000000002000017c                USBD_CDC
                0x00000000200001b4                USBD_CDC_CfgHSDesc
                0x00000000200001f8                USBD_CDC_CfgFSDesc
                0x000000002000023c                USBD_CDC_OtherSpeedCfgDesc
 .data          0x0000000020000280        0x0 build/objs/startup_stm32f407xx.o
 .data          0x0000000020000280        0x0 /usr/lib/gcc/arm-none-eabi/4.9.3/../../../arm-none-eabi/lib/armv7e-m/fpu/libg.a(lib_a-errno.o)
 .data          0x0000000020000280        0x0 /usr/lib/gcc/arm-none-eabi/4.9.3/../../../arm-none-eabi/lib/armv7e-m/fpu/libg.a(lib_a-impure.o)
 .data          0x0000000020000280        0x0 /usr/lib/gcc/arm-none-eabi/4.9.3/../../../arm-none-eabi/lib/armv7e-m/fpu/libg.a(lib_a-malloc.o)
 .data          0x0000000020000280        0x0 /usr/lib/gcc/arm-none-eabi/4.9.3/../../../arm-none-eabi/lib/armv7e-m/fpu/libg.a(lib_a-mallocr.o)
 .data          0x0000000020000280        0x0 /usr/lib/gcc/arm-none-eabi/4.9.3/../../../arm-none-eabi/lib/armv7e-m/fpu/libg.a(lib_a-mlock.o)
 .data          0x0000000020000280        0x0 /usr/lib/gcc/arm-none-eabi/4.9.3/../../../arm-none-eabi/lib/armv7e-m/fpu/libg.a(lib_a-sbrkr.o)
 .data          0x0000000020000280        0x0 /usr/lib/gcc/arm-none-eabi/4.9.3/../../../arm-none-eabi/lib/armv7e-m/fpu/libg.a(lib_a-strcmp.o)
 .data          0x0000000020000280        0x0 /usr/lib/gcc/arm-none-eabi/4.9.3/../../../arm-none-eabi/lib/armv7e-m/fpu/libg.a(lib_a-strtok.o)
 .data          0x0000000020000280        0x0 /usr/lib/gcc/arm-none-eabi/4.9.3/../../../arm-none-eabi/lib/armv7e-m/fpu/libg.a(lib_a-strtok_r.o)
 .data          0x0000000020000280        0x0 /usr/lib/gcc/arm-none-eabi/4.9.3/../../../arm-none-eabi/lib/armv7e-m/fpu/libg.a(lib_a-freer.o)
 .data          0x0000000020000280        0x0 /usr/lib/gcc/arm-none-eabi/4.9.3/../../../arm-none-eabi/lib/armv7e-m/fpu/libg.a(lib_a-reent.o)
 *(.data*)
 .data.impure_data
                0x0000000020000280      0x428 /usr/lib/gcc/arm-none-eabi/4.9.3/../../../arm-none-eabi/lib/armv7e-m/fpu/libg.a(lib_a-impure.o)
 .data._impure_ptr
                0x00000000200006a8        0x4 /usr/lib/gcc/arm-none-eabi/4.9.3/../../../arm-none-eabi/lib/armv7e-m/fpu/libg.a(lib_a-impure.o)
                0x00000000200006a8                _impure_ptr
 .data.__malloc_av_
                0x00000000200006ac      0x408 /usr/lib/gcc/arm-none-eabi/4.9.3/../../../arm-none-eabi/lib/armv7e-m/fpu/libg.a(lib_a-mallocr.o)
                0x00000000200006ac                __malloc_av_
 .data.__malloc_trim_threshold
                0x0000000020000ab4        0x4 /usr/lib/gcc/arm-none-eabi/4.9.3/../../../arm-none-eabi/lib/armv7e-m/fpu/libg.a(lib_a-mallocr.o)
                0x0000000020000ab4                __malloc_trim_threshold
 .data.__malloc_sbrk_base
                0x0000000020000ab8        0x4 /usr/lib/gcc/arm-none-eabi/4.9.3/../../../arm-none-eabi/lib/armv7e-m/fpu/libg.a(lib_a-mallocr.o)
                0x0000000020000ab8                __malloc_sbrk_base
                0x0000000020000abc                . = ALIGN (0x4)
                0x0000000020000abc                _edata = .
                0x0000000008018684                _siccmram = LOADADDR (.ccmram)

.igot.plt       0x0000000020000abc        0x0 load address 0x0000000008018684
 .igot.plt      0x0000000020000abc        0x0 build/objs/usbd_cdc_if.o

.ccmram         0x0000000010000000        0x0 load address 0x0000000008018684
                0x0000000010000000                . = ALIGN (0x4)
                0x0000000010000000                _sccmram = .
 *(.ccmram)
 *(.ccmram*)
                0x0000000010000000                . = ALIGN (0x4)
                0x0000000010000000                _eccmram = .
                0x0000000010000000                . = ALIGN (0x4)

.bss            0x0000000020000abc      0xc84
                0x0000000020000abc                _sbss = .
                0x0000000020000abc                __bss_start__ = _sbss
 *(.bss)
 .bss           0x0000000020000abc        0x0 build/objs/usbd_cdc_if.o
 .bss           0x0000000020000abc        0x0 build/objs/usbd_conf.o
 .bss           0x0000000020000abc        0x4 build/objs/syscalls.o
 .bss           0x0000000020000ac0        0x0 build/objs/stm32f4xx_hal_msp.o
 .bss           0x0000000020000ac0        0x0 build/objs/gpio.o
 .bss           0x0000000020000ac0        0x0 build/objs/SSR.o
 .bss           0x0000000020000ac0        0x0 build/objs/MAX31855.o
 .bss           0x0000000020000ac0        0x0 build/objs/main.o
 .bss           0x0000000020000ac0        0x0 build/objs/stm32f4xx_it.o
 .bss           0x0000000020000ac0        0x0 build/objs/usb_device.o
 .bss           0x0000000020000ac0        0x0 build/objs/usbd_desc.o
 .bss           0x0000000020000ac0        0x4 build/objs/pcd8544.o
                0x0000000020000ac0                PCD8544_UpdateXmin
                0x0000000020000ac1                PCD8544_UpdateXmax
                0x0000000020000ac2                PCD8544_UpdateYmin
                0x0000000020000ac3                PCD8544_UpdateYmax
 .bss           0x0000000020000ac4        0x3 build/objs/command_processor.o
                0x0000000020000ac4                reflow_list_size
                0x0000000020000ac6                current_pos
 .bss           0x0000000020000ac7        0x0 build/objs/stm32f4xx_hal_dsi.o
 .bss           0x0000000020000ac7        0x0 build/objs/stm32f4xx_hal_pcd.o
 .bss           0x0000000020000ac7        0x0 build/objs/stm32f4xx_hal_irda.o
[...]
                                                  build/objs/usbd_conf.o
USBD_LL_SetUSBAddress                             build/objs/usbd_conf.o
                                                  build/objs/usbd_ctlreq.o
USBD_LL_SetupStage                                build/objs/usbd_core.o
                                                  build/objs/usbd_conf.o
USBD_LL_StallEP                                   build/objs/usbd_conf.o
                                                  build/objs/usbd_ctlreq.o
                                                  build/objs/usbd_core.o
USBD_LL_Start                                     build/objs/usbd_conf.o
                                                  build/objs/usbd_core.o
USBD_LL_Stop                                      build/objs/usbd_conf.o
                                                  build/objs/usbd_core.o
USBD_LL_Suspend                                   build/objs/usbd_core.o
                                                  build/objs/usbd_conf.o
USBD_LL_Transmit                                  build/objs/usbd_conf.o
                                                  build/objs/usbd_cdc.o
                                                  build/objs/usbd_ioreq.o
USBD_LangIDDesc                                   build/objs/usbd_desc.o
USBD_ParseSetupRequest                            build/objs/usbd_ctlreq.o
                                                  build/objs/usbd_core.o
USBD_RegisterClass                                build/objs/usbd_core.o
                                                  build/objs/usb_device.o
USBD_RunTestMode                                  build/objs/usbd_core.o
USBD_SetClassConfig                               build/objs/usbd_core.o
                                                  build/objs/usbd_ctlreq.o
USBD_Start                                        build/objs/usbd_core.o
                                                  build/objs/usb_device.o
USBD_StdDevReq                                    build/objs/usbd_ctlreq.o
                                                  build/objs/usbd_core.o
USBD_StdEPReq                                     build/objs/usbd_ctlreq.o
                                                  build/objs/usbd_core.o
USBD_StdItfReq                                    build/objs/usbd_ctlreq.o
                                                  build/objs/usbd_core.o
USBD_Stop                                         build/objs/usbd_core.o
USBD_StrDesc                                      build/objs/usbd_desc.o
USB_ActivateDedicatedEndpoint                     build/objs/stm32f4xx_ll_usb.o
USB_ActivateEndpoint                              build/objs/stm32f4xx_ll_usb.o
                                                  build/objs/stm32f4xx_hal_pcd.o
USB_ActivateSetup                                 build/objs/stm32f4xx_ll_usb.o
                                                  build/objs/stm32f4xx_hal_pcd.o
USB_ClearInterrupts                               build/objs/stm32f4xx_ll_usb.o
USB_CoreInit                                      build/objs/stm32f4xx_ll_usb.o
                                                  build/objs/stm32f4xx_hal_pcd.o
USB_DeactivateDedicatedEndpoint                   build/objs/stm32f4xx_ll_usb.o
USB_DeactivateEndpoint                            build/objs/stm32f4xx_ll_usb.o
                                                  build/objs/stm32f4xx_hal_pcd.o
USB_DevConnect                                    build/objs/stm32f4xx_ll_usb.o
                                                  build/objs/stm32f4xx_hal_pcd.o
USB_DevDisconnect                                 build/objs/stm32f4xx_ll_usb.o
                                                  build/objs/stm32f4xx_hal_pcd.o
USB_DevInit                                       build/objs/stm32f4xx_ll_usb.o
                                                  build/objs/stm32f4xx_hal_pcd.o
USB_DisableGlobalInt                              build/objs/stm32f4xx_ll_usb.o
                                                  build/objs/stm32f4xx_hal_pcd.o
USB_DoPing                                        build/objs/stm32f4xx_ll_usb.o
USB_DriveVbus                                     build/objs/stm32f4xx_ll_usb.o
USB_EP0StartXfer                                  build/objs/stm32f4xx_ll_usb.o
                                                  build/objs/stm32f4xx_hal_pcd.o
USB_EP0_OutStart                                  build/objs/stm32f4xx_ll_usb.o
                                                  build/objs/stm32f4xx_hal_pcd.o
USB_EPClearStall                                  build/objs/stm32f4xx_ll_usb.o
                                                  build/objs/stm32f4xx_hal_pcd.o
USB_EPSetStall                                    build/objs/stm32f4xx_ll_usb.o
                                                  build/objs/stm32f4xx_hal_pcd.o
USB_EPStartXfer                                   build/objs/stm32f4xx_ll_usb.o
                                                  build/objs/stm32f4xx_hal_pcd.o
USB_EnableGlobalInt                               build/objs/stm32f4xx_ll_usb.o
                                                  build/objs/stm32f4xx_hal_pcd.o
USB_FlushRxFifo                                   build/objs/stm32f4xx_ll_usb.o
                                                  build/objs/stm32f4xx_hal_pcd.o
USB_FlushTxFifo                                   build/objs/stm32f4xx_ll_usb.o
                                                  build/objs/stm32f4xx_hal_pcd.o
USB_GetCurrentFrame                               build/objs/stm32f4xx_ll_usb.o
USB_GetDevSpeed                                   build/objs/stm32f4xx_ll_usb.o
                                                  build/objs/stm32f4xx_hal_pcd.o
USB_GetHostSpeed                                  build/objs/stm32f4xx_ll_usb.o
USB_GetMode                                       build/objs/stm32f4xx_ll_usb.o
                                                  build/objs/stm32f4xx_hal_pcd.o
USB_HC_Halt                                       build/objs/stm32f4xx_ll_usb.o
USB_HC_Init                                       build/objs/stm32f4xx_ll_usb.o
USB_HC_ReadInterrupt                              build/objs/stm32f4xx_ll_usb.o
USB_HC_StartXfer                                  build/objs/stm32f4xx_ll_usb.o
USB_HostInit                                      build/objs/stm32f4xx_ll_usb.o
USB_InitFSLSPClkSel                               build/objs/stm32f4xx_ll_usb.o
USB_ReadDevAllInEpInterrupt                       build/objs/stm32f4xx_ll_usb.o
                                                  build/objs/stm32f4xx_hal_pcd.o
USB_ReadDevAllOutEpInterrupt                      build/objs/stm32f4xx_ll_usb.o
                                                  build/objs/stm32f4xx_hal_pcd.o
USB_ReadDevInEPInterrupt                          build/objs/stm32f4xx_ll_usb.o
                                                  build/objs/stm32f4xx_hal_pcd.o
USB_ReadDevOutEPInterrupt                         build/objs/stm32f4xx_ll_usb.o
                                                  build/objs/stm32f4xx_hal_pcd.o
USB_ReadInterrupts                                build/objs/stm32f4xx_ll_usb.o
                                                  build/objs/stm32f4xx_hal_pcd.o
USB_ReadPacket                                    build/objs/stm32f4xx_ll_usb.o
                                                  build/objs/stm32f4xx_hal_pcd.o
USB_ResetPort                                     build/objs/stm32f4xx_ll_usb.o
USB_SetCurrentMode                                build/objs/stm32f4xx_ll_usb.o
                                                  build/objs/stm32f4xx_hal_pcd.o
USB_SetDevAddress                                 build/objs/stm32f4xx_ll_usb.o
                                                  build/objs/stm32f4xx_hal_pcd.o
USB_SetDevSpeed                                   build/objs/stm32f4xx_ll_usb.o
USB_StopDevice                                    build/objs/stm32f4xx_ll_usb.o
                                                  build/objs/stm32f4xx_hal_pcd.o
USB_StopHost                                      build/objs/stm32f4xx_ll_usb.o
USB_WritePacket                                   build/objs/stm32f4xx_ll_usb.o
                                                  build/objs/stm32f4xx_hal_pcd.o
UsageFault_Handler                                build/objs/startup_stm32f407xx.o
UserRxBufferFS                                    build/objs/usbd_cdc_if.o
UserTxBufferFS                                    build/objs/usbd_cdc_if.o
WWDG_IRQHandler                                   build/objs/startup_stm32f407xx.o
__errno                                           /usr/lib/gcc/arm-none-eabi/4.9.3/../../../arm-none-eabi/lib/armv7e-m/fpu/libg.a(lib_a-errno.o)
                                                  build/objs/syscalls.o
__io_getchar                                      build/objs/syscalls.o
__io_putchar                                      build/objs/syscalls.o
__malloc_av_                                      /usr/lib/gcc/arm-none-eabi/4.9.3/../../../arm-none-eabi/lib/armv7e-m/fpu/libg.a(lib_a-mallocr.o)
                                                  /usr/lib/gcc/arm-none-eabi/4.9.3/../../../arm-none-eabi/lib/armv7e-m/fpu/libg.a(lib_a-freer.o)
__malloc_current_mallinfo                         /usr/lib/gcc/arm-none-eabi/4.9.3/../../../arm-none-eabi/lib/armv7e-m/fpu/libg.a(lib_a-mallocr.o)
                                                  /usr/lib/gcc/arm-none-eabi/4.9.3/../../../arm-none-eabi/lib/armv7e-m/fpu/libg.a(lib_a-freer.o)
__malloc_lock                                     /usr/lib/gcc/arm-none-eabi/4.9.3/../../../arm-none-eabi/lib/armv7e-m/fpu/libg.a(lib_a-mlock.o)
                                                  /usr/lib/gcc/arm-none-eabi/4.9.3/../../../arm-none-eabi/lib/armv7e-m/fpu/libg.a(lib_a-freer.o)
                                                  /usr/lib/gcc/arm-none-eabi/4.9.3/../../../arm-none-eabi/lib/armv7e-m/fpu/libg.a(lib_a-mallocr.o)
__malloc_max_sbrked_mem                           /usr/lib/gcc/arm-none-eabi/4.9.3/../../../arm-none-eabi/lib/armv7e-m/fpu/libg.a(lib_a-mallocr.o)
__malloc_max_total_mem                            /usr/lib/gcc/arm-none-eabi/4.9.3/../../../arm-none-eabi/lib/armv7e-m/fpu/libg.a(lib_a-mallocr.o)
__malloc_sbrk_base                                /usr/lib/gcc/arm-none-eabi/4.9.3/../../../arm-none-eabi/lib/armv7e-m/fpu/libg.a(lib_a-mallocr.o)
                                                  /usr/lib/gcc/arm-none-eabi/4.9.3/../../../arm-none-eabi/lib/armv7e-m/fpu/libg.a(lib_a-freer.o)
__malloc_top_pad                                  /usr/lib/gcc/arm-none-eabi/4.9.3/../../../arm-none-eabi/lib/armv7e-m/fpu/libg.a(lib_a-mallocr.o)
                                                  /usr/lib/gcc/arm-none-eabi/4.9.3/../../../arm-none-eabi/lib/armv7e-m/fpu/libg.a(lib_a-freer.o)
__malloc_trim_threshold                           /usr/lib/gcc/arm-none-eabi/4.9.3/../../../arm-none-eabi/lib/armv7e-m/fpu/libg.a(lib_a-mallocr.o)
                                                  /usr/lib/gcc/arm-none-eabi/4.9.3/../../../arm-none-eabi/lib/armv7e-m/fpu/libg.a(lib_a-freer.o)
__malloc_unlock                                   /usr/lib/gcc/arm-none-eabi/4.9.3/../../../arm-none-eabi/lib/armv7e-m/fpu/libg.a(lib_a-mlock.o)
                                                  /usr/lib/gcc/arm-none-eabi/4.9.3/../../../arm-none-eabi/lib/armv7e-m/fpu/libg.a(lib_a-freer.o)
                                                  /usr/lib/gcc/arm-none-eabi/4.9.3/../../../arm-none-eabi/lib/armv7e-m/fpu/libg.a(lib_a-mallocr.o)
__strtok_r                                        /usr/lib/gcc/arm-none-eabi/4.9.3/../../../arm-none-eabi/lib/armv7e-m/fpu/libg.a(lib_a-strtok_r.o)
                                                  /usr/lib/gcc/arm-none-eabi/4.9.3/../../../arm-none-eabi/lib/armv7e-m/fpu/libg.a(lib_a-strtok.o)
_close                                            build/objs/syscalls.o
_ebss                                             build/objs/startup_stm32f407xx.o
_edata                                            build/objs/startup_stm32f407xx.o
_estack                                           build/objs/startup_stm32f407xx.o
_execve                                           build/objs/syscalls.o
_exit                                             build/objs/syscalls.o
_fork                                             build/objs/syscalls.o
_free_r                                           /usr/lib/gcc/arm-none-eabi/4.9.3/../../../arm-none-eabi/lib/armv7e-m/fpu/libg.a(lib_a-freer.o)
                                                  /usr/lib/gcc/arm-none-eabi/4.9.3/../../../arm-none-eabi/lib/armv7e-m/fpu/libg.a(lib_a-reent.o)
                                                  /usr/lib/gcc/arm-none-eabi/4.9.3/../../../arm-none-eabi/lib/armv7e-m/fpu/libg.a(lib_a-mallocr.o)
                                                  /usr/lib/gcc/arm-none-eabi/4.9.3/../../../arm-none-eabi/lib/armv7e-m/fpu/libg.a(lib_a-malloc.o)
_fstat                                            build/objs/syscalls.o
_getpid                                           build/objs/syscalls.o
_gettimeofday                                     build/objs/syscalls.o
_global_impure_ptr                                /usr/lib/gcc/arm-none-eabi/4.9.3/../../../arm-none-eabi/lib/armv7e-m/fpu/libg.a(lib_a-impure.o)
_impure_ptr                                       /usr/lib/gcc/arm-none-eabi/4.9.3/../../../arm-none-eabi/lib/armv7e-m/fpu/libg.a(lib_a-impure.o)
                                                  /usr/lib/gcc/arm-none-eabi/4.9.3/../../../arm-none-eabi/lib/armv7e-m/fpu/libg.a(lib_a-reent.o)
                                                  /usr/lib/gcc/arm-none-eabi/4.9.3/../../../arm-none-eabi/lib/armv7e-m/fpu/libg.a(lib_a-strtok.o)
                                                  /usr/lib/gcc/arm-none-eabi/4.9.3/../../../arm-none-eabi/lib/armv7e-m/fpu/libg.a(lib_a-malloc.o)
                                                  /usr/lib/gcc/arm-none-eabi/4.9.3/../../../arm-none-eabi/lib/armv7e-m/fpu/libg.a(lib_a-errno.o)
_isatty                                           build/objs/syscalls.o
_kill                                             build/objs/syscalls.o
_link                                             build/objs/syscalls.o
_lseek                                            build/objs/syscalls.o
_malloc_r                                         /usr/lib/gcc/arm-none-eabi/4.9.3/../../../arm-none-eabi/lib/armv7e-m/fpu/libg.a(lib_a-mallocr.o)
                                                  /usr/lib/gcc/arm-none-eabi/4.9.3/../../../arm-none-eabi/lib/armv7e-m/fpu/libg.a(lib_a-malloc.o)
_malloc_trim_r                                    /usr/lib/gcc/arm-none-eabi/4.9.3/../../../arm-none-eabi/lib/armv7e-m/fpu/libg.a(lib_a-freer.o)
_open                                             build/objs/syscalls.o
_read                                             build/objs/syscalls.o
_reclaim_reent                                    /usr/lib/gcc/arm-none-eabi/4.9.3/../../../arm-none-eabi/lib/armv7e-m/fpu/libg.a(lib_a-reent.o)
_sbrk                                             build/objs/syscalls.o
                                                  /usr/lib/gcc/arm-none-eabi/4.9.3/../../../arm-none-eabi/lib/armv7e-m/fpu/libg.a(lib_a-sbrkr.o)
_sbrk_r                                           /usr/lib/gcc/arm-none-eabi/4.9.3/../../../arm-none-eabi/lib/armv7e-m/fpu/libg.a(lib_a-sbrkr.o)
                                                  /usr/lib/gcc/arm-none-eabi/4.9.3/../../../arm-none-eabi/lib/armv7e-m/fpu/libg.a(lib_a-freer.o)
                                                  /usr/lib/gcc/arm-none-eabi/4.9.3/../../../arm-none-eabi/lib/armv7e-m/fpu/libg.a(lib_a-mallocr.o)
_sbss                                             build/objs/startup_stm32f407xx.o
_sdata                                            build/objs/startup_stm32f407xx.o
_sidata                                           build/objs/startup_stm32f407xx.o
_stat                                             build/objs/syscalls.o
_times                                            build/objs/syscalls.o
_unlink                                           build/objs/syscalls.o
_wait                                             build/objs/syscalls.o
_write                                            build/objs/syscalls.o
allowed_commands                                  build/objs/command_processor.o
brightness_levels                                 build/objs/pcd8544.o
cleanup_glue                                      /usr/lib/gcc/arm-none-eabi/4.9.3/../../../arm-none-eabi/lib/armv7e-m/fpu/libg.a(lib_a-reent.o)
cmd_proc_receive_data                             build/objs/command_processor.o
                                                  build/objs/usbd_cdc_if.o
current_pos                                       build/objs/command_processor.o
end                                               build/objs/syscalls.o
errno                                             /usr/lib/gcc/arm-none-eabi/4.9.3/../../../arm-none-eabi/lib/armv7e-m/fpu/libg.a(lib_a-reent.o)
                                                  /usr/lib/gcc/arm-none-eabi/4.9.3/../../../arm-none-eabi/lib/armv7e-m/fpu/libg.a(lib_a-sbrkr.o)
free                                              /usr/lib/gcc/arm-none-eabi/4.9.3/../../../arm-none-eabi/lib/armv7e-m/fpu/libg.a(lib_a-malloc.o)
                                                  build/objs/usbd_cdc.o
g_pfnVectors                                      build/objs/startup_stm32f407xx.o
hSPI                                              build/objs/pcd8544.o
                                                  build/objs/MAX31855.o
hTIM                                              build/objs/pcd8544.o
                                                  build/objs/SSR.o
hUsbDeviceFS                                      build/objs/usb_device.o
                                                  build/objs/main.o
                                                  build/objs/usbd_cdc_if.o
hUsbDevice_0                                      build/objs/usbd_cdc_if.o
hpcd_USB_OTG_FS                                   build/objs/usbd_conf.o
                                                  build/objs/stm32f4xx_it.o
initialise_monitor_handles                        build/objs/syscalls.o
linecoding                                        build/objs/usbd_cdc_if_template.o
main                                              build/objs/main.o
                                                  build/objs/startup_stm32f407xx.o
malloc                                            /usr/lib/gcc/arm-none-eabi/4.9.3/../../../arm-none-eabi/lib/armv7e-m/fpu/libg.a(lib_a-malloc.o)
                                                  build/objs/usbd_cdc.o
pFlash                                            build/objs/stm32f4xx_hal_flash.o
                                                  build/objs/stm32f4xx_hal_flash_ex.o
reflow_list                                       build/objs/command_processor.o
reflow_list_size                                  build/objs/command_processor.o
single_line                                       build/objs/command_processor.o
strcmp                                            /usr/lib/gcc/arm-none-eabi/4.9.3/../../../arm-none-eabi/lib/armv7e-m/fpu/libg.a(lib_a-strcmp.o)
                                                  build/objs/command_processor.o
strtok                                            /usr/lib/gcc/arm-none-eabi/4.9.3/../../../arm-none-eabi/lib/armv7e-m/fpu/libg.a(lib_a-strtok.o)
                                                  build/objs/command_processor.o
strtok_r                                          /usr/lib/gcc/arm-none-eabi/4.9.3/../../../arm-none-eabi/lib/armv7e-m/fpu/libg.a(lib_a-strtok_r.o)
uwTick                                            build/objs/stm32f4xx_hal.o
