Archive member included to satisfy reference by file (symbol)

/usr/lib/gcc/arm-none-eabi/4.9.3/../../../arm-none-eabi/lib/armv7e-m/fpu/libg.a(lib_a-errno.o)
                              build/objs/syscalls.o (__errno)
/usr/lib/gcc/arm-none-eabi/4.9.3/../../../arm-none-eabi/lib/armv7e-m/fpu/libg.a(lib_a-impure.o)
                              /usr/lib/gcc/arm-none-eabi/4.9.3/../../../arm-none-eabi/lib/armv7e-m/fpu/libg.a(lib_a-errno.o) (_impure_ptr)
/usr/lib/gcc/arm-none-eabi/4.9.3/../../../arm-none-eabi/lib/armv7e-m/fpu/libg.a(lib_a-malloc.o)
                              build/objs/usbd_cdc.o (malloc)
/usr/lib/gcc/arm-none-eabi/4.9.3/../../../arm-none-eabi/lib/armv7e-m/fpu/libg.a(lib_a-mallocr.o)
                              /usr/lib/gcc/arm-none-eabi/4.9.3/../../../arm-none-eabi/lib/armv7e-m/fpu/libg.a(lib_a-malloc.o) (_malloc_r)
/usr/lib/gcc/arm-none-eabi/4.9.3/../../../arm-none-eabi/lib/armv7e-m/fpu/libg.a(lib_a-mlock.o)
                              /usr/lib/gcc/arm-none-eabi/4.9.3/../../../arm-none-eabi/lib/armv7e-m/fpu/libg.a(lib_a-mallocr.o) (__malloc_lock)
/usr/lib/gcc/arm-none-eabi/4.9.3/../../../arm-none-eabi/lib/armv7e-m/fpu/libg.a(lib_a-sbrkr.o)
                              /usr/lib/gcc/arm-none-eabi/4.9.3/../../../arm-none-eabi/lib/armv7e-m/fpu/libg.a(lib_a-mallocr.o) (_sbrk_r)
/usr/lib/gcc/arm-none-eabi/4.9.3/../../../arm-none-eabi/lib/armv7e-m/fpu/libg.a(lib_a-freer.o)
                              /usr/lib/gcc/arm-none-eabi/4.9.3/../../../arm-none-eabi/lib/armv7e-m/fpu/libg.a(lib_a-malloc.o) (_free_r)
/usr/lib/gcc/arm-none-eabi/4.9.3/../../../arm-none-eabi/lib/armv7e-m/fpu/libg.a(lib_a-reent.o)
                              /usr/lib/gcc/arm-none-eabi/4.9.3/../../../arm-none-eabi/lib/armv7e-m/fpu/libg.a(lib_a-sbrkr.o) (errno)

Allocating common symbols
Common symbol       size              file

PCD8544_y           0x1               build/objs/pcd8544.o
hUsbDeviceFS        0x224             build/objs/usb_device.o
hUsbDevice_0        0x4               build/objs/usbd_cdc_if.o
PCD8544_x           0x1               build/objs/pcd8544.o
PCD8544_Buffer      0x1f8             build/objs/pcd8544.o
errno               0x4               /usr/lib/gcc/arm-none-eabi/4.9.3/../../../arm-none-eabi/lib/armv7e-m/fpu/libg.a(lib_a-reent.o)
hpcd_USB_OTG_FS     0x3b8             build/objs/usbd_conf.o
uwTick              0x4               build/objs/stm32f4xx_hal.o
pFlash              0x20              build/objs/stm32f4xx_hal_flash.o
UserRxBufferFS      0x4               build/objs/usbd_cdc_if.o
UserTxBufferFS      0x4               build/objs/usbd_cdc_if.o
hSPI                0x58              build/objs/pcd8544.o
hTIM                0x3c              build/objs/pcd8544.o
USBD_StrDesc        0x200             build/objs/usbd_desc.o
TimHandle           0x3c              build/objs/stm32f4xx_hal_timebase_tim_template.o

Memory Configuration

Name             Origin             Length             Attributes
FLASH            0x0000000008000000 0x0000000000100000 xr
RAM              0x0000000020000000 0x0000000000020000 xrw
CCMRAM           0x0000000010000000 0x0000000000010000 rw
*default*        0x0000000000000000 0xffffffffffffffff

Linker script and memory map

LOAD build/objs/usbd_cdc_if.o
LOAD build/objs/usbd_conf.o
LOAD build/objs/syscalls.o
LOAD build/objs/stm32f4xx_hal_msp.o
LOAD build/objs/gpio.o
LOAD build/objs/main.o
LOAD build/objs/stm32f4xx_it.o
LOAD build/objs/usb_device.o
LOAD build/objs/usbd_desc.o
LOAD build/objs/pcd8544.o
LOAD build/objs/stm32f4xx_hal_dsi.o
LOAD build/objs/stm32f4xx_hal_pcd.o
LOAD build/objs/stm32f4xx_hal_irda.o
LOAD build/objs/stm32f4xx_ll_fsmc.o
LOAD build/objs/stm32f4xx_hal_cec.o
LOAD build/objs/stm32f4xx_hal_timebase_tim_template.o
LOAD build/objs/stm32f4xx_ll_usb.o
LOAD build/objs/stm32f4xx_hal.o
LOAD build/objs/stm32f4xx_hal_dcmi_ex.o
LOAD build/objs/stm32f4xx_hal_flash_ex.o
LOAD build/objs/stm32f4xx_hal_cryp.o
LOAD build/objs/stm32f4xx_hal_rng.o
LOAD build/objs/stm32f4xx_hal_nand.o
LOAD build/objs/stm32f4xx_hal_gpio.o
LOAD build/objs/stm32f4xx_hal_ltdc.o
LOAD build/objs/stm32f4xx_hal_hcd.o
LOAD build/objs/stm32f4xx_hal_pcd_ex.o
LOAD build/objs/stm32f4xx_hal_adc.o
LOAD build/objs/stm32f4xx_hal_adc_ex.o
LOAD build/objs/stm32f4xx_hal_lptim.o
LOAD build/objs/stm32f4xx_hal_spi.o
LOAD build/objs/stm32f4xx_hal_i2c.o
LOAD build/objs/stm32f4xx_hal_fmpi2c.o
LOAD build/objs/stm32f4xx_hal_smartcard.o
LOAD build/objs/stm32f4xx_hal_pccard.o
LOAD build/objs/stm32f4xx_hal_dma2d.o
LOAD build/objs/stm32f4xx_hal_sai.o
LOAD build/objs/stm32f4xx_hal_cryp_ex.o
LOAD build/objs/stm32f4xx_hal_rcc_ex.o
LOAD build/objs/stm32f4xx_ll_fmc.o
LOAD build/objs/stm32f4xx_hal_ltdc_ex.o
LOAD build/objs/stm32f4xx_hal_flash_ramfunc.o
LOAD build/objs/stm32f4xx_hal_cortex.o
LOAD build/objs/stm32f4xx_hal_iwdg.o
LOAD build/objs/stm32f4xx_hal_uart.o
LOAD build/objs/stm32f4xx_hal_tim_ex.o
LOAD build/objs/stm32f4xx_hal_i2c_ex.o
LOAD build/objs/stm32f4xx_hal_dma.o
LOAD build/objs/stm32f4xx_hal_dac.o
LOAD build/objs/stm32f4xx_hal_spdifrx.o
LOAD build/objs/stm32f4xx_hal_fmpi2c_ex.o
LOAD build/objs/stm32f4xx_ll_sdmmc.o
LOAD build/objs/stm32f4xx_hal_i2s_ex.o
LOAD build/objs/stm32f4xx_hal_can.o
LOAD build/objs/stm32f4xx_hal_nor.o
LOAD build/objs/stm32f4xx_hal_pwr.o
LOAD build/objs/stm32f4xx_hal_rtc.o
LOAD build/objs/stm32f4xx_hal_qspi.o
LOAD build/objs/stm32f4xx_hal_hash_ex.o
LOAD build/objs/stm32f4xx_hal_i2s.o
LOAD build/objs/stm32f4xx_hal_sram.o
LOAD build/objs/stm32f4xx_hal_hash.o
LOAD build/objs/stm32f4xx_hal_eth.o
LOAD build/objs/stm32f4xx_hal_tim.o
LOAD build/objs/stm32f4xx_hal_dma_ex.o
LOAD build/objs/stm32f4xx_hal_sd.o
LOAD build/objs/stm32f4xx_hal_sai_ex.o
LOAD build/objs/stm32f4xx_hal_rcc.o
LOAD build/objs/stm32f4xx_hal_wwdg.o
LOAD build/objs/stm32f4xx_hal_dac_ex.o
LOAD build/objs/stm32f4xx_hal_rtc_ex.o
LOAD build/objs/stm32f4xx_hal_pwr_ex.o
LOAD build/objs/stm32f4xx_hal_dcmi.o
LOAD build/objs/stm32f4xx_hal_sdram.o
LOAD build/objs/stm32f4xx_hal_flash.o
LOAD build/objs/stm32f4xx_hal_crc.o
LOAD build/objs/stm32f4xx_hal_usart.o
LOAD build/objs/stm32f4_discovery.o
LOAD build/objs/system_stm32f4xx.o
LOAD build/objs/usbd_core.o
LOAD build/objs/usbd_ctlreq.o
LOAD build/objs/usbd_ioreq.o
LOAD build/objs/usbd_cdc_if_template.o
LOAD build/objs/usbd_cdc.o
LOAD build/objs/startup_stm32f407xx.o
START GROUP
LOAD /usr/lib/gcc/arm-none-eabi/4.9.3/armv7e-m/fpu/libgcc.a
LOAD /usr/lib/gcc/arm-none-eabi/4.9.3/../../../arm-none-eabi/lib/armv7e-m/fpu/libg.a
LOAD /usr/lib/gcc/arm-none-eabi/4.9.3/../../../arm-none-eabi/lib/armv7e-m/fpu/libc.a
END GROUP
                0x000000002001ffff                _estack = 0x2001ffff
                0x0000000000000200                _Min_Heap_Size = 0x200
                0x0000000000000400                _Min_Stack_Size = 0x400

.isr_vector     0x0000000008000000      0x188
                0x0000000008000000                . = ALIGN (0x4)
 *(.isr_vector)
 .isr_vector    0x0000000008000000      0x188 build/objs/startup_stm32f407xx.o
                0x0000000008000000                g_pfnVectors
                0x0000000008000188                . = ALIGN (0x4)

.text           0x0000000008000188    0x16c44
                0x0000000008000188                . = ALIGN (0x4)
 *(.text)
 .text          0x0000000008000188      0x1a4 build/objs/usbd_cdc_if.o
                0x00000000080002d8                CDC_Transmit_FS
 .text          0x000000000800032c      0x588 build/objs/usbd_conf.o
                0x000000000800032c                HAL_PCD_MspInit
                0x00000000080003a8                HAL_PCD_MspDeInit
                0x00000000080003e4                HAL_PCD_SetupStageCallback
                0x0000000008000408                HAL_PCD_DataOutStageCallback
                0x0000000008000440                HAL_PCD_DataInStageCallback
                0x0000000008000474                HAL_PCD_SOFCallback
                0x0000000008000490                HAL_PCD_ResetCallback
                0x00000000080004e0                HAL_PCD_SuspendCallback
                0x000000000800052c                HAL_PCD_ResumeCallback
                0x0000000008000548                HAL_PCD_ISOOUTIncompleteCallback
                0x000000000800056c                HAL_PCD_ISOINIncompleteCallback
                0x0000000008000590                HAL_PCD_ConnectCallback
                0x00000000080005ac                HAL_PCD_DisconnectCallback
                0x00000000080005c8                USBD_LL_Init
                0x000000000800065c                USBD_LL_DeInit
                0x000000000800067c                USBD_LL_Start
                0x000000000800069c                USBD_LL_Stop
                0x00000000080006bc                USBD_LL_OpenEP
                0x00000000080006f0                USBD_LL_CloseEP
                0x0000000008000718                USBD_LL_FlushEP
                0x0000000008000740                USBD_LL_StallEP
                0x0000000008000768                USBD_LL_ClearStallEP
                0x0000000008000790                USBD_LL_IsStallEP
                0x00000000080007e8                USBD_LL_SetUSBAddress
                0x0000000008000810                USBD_LL_Transmit
                0x0000000008000844                USBD_LL_PrepareReceive
                0x0000000008000878                USBD_LL_GetRxDataSize
                0x00000000080008a0                USBD_LL_Delay
 .text          0x00000000080008b4      0x2b8 build/objs/syscalls.o
                0x00000000080008b4                _sbrk
                0x0000000008000920                _gettimeofday
                0x000000000800094c                initialise_monitor_handles
                0x0000000008000958                _getpid
                0x0000000008000968                _kill
                0x0000000008000988                _exit
                0x000000000800099c                _write
                0x00000000080009d4                _close
                0x00000000080009ec                _fstat
                0x0000000008000a0c                _isatty
                0x0000000008000a24                _lseek
                0x0000000008000a40                _read
                0x0000000008000a7c                _open
                0x0000000008000a98                _wait
                0x0000000008000ab8                _unlink
                0x0000000008000ad8                _times
                0x0000000008000af0                _stat
                0x0000000008000b10                _link
                0x0000000008000b30                _fork
                0x0000000008000b48                _execve
 .text          0x0000000008000b6c       0x48 build/objs/stm32f4xx_hal_msp.o
                0x0000000008000b6c                HAL_MspInit
 .text          0x0000000008000bb4       0x4c build/objs/gpio.o
                0x0000000008000bb4                MX_GPIO_Init
 .text          0x0000000008000c00      0x164 build/objs/main.o
                0x0000000008000c00                main
                0x0000000008000ca0                SystemClock_Config
 .text          0x0000000008000d64       0x20 build/objs/stm32f4xx_it.o
                0x0000000008000d64                SysTick_Handler
                0x0000000008000d74                OTG_FS_IRQHandler
 .text          0x0000000008000d84       0x38 build/objs/usb_device.o
                0x0000000008000d84                MX_USB_DEVICE_Init
 .text          0x0000000008000dbc      0x160 build/objs/usbd_desc.o
                0x0000000008000dbc                USBD_FS_DeviceDescriptor
                0x0000000008000de0                USBD_FS_LangIDStrDescriptor
                0x0000000008000e04                USBD_FS_ProductStrDescriptor
                0x0000000008000e40                USBD_FS_ManufacturerStrDescriptor
                0x0000000008000e68                USBD_FS_SerialStrDescriptor
                0x0000000008000ea4                USBD_FS_ConfigStrDescriptor
                0x0000000008000ee0                USBD_FS_InterfaceStrDescriptor
 .text          0x0000000008000f1c      0xed4 build/objs/pcd8544.o
                0x0000000008000f1c                PCD8544_InitIO
                0x0000000008001174                PCD8544_send
                0x00000000080011b4                PCD8544_Pin
                0x0000000008001220                PCD8544_Delay
                0x0000000008001248                PCD8544_Init
                0x00000000080012c0                PCD8544_Write
                0x0000000008001300                PCD8544_SetContrast
                0x000000000800133c                PCD8544_DrawPixel
                0x00000000080013f8                PCD8544_Invert
                0x0000000008001420                PCD8544_Clear
                0x000000000800146c                PCD8544_Home
                0x0000000008001484                PCD8544_Refresh
                0x0000000008001540                PCD8544_UpdateArea
                0x00000000080015b8                PCD8544_GotoXY
                0x00000000080015e8                PCD8544_Putc
                0x000000000800173c                PCD8544_Puts
                0x0000000008001774                PCD8544_DrawLine
                0x0000000008001930                PCD8544_DrawRectangle
                0x000000000800199c                PCD8544_DrawFilledRectangle
                0x00000000080019e4                PCD8544_DrawCircle
                0x0000000008001bd8                PCD8544_DrawFilledCircle
                0x0000000008001dbc                PCD8544_SetBacklight
 .text          0x0000000008001df0        0x0 build/objs/stm32f4xx_hal_dsi.o
 .text          0x0000000008001df0     0x1290 build/objs/stm32f4xx_hal_pcd.o
                0x0000000008001df0                HAL_PCD_Init
                0x0000000008002000                HAL_PCD_DeInit
                0x0000000008002060                HAL_PCD_Start
                0x00000000080020a4                HAL_PCD_Stop
                0x00000000080020f4                HAL_PCD_IRQHandler
                0x0000000008002980                HAL_PCD_DevConnect
                0x00000000080029bc                HAL_PCD_DevDisconnect
                0x00000000080029f8                HAL_PCD_SetAddress
                0x0000000008002a3c                HAL_PCD_EP_Open
                0x0000000008002b0c                HAL_PCD_EP_Close
                0x0000000008002ba0                HAL_PCD_EP_Receive
                0x0000000008002c58                HAL_PCD_EP_GetRxCount
                0x0000000008002c8c                HAL_PCD_EP_Transmit
                0x0000000008002d40                HAL_PCD_EP_SetStall
                0x0000000008002df8                HAL_PCD_EP_ClrStall
                0x0000000008002e8c                HAL_PCD_EP_Flush
                0x0000000008002ee8                HAL_PCD_ActivateRemoteWakeup
                0x0000000008002f2c                HAL_PCD_DeActivateRemoteWakeup
                0x0000000008002f60                HAL_PCD_GetState
 .text          0x0000000008003080        0x0 build/objs/stm32f4xx_hal_irda.o
 .text          0x0000000008003080        0x0 build/objs/stm32f4xx_ll_fsmc.o
 .text          0x0000000008003080        0x0 build/objs/stm32f4xx_hal_cec.o
 .text          0x0000000008003080      0x12c build/objs/stm32f4xx_hal_timebase_tim_template.o
                0x0000000008003080                HAL_InitTick
                0x0000000008003148                HAL_SuspendTick
                0x0000000008003168                HAL_ResumeTick
                0x0000000008003188                HAL_TIM_PeriodElapsedCallback
                0x000000000800319c                TIM6_DAC_IRQHandler
 .text          0x00000000080031ac     0x2180 build/objs/stm32f4xx_ll_usb.o
                0x00000000080031ac                USB_CoreInit
                0x0000000008003250                USB_EnableGlobalInt
                0x0000000008003274                USB_DisableGlobalInt
                0x0000000008003298                USB_SetCurrentMode
                0x00000000080032e8                USB_DevInit
                0x0000000008003540                USB_FlushTxFifo
                0x000000000800358c                USB_FlushRxFifo
                0x00000000080035d0                USB_SetDevSpeed
                0x0000000008003600                USB_GetDevSpeed
                0x000000000800366c                USB_ActivateEndpoint
                0x0000000008003780                USB_ActivateDedicatedEndpoint
                0x0000000008003908                USB_DeactivateEndpoint
                0x0000000008003a00                USB_DeactivateDedicatedEndpoint
                0x0000000008003ab4                USB_EPStartXfer
                0x0000000008003f38                USB_EP0StartXfer
                0x00000000080041f4                USB_WritePacket
                0x0000000008004260                USB_ReadPacket
                0x00000000080042b0                USB_EPSetStall
                0x0000000008004394                USB_EPClearStall
                0x0000000008004470                USB_StopDevice
                0x00000000080044f8                USB_SetDevAddress
                0x0000000008004544                USB_DevConnect
                0x0000000008004574                USB_DevDisconnect
                0x00000000080045a4                USB_ReadInterrupts
                0x00000000080045d0                USB_ReadDevAllOutEpInterrupt
                0x0000000008004600                USB_ReadDevAllInEpInterrupt
                0x0000000008004630                USB_ReadDevOutEPInterrupt
                0x0000000008004668                USB_ReadDevInEPInterrupt
                0x00000000080046bc                USB_ClearInterrupts
                0x00000000080046dc                USB_GetMode
                0x00000000080046f8                USB_ActivateSetup
                0x0000000008004764                USB_EP0_OutStart
                0x0000000008004858                USB_HostInit
                0x00000000080049b0                USB_InitFSLSPClkSel
                0x0000000008004a24                USB_ResetPort
                0x0000000008004a70                USB_DriveVbus
                0x0000000008004adc                USB_GetHostSpeed
                0x0000000008004b04                USB_GetCurrentFrame
                0x0000000008004b24                USB_HC_Init
                0x0000000008004d1c                USB_HC_StartXfer
                0x0000000008004f94                USB_HC_ReadInterrupt
                0x0000000008004fb4                USB_HC_Halt
                0x00000000080051b4                USB_DoPing
                0x000000000800522c                USB_StopHost
 .text          0x000000000800532c      0x2dc build/objs/stm32f4xx_hal.o
                0x000000000800532c                HAL_Init
                0x0000000008005370                HAL_DeInit
                0x00000000080053d4                HAL_MspDeInit
                0x0000000008005418                HAL_IncTick
                0x0000000008005434                HAL_GetTick
                0x000000000800544c                HAL_Delay
                0x00000000080054b0                HAL_GetHalVersion
                0x00000000080054c4                HAL_GetREVID
                0x00000000080054dc                HAL_GetDEVID
                0x00000000080054f8                HAL_DBGMCU_EnableDBGSleepMode
                0x0000000008005514                HAL_DBGMCU_DisableDBGSleepMode
                0x0000000008005530                HAL_DBGMCU_EnableDBGStopMode
                0x000000000800554c                HAL_DBGMCU_DisableDBGStopMode
                0x0000000008005568                HAL_DBGMCU_EnableDBGStandbyMode
                0x0000000008005584                HAL_DBGMCU_DisableDBGStandbyMode
                0x00000000080055a0                HAL_EnableCompensationCell
                0x00000000080055d4                HAL_DisableCompensationCell
 .text          0x0000000008005608        0x0 build/objs/stm32f4xx_hal_dcmi_ex.o
 .text          0x0000000008005608      0x60c build/objs/stm32f4xx_hal_flash_ex.o
                0x0000000008005608                HAL_FLASHEx_Erase
                0x00000000080056e8                HAL_FLASHEx_Erase_IT
                0x0000000008005794                HAL_FLASHEx_OBProgram
                0x0000000008005874                HAL_FLASHEx_OBGetConfig
                0x00000000080058fc                FLASH_Erase_Sector
                0x0000000008005b8c                FLASH_FlushCaches
 .text          0x0000000008005c14        0x0 build/objs/stm32f4xx_hal_cryp.o
 .text          0x0000000008005c14        0x0 build/objs/stm32f4xx_hal_rng.o
 .text          0x0000000008005c14        0x0 build/objs/stm32f4xx_hal_nand.o
 .text          0x0000000008005c14      0x658 build/objs/stm32f4xx_hal_gpio.o
                0x0000000008005c14                HAL_GPIO_Init
                0x0000000008005f50                HAL_GPIO_DeInit
                0x0000000008006154                HAL_GPIO_ReadPin
                0x0000000008006184                HAL_GPIO_WritePin
                0x00000000080061b4                HAL_GPIO_TogglePin
                0x00000000080061d8                HAL_GPIO_LockPin
                0x0000000008006228                HAL_GPIO_EXTI_IRQHandler
                0x0000000008006258                HAL_GPIO_EXTI_Callback
 .text          0x000000000800626c        0x0 build/objs/stm32f4xx_hal_ltdc.o
 .text          0x000000000800626c        0x0 build/objs/stm32f4xx_hal_hcd.o
 .text          0x000000000800626c       0xbc build/objs/stm32f4xx_hal_pcd_ex.o
                0x000000000800626c                HAL_PCDEx_SetTxFiFo
                0x0000000008006304                HAL_PCDEx_SetRxFiFo
 .text          0x0000000008006328        0x0 build/objs/stm32f4xx_hal_adc.o
 .text          0x0000000008006328        0x0 build/objs/stm32f4xx_hal_adc_ex.o
 .text          0x0000000008006328        0x0 build/objs/stm32f4xx_hal_lptim.o
 .text          0x0000000008006328     0x1f30 build/objs/stm32f4xx_hal_spi.o
                0x0000000008006328                HAL_SPI_Init
                0x00000000080063fc                HAL_SPI_DeInit
                0x000000000800644c                HAL_SPI_MspInit
                0x0000000008006460                HAL_SPI_MspDeInit
                0x0000000008006474                HAL_SPI_Transmit
                0x00000000080066ac                HAL_SPI_Receive
                0x00000000080069bc                HAL_SPI_TransmitReceive
                0x0000000008006cec                HAL_SPI_Transmit_IT
                0x0000000008006e34                HAL_SPI_Receive_IT
                0x0000000008006f88                HAL_SPI_TransmitReceive_IT
                0x00000000080070d8                HAL_SPI_Transmit_DMA
                0x000000000800722c                HAL_SPI_Receive_DMA
                0x00000000080073a4                HAL_SPI_TransmitReceive_DMA
                0x0000000008007578                HAL_SPI_DMAPause
                0x00000000080075bc                HAL_SPI_DMAResume
                0x0000000008007600                HAL_SPI_DMAStop
                0x0000000008007650                HAL_SPI_IRQHandler
                0x000000000800777c                HAL_SPI_TxCpltCallback
                0x0000000008007790                HAL_SPI_RxCpltCallback
                0x00000000080077a4                HAL_SPI_TxRxCpltCallback
                0x00000000080077b8                HAL_SPI_TxHalfCpltCallback
                0x00000000080077cc                HAL_SPI_RxHalfCpltCallback
                0x00000000080077e0                HAL_SPI_TxRxHalfCpltCallback
                0x00000000080077f4                HAL_SPI_ErrorCallback
                0x0000000008007808                HAL_SPI_GetState
                0x0000000008007824                HAL_SPI_GetError
 .text          0x0000000008008258     0x4618 build/objs/stm32f4xx_hal_i2c.o
                0x0000000008008258                HAL_I2C_Init
                0x0000000008008418                HAL_I2C_DeInit
                0x0000000008008478                HAL_I2C_MspInit
                0x000000000800848c                HAL_I2C_MspDeInit
                0x00000000080084a0                HAL_I2C_Master_Transmit
                0x0000000008008644                HAL_I2C_Master_Receive
                0x0000000008008984                HAL_I2C_Slave_Transmit
                0x0000000008008b54                HAL_I2C_Slave_Receive
                0x0000000008008d1c                HAL_I2C_Master_Transmit_IT
                0x0000000008008e64                HAL_I2C_Master_Receive_IT
                0x000000000800904c                HAL_I2C_Master_Sequential_Transmit_IT
                0x00000000080091ac                HAL_I2C_Master_Sequential_Receive_IT
                0x0000000008009418                HAL_I2C_Slave_Transmit_IT
                0x00000000080094ec                HAL_I2C_Slave_Receive_IT
                0x00000000080095c0                HAL_I2C_Slave_Sequential_Transmit_IT
                0x0000000008009680                HAL_I2C_Slave_Sequential_Receive_IT
                0x0000000008009740                HAL_I2C_EnableListen_IT
                0x0000000008009790                HAL_I2C_DisableListen_IT
                0x0000000008009808                HAL_I2C_Master_Transmit_DMA
                0x00000000080099c4                HAL_I2C_Master_Receive_DMA
                0x0000000008009b8c                HAL_I2C_Master_Abort_IT
                0x0000000008009c34                HAL_I2C_Slave_Transmit_DMA
                0x0000000008009dc0                HAL_I2C_Slave_Receive_DMA
                0x0000000008009ef8                HAL_I2C_Mem_Write
                0x000000000800a090                HAL_I2C_Mem_Read
                0x000000000800a3cc                HAL_I2C_Mem_Write_IT
                0x000000000800a508                HAL_I2C_Mem_Read_IT
                0x000000000800a6fc                HAL_I2C_Mem_Write_DMA
                0x000000000800a89c                HAL_I2C_Mem_Read_DMA
                0x000000000800aa74                HAL_I2C_IsDeviceReady
                0x000000000800aca0                HAL_I2C_EV_IRQHandler
                0x000000000800af84                HAL_I2C_ER_IRQHandler
                0x000000000800b1cc                HAL_I2C_MasterTxCpltCallback
                0x000000000800b1e0                HAL_I2C_MasterRxCpltCallback
                0x000000000800b1f4                HAL_I2C_SlaveTxCpltCallback
                0x000000000800b208                HAL_I2C_SlaveRxCpltCallback
                0x000000000800b21c                HAL_I2C_AddrCallback
                0x000000000800b238                HAL_I2C_ListenCpltCallback
                0x000000000800b24c                HAL_I2C_MemTxCpltCallback
                0x000000000800b260                HAL_I2C_MemRxCpltCallback
                0x000000000800b274                HAL_I2C_ErrorCallback
                0x000000000800b288                HAL_I2C_GetState
                0x000000000800b2a4                HAL_I2C_GetMode
                0x000000000800b2c0                HAL_I2C_GetError
 .text          0x000000000800c870        0x0 build/objs/stm32f4xx_hal_fmpi2c.o
 .text          0x000000000800c870        0x0 build/objs/stm32f4xx_hal_smartcard.o
 .text          0x000000000800c870        0x0 build/objs/stm32f4xx_hal_pccard.o
 .text          0x000000000800c870        0x0 build/objs/stm32f4xx_hal_dma2d.o
 .text          0x000000000800c870        0x0 build/objs/stm32f4xx_hal_sai.o
 .text          0x000000000800c870        0x0 build/objs/stm32f4xx_hal_cryp_ex.o
 .text          0x000000000800c870      0x2cc build/objs/stm32f4xx_hal_rcc_ex.o
                0x000000000800c870                HAL_RCC_DeInit
                0x000000000800c8e8                HAL_RCCEx_PeriphCLKConfig
                0x000000000800cab8                HAL_RCCEx_GetPeriphCLKConfig
 .text          0x000000000800cb3c        0x0 build/objs/stm32f4xx_ll_fmc.o
 .text          0x000000000800cb3c        0x0 build/objs/stm32f4xx_hal_ltdc_ex.o
 .text          0x000000000800cb3c        0x0 build/objs/stm32f4xx_hal_flash_ramfunc.o
 .text          0x000000000800cb3c      0x5b0 build/objs/stm32f4xx_hal_cortex.o
                0x000000000800ceb8                HAL_NVIC_SetPriorityGrouping
                0x000000000800cecc                HAL_NVIC_SetPriority
                0x000000000800cf04                HAL_NVIC_EnableIRQ
                0x000000000800cf20                HAL_NVIC_DisableIRQ
                0x000000000800cf3c                HAL_NVIC_SystemReset
                0x000000000800cf48                HAL_SYSTICK_Config
                0x000000000800cf60                HAL_MPU_ConfigRegion
                0x000000000800cfe4                HAL_NVIC_GetPriorityGrouping
                0x000000000800cff4                HAL_NVIC_GetPriority
                0x000000000800d024                HAL_NVIC_SetPendingIRQ
                0x000000000800d040                HAL_NVIC_GetPendingIRQ
                0x000000000800d060                HAL_NVIC_ClearPendingIRQ
                0x000000000800d07c                HAL_NVIC_GetActive
                0x000000000800d09c                HAL_SYSTICK_CLKSourceConfig
                0x000000000800d0d4                HAL_SYSTICK_IRQHandler
                0x000000000800d0e0                HAL_SYSTICK_Callback
 .text          0x000000000800d0ec        0x0 build/objs/stm32f4xx_hal_iwdg.o
 .text          0x000000000800d0ec        0x0 build/objs/stm32f4xx_hal_uart.o
 .text          0x000000000800d0ec     0x14dc build/objs/stm32f4xx_hal_tim_ex.o
                0x000000000800d0ec                HAL_TIMEx_HallSensor_Init
                0x000000000800d208                HAL_TIMEx_HallSensor_DeInit
                0x000000000800d268                HAL_TIMEx_HallSensor_MspInit
                0x000000000800d27c                HAL_TIMEx_HallSensor_MspDeInit
                0x000000000800d290                HAL_TIMEx_HallSensor_Start
                0x000000000800d2c0                HAL_TIMEx_HallSensor_Stop
                0x000000000800d310                HAL_TIMEx_HallSensor_Start_IT
                0x000000000800d350                HAL_TIMEx_HallSensor_Stop_IT
                0x000000000800d3b0                HAL_TIMEx_HallSensor_Start_DMA
                0x000000000800d45c                HAL_TIMEx_HallSensor_Stop_DMA
                0x000000000800d4bc                HAL_TIMEx_OCN_Start
                0x000000000800d500                HAL_TIMEx_OCN_Stop
                0x000000000800d584                HAL_TIMEx_OCN_Start_IT
                0x000000000800d664                HAL_TIMEx_OCN_Stop_IT
                0x000000000800d794                HAL_TIMEx_OCN_Start_DMA
                0x000000000800d94c                HAL_TIMEx_OCN_Stop_DMA
                0x000000000800da64                HAL_TIMEx_PWMN_Start
                0x000000000800daa8                HAL_TIMEx_PWMN_Stop
                0x000000000800db2c                HAL_TIMEx_PWMN_Start_IT
                0x000000000800dc0c                HAL_TIMEx_PWMN_Stop_IT
                0x000000000800dd3c                HAL_TIMEx_PWMN_Start_DMA
                0x000000000800def4                HAL_TIMEx_PWMN_Stop_DMA
                0x000000000800e00c                HAL_TIMEx_OnePulseN_Start
                0x000000000800e040                HAL_TIMEx_OnePulseN_Stop
                0x000000000800e0c4                HAL_TIMEx_OnePulseN_Start_IT
                0x000000000800e118                HAL_TIMEx_OnePulseN_Stop_IT
                0x000000000800e1bc                HAL_TIMEx_ConfigCommutationEvent
                0x000000000800e25c                HAL_TIMEx_ConfigCommutationEvent_IT
                0x000000000800e30c                HAL_TIMEx_ConfigCommutationEvent_DMA
                0x000000000800e3d4                HAL_TIMEx_MasterConfigSynchronization
                0x000000000800e460                HAL_TIMEx_ConfigBreakDeadTime
                0x000000000800e4d4                HAL_TIMEx_RemapConfig
                0x000000000800e51c                HAL_TIMEx_CommutationCallback
                0x000000000800e530                HAL_TIMEx_BreakCallback
                0x000000000800e544                HAL_TIMEx_HallSensor_GetState
                0x000000000800e560                TIMEx_DMACommutationCplt
 .text          0x000000000800e5c8        0x0 build/objs/stm32f4xx_hal_i2c_ex.o
 .text          0x000000000800e5c8      0x8e4 build/objs/stm32f4xx_hal_dma.o
                0x000000000800e5c8                HAL_DMA_Init
                0x000000000800e6a0                HAL_DMA_DeInit
                0x000000000800e73c                HAL_DMA_Start
                0x000000000800e7a0                HAL_DMA_Start_IT
                0x000000000800e824                HAL_DMA_Abort
                0x000000000800e8a0                HAL_DMA_PollForTransfer
                0x000000000800eabc                HAL_DMA_IRQHandler
                0x000000000800edb0                HAL_DMA_GetState
                0x000000000800edcc                HAL_DMA_GetError
 .text          0x000000000800eeac        0x0 build/objs/stm32f4xx_hal_dac.o
 .text          0x000000000800eeac        0x0 build/objs/stm32f4xx_hal_spdifrx.o
 .text          0x000000000800eeac        0x0 build/objs/stm32f4xx_hal_fmpi2c_ex.o
 .text          0x000000000800eeac        0x0 build/objs/stm32f4xx_ll_sdmmc.o
 .text          0x000000000800eeac        0x0 build/objs/stm32f4xx_hal_i2s_ex.o
 .text          0x000000000800eeac        0x0 build/objs/stm32f4xx_hal_can.o
 .text          0x000000000800eeac        0x0 build/objs/stm32f4xx_hal_nor.o
 .text          0x000000000800eeac      0x35c build/objs/stm32f4xx_hal_pwr.o
                0x000000000800eeac                HAL_PWR_DeInit
                0x000000000800eed4                HAL_PWR_EnableBkUpAccess
                0x000000000800ef08                HAL_PWR_DisableBkUpAccess
                0x000000000800ef3c                HAL_PWR_ConfigPVD
                0x000000000800eff8                HAL_PWR_EnablePVD
                0x000000000800f02c                HAL_PWR_DisablePVD
                0x000000000800f060                HAL_PWR_EnableWakeUpPin
                0x000000000800f084                HAL_PWR_DisableWakeUpPin
                0x000000000800f0a8                HAL_PWR_EnterSLEEPMode
                0x000000000800f0e0                HAL_PWR_EnterSTOPMode
                0x000000000800f138                HAL_PWR_EnterSTANDBYMode
                0x000000000800f168                HAL_PWR_PVD_IRQHandler
                0x000000000800f18c                HAL_PWR_PVDCallback
                0x000000000800f198                HAL_PWR_EnableSleepOnExit
                0x000000000800f1b4                HAL_PWR_DisableSleepOnExit
                0x000000000800f1d0                HAL_PWR_EnableSEVOnPend
                0x000000000800f1ec                HAL_PWR_DisableSEVOnPend
 .text          0x000000000800f208        0x0 build/objs/stm32f4xx_hal_rtc.o
 .text          0x000000000800f208        0x0 build/objs/stm32f4xx_hal_qspi.o
 .text          0x000000000800f208        0x0 build/objs/stm32f4xx_hal_hash_ex.o
 .text          0x000000000800f208        0x0 build/objs/stm32f4xx_hal_i2s.o
 .text          0x000000000800f208        0x0 build/objs/stm32f4xx_hal_sram.o
 .text          0x000000000800f208        0x0 build/objs/stm32f4xx_hal_hash.o
 .text          0x000000000800f208        0x0 build/objs/stm32f4xx_hal_eth.o
 .text          0x000000000800f208     0x3f3c build/objs/stm32f4xx_hal_tim.o
                0x000000000800f208                HAL_TIM_Base_Init
                0x000000000800f260                HAL_TIM_Base_DeInit
                0x000000000800f2c0                HAL_TIM_Base_MspInit
                0x000000000800f2d4                HAL_TIM_Base_MspDeInit
                0x000000000800f2e8                HAL_TIM_Base_Start
                0x000000000800f320                HAL_TIM_Base_Stop
                0x000000000800f378                HAL_TIM_Base_Start_IT
                0x000000000800f3b0                HAL_TIM_Base_Stop_IT
                0x000000000800f408                HAL_TIM_Base_Start_DMA
                0x000000000800f4a8                HAL_TIM_Base_Stop_DMA
                0x000000000800f508                HAL_TIM_OC_Init
                0x000000000800f560                HAL_TIM_OC_DeInit
                0x000000000800f5c0                HAL_TIM_OC_MspInit
                0x000000000800f5d4                HAL_TIM_OC_MspDeInit
                0x000000000800f5e8                HAL_TIM_OC_Start
                0x000000000800f650                HAL_TIM_OC_Stop
                0x000000000800f6f8                HAL_TIM_OC_Start_IT
                0x000000000800f7ec                HAL_TIM_OC_Stop_IT
                0x000000000800f920                HAL_TIM_OC_Start_DMA
                0x000000000800fafc                HAL_TIM_OC_Stop_DMA
                0x000000000800fc38                HAL_TIM_PWM_Init
                0x000000000800fc90                HAL_TIM_PWM_DeInit
                0x000000000800fcf0                HAL_TIM_PWM_MspInit
                0x000000000800fd04                HAL_TIM_PWM_MspDeInit
                0x000000000800fd18                HAL_TIM_PWM_Start
                0x000000000800fd80                HAL_TIM_PWM_Stop
                0x000000000800fe30                HAL_TIM_PWM_Start_IT
                0x000000000800ff24                HAL_TIM_PWM_Stop_IT
                0x0000000008010058                HAL_TIM_PWM_Start_DMA
                0x0000000008010234                HAL_TIM_PWM_Stop_DMA
                0x0000000008010370                HAL_TIM_IC_Init
                0x00000000080103c8                HAL_TIM_IC_DeInit
                0x0000000008010428                HAL_TIM_IC_MspInit
                0x000000000801043c                HAL_TIM_IC_MspDeInit
                0x0000000008010450                HAL_TIM_IC_Start
                0x0000000008010484                HAL_TIM_IC_Stop
                0x00000000080104d8                HAL_TIM_IC_Start_IT
                0x0000000008010598                HAL_TIM_IC_Stop_IT
                0x0000000008010678                HAL_TIM_IC_Start_DMA
                0x0000000008010818                HAL_TIM_IC_Stop_DMA
                0x0000000008010900                HAL_TIM_OnePulse_Init
                0x0000000008010978                HAL_TIM_OnePulse_DeInit
                0x00000000080109d8                HAL_TIM_OnePulse_MspInit
                0x00000000080109ec                HAL_TIM_OnePulse_MspDeInit
                0x0000000008010a00                HAL_TIM_OnePulse_Start
                0x0000000008010a68                HAL_TIM_OnePulse_Stop
                0x0000000008010b20                HAL_TIM_OnePulse_Start_IT
                0x0000000008010ba8                HAL_TIM_OnePulse_Stop_IT
                0x0000000008010c80                HAL_TIM_Encoder_Init
                0x0000000008010dac                HAL_TIM_Encoder_DeInit
                0x0000000008010e0c                HAL_TIM_Encoder_MspInit
                0x0000000008010e20                HAL_TIM_Encoder_MspDeInit
                0x0000000008010e34                HAL_TIM_Encoder_Start
                0x0000000008010ea4                HAL_TIM_Encoder_Stop
                0x0000000008010f34                HAL_TIM_Encoder_Start_IT
                0x0000000008010fe4                HAL_TIM_Encoder_Stop_IT
                0x00000000080110b8                HAL_TIM_Encoder_Start_DMA
                0x0000000008011270                HAL_TIM_Encoder_Stop_DMA
                0x0000000008011344                HAL_TIM_IRQHandler
                0x0000000008011554                HAL_TIM_OC_ConfigChannel
                0x0000000008011614                HAL_TIM_IC_ConfigChannel
                0x000000000801174c                HAL_TIM_PWM_ConfigChannel
                0x00000000080118d8                HAL_TIM_OnePulse_ConfigChannel
                0x0000000008011a58                HAL_TIM_DMABurst_WriteStart
                0x0000000008011c64                HAL_TIM_DMABurst_WriteStop
                0x0000000008011d14                HAL_TIM_DMABurst_ReadStart
                0x0000000008011f14                HAL_TIM_DMABurst_ReadStop
                0x0000000008011fc4                HAL_TIM_GenerateEvent
                0x0000000008012014                HAL_TIM_ConfigOCrefClear
                0x0000000008012168                HAL_TIM_ConfigClockSource
                0x000000000801232c                HAL_TIM_ConfigTI1Input
                0x0000000008012368                HAL_TIM_SlaveConfigSynchronization
                0x00000000080123d4                HAL_TIM_SlaveConfigSynchronization_IT
                0x0000000008012440                HAL_TIM_ReadCapturedValue
                0x00000000080124f8                HAL_TIM_OC_DelayElapsedCallback
                0x000000000801250c                HAL_TIM_IC_CaptureCallback
                0x0000000008012520                HAL_TIM_PWM_PulseFinishedCallback
                0x0000000008012534                HAL_TIM_TriggerCallback
                0x0000000008012548                HAL_TIM_ErrorCallback
                0x000000000801255c                HAL_TIM_Base_GetState
                0x0000000008012578                HAL_TIM_OC_GetState
                0x0000000008012594                HAL_TIM_PWM_GetState
                0x00000000080125b0                HAL_TIM_IC_GetState
                0x00000000080125cc                HAL_TIM_OnePulse_GetState
                0x00000000080125e8                HAL_TIM_Encoder_GetState
                0x0000000008012604                TIM_Base_SetConfig
                0x0000000008012754                TIM_TI1_SetConfig
                0x0000000008012848                TIM_OC2_SetConfig
                0x0000000008012938                TIM_DMADelayPulseCplt
                0x00000000080129a8                TIM_DMAError
                0x00000000080129cc                TIM_DMACaptureCplt
                0x0000000008012a3c                TIM_CCxChannelCmd
 .text          0x0000000008013144      0x210 build/objs/stm32f4xx_hal_dma_ex.o
                0x0000000008013144                HAL_DMAEx_MultiBufferStart
                0x00000000080131e4                HAL_DMAEx_MultiBufferStart_IT
                0x00000000080132d4                HAL_DMAEx_ChangeMemory
 .text          0x0000000008013354        0x0 build/objs/stm32f4xx_hal_sd.o
 .text          0x0000000008013354        0x0 build/objs/stm32f4xx_hal_sai_ex.o
 .text          0x0000000008013354      0xae8 build/objs/stm32f4xx_hal_rcc.o
                0x0000000008013360                HAL_RCC_OscConfig
                0x0000000008013784                HAL_RCC_ClockConfig
                0x000000000801396c                HAL_RCC_MCOConfig
                0x0000000008013a38                HAL_RCC_EnableCSS
                0x0000000008013a50                HAL_RCC_DisableCSS
                0x0000000008013a68                HAL_RCC_GetSysClockFreq
                0x0000000008013b64                HAL_RCC_GetHCLKFreq
                0x0000000008013bb4                HAL_RCC_GetPCLK1Freq
                0x0000000008013bf8                HAL_RCC_GetPCLK2Freq
                0x0000000008013c3c                HAL_RCC_GetOscConfig
                0x0000000008013dac                HAL_RCC_GetClockConfig
                0x0000000008013e0c                HAL_RCC_NMI_IRQHandler
                0x0000000008013e30                HAL_RCC_CSSCallback
 .text          0x0000000008013e3c        0x0 build/objs/stm32f4xx_hal_wwdg.o
 .text          0x0000000008013e3c        0x0 build/objs/stm32f4xx_hal_dac_ex.o
 .text          0x0000000008013e3c        0x0 build/objs/stm32f4xx_hal_rtc_ex.o
 .text          0x0000000008013e3c      0x1d8 build/objs/stm32f4xx_hal_pwr_ex.o
                0x0000000008013e3c                HAL_PWREx_EnableBkUpReg
                0x0000000008013ea4                HAL_PWREx_DisableBkUpReg
                0x0000000008013f0c                HAL_PWREx_EnableFlashPowerDown
                0x0000000008013f40                HAL_PWREx_DisableFlashPowerDown
                0x0000000008013f74                HAL_PWREx_GetVoltageRange
                0x0000000008013f90                HAL_PWREx_ControlVoltageScaling
 .text          0x0000000008014014        0x0 build/objs/stm32f4xx_hal_dcmi.o
 .text          0x0000000008014014        0x0 build/objs/stm32f4xx_hal_sdram.o
 .text          0x0000000008014014      0x5f8 build/objs/stm32f4xx_hal_flash.o
                0x0000000008014014                HAL_FLASH_Program
                0x00000000080140bc                HAL_FLASH_Program_IT
                0x0000000008014158                HAL_FLASH_IRQHandler
                0x0000000008014298                HAL_FLASH_EndOfOperationCallback
                0x00000000080142ac                HAL_FLASH_OperationErrorCallback
                0x00000000080142c0                HAL_FLASH_Unlock
                0x00000000080142f4                HAL_FLASH_Lock
                0x0000000008014314                HAL_FLASH_OB_Unlock
                0x000000000801434c                HAL_FLASH_OB_Lock
                0x000000000801436c                HAL_FLASH_OB_Launch
                0x0000000008014394                HAL_FLASH_GetError
                0x00000000080143ac                FLASH_WaitForLastOperation
 .text          0x000000000801460c        0x0 build/objs/stm32f4xx_hal_crc.o
 .text          0x000000000801460c        0x0 build/objs/stm32f4xx_hal_usart.o
 .text          0x000000000801460c      0x7cc build/objs/stm32f4_discovery.o
                0x000000000801460c                BSP_GetVersion
                0x0000000008014620                BSP_LED_Init
                0x0000000008014710                BSP_LED_On
                0x0000000008014744                BSP_LED_Off
                0x0000000008014778                BSP_LED_Toggle
                0x00000000080147a8                BSP_PB_Init
                0x000000000801485c                BSP_PB_GetState
                0x0000000008014b80                ACCELERO_IO_Init
                0x0000000008014bd8                ACCELERO_IO_ITConfig
                0x0000000008014c38                ACCELERO_IO_Write
                0x0000000008014c9c                ACCELERO_IO_Read
                0x0000000008014d0c                AUDIO_IO_Init
                0x0000000008014d7c                AUDIO_IO_DeInit
                0x0000000008014d88                AUDIO_IO_Write
                0x0000000008014db0                AUDIO_IO_Read
 .text          0x0000000008014dd8      0x164 build/objs/system_stm32f4xx.o
                0x0000000008014dd8                SystemInit
                0x0000000008014e44                SystemCoreClockUpdate
 .text          0x0000000008014f3c      0x57c build/objs/usbd_core.o
                0x0000000008014f3c                USBD_Init
                0x0000000008014f94                USBD_DeInit
                0x0000000008014fd0                USBD_RegisterClass
                0x0000000008015004                USBD_Start
                0x000000000801501c                USBD_Stop
                0x0000000008015048                USBD_RunTestMode
                0x0000000008015060                USBD_SetClassConfig
                0x00000000080150a0                USBD_ClrClassConfig
                0x00000000080150c8                USBD_LL_SetupStage
                0x000000000801515c                USBD_LL_DataOutStage
                0x0000000008015214                USBD_LL_DataInStage
                0x0000000008015334                USBD_LL_Reset
                0x0000000008015394                USBD_LL_SetSpeed
                0x00000000080153b4                USBD_LL_Suspend
                0x00000000080153e0                USBD_LL_Resume
                0x0000000008015404                USBD_LL_SOF
                0x0000000008015438                USBD_LL_IsoINIncomplete
                0x0000000008015454                USBD_LL_IsoOUTIncomplete
                0x0000000008015470                USBD_LL_DevConnected
                0x0000000008015488                USBD_LL_DevDisconnected
 .text          0x00000000080154b8      0x8c8 build/objs/usbd_ctlreq.o
                0x00000000080154b8                USBD_StdDevReq
                0x0000000008015558                USBD_StdItfReq
                0x00000000080155c0                USBD_StdEPReq
                0x0000000008015c34                USBD_ParseSetupRequest
                0x0000000008015cac                USBD_CtlError
                0x0000000008015ccc                USBD_GetString
 .text          0x0000000008015d80      0x130 build/objs/usbd_ioreq.o
                0x0000000008015d80                USBD_CtlSendData
                0x0000000008015db8                USBD_CtlContinueSendData
                0x0000000008015ddc                USBD_CtlPrepareRx
                0x0000000008015e18                USBD_CtlContinueRx
                0x0000000008015e3c                USBD_CtlSendStatus
                0x0000000008015e64                USBD_CtlReceiveStatus
                0x0000000008015e8c                USBD_GetRxCount
 .text          0x0000000008015eb0      0x1a4 build/objs/usbd_cdc_if_template.o
 .text          0x0000000008016054      0x490 build/objs/usbd_cdc.o
                0x000000000801638c                USBD_CDC_GetDeviceQualifierDescriptor
                0x00000000080163ac                USBD_CDC_RegisterInterface
                0x00000000080163dc                USBD_CDC_SetTxBuffer
                0x0000000008016410                USBD_CDC_SetRxBuffer
                0x0000000008016438                USBD_CDC_TransmitPacket
                0x000000000801648c                USBD_CDC_ReceivePacket
 .text          0x00000000080164e4       0x14 build/objs/startup_stm32f407xx.o
 .text          0x00000000080164f8        0x0 /usr/lib/gcc/arm-none-eabi/4.9.3/../../../arm-none-eabi/lib/armv7e-m/fpu/libg.a(lib_a-errno.o)
 .text          0x00000000080164f8        0x0 /usr/lib/gcc/arm-none-eabi/4.9.3/../../../arm-none-eabi/lib/armv7e-m/fpu/libg.a(lib_a-impure.o)
 .text          0x00000000080164f8        0x0 /usr/lib/gcc/arm-none-eabi/4.9.3/../../../arm-none-eabi/lib/armv7e-m/fpu/libg.a(lib_a-malloc.o)
 .text          0x00000000080164f8        0x0 /usr/lib/gcc/arm-none-eabi/4.9.3/../../../arm-none-eabi/lib/armv7e-m/fpu/libg.a(lib_a-mallocr.o)
 .text          0x00000000080164f8        0x0 /usr/lib/gcc/arm-none-eabi/4.9.3/../../../arm-none-eabi/lib/armv7e-m/fpu/libg.a(lib_a-mlock.o)
 .text          0x00000000080164f8        0x0 /usr/lib/gcc/arm-none-eabi/4.9.3/../../../arm-none-eabi/lib/armv7e-m/fpu/libg.a(lib_a-sbrkr.o)
 .text          0x00000000080164f8        0x0 /usr/lib/gcc/arm-none-eabi/4.9.3/../../../arm-none-eabi/lib/armv7e-m/fpu/libg.a(lib_a-freer.o)
 .text          0x00000000080164f8        0x0 /usr/lib/gcc/arm-none-eabi/4.9.3/../../../arm-none-eabi/lib/armv7e-m/fpu/libg.a(lib_a-reent.o)
 *(.text*)
 .text.Reset_Handler
                0x00000000080164f8       0x4c build/objs/startup_stm32f407xx.o
                0x00000000080164f8                Reset_Handler
 .text.Default_Handler
                0x0000000008016544        0x2 build/objs/startup_stm32f407xx.o
                0x0000000008016544                RTC_Alarm_IRQHandler
                0x0000000008016544                HASH_RNG_IRQHandler
                0x0000000008016544                EXTI2_IRQHandler
                0x0000000008016544                TIM8_CC_IRQHandler
                0x0000000008016544                DebugMon_Handler
                0x0000000008016544                TIM1_CC_IRQHandler
                0x0000000008016544                DMA2_Stream5_IRQHandler
                0x0000000008016544                HardFault_Handler
                0x0000000008016544                DMA1_Stream5_IRQHandler
                0x0000000008016544                PVD_IRQHandler
                0x0000000008016544                SDIO_IRQHandler
                0x0000000008016544                TAMP_STAMP_IRQHandler
                0x0000000008016544                PendSV_Handler
                0x0000000008016544                NMI_Handler
                0x0000000008016544                CAN2_RX1_IRQHandler
                0x0000000008016544                EXTI3_IRQHandler
                0x0000000008016544                TIM8_TRG_COM_TIM14_IRQHandler
                0x0000000008016544                TIM1_UP_TIM10_IRQHandler
                0x0000000008016544                TIM8_UP_TIM13_IRQHandler
                0x0000000008016544                I2C3_ER_IRQHandler
                0x0000000008016544                EXTI0_IRQHandler
                0x0000000008016544                I2C2_EV_IRQHandler
                0x0000000008016544                DMA1_Stream2_IRQHandler
                0x0000000008016544                CAN1_RX0_IRQHandler
                0x0000000008016544                FPU_IRQHandler
                0x0000000008016544                OTG_HS_WKUP_IRQHandler
                0x0000000008016544                UsageFault_Handler
                0x0000000008016544                CAN2_SCE_IRQHandler
                0x0000000008016544                DMA2_Stream2_IRQHandler
                0x0000000008016544                SPI1_IRQHandler
                0x0000000008016544                TIM1_BRK_TIM9_IRQHandler
                0x0000000008016544                DCMI_IRQHandler
                0x0000000008016544                CAN2_RX0_IRQHandler
                0x0000000008016544                DMA2_Stream3_IRQHandler
                0x0000000008016544                USART6_IRQHandler
                0x0000000008016544                USART3_IRQHandler
                0x0000000008016544                CAN1_RX1_IRQHandler
                0x0000000008016544                UART5_IRQHandler
                0x0000000008016544                DMA2_Stream0_IRQHandler
                0x0000000008016544                TIM4_IRQHandler
                0x0000000008016544                I2C1_EV_IRQHandler
                0x0000000008016544                DMA1_Stream6_IRQHandler
                0x0000000008016544                DMA1_Stream1_IRQHandler
                0x0000000008016544                UART4_IRQHandler
                0x0000000008016544                TIM3_IRQHandler
                0x0000000008016544                RCC_IRQHandler
                0x0000000008016544                TIM8_BRK_TIM12_IRQHandler
                0x0000000008016544                Default_Handler
                0x0000000008016544                EXTI15_10_IRQHandler
                0x0000000008016544                ADC_IRQHandler
                0x0000000008016544                DMA1_Stream7_IRQHandler
                0x0000000008016544                TIM7_IRQHandler
                0x0000000008016544                CAN2_TX_IRQHandler
                0x0000000008016544                TIM5_IRQHandler
                0x0000000008016544                DMA2_Stream7_IRQHandler
                0x0000000008016544                I2C3_EV_IRQHandler
                0x0000000008016544                EXTI9_5_IRQHandler
                0x0000000008016544                RTC_WKUP_IRQHandler
                0x0000000008016544                ETH_WKUP_IRQHandler
                0x0000000008016544                SPI2_IRQHandler
                0x0000000008016544                OTG_HS_EP1_IN_IRQHandler
                0x0000000008016544                MemManage_Handler
                0x0000000008016544                DMA1_Stream0_IRQHandler
                0x0000000008016544                CAN1_TX_IRQHandler
                0x0000000008016544                SVC_Handler
                0x0000000008016544                EXTI4_IRQHandler
                0x0000000008016544                FSMC_IRQHandler
                0x0000000008016544                ETH_IRQHandler
                0x0000000008016544                OTG_HS_EP1_OUT_IRQHandler
                0x0000000008016544                WWDG_IRQHandler
                0x0000000008016544                TIM2_IRQHandler
                0x0000000008016544                OTG_FS_WKUP_IRQHandler
                0x0000000008016544                TIM1_TRG_COM_TIM11_IRQHandler
                0x0000000008016544                OTG_HS_IRQHandler
                0x0000000008016544                EXTI1_IRQHandler
                0x0000000008016544                USART2_IRQHandler
                0x0000000008016544                I2C2_ER_IRQHandler
                0x0000000008016544                DMA2_Stream1_IRQHandler
                0x0000000008016544                CAN1_SCE_IRQHandler
                0x0000000008016544                FLASH_IRQHandler
                0x0000000008016544                DMA2_Stream4_IRQHandler
                0x0000000008016544                BusFault_Handler
                0x0000000008016544                USART1_IRQHandler
                0x0000000008016544                SPI3_IRQHandler
                0x0000000008016544                DMA1_Stream4_IRQHandler
                0x0000000008016544                I2C1_ER_IRQHandler
                0x0000000008016544                DMA2_Stream6_IRQHandler
                0x0000000008016544                DMA1_Stream3_IRQHandler
 *fill*         0x0000000008016546        0x2 
 .text.__errno  0x0000000008016548        0xc /usr/lib/gcc/arm-none-eabi/4.9.3/../../../arm-none-eabi/lib/armv7e-m/fpu/libg.a(lib_a-errno.o)
                0x0000000008016548                __errno
 .text.malloc   0x0000000008016554       0x10 /usr/lib/gcc/arm-none-eabi/4.9.3/../../../arm-none-eabi/lib/armv7e-m/fpu/libg.a(lib_a-malloc.o)
                0x0000000008016554                malloc
 .text.free     0x0000000008016564       0x10 /usr/lib/gcc/arm-none-eabi/4.9.3/../../../arm-none-eabi/lib/armv7e-m/fpu/libg.a(lib_a-malloc.o)
                0x0000000008016564                free
 .text._malloc_r
                0x0000000008016574      0x548 /usr/lib/gcc/arm-none-eabi/4.9.3/../../../arm-none-eabi/lib/armv7e-m/fpu/libg.a(lib_a-mallocr.o)
                0x0000000008016574                _malloc_r
 .text.__malloc_lock
                0x0000000008016abc        0x4 /usr/lib/gcc/arm-none-eabi/4.9.3/../../../arm-none-eabi/lib/armv7e-m/fpu/libg.a(lib_a-mlock.o)
                0x0000000008016abc                __malloc_lock
 .text.__malloc_unlock
                0x0000000008016ac0        0x4 /usr/lib/gcc/arm-none-eabi/4.9.3/../../../arm-none-eabi/lib/armv7e-m/fpu/libg.a(lib_a-mlock.o)
                0x0000000008016ac0                __malloc_unlock
 .text._sbrk_r  0x0000000008016ac4       0x24 /usr/lib/gcc/arm-none-eabi/4.9.3/../../../arm-none-eabi/lib/armv7e-m/fpu/libg.a(lib_a-sbrkr.o)
                0x0000000008016ac4                _sbrk_r
 .text._malloc_trim_r
                0x0000000008016ae8       0x9c /usr/lib/gcc/arm-none-eabi/4.9.3/../../../arm-none-eabi/lib/armv7e-m/fpu/libg.a(lib_a-freer.o)
                0x0000000008016ae8                _malloc_trim_r
 .text._free_r  0x0000000008016b84      0x19c /usr/lib/gcc/arm-none-eabi/4.9.3/../../../arm-none-eabi/lib/armv7e-m/fpu/libg.a(lib_a-freer.o)
                0x0000000008016b84                _free_r
 .text.cleanup_glue
                0x0000000008016d20       0x1c /usr/lib/gcc/arm-none-eabi/4.9.3/../../../arm-none-eabi/lib/armv7e-m/fpu/libg.a(lib_a-reent.o)
                0x0000000008016d20                cleanup_glue
 .text._reclaim_reent
                0x0000000008016d3c       0x90 /usr/lib/gcc/arm-none-eabi/4.9.3/../../../arm-none-eabi/lib/armv7e-m/fpu/libg.a(lib_a-reent.o)
                0x0000000008016d3c                _reclaim_reent
 *(.glue_7)
 .glue_7        0x0000000008016dcc        0x0 linker stubs
 *(.glue_7t)
 .glue_7t       0x0000000008016dcc        0x0 linker stubs
 *(.eh_frame)
 *(.init)
 *(.fini)
                0x0000000008016dcc                . = ALIGN (0x4)
                0x0000000008016dcc                _etext = .

.vfp11_veneer   0x0000000008016dcc        0x0
 .vfp11_veneer  0x0000000008016dcc        0x0 linker stubs

.v4_bx          0x0000000008016dcc        0x0
 .v4_bx         0x0000000008016dcc        0x0 linker stubs

.iplt           0x0000000008016dcc        0x0
 .iplt          0x0000000008016dcc        0x0 build/objs/usbd_cdc_if.o

.rodata         0x0000000008016dcc      0x434
                0x0000000008016dcc                . = ALIGN (0x4)
 *(.rodata)
 .rodata        0x0000000008016dcc       0x14 build/objs/main.o
 .rodata        0x0000000008016de0       0x58 build/objs/usbd_desc.o
 .rodata        0x0000000008016e38      0x388 build/objs/pcd8544.o
                0x0000000008016e38                PCD8544_Font5x7
                0x0000000008017080                PCD8544_Font3x5
 .rodata        0x00000000080171c0        0x8 build/objs/stm32f4xx_hal_dma.o
 .rodata        0x00000000080171c8       0x10 build/objs/stm32f4xx_hal_rcc.o
                0x00000000080171c8                APBAHBPrescTable
 .rodata        0x00000000080171d8       0x10 build/objs/stm32f4_discovery.o
                0x00000000080171d8                GPIO_PIN
                0x00000000080171e0                BUTTON_PIN
                0x00000000080171e4                BUTTON_IRQn
 .rodata        0x00000000080171e8       0x10 build/objs/system_stm32f4xx.o
                0x00000000080171e8                AHBPrescTable
 *(.rodata*)
 .rodata.str1.4
                0x00000000080171f8        0x4 /usr/lib/gcc/arm-none-eabi/4.9.3/../../../arm-none-eabi/lib/armv7e-m/fpu/libg.a(lib_a-impure.o)
 .rodata._global_impure_ptr
                0x00000000080171fc        0x4 /usr/lib/gcc/arm-none-eabi/4.9.3/../../../arm-none-eabi/lib/armv7e-m/fpu/libg.a(lib_a-impure.o)
                0x00000000080171fc                _global_impure_ptr
                0x0000000008017200                . = ALIGN (0x4)

.rel.dyn        0x0000000008017200        0x0
 .rel.iplt      0x0000000008017200        0x0 build/objs/usbd_cdc_if.o

.ARM.extab
 *(.ARM.extab* .gnu.linkonce.armextab.*)

.ARM            0x0000000008017200        0x0
                0x0000000008017200                __exidx_start = .
 *(.ARM.exidx*)
                0x0000000008017200                __exidx_end = .

.preinit_array  0x0000000008017200        0x0
                [!provide]                        PROVIDE (__preinit_array_start, .)
 *(.preinit_array*)
                [!provide]                        PROVIDE (__preinit_array_end, .)

.init_array     0x0000000008017200        0x0
                [!provide]                        PROVIDE (__init_array_start, .)
 *(SORT(.init_array.*))
 *(.init_array*)
                [!provide]                        PROVIDE (__init_array_end, .)

.fini_array     0x0000000008017200        0x0
                [!provide]                        PROVIDE (__fini_array_start, .)
 *(SORT(.fini_array.*))
 *(.fini_array*)
                [!provide]                        PROVIDE (__fini_array_end, .)
                0x0000000008017200                _sidata = LOADADDR (.data)

.data           0x0000000020000000      0xa94 load address 0x0000000008017200
                0x0000000020000000                . = ALIGN (0x4)
                0x0000000020000000                _sdata = .
 *(.data)
 .data          0x0000000020000000       0x10 build/objs/usbd_cdc_if.o
                0x0000000020000000                USBD_Interface_fops_FS
 .data          0x0000000020000010        0x0 build/objs/usbd_conf.o
 .data          0x0000000020000010        0x0 build/objs/syscalls.o
 .data          0x0000000020000010        0x0 build/objs/stm32f4xx_hal_msp.o
 .data          0x0000000020000010        0x0 build/objs/gpio.o
 .data          0x0000000020000010        0x0 build/objs/main.o
 .data          0x0000000020000010        0x0 build/objs/stm32f4xx_it.o
 .data          0x0000000020000010        0x0 build/objs/usb_device.o
 .data          0x0000000020000010       0x34 build/objs/usbd_desc.o
                0x0000000020000010                FS_Desc
                0x000000002000002c                USBD_FS_DeviceDesc
                0x0000000020000040                USBD_LangIDDesc
 .data          0x0000000020000044       0xcc build/objs/pcd8544.o
                0x0000000020000044                brightness_levels
 .data          0x0000000020000110        0x0 build/objs/stm32f4xx_hal_dsi.o
 .data          0x0000000020000110        0x0 build/objs/stm32f4xx_hal_pcd.o
 .data          0x0000000020000110        0x0 build/objs/stm32f4xx_hal_irda.o
 .data          0x0000000020000110        0x0 build/objs/stm32f4xx_ll_fsmc.o
 .data          0x0000000020000110        0x0 build/objs/stm32f4xx_hal_cec.o
 .data          0x0000000020000110        0x0 build/objs/stm32f4xx_hal_timebase_tim_template.o
 .data          0x0000000020000110        0x0 build/objs/stm32f4xx_ll_usb.o
 .data          0x0000000020000110        0x0 build/objs/stm32f4xx_hal.o
 .data          0x0000000020000110        0x0 build/objs/stm32f4xx_hal_dcmi_ex.o
 .data          0x0000000020000110        0x0 build/objs/stm32f4xx_hal_flash_ex.o
 .data          0x0000000020000110        0x0 build/objs/stm32f4xx_hal_cryp.o
 .data          0x0000000020000110        0x0 build/objs/stm32f4xx_hal_rng.o
 .data          0x0000000020000110        0x0 build/objs/stm32f4xx_hal_nand.o
 .data          0x0000000020000110        0x0 build/objs/stm32f4xx_hal_gpio.o
 .data          0x0000000020000110        0x0 build/objs/stm32f4xx_hal_ltdc.o
 .data          0x0000000020000110        0x0 build/objs/stm32f4xx_hal_hcd.o
 .data          0x0000000020000110        0x0 build/objs/stm32f4xx_hal_pcd_ex.o
 .data          0x0000000020000110        0x0 build/objs/stm32f4xx_hal_adc.o
 .data          0x0000000020000110        0x0 build/objs/stm32f4xx_hal_adc_ex.o
 .data          0x0000000020000110        0x0 build/objs/stm32f4xx_hal_lptim.o
 .data          0x0000000020000110        0x0 build/objs/stm32f4xx_hal_spi.o
 .data          0x0000000020000110        0x0 build/objs/stm32f4xx_hal_i2c.o
 .data          0x0000000020000110        0x0 build/objs/stm32f4xx_hal_fmpi2c.o
 .data          0x0000000020000110        0x0 build/objs/stm32f4xx_hal_smartcard.o
 .data          0x0000000020000110        0x0 build/objs/stm32f4xx_hal_pccard.o
 .data          0x0000000020000110        0x0 build/objs/stm32f4xx_hal_dma2d.o
 .data          0x0000000020000110        0x0 build/objs/stm32f4xx_hal_sai.o
 .data          0x0000000020000110        0x0 build/objs/stm32f4xx_hal_cryp_ex.o
 .data          0x0000000020000110        0x0 build/objs/stm32f4xx_hal_rcc_ex.o
 .data          0x0000000020000110        0x0 build/objs/stm32f4xx_ll_fmc.o
 .data          0x0000000020000110        0x0 build/objs/stm32f4xx_hal_ltdc_ex.o
 .data          0x0000000020000110        0x0 build/objs/stm32f4xx_hal_flash_ramfunc.o
 .data          0x0000000020000110        0x0 build/objs/stm32f4xx_hal_cortex.o
 .data          0x0000000020000110        0x0 build/objs/stm32f4xx_hal_iwdg.o
 .data          0x0000000020000110        0x0 build/objs/stm32f4xx_hal_uart.o
 .data          0x0000000020000110        0x0 build/objs/stm32f4xx_hal_tim_ex.o
 .data          0x0000000020000110        0x0 build/objs/stm32f4xx_hal_i2c_ex.o
 .data          0x0000000020000110        0x0 build/objs/stm32f4xx_hal_dma.o
 .data          0x0000000020000110        0x0 build/objs/stm32f4xx_hal_dac.o
 .data          0x0000000020000110        0x0 build/objs/stm32f4xx_hal_spdifrx.o
 .data          0x0000000020000110        0x0 build/objs/stm32f4xx_hal_fmpi2c_ex.o
 .data          0x0000000020000110        0x0 build/objs/stm32f4xx_ll_sdmmc.o
 .data          0x0000000020000110        0x0 build/objs/stm32f4xx_hal_i2s_ex.o
 .data          0x0000000020000110        0x0 build/objs/stm32f4xx_hal_can.o
 .data          0x0000000020000110        0x0 build/objs/stm32f4xx_hal_nor.o
 .data          0x0000000020000110        0x0 build/objs/stm32f4xx_hal_pwr.o
 .data          0x0000000020000110        0x0 build/objs/stm32f4xx_hal_rtc.o
 .data          0x0000000020000110        0x0 build/objs/stm32f4xx_hal_qspi.o
 .data          0x0000000020000110        0x0 build/objs/stm32f4xx_hal_hash_ex.o
 .data          0x0000000020000110        0x0 build/objs/stm32f4xx_hal_i2s.o
 .data          0x0000000020000110        0x0 build/objs/stm32f4xx_hal_sram.o
 .data          0x0000000020000110        0x0 build/objs/stm32f4xx_hal_hash.o
 .data          0x0000000020000110        0x0 build/objs/stm32f4xx_hal_eth.o
 .data          0x0000000020000110        0x0 build/objs/stm32f4xx_hal_tim.o
 .data          0x0000000020000110        0x0 build/objs/stm32f4xx_hal_dma_ex.o
 .data          0x0000000020000110        0x0 build/objs/stm32f4xx_hal_sd.o
 .data          0x0000000020000110        0x0 build/objs/stm32f4xx_hal_sai_ex.o
 .data          0x0000000020000110        0x0 build/objs/stm32f4xx_hal_rcc.o
 .data          0x0000000020000110        0x0 build/objs/stm32f4xx_hal_wwdg.o
 .data          0x0000000020000110        0x0 build/objs/stm32f4xx_hal_dac_ex.o
 .data          0x0000000020000110        0x0 build/objs/stm32f4xx_hal_rtc_ex.o
 .data          0x0000000020000110        0x0 build/objs/stm32f4xx_hal_pwr_ex.o
 .data          0x0000000020000110        0x0 build/objs/stm32f4xx_hal_dcmi.o
 .data          0x0000000020000110        0x0 build/objs/stm32f4xx_hal_sdram.o
 .data          0x0000000020000110        0x0 build/objs/stm32f4xx_hal_flash.o
 .data          0x0000000020000110        0x0 build/objs/stm32f4xx_hal_crc.o
 .data          0x0000000020000110        0x0 build/objs/stm32f4xx_hal_usart.o
 .data          0x0000000020000110       0x1c build/objs/stm32f4_discovery.o
                0x0000000020000110                GPIO_PORT
                0x0000000020000120                BUTTON_PORT
                0x0000000020000124                I2cxTimeout
                0x0000000020000128                SpixTimeout
 .data          0x000000002000012c        0x4 build/objs/system_stm32f4xx.o
                0x000000002000012c                SystemCoreClock
 .data          0x0000000020000130        0x0 build/objs/usbd_core.o
 .data          0x0000000020000130        0x0 build/objs/usbd_ctlreq.o
 .data          0x0000000020000130        0x0 build/objs/usbd_ioreq.o
 .data          0x0000000020000130       0x18 build/objs/usbd_cdc_if_template.o
                0x0000000020000130                USBD_CDC_Template_fops
                0x0000000020000140                linecoding
 .data          0x0000000020000148      0x110 build/objs/usbd_cdc.o
                0x0000000020000154                USBD_CDC
                0x000000002000018c                USBD_CDC_CfgHSDesc
                0x00000000200001d0                USBD_CDC_CfgFSDesc
                0x0000000020000214                USBD_CDC_OtherSpeedCfgDesc
 .data          0x0000000020000258        0x0 build/objs/startup_stm32f407xx.o
 .data          0x0000000020000258        0x0 /usr/lib/gcc/arm-none-eabi/4.9.3/../../../arm-none-eabi/lib/armv7e-m/fpu/libg.a(lib_a-errno.o)
 .data          0x0000000020000258        0x0 /usr/lib/gcc/arm-none-eabi/4.9.3/../../../arm-none-eabi/lib/armv7e-m/fpu/libg.a(lib_a-impure.o)
 .data          0x0000000020000258        0x0 /usr/lib/gcc/arm-none-eabi/4.9.3/../../../arm-none-eabi/lib/armv7e-m/fpu/libg.a(lib_a-malloc.o)
 .data          0x0000000020000258        0x0 /usr/lib/gcc/arm-none-eabi/4.9.3/../../../arm-none-eabi/lib/armv7e-m/fpu/libg.a(lib_a-mallocr.o)
 .data          0x0000000020000258        0x0 /usr/lib/gcc/arm-none-eabi/4.9.3/../../../arm-none-eabi/lib/armv7e-m/fpu/libg.a(lib_a-mlock.o)
 .data          0x0000000020000258        0x0 /usr/lib/gcc/arm-none-eabi/4.9.3/../../../arm-none-eabi/lib/armv7e-m/fpu/libg.a(lib_a-sbrkr.o)
 .data          0x0000000020000258        0x0 /usr/lib/gcc/arm-none-eabi/4.9.3/../../../arm-none-eabi/lib/armv7e-m/fpu/libg.a(lib_a-freer.o)
 .data          0x0000000020000258        0x0 /usr/lib/gcc/arm-none-eabi/4.9.3/../../../arm-none-eabi/lib/armv7e-m/fpu/libg.a(lib_a-reent.o)
 *(.data*)
 .data.impure_data
                0x0000000020000258      0x428 /usr/lib/gcc/arm-none-eabi/4.9.3/../../../arm-none-eabi/lib/armv7e-m/fpu/libg.a(lib_a-impure.o)
 .data._impure_ptr
                0x0000000020000680        0x4 /usr/lib/gcc/arm-none-eabi/4.9.3/../../../arm-none-eabi/lib/armv7e-m/fpu/libg.a(lib_a-impure.o)
                0x0000000020000680                _impure_ptr
 .data.__malloc_av_
                0x0000000020000684      0x408 /usr/lib/gcc/arm-none-eabi/4.9.3/../../../arm-none-eabi/lib/armv7e-m/fpu/libg.a(lib_a-mallocr.o)
                0x0000000020000684                __malloc_av_
 .data.__malloc_trim_threshold
                0x0000000020000a8c        0x4 /usr/lib/gcc/arm-none-eabi/4.9.3/../../../arm-none-eabi/lib/armv7e-m/fpu/libg.a(lib_a-mallocr.o)
                0x0000000020000a8c                __malloc_trim_threshold
 .data.__malloc_sbrk_base
                0x0000000020000a90        0x4 /usr/lib/gcc/arm-none-eabi/4.9.3/../../../arm-none-eabi/lib/armv7e-m/fpu/libg.a(lib_a-mallocr.o)
                0x0000000020000a90                __malloc_sbrk_base
                0x0000000020000a94                . = ALIGN (0x4)
                0x0000000020000a94                _edata = .
                0x0000000008017c94                _siccmram = LOADADDR (.ccmram)

.igot.plt       0x0000000020000a94        0x0 load address 0x0000000008017c94
 .igot.plt      0x0000000020000a94        0x0 build/objs/usbd_cdc_if.o

.ccmram         0x0000000010000000        0x0 load address 0x0000000008017c94
                0x0000000010000000                . = ALIGN (0x4)
                0x0000000010000000                _sccmram = .
 *(.ccmram)
 *(.ccmram*)
                0x0000000010000000                . = ALIGN (0x4)
                0x0000000010000000                _eccmram = .
                0x0000000010000000                . = ALIGN (0x4)

.bss            0x0000000020000a94      0xbbc
                0x0000000020000a94                _sbss = .
                0x0000000020000a94                __bss_start__ = _sbss
 *(.bss)
 .bss           0x0000000020000a94        0x0 build/objs/usbd_cdc_if.o
 .bss           0x0000000020000a94        0x0 build/objs/usbd_conf.o
 .bss           0x0000000020000a94        0x4 build/objs/syscalls.o
 .bss           0x0000000020000a98        0x0 build/objs/stm32f4xx_hal_msp.o
 .bss           0x0000000020000a98        0x0 build/objs/gpio.o
 .bss           0x0000000020000a98        0x0 build/objs/main.o
 .bss           0x0000000020000a98        0x0 build/objs/stm32f4xx_it.o
 .bss           0x0000000020000a98        0x0 build/objs/usb_device.o
 .bss           0x0000000020000a98        0x0 build/objs/usbd_desc.o
 .bss           0x0000000020000a98        0x4 build/objs/pcd8544.o
                0x0000000020000a98                PCD8544_UpdateXmin
                0x0000000020000a99                PCD8544_UpdateXmax
                0x0000000020000a9a                PCD8544_UpdateYmin
                0x0000000020000a9b                PCD8544_UpdateYmax
 .bss           0x0000000020000a9c        0x0 build/objs/stm32f4xx_hal_dsi.o
 .bss           0x0000000020000a9c        0x0 build/objs/stm32f4xx_hal_pcd.o
 .bss           0x0000000020000a9c        0x0 build/objs/stm32f4xx_hal_irda.o
 .bss           0x0000000020000a9c        0x0 build/objs/stm32f4xx_ll_fsmc.o
 .bss           0x0000000020000a9c        0x0 build/objs/stm32f4xx_hal_cec.o
 .bss           0x0000000020000a9c        0x0 build/objs/stm32f4xx_hal_timebase_tim_template.o
 .bss           0x0000000020000a9c        0x4 build/objs/stm32f4xx_ll_usb.o
 .bss           0x0000000020000aa0        0x0 build/objs/stm32f4xx_hal.o
 .bss           0x0000000020000aa0        0x0 build/objs/stm32f4xx_hal_dcmi_ex.o
 .bss           0x0000000020000aa0        0x0 build/objs/stm32f4xx_hal_flash_ex.o
 .bss           0x0000000020000aa0        0x0 build/objs/stm32f4xx_hal_cryp.o
 .bss           0x0000000020000aa0        0x0 build/objs/stm32f4xx_hal_rng.o
 .bss           0x0000000020000aa0        0x0 build/objs/stm32f4xx_hal_nand.o
 .bss           0x0000000020000aa0        0x0 build/objs/stm32f4xx_hal_gpio.o
 .bss           0x0000000020000aa0        0x0 build/objs/stm32f4xx_hal_ltdc.o
 .bss           0x0000000020000aa0        0x0 build/objs/stm32f4xx_hal_hcd.o
 .bss           0x0000000020000aa0        0x0 build/objs/stm32f4xx_hal_pcd_ex.o
 .bss           0x0000000020000aa0        0x0 build/objs/stm32f4xx_hal_adc.o
 .bss           0x0000000020000aa0        0x0 build/objs/stm32f4xx_hal_adc_ex.o
 .bss           0x0000000020000aa0        0x0 build/objs/stm32f4xx_hal_lptim.o
 .bss           0x0000000020000aa0        0x0 build/objs/stm32f4xx_hal_spi.o
 .bss           0x0000000020000aa0        0x0 build/objs/stm32f4xx_hal_i2c.o
 .bss           0x0000000020000aa0        0x0 build/objs/stm32f4xx_hal_fmpi2c.o
 .bss           0x0000000020000aa0        0x0 build/objs/stm32f4xx_hal_smartcard.o
 .bss           0x0000000020000aa0        0x0 build/objs/stm32f4xx_hal_pccard.o
 .bss           0x0000000020000aa0        0x0 build/objs/stm32f4xx_hal_dma2d.o
 .bss           0x0000000020000aa0        0x0 build/objs/stm32f4xx_hal_sai.o
 .bss           0x0000000020000aa0        0x0 build/objs/stm32f4xx_hal_cryp_ex.o
 .bss           0x0000000020000aa0        0x0 build/objs/stm32f4xx_hal_rcc_ex.o
 .bss           0x0000000020000aa0        0x0 build/objs/stm32f4xx_ll_fmc.o
 .bss           0x0000000020000aa0        0x0 build/objs/stm32f4xx_hal_ltdc_ex.o
 .bss           0x0000000020000aa0        0x0 build/objs/stm32f4xx_hal_flash_ramfunc.o
 .bss           0x0000000020000aa0        0x0 build/objs/stm32f4xx_hal_cortex.o
 .bss           0x0000000020000aa0        0x0 build/objs/stm32f4xx_hal_iwdg.o
 .bss           0x0000000020000aa0        0x0 build/objs/stm32f4xx_hal_uart.o
 .bss           0x0000000020000aa0        0x0 build/objs/stm32f4xx_hal_tim_ex.o
 .bss           0x0000000020000aa0        0x0 build/objs/stm32f4xx_hal_i2c_ex.o
 .bss           0x0000000020000aa0        0x0 build/objs/stm32f4xx_hal_dma.o
 .bss           0x0000000020000aa0        0x0 build/objs/stm32f4xx_hal_dac.o
 .bss           0x0000000020000aa0        0x0 build/objs/stm32f4xx_hal_spdifrx.o
 .bss           0x0000000020000aa0        0x0 build/objs/stm32f4xx_hal_fmpi2c_ex.o
 .bss           0x0000000020000aa0        0x0 build/objs/stm32f4xx_ll_sdmmc.o
 .bss           0x0000000020000aa0        0x0 build/objs/stm32f4xx_hal_i2s_ex.o
 .bss           0x0000000020000aa0        0x0 build/objs/stm32f4xx_hal_can.o
 .bss           0x0000000020000aa0        0x0 build/objs/stm32f4xx_hal_nor.o
 .bss           0x0000000020000aa0        0x0 build/objs/stm32f4xx_hal_pwr.o
 .bss           0x0000000020000aa0        0x0 build/objs/stm32f4xx_hal_rtc.o
 .bss           0x0000000020000aa0        0x0 build/objs/stm32f4xx_hal_qspi.o
 .bss           0x0000000020000aa0        0x0 build/objs/stm32f4xx_hal_hash_ex.o
 .bss           0x0000000020000aa0        0x0 build/objs/stm32f4xx_hal_i2s.o
 .bss           0x0000000020000aa0        0x0 build/objs/stm32f4xx_hal_sram.o
 .bss           0x0000000020000aa0        0x0 build/objs/stm32f4xx_hal_hash.o
 .bss           0x0000000020000aa0        0x0 build/objs/stm32f4xx_hal_eth.o
 .bss           0x0000000020000aa0        0x0 build/objs/stm32f4xx_hal_tim.o
[...]
                                                  build/objs/usbd_cdc.o
                                                  build/objs/usbd_ioreq.o
USBD_LL_Init                                      build/objs/usbd_conf.o
                                                  build/objs/usbd_core.o
USBD_LL_IsStallEP                                 build/objs/usbd_conf.o
                                                  build/objs/usbd_ctlreq.o
USBD_LL_IsoINIncomplete                           build/objs/usbd_core.o
                                                  build/objs/usbd_conf.o
USBD_LL_IsoOUTIncomplete                          build/objs/usbd_core.o
                                                  build/objs/usbd_conf.o
USBD_LL_OpenEP                                    build/objs/usbd_conf.o
                                                  build/objs/usbd_cdc.o
                                                  build/objs/usbd_core.o
USBD_LL_PrepareReceive                            build/objs/usbd_conf.o
                                                  build/objs/usbd_cdc.o
                                                  build/objs/usbd_ioreq.o
                                                  build/objs/usbd_core.o
USBD_LL_Reset                                     build/objs/usbd_core.o
                                                  build/objs/usbd_conf.o
USBD_LL_Resume                                    build/objs/usbd_core.o
                                                  build/objs/usbd_conf.o
USBD_LL_SOF                                       build/objs/usbd_core.o
                                                  build/objs/usbd_conf.o
USBD_LL_SetSpeed                                  build/objs/usbd_core.o
                                                  build/objs/usbd_conf.o
USBD_LL_SetUSBAddress                             build/objs/usbd_conf.o
                                                  build/objs/usbd_ctlreq.o
USBD_LL_SetupStage                                build/objs/usbd_core.o
                                                  build/objs/usbd_conf.o
USBD_LL_StallEP                                   build/objs/usbd_conf.o
                                                  build/objs/usbd_ctlreq.o
                                                  build/objs/usbd_core.o
USBD_LL_Start                                     build/objs/usbd_conf.o
                                                  build/objs/usbd_core.o
USBD_LL_Stop                                      build/objs/usbd_conf.o
                                                  build/objs/usbd_core.o
USBD_LL_Suspend                                   build/objs/usbd_core.o
                                                  build/objs/usbd_conf.o
USBD_LL_Transmit                                  build/objs/usbd_conf.o
                                                  build/objs/usbd_cdc.o
                                                  build/objs/usbd_ioreq.o
USBD_LangIDDesc                                   build/objs/usbd_desc.o
USBD_ParseSetupRequest                            build/objs/usbd_ctlreq.o
                                                  build/objs/usbd_core.o
USBD_RegisterClass                                build/objs/usbd_core.o
                                                  build/objs/usb_device.o
USBD_RunTestMode                                  build/objs/usbd_core.o
USBD_SetClassConfig                               build/objs/usbd_core.o
                                                  build/objs/usbd_ctlreq.o
USBD_Start                                        build/objs/usbd_core.o
                                                  build/objs/usb_device.o
USBD_StdDevReq                                    build/objs/usbd_ctlreq.o
                                                  build/objs/usbd_core.o
USBD_StdEPReq                                     build/objs/usbd_ctlreq.o
                                                  build/objs/usbd_core.o
USBD_StdItfReq                                    build/objs/usbd_ctlreq.o
                                                  build/objs/usbd_core.o
USBD_Stop                                         build/objs/usbd_core.o
USBD_StrDesc                                      build/objs/usbd_desc.o
USB_ActivateDedicatedEndpoint                     build/objs/stm32f4xx_ll_usb.o
USB_ActivateEndpoint                              build/objs/stm32f4xx_ll_usb.o
                                                  build/objs/stm32f4xx_hal_pcd.o
USB_ActivateSetup                                 build/objs/stm32f4xx_ll_usb.o
                                                  build/objs/stm32f4xx_hal_pcd.o
USB_ClearInterrupts                               build/objs/stm32f4xx_ll_usb.o
USB_CoreInit                                      build/objs/stm32f4xx_ll_usb.o
                                                  build/objs/stm32f4xx_hal_pcd.o
USB_DeactivateDedicatedEndpoint                   build/objs/stm32f4xx_ll_usb.o
USB_DeactivateEndpoint                            build/objs/stm32f4xx_ll_usb.o
                                                  build/objs/stm32f4xx_hal_pcd.o
USB_DevConnect                                    build/objs/stm32f4xx_ll_usb.o
                                                  build/objs/stm32f4xx_hal_pcd.o
USB_DevDisconnect                                 build/objs/stm32f4xx_ll_usb.o
                                                  build/objs/stm32f4xx_hal_pcd.o
USB_DevInit                                       build/objs/stm32f4xx_ll_usb.o
                                                  build/objs/stm32f4xx_hal_pcd.o
USB_DisableGlobalInt                              build/objs/stm32f4xx_ll_usb.o
                                                  build/objs/stm32f4xx_hal_pcd.o
USB_DoPing                                        build/objs/stm32f4xx_ll_usb.o
USB_DriveVbus                                     build/objs/stm32f4xx_ll_usb.o
USB_EP0StartXfer                                  build/objs/stm32f4xx_ll_usb.o
                                                  build/objs/stm32f4xx_hal_pcd.o
USB_EP0_OutStart                                  build/objs/stm32f4xx_ll_usb.o
                                                  build/objs/stm32f4xx_hal_pcd.o
USB_EPClearStall                                  build/objs/stm32f4xx_ll_usb.o
                                                  build/objs/stm32f4xx_hal_pcd.o
USB_EPSetStall                                    build/objs/stm32f4xx_ll_usb.o
                                                  build/objs/stm32f4xx_hal_pcd.o
USB_EPStartXfer                                   build/objs/stm32f4xx_ll_usb.o
                                                  build/objs/stm32f4xx_hal_pcd.o
USB_EnableGlobalInt                               build/objs/stm32f4xx_ll_usb.o
                                                  build/objs/stm32f4xx_hal_pcd.o
USB_FlushRxFifo                                   build/objs/stm32f4xx_ll_usb.o
                                                  build/objs/stm32f4xx_hal_pcd.o
USB_FlushTxFifo                                   build/objs/stm32f4xx_ll_usb.o
                                                  build/objs/stm32f4xx_hal_pcd.o
USB_GetCurrentFrame                               build/objs/stm32f4xx_ll_usb.o
USB_GetDevSpeed                                   build/objs/stm32f4xx_ll_usb.o
                                                  build/objs/stm32f4xx_hal_pcd.o
USB_GetHostSpeed                                  build/objs/stm32f4xx_ll_usb.o
USB_GetMode                                       build/objs/stm32f4xx_ll_usb.o
                                                  build/objs/stm32f4xx_hal_pcd.o
USB_HC_Halt                                       build/objs/stm32f4xx_ll_usb.o
USB_HC_Init                                       build/objs/stm32f4xx_ll_usb.o
USB_HC_ReadInterrupt                              build/objs/stm32f4xx_ll_usb.o
USB_HC_StartXfer                                  build/objs/stm32f4xx_ll_usb.o
USB_HostInit                                      build/objs/stm32f4xx_ll_usb.o
USB_InitFSLSPClkSel                               build/objs/stm32f4xx_ll_usb.o
USB_ReadDevAllInEpInterrupt                       build/objs/stm32f4xx_ll_usb.o
                                                  build/objs/stm32f4xx_hal_pcd.o
USB_ReadDevAllOutEpInterrupt                      build/objs/stm32f4xx_ll_usb.o
                                                  build/objs/stm32f4xx_hal_pcd.o
USB_ReadDevInEPInterrupt                          build/objs/stm32f4xx_ll_usb.o
                                                  build/objs/stm32f4xx_hal_pcd.o
USB_ReadDevOutEPInterrupt                         build/objs/stm32f4xx_ll_usb.o
                                                  build/objs/stm32f4xx_hal_pcd.o
USB_ReadInterrupts                                build/objs/stm32f4xx_ll_usb.o
                                                  build/objs/stm32f4xx_hal_pcd.o
USB_ReadPacket                                    build/objs/stm32f4xx_ll_usb.o
                                                  build/objs/stm32f4xx_hal_pcd.o
USB_ResetPort                                     build/objs/stm32f4xx_ll_usb.o
USB_SetCurrentMode                                build/objs/stm32f4xx_ll_usb.o
                                                  build/objs/stm32f4xx_hal_pcd.o
USB_SetDevAddress                                 build/objs/stm32f4xx_ll_usb.o
                                                  build/objs/stm32f4xx_hal_pcd.o
USB_SetDevSpeed                                   build/objs/stm32f4xx_ll_usb.o
USB_StopDevice                                    build/objs/stm32f4xx_ll_usb.o
                                                  build/objs/stm32f4xx_hal_pcd.o
USB_StopHost                                      build/objs/stm32f4xx_ll_usb.o
USB_WritePacket                                   build/objs/stm32f4xx_ll_usb.o
                                                  build/objs/stm32f4xx_hal_pcd.o
UsageFault_Handler                                build/objs/startup_stm32f407xx.o
UserRxBufferFS                                    build/objs/usbd_cdc_if.o
UserTxBufferFS                                    build/objs/usbd_cdc_if.o
WWDG_IRQHandler                                   build/objs/startup_stm32f407xx.o
__errno                                           /usr/lib/gcc/arm-none-eabi/4.9.3/../../../arm-none-eabi/lib/armv7e-m/fpu/libg.a(lib_a-errno.o)
                                                  build/objs/syscalls.o
__io_getchar                                      build/objs/syscalls.o
__io_putchar                                      build/objs/syscalls.o
__malloc_av_                                      /usr/lib/gcc/arm-none-eabi/4.9.3/../../../arm-none-eabi/lib/armv7e-m/fpu/libg.a(lib_a-mallocr.o)
                                                  /usr/lib/gcc/arm-none-eabi/4.9.3/../../../arm-none-eabi/lib/armv7e-m/fpu/libg.a(lib_a-freer.o)
__malloc_current_mallinfo                         /usr/lib/gcc/arm-none-eabi/4.9.3/../../../arm-none-eabi/lib/armv7e-m/fpu/libg.a(lib_a-mallocr.o)
                                                  /usr/lib/gcc/arm-none-eabi/4.9.3/../../../arm-none-eabi/lib/armv7e-m/fpu/libg.a(lib_a-freer.o)
__malloc_lock                                     /usr/lib/gcc/arm-none-eabi/4.9.3/../../../arm-none-eabi/lib/armv7e-m/fpu/libg.a(lib_a-mlock.o)
                                                  /usr/lib/gcc/arm-none-eabi/4.9.3/../../../arm-none-eabi/lib/armv7e-m/fpu/libg.a(lib_a-freer.o)
                                                  /usr/lib/gcc/arm-none-eabi/4.9.3/../../../arm-none-eabi/lib/armv7e-m/fpu/libg.a(lib_a-mallocr.o)
__malloc_max_sbrked_mem                           /usr/lib/gcc/arm-none-eabi/4.9.3/../../../arm-none-eabi/lib/armv7e-m/fpu/libg.a(lib_a-mallocr.o)
__malloc_max_total_mem                            /usr/lib/gcc/arm-none-eabi/4.9.3/../../../arm-none-eabi/lib/armv7e-m/fpu/libg.a(lib_a-mallocr.o)
__malloc_sbrk_base                                /usr/lib/gcc/arm-none-eabi/4.9.3/../../../arm-none-eabi/lib/armv7e-m/fpu/libg.a(lib_a-mallocr.o)
                                                  /usr/lib/gcc/arm-none-eabi/4.9.3/../../../arm-none-eabi/lib/armv7e-m/fpu/libg.a(lib_a-freer.o)
__malloc_top_pad                                  /usr/lib/gcc/arm-none-eabi/4.9.3/../../../arm-none-eabi/lib/armv7e-m/fpu/libg.a(lib_a-mallocr.o)
                                                  /usr/lib/gcc/arm-none-eabi/4.9.3/../../../arm-none-eabi/lib/armv7e-m/fpu/libg.a(lib_a-freer.o)
__malloc_trim_threshold                           /usr/lib/gcc/arm-none-eabi/4.9.3/../../../arm-none-eabi/lib/armv7e-m/fpu/libg.a(lib_a-mallocr.o)
                                                  /usr/lib/gcc/arm-none-eabi/4.9.3/../../../arm-none-eabi/lib/armv7e-m/fpu/libg.a(lib_a-freer.o)
__malloc_unlock                                   /usr/lib/gcc/arm-none-eabi/4.9.3/../../../arm-none-eabi/lib/armv7e-m/fpu/libg.a(lib_a-mlock.o)
                                                  /usr/lib/gcc/arm-none-eabi/4.9.3/../../../arm-none-eabi/lib/armv7e-m/fpu/libg.a(lib_a-freer.o)
                                                  /usr/lib/gcc/arm-none-eabi/4.9.3/../../../arm-none-eabi/lib/armv7e-m/fpu/libg.a(lib_a-mallocr.o)
_close                                            build/objs/syscalls.o
_ebss                                             build/objs/startup_stm32f407xx.o
_edata                                            build/objs/startup_stm32f407xx.o
_estack                                           build/objs/startup_stm32f407xx.o
_execve                                           build/objs/syscalls.o
_exit                                             build/objs/syscalls.o
_fork                                             build/objs/syscalls.o
_free_r                                           /usr/lib/gcc/arm-none-eabi/4.9.3/../../../arm-none-eabi/lib/armv7e-m/fpu/libg.a(lib_a-freer.o)
                                                  /usr/lib/gcc/arm-none-eabi/4.9.3/../../../arm-none-eabi/lib/armv7e-m/fpu/libg.a(lib_a-reent.o)
                                                  /usr/lib/gcc/arm-none-eabi/4.9.3/../../../arm-none-eabi/lib/armv7e-m/fpu/libg.a(lib_a-mallocr.o)
                                                  /usr/lib/gcc/arm-none-eabi/4.9.3/../../../arm-none-eabi/lib/armv7e-m/fpu/libg.a(lib_a-malloc.o)
_fstat                                            build/objs/syscalls.o
_getpid                                           build/objs/syscalls.o
_gettimeofday                                     build/objs/syscalls.o
_global_impure_ptr                                /usr/lib/gcc/arm-none-eabi/4.9.3/../../../arm-none-eabi/lib/armv7e-m/fpu/libg.a(lib_a-impure.o)
_impure_ptr                                       /usr/lib/gcc/arm-none-eabi/4.9.3/../../../arm-none-eabi/lib/armv7e-m/fpu/libg.a(lib_a-impure.o)
                                                  /usr/lib/gcc/arm-none-eabi/4.9.3/../../../arm-none-eabi/lib/armv7e-m/fpu/libg.a(lib_a-reent.o)
                                                  /usr/lib/gcc/arm-none-eabi/4.9.3/../../../arm-none-eabi/lib/armv7e-m/fpu/libg.a(lib_a-malloc.o)
                                                  /usr/lib/gcc/arm-none-eabi/4.9.3/../../../arm-none-eabi/lib/armv7e-m/fpu/libg.a(lib_a-errno.o)
_isatty                                           build/objs/syscalls.o
_kill                                             build/objs/syscalls.o
_link                                             build/objs/syscalls.o
_lseek                                            build/objs/syscalls.o
_malloc_r                                         /usr/lib/gcc/arm-none-eabi/4.9.3/../../../arm-none-eabi/lib/armv7e-m/fpu/libg.a(lib_a-mallocr.o)
                                                  /usr/lib/gcc/arm-none-eabi/4.9.3/../../../arm-none-eabi/lib/armv7e-m/fpu/libg.a(lib_a-malloc.o)
_malloc_trim_r                                    /usr/lib/gcc/arm-none-eabi/4.9.3/../../../arm-none-eabi/lib/armv7e-m/fpu/libg.a(lib_a-freer.o)
_open                                             build/objs/syscalls.o
_read                                             build/objs/syscalls.o
_reclaim_reent                                    /usr/lib/gcc/arm-none-eabi/4.9.3/../../../arm-none-eabi/lib/armv7e-m/fpu/libg.a(lib_a-reent.o)
_sbrk                                             build/objs/syscalls.o
                                                  /usr/lib/gcc/arm-none-eabi/4.9.3/../../../arm-none-eabi/lib/armv7e-m/fpu/libg.a(lib_a-sbrkr.o)
_sbrk_r                                           /usr/lib/gcc/arm-none-eabi/4.9.3/../../../arm-none-eabi/lib/armv7e-m/fpu/libg.a(lib_a-sbrkr.o)
                                                  /usr/lib/gcc/arm-none-eabi/4.9.3/../../../arm-none-eabi/lib/armv7e-m/fpu/libg.a(lib_a-freer.o)
                                                  /usr/lib/gcc/arm-none-eabi/4.9.3/../../../arm-none-eabi/lib/armv7e-m/fpu/libg.a(lib_a-mallocr.o)
_sbss                                             build/objs/startup_stm32f407xx.o
_sdata                                            build/objs/startup_stm32f407xx.o
_sidata                                           build/objs/startup_stm32f407xx.o
_stat                                             build/objs/syscalls.o
_times                                            build/objs/syscalls.o
_unlink                                           build/objs/syscalls.o
_wait                                             build/objs/syscalls.o
_write                                            build/objs/syscalls.o
brightness_levels                                 build/objs/pcd8544.o
cleanup_glue                                      /usr/lib/gcc/arm-none-eabi/4.9.3/../../../arm-none-eabi/lib/armv7e-m/fpu/libg.a(lib_a-reent.o)
end                                               build/objs/syscalls.o
errno                                             /usr/lib/gcc/arm-none-eabi/4.9.3/../../../arm-none-eabi/lib/armv7e-m/fpu/libg.a(lib_a-reent.o)
                                                  /usr/lib/gcc/arm-none-eabi/4.9.3/../../../arm-none-eabi/lib/armv7e-m/fpu/libg.a(lib_a-sbrkr.o)
free                                              /usr/lib/gcc/arm-none-eabi/4.9.3/../../../arm-none-eabi/lib/armv7e-m/fpu/libg.a(lib_a-malloc.o)
                                                  build/objs/usbd_cdc.o
g_pfnVectors                                      build/objs/startup_stm32f407xx.o
hSPI                                              build/objs/pcd8544.o
hTIM                                              build/objs/pcd8544.o
hUsbDeviceFS                                      build/objs/usb_device.o
                                                  build/objs/main.o
                                                  build/objs/usbd_cdc_if.o
hUsbDevice_0                                      build/objs/usbd_cdc_if.o
hpcd_USB_OTG_FS                                   build/objs/usbd_conf.o
                                                  build/objs/stm32f4xx_it.o
initialise_monitor_handles                        build/objs/syscalls.o
linecoding                                        build/objs/usbd_cdc_if_template.o
main                                              build/objs/main.o
                                                  build/objs/startup_stm32f407xx.o
malloc                                            /usr/lib/gcc/arm-none-eabi/4.9.3/../../../arm-none-eabi/lib/armv7e-m/fpu/libg.a(lib_a-malloc.o)
                                                  build/objs/usbd_cdc.o
pFlash                                            build/objs/stm32f4xx_hal_flash.o
                                                  build/objs/stm32f4xx_hal_flash_ex.o
uwTick                                            build/objs/stm32f4xx_hal.o
