Archive member included to satisfy reference by file (symbol)

/usr/lib/gcc/arm-none-eabi/4.9.3/armv7e-m/fpu/libgcc.a(_arm_addsubdf3.o)
                              build/objs/MAX31855.o (__aeabi_ui2d)
/usr/lib/gcc/arm-none-eabi/4.9.3/armv7e-m/fpu/libgcc.a(_arm_muldivdf3.o)
                              build/objs/MAX31855.o (__aeabi_dmul)
/usr/lib/gcc/arm-none-eabi/4.9.3/armv7e-m/fpu/libgcc.a(_arm_truncdfsf2.o)
                              build/objs/MAX31855.o (__aeabi_d2f)
/usr/lib/gcc/arm-none-eabi/4.9.3/../../../arm-none-eabi/lib/armv7e-m/fpu/libg.a(lib_a-atof.o)
                              build/objs/reflow_process.o (atof)
/usr/lib/gcc/arm-none-eabi/4.9.3/../../../arm-none-eabi/lib/armv7e-m/fpu/libg.a(lib_a-atoi.o)
                              build/objs/SSR.o (atoi)
/usr/lib/gcc/arm-none-eabi/4.9.3/../../../arm-none-eabi/lib/armv7e-m/fpu/libg.a(lib_a-errno.o)
                              build/objs/syscalls.o (__errno)
/usr/lib/gcc/arm-none-eabi/4.9.3/../../../arm-none-eabi/lib/armv7e-m/fpu/libg.a(lib_a-impure.o)
                              /usr/lib/gcc/arm-none-eabi/4.9.3/../../../arm-none-eabi/lib/armv7e-m/fpu/libg.a(lib_a-errno.o) (_impure_ptr)
/usr/lib/gcc/arm-none-eabi/4.9.3/../../../arm-none-eabi/lib/armv7e-m/fpu/libg.a(lib_a-malloc.o)
                              build/objs/usbd_cdc.o (malloc)
/usr/lib/gcc/arm-none-eabi/4.9.3/../../../arm-none-eabi/lib/armv7e-m/fpu/libg.a(lib_a-mallocr.o)
                              /usr/lib/gcc/arm-none-eabi/4.9.3/../../../arm-none-eabi/lib/armv7e-m/fpu/libg.a(lib_a-malloc.o) (_malloc_r)
/usr/lib/gcc/arm-none-eabi/4.9.3/../../../arm-none-eabi/lib/armv7e-m/fpu/libg.a(lib_a-mlock.o)
                              /usr/lib/gcc/arm-none-eabi/4.9.3/../../../arm-none-eabi/lib/armv7e-m/fpu/libg.a(lib_a-mallocr.o) (__malloc_lock)
/usr/lib/gcc/arm-none-eabi/4.9.3/../../../arm-none-eabi/lib/armv7e-m/fpu/libg.a(lib_a-sbrkr.o)
                              /usr/lib/gcc/arm-none-eabi/4.9.3/../../../arm-none-eabi/lib/armv7e-m/fpu/libg.a(lib_a-mallocr.o) (_sbrk_r)
/usr/lib/gcc/arm-none-eabi/4.9.3/../../../arm-none-eabi/lib/armv7e-m/fpu/libg.a(lib_a-strcmp.o)
                              build/objs/command_processor.o (strcmp)
/usr/lib/gcc/arm-none-eabi/4.9.3/../../../arm-none-eabi/lib/armv7e-m/fpu/libg.a(lib_a-strtod.o)
                              /usr/lib/gcc/arm-none-eabi/4.9.3/../../../arm-none-eabi/lib/armv7e-m/fpu/libg.a(lib_a-atof.o) (strtod)
/usr/lib/gcc/arm-none-eabi/4.9.3/../../../arm-none-eabi/lib/armv7e-m/fpu/libg.a(lib_a-strtok.o)
                              build/objs/command_processor.o (strtok)
/usr/lib/gcc/arm-none-eabi/4.9.3/../../../arm-none-eabi/lib/armv7e-m/fpu/libg.a(lib_a-strtok_r.o)
                              /usr/lib/gcc/arm-none-eabi/4.9.3/../../../arm-none-eabi/lib/armv7e-m/fpu/libg.a(lib_a-strtok.o) (__strtok_r)
/usr/lib/gcc/arm-none-eabi/4.9.3/../../../arm-none-eabi/lib/armv7e-m/fpu/libg.a(lib_a-strtol.o)
                              /usr/lib/gcc/arm-none-eabi/4.9.3/../../../arm-none-eabi/lib/armv7e-m/fpu/libg.a(lib_a-atoi.o) (_strtol_r)
/usr/lib/gcc/arm-none-eabi/4.9.3/../../../arm-none-eabi/lib/armv7e-m/fpu/libg.a(lib_a-ctype_.o)
                              /usr/lib/gcc/arm-none-eabi/4.9.3/../../../arm-none-eabi/lib/armv7e-m/fpu/libg.a(lib_a-strtol.o) (__ctype_ptr__)
/usr/lib/gcc/arm-none-eabi/4.9.3/../../../arm-none-eabi/lib/armv7e-m/fpu/libg.a(lib_a-freer.o)
                              /usr/lib/gcc/arm-none-eabi/4.9.3/../../../arm-none-eabi/lib/armv7e-m/fpu/libg.a(lib_a-malloc.o) (_free_r)
/usr/lib/gcc/arm-none-eabi/4.9.3/../../../arm-none-eabi/lib/armv7e-m/fpu/libg.a(lib_a-gdtoa-gethex.o)
                              /usr/lib/gcc/arm-none-eabi/4.9.3/../../../arm-none-eabi/lib/armv7e-m/fpu/libg.a(lib_a-strtod.o) (__gethex)
/usr/lib/gcc/arm-none-eabi/4.9.3/../../../arm-none-eabi/lib/armv7e-m/fpu/libg.a(lib_a-gdtoa-hexnan.o)
                              /usr/lib/gcc/arm-none-eabi/4.9.3/../../../arm-none-eabi/lib/armv7e-m/fpu/libg.a(lib_a-strtod.o) (__hexnan)
/usr/lib/gcc/arm-none-eabi/4.9.3/../../../arm-none-eabi/lib/armv7e-m/fpu/libg.a(lib_a-locale.o)
                              /usr/lib/gcc/arm-none-eabi/4.9.3/../../../arm-none-eabi/lib/armv7e-m/fpu/libg.a(lib_a-strtod.o) (_localeconv_r)
/usr/lib/gcc/arm-none-eabi/4.9.3/../../../arm-none-eabi/lib/armv7e-m/fpu/libg.a(lib_a-memcpy.o)
                              /usr/lib/gcc/arm-none-eabi/4.9.3/../../../arm-none-eabi/lib/armv7e-m/fpu/libg.a(lib_a-strtod.o) (memcpy)
/usr/lib/gcc/arm-none-eabi/4.9.3/../../../arm-none-eabi/lib/armv7e-m/fpu/libg.a(lib_a-mprec.o)
                              /usr/lib/gcc/arm-none-eabi/4.9.3/../../../arm-none-eabi/lib/armv7e-m/fpu/libg.a(lib_a-strtod.o) (_Balloc)
/usr/lib/gcc/arm-none-eabi/4.9.3/../../../arm-none-eabi/lib/armv7e-m/fpu/libg.a(lib_a-reent.o)
                              /usr/lib/gcc/arm-none-eabi/4.9.3/../../../arm-none-eabi/lib/armv7e-m/fpu/libg.a(lib_a-sbrkr.o) (errno)
[...]
Memory Configuration

Name             Origin             Length             Attributes
FLASH            0x0000000008000000 0x0000000000100000 xr
RAM              0x0000000020000000 0x0000000000020000 xrw
CCMRAM           0x0000000010000000 0x0000000000010000 rw
*default*        0x0000000000000000 0xffffffffffffffff

Linker script and memory map

LOAD build/objs/stm32f4xx_hal_msp.o
LOAD build/objs/usbd_cdc_if.o
LOAD build/objs/usbd_conf.o
LOAD build/objs/syscalls.o
LOAD build/objs/USB_printf.o
LOAD build/objs/gpio.o
LOAD build/objs/SSR.o
LOAD build/objs/MAX31855.o
LOAD build/objs/main.o
LOAD build/objs/stm32f4xx_it.o
LOAD build/objs/usb_device.o
LOAD build/objs/usbd_desc.o
LOAD build/objs/pcd8544.o
LOAD build/objs/reflow_process.o
LOAD build/objs/command_processor.o
LOAD build/objs/stm32f4xx_hal_dsi.o
LOAD build/objs/stm32f4xx_hal_pcd.o
LOAD build/objs/stm32f4xx_hal_irda.o
LOAD build/objs/stm32f4xx_ll_fsmc.o
LOAD build/objs/stm32f4xx_hal_cec.o
LOAD build/objs/stm32f4xx_hal_timebase_tim_template.o
LOAD build/objs/stm32f4xx_ll_usb.o
LOAD build/objs/stm32f4xx_hal.o
LOAD build/objs/stm32f4xx_hal_dcmi_ex.o
LOAD build/objs/stm32f4xx_hal_flash_ex.o
LOAD build/objs/stm32f4xx_hal_cryp.o
LOAD build/objs/stm32f4xx_hal_rng.o
LOAD build/objs/stm32f4xx_hal_nand.o
LOAD build/objs/stm32f4xx_hal_gpio.o
LOAD build/objs/stm32f4xx_hal_ltdc.o
LOAD build/objs/stm32f4xx_hal_hcd.o
LOAD build/objs/stm32f4xx_hal_pcd_ex.o
LOAD build/objs/stm32f4xx_hal_adc.o
LOAD build/objs/stm32f4xx_hal_adc_ex.o
LOAD build/objs/stm32f4xx_hal_lptim.o
LOAD build/objs/stm32f4xx_hal_spi.o
LOAD build/objs/stm32f4xx_hal_i2c.o
LOAD build/objs/stm32f4xx_hal_fmpi2c.o
LOAD build/objs/stm32f4xx_hal_smartcard.o
LOAD build/objs/stm32f4xx_hal_pccard.o
LOAD build/objs/stm32f4xx_hal_dma2d.o
LOAD build/objs/stm32f4xx_hal_sai.o
LOAD build/objs/stm32f4xx_hal_cryp_ex.o
LOAD build/objs/stm32f4xx_hal_rcc_ex.o
LOAD build/objs/stm32f4xx_ll_fmc.o
LOAD build/objs/stm32f4xx_hal_ltdc_ex.o
LOAD build/objs/stm32f4xx_hal_flash_ramfunc.o
LOAD build/objs/stm32f4xx_hal_cortex.o
LOAD build/objs/stm32f4xx_hal_iwdg.o
LOAD build/objs/stm32f4xx_hal_uart.o
LOAD build/objs/stm32f4xx_hal_tim_ex.o
LOAD build/objs/stm32f4xx_hal_i2c_ex.o
LOAD build/objs/stm32f4xx_hal_dma.o
LOAD build/objs/stm32f4xx_hal_dac.o
LOAD build/objs/stm32f4xx_hal_spdifrx.o
LOAD build/objs/stm32f4xx_hal_fmpi2c_ex.o
LOAD build/objs/stm32f4xx_ll_sdmmc.o
LOAD build/objs/stm32f4xx_hal_i2s_ex.o
LOAD build/objs/stm32f4xx_hal_can.o
LOAD build/objs/stm32f4xx_hal_nor.o
LOAD build/objs/stm32f4xx_hal_pwr.o
LOAD build/objs/stm32f4xx_hal_rtc.o
LOAD build/objs/stm32f4xx_hal_qspi.o
LOAD build/objs/stm32f4xx_hal_hash_ex.o
LOAD build/objs/stm32f4xx_hal_i2s.o
LOAD build/objs/stm32f4xx_hal_sram.o
LOAD build/objs/stm32f4xx_hal_hash.o
LOAD build/objs/stm32f4xx_hal_eth.o
LOAD build/objs/stm32f4xx_hal_tim.o
LOAD build/objs/stm32f4xx_hal_dma_ex.o
LOAD build/objs/stm32f4xx_hal_sd.o
LOAD build/objs/stm32f4xx_hal_sai_ex.o
LOAD build/objs/stm32f4xx_hal_rcc.o
LOAD build/objs/stm32f4xx_hal_wwdg.o
LOAD build/objs/stm32f4xx_hal_dac_ex.o
LOAD build/objs/stm32f4xx_hal_rtc_ex.o
LOAD build/objs/stm32f4xx_hal_pwr_ex.o
LOAD build/objs/stm32f4xx_hal_dcmi.o
LOAD build/objs/stm32f4xx_hal_sdram.o
LOAD build/objs/stm32f4xx_hal_flash.o
LOAD build/objs/stm32f4xx_hal_crc.o
LOAD build/objs/stm32f4xx_hal_usart.o
LOAD build/objs/stm32f4_discovery.o
LOAD build/objs/system_stm32f4xx.o
LOAD build/objs/usbd_core.o
LOAD build/objs/usbd_ctlreq.o
LOAD build/objs/usbd_ioreq.o
LOAD build/objs/usbd_cdc_if_template.o
LOAD build/objs/usbd_cdc.o
LOAD build/objs/startup_stm32f407xx.o
START GROUP
LOAD /usr/lib/gcc/arm-none-eabi/4.9.3/armv7e-m/fpu/libgcc.a
LOAD /usr/lib/gcc/arm-none-eabi/4.9.3/../../../arm-none-eabi/lib/armv7e-m/fpu/libg.a
LOAD /usr/lib/gcc/arm-none-eabi/4.9.3/../../../arm-none-eabi/lib/armv7e-m/fpu/libc.a
END GROUP
                0x000000002001ffff                _estack = 0x2001ffff
                0x0000000000000200                _Min_Heap_Size = 0x200
                0x0000000000000400                _Min_Stack_Size = 0x400

.isr_vector     0x0000000008000000      0x188
                0x0000000008000000                . = ALIGN (0x4)
 *(.isr_vector)
 .isr_vector    0x0000000008000000      0x188 build/objs/startup_stm32f407xx.o
                0x0000000008000000                g_pfnVectors
                0x0000000008000188                . = ALIGN (0x4)

.text           0x00000000080001a0    0x1b398
                0x00000000080001a0                . = ALIGN (0x4)
 *(.text)
 .text          0x00000000080001a0       0x48 build/objs/stm32f4xx_hal_msp.o
                0x00000000080001a0                HAL_MspInit
 .text          0x00000000080001e8      0x19c build/objs/usbd_cdc_if.o
                0x0000000008000330                CDC_Transmit_FS
 .text          0x0000000008000384      0x588 build/objs/usbd_conf.o
                0x0000000008000384                HAL_PCD_MspInit
                0x0000000008000400                HAL_PCD_MspDeInit
                0x000000000800043c                HAL_PCD_SetupStageCallback
                0x0000000008000460                HAL_PCD_DataOutStageCallback
                0x0000000008000498                HAL_PCD_DataInStageCallback
                0x00000000080004cc                HAL_PCD_SOFCallback
                0x00000000080004e8                HAL_PCD_ResetCallback
                0x0000000008000538                HAL_PCD_SuspendCallback
                0x0000000008000584                HAL_PCD_ResumeCallback
                0x00000000080005a0                HAL_PCD_ISOOUTIncompleteCallback
                0x00000000080005c4                HAL_PCD_ISOINIncompleteCallback
                0x00000000080005e8                HAL_PCD_ConnectCallback
                0x0000000008000604                HAL_PCD_DisconnectCallback
                0x0000000008000620                USBD_LL_Init
                0x00000000080006b4                USBD_LL_DeInit
                0x00000000080006d4                USBD_LL_Start
                0x00000000080006f4                USBD_LL_Stop
                0x0000000008000714                USBD_LL_OpenEP
                0x0000000008000748                USBD_LL_CloseEP
                0x0000000008000770                USBD_LL_FlushEP
                0x0000000008000798                USBD_LL_StallEP
                0x00000000080007c0                USBD_LL_ClearStallEP
                0x00000000080007e8                USBD_LL_IsStallEP
                0x0000000008000840                USBD_LL_SetUSBAddress
                0x0000000008000868                USBD_LL_Transmit
                0x000000000800089c                USBD_LL_PrepareReceive
                0x00000000080008d0                USBD_LL_GetRxDataSize
                0x00000000080008f8                USBD_LL_Delay
 .text          0x000000000800090c      0x2b8 build/objs/syscalls.o
                0x000000000800090c                _sbrk
                0x0000000008000978                _gettimeofday
                0x00000000080009a4                initialise_monitor_handles
                0x00000000080009b0                _getpid
                0x00000000080009c0                _kill
                0x00000000080009e0                _exit
                0x00000000080009f4                _write
                0x0000000008000a2c                _close
                0x0000000008000a44                _fstat
                0x0000000008000a64                _isatty
                0x0000000008000a7c                _lseek
                0x0000000008000a98                _read
                0x0000000008000ad4                _open
                0x0000000008000af0                _wait
                0x0000000008000b10                _unlink
                0x0000000008000b30                _times
                0x0000000008000b48                _stat
                0x0000000008000b68                _link
                0x0000000008000b88                _fork
                0x0000000008000ba0                _execve
 .text          0x0000000008000bc4      0x458 build/objs/USB_printf.o
                0x0000000008000f5c                USB_printf
                0x0000000008000f84                USB_printf_buff
                0x0000000008000fdc                PCD8544_printf_buff
 .text          0x000000000800101c       0x4c build/objs/gpio.o
                0x000000000800101c                MX_GPIO_Init
 .text          0x0000000008001068      0x274 build/objs/SSR.o
                0x0000000008001068                SSR_init
                0x0000000008001118                SSR_start
                0x000000000800113c                SSR_stop
                0x0000000008001164                SSR_set_duty_cycle
                0x00000000080011c4                SSR_force_duty_cycle
                0x000000000800123c                SSR_lock_duty_cycle
                0x0000000008001288                SSR_force_on_off
 .text          0x00000000080012dc      0x314 build/objs/MAX31855.o
                0x00000000080012dc                MAX31855_init
                0x0000000008001434                MAX31855_read
 .text          0x00000000080015f0      0x348 build/objs/main.o
                0x00000000080016b8                main
                0x00000000080017b4                SystemClock_Config
                0x0000000008001904                set_reflow_process_period
 .text          0x0000000008001938       0x1c build/objs/stm32f4xx_it.o
                0x0000000008001938                SysTick_Handler
                0x0000000008001944                OTG_FS_IRQHandler
 .text          0x0000000008001954       0x38 build/objs/usb_device.o
                0x0000000008001954                MX_USB_DEVICE_Init
 .text          0x000000000800198c      0x160 build/objs/usbd_desc.o
                0x000000000800198c                USBD_FS_DeviceDescriptor
                0x00000000080019b0                USBD_FS_LangIDStrDescriptor
                0x00000000080019d4                USBD_FS_ProductStrDescriptor
                0x0000000008001a10                USBD_FS_ManufacturerStrDescriptor
                0x0000000008001a38                USBD_FS_SerialStrDescriptor
                0x0000000008001a74                USBD_FS_ConfigStrDescriptor
                0x0000000008001ab0                USBD_FS_InterfaceStrDescriptor
 .text          0x0000000008001aec      0xe6c build/objs/pcd8544.o
                0x0000000008001aec                PCD8544_InitIO
                0x0000000008001d04                PCD8544_send
                0x0000000008001d44                PCD8544_Pin
                0x0000000008001db0                PCD8544_Init
                0x0000000008001e28                PCD8544_Write
                0x0000000008001e68                PCD8544_SetContrast
                0x0000000008001ea4                PCD8544_DrawPixel
                0x0000000008001f60                PCD8544_Invert
                0x0000000008001f88                PCD8544_Clear
                0x0000000008001fd4                PCD8544_Home
                0x0000000008001fec                PCD8544_Refresh
                0x00000000080020a8                PCD8544_UpdateArea
                0x0000000008002120                PCD8544_GotoXY
                0x0000000008002150                PCD8544_Putc
                0x00000000080022a4                PCD8544_Puts
                0x00000000080022dc                PCD8544_DrawLine
                0x0000000008002498                PCD8544_DrawRectangle
                0x0000000008002504                PCD8544_DrawFilledRectangle
                0x000000000800254c                PCD8544_DrawCircle
                0x0000000008002740                PCD8544_DrawFilledCircle
                0x0000000008002924                PCD8544_SetBacklight
 .text          0x0000000008002958      0x790 build/objs/reflow_process.o
                0x0000000008002958                add_reflow_point
                0x00000000080029ec                get_reflow_point
                0x0000000008002a64                clear_reflow_list
                0x0000000008002a8c                start_reflow_process
                0x0000000008002aec                stop_reflow_process
                0x0000000008002b10                private_stop_reflow_process
                0x0000000008002b5c                set_PID_parameters
                0x0000000008002c1c                reflow_process
 .text          0x00000000080030e8      0x194 build/objs/command_processor.o
                0x00000000080030e8                cmd_proc_receive_data
 .text          0x000000000800327c        0x0 build/objs/stm32f4xx_hal_dsi.o
 .text          0x000000000800327c     0x1290 build/objs/stm32f4xx_hal_pcd.o
                0x000000000800327c                HAL_PCD_Init
                0x000000000800348c                HAL_PCD_DeInit
                0x00000000080034ec                HAL_PCD_Start
                0x0000000008003530                HAL_PCD_Stop
                0x0000000008003580                HAL_PCD_IRQHandler
                0x0000000008003e0c                HAL_PCD_DevConnect
                0x0000000008003e48                HAL_PCD_DevDisconnect
                0x0000000008003e84                HAL_PCD_SetAddress
                0x0000000008003ec8                HAL_PCD_EP_Open
                0x0000000008003f98                HAL_PCD_EP_Close
                0x000000000800402c                HAL_PCD_EP_Receive
                0x00000000080040e4                HAL_PCD_EP_GetRxCount
                0x0000000008004118                HAL_PCD_EP_Transmit
                0x00000000080041cc                HAL_PCD_EP_SetStall
                0x0000000008004284                HAL_PCD_EP_ClrStall
                0x0000000008004318                HAL_PCD_EP_Flush
                0x0000000008004374                HAL_PCD_ActivateRemoteWakeup
                0x00000000080043b8                HAL_PCD_DeActivateRemoteWakeup
                0x00000000080043ec                HAL_PCD_GetState
 .text          0x000000000800450c        0x0 build/objs/stm32f4xx_hal_irda.o
 .text          0x000000000800450c        0x0 build/objs/stm32f4xx_ll_fsmc.o
 .text          0x000000000800450c        0x0 build/objs/stm32f4xx_hal_cec.o
 .text          0x000000000800450c      0x12c build/objs/stm32f4xx_hal_timebase_tim_template.o
                0x000000000800450c                HAL_InitTick
                0x00000000080045d4                HAL_SuspendTick
                0x00000000080045f4                HAL_ResumeTick
                0x0000000008004614                HAL_TIM_PeriodElapsedCallback
                0x0000000008004628                TIM6_DAC_IRQHandler
 .text          0x0000000008004638     0x2180 build/objs/stm32f4xx_ll_usb.o
                0x0000000008004638                USB_CoreInit
                0x00000000080046dc                USB_EnableGlobalInt
                0x0000000008004700                USB_DisableGlobalInt
                0x0000000008004724                USB_SetCurrentMode
                0x0000000008004774                USB_DevInit
                0x00000000080049cc                USB_FlushTxFifo
                0x0000000008004a18                USB_FlushRxFifo
                0x0000000008004a5c                USB_SetDevSpeed
                0x0000000008004a8c                USB_GetDevSpeed
                0x0000000008004af8                USB_ActivateEndpoint
                0x0000000008004c0c                USB_ActivateDedicatedEndpoint
                0x0000000008004d94                USB_DeactivateEndpoint
                0x0000000008004e8c                USB_DeactivateDedicatedEndpoint
                0x0000000008004f40                USB_EPStartXfer
                0x00000000080053c4                USB_EP0StartXfer
                0x0000000008005680                USB_WritePacket
                0x00000000080056ec                USB_ReadPacket
                0x000000000800573c                USB_EPSetStall
                0x0000000008005820                USB_EPClearStall
                0x00000000080058fc                USB_StopDevice
                0x0000000008005984                USB_SetDevAddress
                0x00000000080059d0                USB_DevConnect
                0x0000000008005a00                USB_DevDisconnect
                0x0000000008005a30                USB_ReadInterrupts
                0x0000000008005a5c                USB_ReadDevAllOutEpInterrupt
                0x0000000008005a8c                USB_ReadDevAllInEpInterrupt
                0x0000000008005abc                USB_ReadDevOutEPInterrupt
                0x0000000008005af4                USB_ReadDevInEPInterrupt
                0x0000000008005b48                USB_ClearInterrupts
                0x0000000008005b68                USB_GetMode
                0x0000000008005b84                USB_ActivateSetup
                0x0000000008005bf0                USB_EP0_OutStart
                0x0000000008005ce4                USB_HostInit
                0x0000000008005e3c                USB_InitFSLSPClkSel
                0x0000000008005eb0                USB_ResetPort
                0x0000000008005efc                USB_DriveVbus
                0x0000000008005f68                USB_GetHostSpeed
                0x0000000008005f90                USB_GetCurrentFrame
                0x0000000008005fb0                USB_HC_Init
                0x00000000080061a8                USB_HC_StartXfer
                0x0000000008006420                USB_HC_ReadInterrupt
                0x0000000008006440                USB_HC_Halt
                0x0000000008006640                USB_DoPing
                0x00000000080066b8                USB_StopHost
 .text          0x00000000080067b8      0x2dc build/objs/stm32f4xx_hal.o
                0x00000000080067b8                HAL_Init
                0x00000000080067fc                HAL_DeInit
                0x0000000008006860                HAL_MspDeInit
                0x00000000080068a4                HAL_IncTick
                0x00000000080068c0                HAL_GetTick
                0x00000000080068d8                HAL_Delay
                0x000000000800693c                HAL_GetHalVersion
                0x0000000008006950                HAL_GetREVID
                0x0000000008006968                HAL_GetDEVID
                0x0000000008006984                HAL_DBGMCU_EnableDBGSleepMode
                0x00000000080069a0                HAL_DBGMCU_DisableDBGSleepMode
                0x00000000080069bc                HAL_DBGMCU_EnableDBGStopMode
                0x00000000080069d8                HAL_DBGMCU_DisableDBGStopMode
                0x00000000080069f4                HAL_DBGMCU_EnableDBGStandbyMode
                0x0000000008006a10                HAL_DBGMCU_DisableDBGStandbyMode
                0x0000000008006a2c                HAL_EnableCompensationCell
                0x0000000008006a60                HAL_DisableCompensationCell
 .text          0x0000000008006a94        0x0 build/objs/stm32f4xx_hal_dcmi_ex.o
 .text          0x0000000008006a94      0x60c build/objs/stm32f4xx_hal_flash_ex.o
                0x0000000008006a94                HAL_FLASHEx_Erase
                0x0000000008006b74                HAL_FLASHEx_Erase_IT
                0x0000000008006c20                HAL_FLASHEx_OBProgram
                0x0000000008006d00                HAL_FLASHEx_OBGetConfig
                0x0000000008006d88                FLASH_Erase_Sector
                0x0000000008007018                FLASH_FlushCaches
 .text          0x00000000080070a0        0x0 build/objs/stm32f4xx_hal_cryp.o
 .text          0x00000000080070a0        0x0 build/objs/stm32f4xx_hal_rng.o
 .text          0x00000000080070a0        0x0 build/objs/stm32f4xx_hal_nand.o
 .text          0x00000000080070a0      0x658 build/objs/stm32f4xx_hal_gpio.o
                0x00000000080070a0                HAL_GPIO_Init
                0x00000000080073dc                HAL_GPIO_DeInit
                0x00000000080075e0                HAL_GPIO_ReadPin
                0x0000000008007610                HAL_GPIO_WritePin
                0x0000000008007640                HAL_GPIO_TogglePin
                0x0000000008007664                HAL_GPIO_LockPin
                0x00000000080076b4                HAL_GPIO_EXTI_IRQHandler
                0x00000000080076e4                HAL_GPIO_EXTI_Callback
 .text          0x00000000080076f8        0x0 build/objs/stm32f4xx_hal_ltdc.o
 .text          0x00000000080076f8        0x0 build/objs/stm32f4xx_hal_hcd.o
 .text          0x00000000080076f8       0xbc build/objs/stm32f4xx_hal_pcd_ex.o
                0x00000000080076f8                HAL_PCDEx_SetTxFiFo
                0x0000000008007790                HAL_PCDEx_SetRxFiFo
 .text          0x00000000080077b4        0x0 build/objs/stm32f4xx_hal_adc.o
 .text          0x00000000080077b4        0x0 build/objs/stm32f4xx_hal_adc_ex.o
 .text          0x00000000080077b4        0x0 build/objs/stm32f4xx_hal_lptim.o
 .text          0x00000000080077b4     0x1f30 build/objs/stm32f4xx_hal_spi.o
                0x00000000080077b4                HAL_SPI_Init
                0x0000000008007888                HAL_SPI_DeInit
                0x00000000080078d8                HAL_SPI_MspInit
                0x00000000080078ec                HAL_SPI_MspDeInit
                0x0000000008007900                HAL_SPI_Transmit
                0x0000000008007b38                HAL_SPI_Receive
                0x0000000008007e48                HAL_SPI_TransmitReceive
                0x0000000008008178                HAL_SPI_Transmit_IT
                0x00000000080082c0                HAL_SPI_Receive_IT
                0x0000000008008414                HAL_SPI_TransmitReceive_IT
                0x0000000008008564                HAL_SPI_Transmit_DMA
                0x00000000080086b8                HAL_SPI_Receive_DMA
                0x0000000008008830                HAL_SPI_TransmitReceive_DMA
                0x0000000008008a04                HAL_SPI_DMAPause
                0x0000000008008a48                HAL_SPI_DMAResume
                0x0000000008008a8c                HAL_SPI_DMAStop
                0x0000000008008adc                HAL_SPI_IRQHandler
                0x0000000008008c08                HAL_SPI_TxCpltCallback
                0x0000000008008c1c                HAL_SPI_RxCpltCallback
                0x0000000008008c30                HAL_SPI_TxRxCpltCallback
                0x0000000008008c44                HAL_SPI_TxHalfCpltCallback
                0x0000000008008c58                HAL_SPI_RxHalfCpltCallback
                0x0000000008008c6c                HAL_SPI_TxRxHalfCpltCallback
                0x0000000008008c80                HAL_SPI_ErrorCallback
                0x0000000008008c94                HAL_SPI_GetState
                0x0000000008008cb0                HAL_SPI_GetError
 .text          0x00000000080096e4     0x4618 build/objs/stm32f4xx_hal_i2c.o
                0x00000000080096e4                HAL_I2C_Init
                0x00000000080098a4                HAL_I2C_DeInit
                0x0000000008009904                HAL_I2C_MspInit
                0x0000000008009918                HAL_I2C_MspDeInit
                0x000000000800992c                HAL_I2C_Master_Transmit
                0x0000000008009ad0                HAL_I2C_Master_Receive
                0x0000000008009e10                HAL_I2C_Slave_Transmit
                0x0000000008009fe0                HAL_I2C_Slave_Receive
                0x000000000800a1a8                HAL_I2C_Master_Transmit_IT
                0x000000000800a2f0                HAL_I2C_Master_Receive_IT
                0x000000000800a4d8                HAL_I2C_Master_Sequential_Transmit_IT
                0x000000000800a638                HAL_I2C_Master_Sequential_Receive_IT
                0x000000000800a8a4                HAL_I2C_Slave_Transmit_IT
                0x000000000800a978                HAL_I2C_Slave_Receive_IT
                0x000000000800aa4c                HAL_I2C_Slave_Sequential_Transmit_IT
                0x000000000800ab0c                HAL_I2C_Slave_Sequential_Receive_IT
                0x000000000800abcc                HAL_I2C_EnableListen_IT
                0x000000000800ac1c                HAL_I2C_DisableListen_IT
                0x000000000800ac94                HAL_I2C_Master_Transmit_DMA
                0x000000000800ae50                HAL_I2C_Master_Receive_DMA
                0x000000000800b018                HAL_I2C_Master_Abort_IT
                0x000000000800b0c0                HAL_I2C_Slave_Transmit_DMA
                0x000000000800b24c                HAL_I2C_Slave_Receive_DMA
                0x000000000800b384                HAL_I2C_Mem_Write
                0x000000000800b51c                HAL_I2C_Mem_Read
                0x000000000800b858                HAL_I2C_Mem_Write_IT
                0x000000000800b994                HAL_I2C_Mem_Read_IT
                0x000000000800bb88                HAL_I2C_Mem_Write_DMA
                0x000000000800bd28                HAL_I2C_Mem_Read_DMA
                0x000000000800bf00                HAL_I2C_IsDeviceReady
                0x000000000800c12c                HAL_I2C_EV_IRQHandler
                0x000000000800c410                HAL_I2C_ER_IRQHandler
                0x000000000800c658                HAL_I2C_MasterTxCpltCallback
                0x000000000800c66c                HAL_I2C_MasterRxCpltCallback
                0x000000000800c680                HAL_I2C_SlaveTxCpltCallback
                0x000000000800c694                HAL_I2C_SlaveRxCpltCallback
                0x000000000800c6a8                HAL_I2C_AddrCallback
                0x000000000800c6c4                HAL_I2C_ListenCpltCallback
                0x000000000800c6d8                HAL_I2C_MemTxCpltCallback
                0x000000000800c6ec                HAL_I2C_MemRxCpltCallback
                0x000000000800c700                HAL_I2C_ErrorCallback
                0x000000000800c714                HAL_I2C_GetState
                0x000000000800c730                HAL_I2C_GetMode
                0x000000000800c74c                HAL_I2C_GetError
 .text          0x000000000800dcfc        0x0 build/objs/stm32f4xx_hal_fmpi2c.o
 .text          0x000000000800dcfc        0x0 build/objs/stm32f4xx_hal_smartcard.o
 .text          0x000000000800dcfc        0x0 build/objs/stm32f4xx_hal_pccard.o
 .text          0x000000000800dcfc        0x0 build/objs/stm32f4xx_hal_dma2d.o
 .text          0x000000000800dcfc        0x0 build/objs/stm32f4xx_hal_sai.o
 .text          0x000000000800dcfc        0x0 build/objs/stm32f4xx_hal_cryp_ex.o
 .text          0x000000000800dcfc      0x2cc build/objs/stm32f4xx_hal_rcc_ex.o
                0x000000000800dcfc                HAL_RCC_DeInit
                0x000000000800dd74                HAL_RCCEx_PeriphCLKConfig
                0x000000000800df44                HAL_RCCEx_GetPeriphCLKConfig
 .text          0x000000000800dfc8        0x0 build/objs/stm32f4xx_ll_fmc.o
 .text          0x000000000800dfc8        0x0 build/objs/stm32f4xx_hal_ltdc_ex.o
 .text          0x000000000800dfc8        0x0 build/objs/stm32f4xx_hal_flash_ramfunc.o
 .text          0x000000000800dfc8      0x5b0 build/objs/stm32f4xx_hal_cortex.o
                0x000000000800e344                HAL_NVIC_SetPriorityGrouping
                0x000000000800e358                HAL_NVIC_SetPriority
                0x000000000800e390                HAL_NVIC_EnableIRQ
                0x000000000800e3ac                HAL_NVIC_DisableIRQ
                0x000000000800e3c8                HAL_NVIC_SystemReset
                0x000000000800e3d4                HAL_SYSTICK_Config
                0x000000000800e3ec                HAL_MPU_ConfigRegion
                0x000000000800e470                HAL_NVIC_GetPriorityGrouping
                0x000000000800e480                HAL_NVIC_GetPriority
                0x000000000800e4b0                HAL_NVIC_SetPendingIRQ
                0x000000000800e4cc                HAL_NVIC_GetPendingIRQ
                0x000000000800e4ec                HAL_NVIC_ClearPendingIRQ
                0x000000000800e508                HAL_NVIC_GetActive
                0x000000000800e528                HAL_SYSTICK_CLKSourceConfig
                0x000000000800e560                HAL_SYSTICK_IRQHandler
                0x000000000800e56c                HAL_SYSTICK_Callback
 .text          0x000000000800e578        0x0 build/objs/stm32f4xx_hal_iwdg.o
 .text          0x000000000800e578        0x0 build/objs/stm32f4xx_hal_uart.o
 .text          0x000000000800e578     0x14dc build/objs/stm32f4xx_hal_tim_ex.o
                0x000000000800e578                HAL_TIMEx_HallSensor_Init
                0x000000000800e694                HAL_TIMEx_HallSensor_DeInit
                0x000000000800e6f4                HAL_TIMEx_HallSensor_MspInit
                0x000000000800e708                HAL_TIMEx_HallSensor_MspDeInit
                0x000000000800e71c                HAL_TIMEx_HallSensor_Start
                0x000000000800e74c                HAL_TIMEx_HallSensor_Stop
                0x000000000800e79c                HAL_TIMEx_HallSensor_Start_IT
                0x000000000800e7dc                HAL_TIMEx_HallSensor_Stop_IT
                0x000000000800e83c                HAL_TIMEx_HallSensor_Start_DMA
                0x000000000800e8e8                HAL_TIMEx_HallSensor_Stop_DMA
                0x000000000800e948                HAL_TIMEx_OCN_Start
                0x000000000800e98c                HAL_TIMEx_OCN_Stop
                0x000000000800ea10                HAL_TIMEx_OCN_Start_IT
                0x000000000800eaf0                HAL_TIMEx_OCN_Stop_IT
                0x000000000800ec20                HAL_TIMEx_OCN_Start_DMA
                0x000000000800edd8                HAL_TIMEx_OCN_Stop_DMA
                0x000000000800eef0                HAL_TIMEx_PWMN_Start
                0x000000000800ef34                HAL_TIMEx_PWMN_Stop
                0x000000000800efb8                HAL_TIMEx_PWMN_Start_IT
                0x000000000800f098                HAL_TIMEx_PWMN_Stop_IT
                0x000000000800f1c8                HAL_TIMEx_PWMN_Start_DMA
                0x000000000800f380                HAL_TIMEx_PWMN_Stop_DMA
                0x000000000800f498                HAL_TIMEx_OnePulseN_Start
                0x000000000800f4cc                HAL_TIMEx_OnePulseN_Stop
                0x000000000800f550                HAL_TIMEx_OnePulseN_Start_IT
                0x000000000800f5a4                HAL_TIMEx_OnePulseN_Stop_IT
                0x000000000800f648                HAL_TIMEx_ConfigCommutationEvent
                0x000000000800f6e8                HAL_TIMEx_ConfigCommutationEvent_IT
                0x000000000800f798                HAL_TIMEx_ConfigCommutationEvent_DMA
                0x000000000800f860                HAL_TIMEx_MasterConfigSynchronization
                0x000000000800f8ec                HAL_TIMEx_ConfigBreakDeadTime
                0x000000000800f960                HAL_TIMEx_RemapConfig
                0x000000000800f9a8                HAL_TIMEx_CommutationCallback
                0x000000000800f9bc                HAL_TIMEx_BreakCallback
                0x000000000800f9d0                HAL_TIMEx_HallSensor_GetState
                0x000000000800f9ec                TIMEx_DMACommutationCplt
 .text          0x000000000800fa54        0x0 build/objs/stm32f4xx_hal_i2c_ex.o
 .text          0x000000000800fa54      0x8e4 build/objs/stm32f4xx_hal_dma.o
                0x000000000800fa54                HAL_DMA_Init
                0x000000000800fb2c                HAL_DMA_DeInit
                0x000000000800fbc8                HAL_DMA_Start
                0x000000000800fc2c                HAL_DMA_Start_IT
                0x000000000800fcb0                HAL_DMA_Abort
                0x000000000800fd2c                HAL_DMA_PollForTransfer
                0x000000000800ff48                HAL_DMA_IRQHandler
                0x000000000801023c                HAL_DMA_GetState
                0x0000000008010258                HAL_DMA_GetError
 .text          0x0000000008010338        0x0 build/objs/stm32f4xx_hal_dac.o
 .text          0x0000000008010338        0x0 build/objs/stm32f4xx_hal_spdifrx.o
 .text          0x0000000008010338        0x0 build/objs/stm32f4xx_hal_fmpi2c_ex.o
 .text          0x0000000008010338        0x0 build/objs/stm32f4xx_ll_sdmmc.o
 .text          0x0000000008010338        0x0 build/objs/stm32f4xx_hal_i2s_ex.o
 .text          0x0000000008010338        0x0 build/objs/stm32f4xx_hal_can.o
 .text          0x0000000008010338        0x0 build/objs/stm32f4xx_hal_nor.o
 .text          0x0000000008010338      0x35c build/objs/stm32f4xx_hal_pwr.o
                0x0000000008010338                HAL_PWR_DeInit
                0x0000000008010360                HAL_PWR_EnableBkUpAccess
                0x0000000008010394                HAL_PWR_DisableBkUpAccess
                0x00000000080103c8                HAL_PWR_ConfigPVD
                0x0000000008010484                HAL_PWR_EnablePVD
                0x00000000080104b8                HAL_PWR_DisablePVD
                0x00000000080104ec                HAL_PWR_EnableWakeUpPin
                0x0000000008010510                HAL_PWR_DisableWakeUpPin
                0x0000000008010534                HAL_PWR_EnterSLEEPMode
                0x000000000801056c                HAL_PWR_EnterSTOPMode
                0x00000000080105c4                HAL_PWR_EnterSTANDBYMode
                0x00000000080105f4                HAL_PWR_PVD_IRQHandler
                0x0000000008010618                HAL_PWR_PVDCallback
                0x0000000008010624                HAL_PWR_EnableSleepOnExit
                0x0000000008010640                HAL_PWR_DisableSleepOnExit
                0x000000000801065c                HAL_PWR_EnableSEVOnPend
                0x0000000008010678                HAL_PWR_DisableSEVOnPend
 .text          0x0000000008010694        0x0 build/objs/stm32f4xx_hal_rtc.o
 .text          0x0000000008010694        0x0 build/objs/stm32f4xx_hal_qspi.o
 .text          0x0000000008010694        0x0 build/objs/stm32f4xx_hal_hash_ex.o
 .text          0x0000000008010694        0x0 build/objs/stm32f4xx_hal_i2s.o
 .text          0x0000000008010694        0x0 build/objs/stm32f4xx_hal_sram.o
 .text          0x0000000008010694        0x0 build/objs/stm32f4xx_hal_hash.o
 .text          0x0000000008010694        0x0 build/objs/stm32f4xx_hal_eth.o
 .text          0x0000000008010694     0x3f3c build/objs/stm32f4xx_hal_tim.o
                0x0000000008010694                HAL_TIM_Base_Init
                0x00000000080106ec                HAL_TIM_Base_DeInit
                0x000000000801074c                HAL_TIM_Base_MspInit
                0x0000000008010760                HAL_TIM_Base_MspDeInit
                0x0000000008010774                HAL_TIM_Base_Start
                0x00000000080107ac                HAL_TIM_Base_Stop
                0x0000000008010804                HAL_TIM_Base_Start_IT
                0x000000000801083c                HAL_TIM_Base_Stop_IT
                0x0000000008010894                HAL_TIM_Base_Start_DMA
                0x0000000008010934                HAL_TIM_Base_Stop_DMA
                0x0000000008010994                HAL_TIM_OC_Init
                0x00000000080109ec                HAL_TIM_OC_DeInit
                0x0000000008010a4c                HAL_TIM_OC_MspInit
                0x0000000008010a60                HAL_TIM_OC_MspDeInit
                0x0000000008010a74                HAL_TIM_OC_Start
                0x0000000008010adc                HAL_TIM_OC_Stop
                0x0000000008010b84                HAL_TIM_OC_Start_IT
                0x0000000008010c78                HAL_TIM_OC_Stop_IT
                0x0000000008010dac                HAL_TIM_OC_Start_DMA
                0x0000000008010f88                HAL_TIM_OC_Stop_DMA
                0x00000000080110c4                HAL_TIM_PWM_Init
                0x000000000801111c                HAL_TIM_PWM_DeInit
                0x000000000801117c                HAL_TIM_PWM_MspInit
                0x0000000008011190                HAL_TIM_PWM_MspDeInit
                0x00000000080111a4                HAL_TIM_PWM_Start
                0x000000000801120c                HAL_TIM_PWM_Stop
                0x00000000080112bc                HAL_TIM_PWM_Start_IT
                0x00000000080113b0                HAL_TIM_PWM_Stop_IT
                0x00000000080114e4                HAL_TIM_PWM_Start_DMA
                0x00000000080116c0                HAL_TIM_PWM_Stop_DMA
                0x00000000080117fc                HAL_TIM_IC_Init
                0x0000000008011854                HAL_TIM_IC_DeInit
                0x00000000080118b4                HAL_TIM_IC_MspInit
                0x00000000080118c8                HAL_TIM_IC_MspDeInit
                0x00000000080118dc                HAL_TIM_IC_Start
                0x0000000008011910                HAL_TIM_IC_Stop
                0x0000000008011964                HAL_TIM_IC_Start_IT
                0x0000000008011a24                HAL_TIM_IC_Stop_IT
                0x0000000008011b04                HAL_TIM_IC_Start_DMA
                0x0000000008011ca4                HAL_TIM_IC_Stop_DMA
                0x0000000008011d8c                HAL_TIM_OnePulse_Init
                0x0000000008011e04                HAL_TIM_OnePulse_DeInit
                0x0000000008011e64                HAL_TIM_OnePulse_MspInit
                0x0000000008011e78                HAL_TIM_OnePulse_MspDeInit
                0x0000000008011e8c                HAL_TIM_OnePulse_Start
                0x0000000008011ef4                HAL_TIM_OnePulse_Stop
                0x0000000008011fac                HAL_TIM_OnePulse_Start_IT
                0x0000000008012034                HAL_TIM_OnePulse_Stop_IT
                0x000000000801210c                HAL_TIM_Encoder_Init
                0x0000000008012238                HAL_TIM_Encoder_DeInit
                0x0000000008012298                HAL_TIM_Encoder_MspInit
                0x00000000080122ac                HAL_TIM_Encoder_MspDeInit
                0x00000000080122c0                HAL_TIM_Encoder_Start
                0x0000000008012330                HAL_TIM_Encoder_Stop
                0x00000000080123c0                HAL_TIM_Encoder_Start_IT
                0x0000000008012470                HAL_TIM_Encoder_Stop_IT
                0x0000000008012544                HAL_TIM_Encoder_Start_DMA
                0x00000000080126fc                HAL_TIM_Encoder_Stop_DMA
                0x00000000080127d0                HAL_TIM_IRQHandler
                0x00000000080129e0                HAL_TIM_OC_ConfigChannel
                0x0000000008012aa0                HAL_TIM_IC_ConfigChannel
                0x0000000008012bd8                HAL_TIM_PWM_ConfigChannel
                0x0000000008012d64                HAL_TIM_OnePulse_ConfigChannel
                0x0000000008012ee4                HAL_TIM_DMABurst_WriteStart
                0x00000000080130f0                HAL_TIM_DMABurst_WriteStop
                0x00000000080131a0                HAL_TIM_DMABurst_ReadStart
                0x00000000080133a0                HAL_TIM_DMABurst_ReadStop
                0x0000000008013450                HAL_TIM_GenerateEvent
                0x00000000080134a0                HAL_TIM_ConfigOCrefClear
                0x00000000080135f4                HAL_TIM_ConfigClockSource
                0x00000000080137b8                HAL_TIM_ConfigTI1Input
                0x00000000080137f4                HAL_TIM_SlaveConfigSynchronization
                0x0000000008013860                HAL_TIM_SlaveConfigSynchronization_IT
                0x00000000080138cc                HAL_TIM_ReadCapturedValue
                0x0000000008013984                HAL_TIM_OC_DelayElapsedCallback
                0x0000000008013998                HAL_TIM_IC_CaptureCallback
                0x00000000080139ac                HAL_TIM_PWM_PulseFinishedCallback
                0x00000000080139c0                HAL_TIM_TriggerCallback
                0x00000000080139d4                HAL_TIM_ErrorCallback
                0x00000000080139e8                HAL_TIM_Base_GetState
                0x0000000008013a04                HAL_TIM_OC_GetState
                0x0000000008013a20                HAL_TIM_PWM_GetState
                0x0000000008013a3c                HAL_TIM_IC_GetState
                0x0000000008013a58                HAL_TIM_OnePulse_GetState
                0x0000000008013a74                HAL_TIM_Encoder_GetState
                0x0000000008013a90                TIM_Base_SetConfig
                0x0000000008013be0                TIM_TI1_SetConfig
                0x0000000008013cd4                TIM_OC2_SetConfig
                0x0000000008013dc4                TIM_DMADelayPulseCplt
                0x0000000008013e34                TIM_DMAError
                0x0000000008013e58                TIM_DMACaptureCplt
                0x0000000008013ec8                TIM_CCxChannelCmd
 .text          0x00000000080145d0      0x210 build/objs/stm32f4xx_hal_dma_ex.o
                0x00000000080145d0                HAL_DMAEx_MultiBufferStart
                0x0000000008014670                HAL_DMAEx_MultiBufferStart_IT
                0x0000000008014760                HAL_DMAEx_ChangeMemory
 .text          0x00000000080147e0        0x0 build/objs/stm32f4xx_hal_sd.o
 .text          0x00000000080147e0        0x0 build/objs/stm32f4xx_hal_sai_ex.o
 .text          0x00000000080147e0      0xae8 build/objs/stm32f4xx_hal_rcc.o
                0x00000000080147ec                HAL_RCC_OscConfig
                0x0000000008014c10                HAL_RCC_ClockConfig
                0x0000000008014df8                HAL_RCC_MCOConfig
                0x0000000008014ec4                HAL_RCC_EnableCSS
                0x0000000008014edc                HAL_RCC_DisableCSS
                0x0000000008014ef4                HAL_RCC_GetSysClockFreq
                0x0000000008014ff0                HAL_RCC_GetHCLKFreq
                0x0000000008015040                HAL_RCC_GetPCLK1Freq
                0x0000000008015084                HAL_RCC_GetPCLK2Freq
                0x00000000080150c8                HAL_RCC_GetOscConfig
                0x0000000008015238                HAL_RCC_GetClockConfig
                0x0000000008015298                HAL_RCC_NMI_IRQHandler
                0x00000000080152bc                HAL_RCC_CSSCallback
 .text          0x00000000080152c8        0x0 build/objs/stm32f4xx_hal_wwdg.o
 .text          0x00000000080152c8        0x0 build/objs/stm32f4xx_hal_dac_ex.o
 .text          0x00000000080152c8        0x0 build/objs/stm32f4xx_hal_rtc_ex.o
 .text          0x00000000080152c8      0x1d8 build/objs/stm32f4xx_hal_pwr_ex.o
                0x00000000080152c8                HAL_PWREx_EnableBkUpReg
                0x0000000008015330                HAL_PWREx_DisableBkUpReg
                0x0000000008015398                HAL_PWREx_EnableFlashPowerDown
                0x00000000080153cc                HAL_PWREx_DisableFlashPowerDown
                0x0000000008015400                HAL_PWREx_GetVoltageRange
                0x000000000801541c                HAL_PWREx_ControlVoltageScaling
 .text          0x00000000080154a0        0x0 build/objs/stm32f4xx_hal_dcmi.o
 .text          0x00000000080154a0        0x0 build/objs/stm32f4xx_hal_sdram.o
 .text          0x00000000080154a0      0x5f8 build/objs/stm32f4xx_hal_flash.o
                0x00000000080154a0                HAL_FLASH_Program
                0x0000000008015548                HAL_FLASH_Program_IT
                0x00000000080155e4                HAL_FLASH_IRQHandler
                0x0000000008015724                HAL_FLASH_EndOfOperationCallback
                0x0000000008015738                HAL_FLASH_OperationErrorCallback
                0x000000000801574c                HAL_FLASH_Unlock
                0x0000000008015780                HAL_FLASH_Lock
                0x00000000080157a0                HAL_FLASH_OB_Unlock
                0x00000000080157d8                HAL_FLASH_OB_Lock
                0x00000000080157f8                HAL_FLASH_OB_Launch
                0x0000000008015820                HAL_FLASH_GetError
                0x0000000008015838                FLASH_WaitForLastOperation
 .text          0x0000000008015a98        0x0 build/objs/stm32f4xx_hal_crc.o
 .text          0x0000000008015a98        0x0 build/objs/stm32f4xx_hal_usart.o
 .text          0x0000000008015a98      0x7cc build/objs/stm32f4_discovery.o
                0x0000000008015a98                BSP_GetVersion
                0x0000000008015aac                BSP_LED_Init
                0x0000000008015b9c                BSP_LED_On
                0x0000000008015bd0                BSP_LED_Off
                0x0000000008015c04                BSP_LED_Toggle
                0x0000000008015c34                BSP_PB_Init
                0x0000000008015ce8                BSP_PB_GetState
                0x000000000801600c                ACCELERO_IO_Init
                0x0000000008016064                ACCELERO_IO_ITConfig
                0x00000000080160c4                ACCELERO_IO_Write
                0x0000000008016128                ACCELERO_IO_Read
                0x0000000008016198                AUDIO_IO_Init
                0x0000000008016208                AUDIO_IO_DeInit
                0x0000000008016214                AUDIO_IO_Write
                0x000000000801623c                AUDIO_IO_Read
 .text          0x0000000008016264      0x164 build/objs/system_stm32f4xx.o
                0x0000000008016264                SystemInit
                0x00000000080162d0                SystemCoreClockUpdate
 .text          0x00000000080163c8      0x57c build/objs/usbd_core.o
                0x00000000080163c8                USBD_Init
                0x0000000008016420                USBD_DeInit
                0x000000000801645c                USBD_RegisterClass
                0x0000000008016490                USBD_Start
                0x00000000080164a8                USBD_Stop
                0x00000000080164d4                USBD_RunTestMode
                0x00000000080164ec                USBD_SetClassConfig
                0x000000000801652c                USBD_ClrClassConfig
                0x0000000008016554                USBD_LL_SetupStage
                0x00000000080165e8                USBD_LL_DataOutStage
                0x00000000080166a0                USBD_LL_DataInStage
                0x00000000080167c0                USBD_LL_Reset
                0x0000000008016820                USBD_LL_SetSpeed
                0x0000000008016840                USBD_LL_Suspend
                0x000000000801686c                USBD_LL_Resume
                0x0000000008016890                USBD_LL_SOF
                0x00000000080168c4                USBD_LL_IsoINIncomplete
                0x00000000080168e0                USBD_LL_IsoOUTIncomplete
                0x00000000080168fc                USBD_LL_DevConnected
                0x0000000008016914                USBD_LL_DevDisconnected
 .text          0x0000000008016944      0x8c8 build/objs/usbd_ctlreq.o
                0x0000000008016944                USBD_StdDevReq
                0x00000000080169e4                USBD_StdItfReq
                0x0000000008016a4c                USBD_StdEPReq
                0x00000000080170c0                USBD_ParseSetupRequest
                0x0000000008017138                USBD_CtlError
                0x0000000008017158                USBD_GetString
 .text          0x000000000801720c      0x130 build/objs/usbd_ioreq.o
                0x000000000801720c                USBD_CtlSendData
                0x0000000008017244                USBD_CtlContinueSendData
                0x0000000008017268                USBD_CtlPrepareRx
                0x00000000080172a4                USBD_CtlContinueRx
                0x00000000080172c8                USBD_CtlSendStatus
                0x00000000080172f0                USBD_CtlReceiveStatus
                0x0000000008017318                USBD_GetRxCount
 .text          0x000000000801733c      0x1a4 build/objs/usbd_cdc_if_template.o
 .text          0x00000000080174e0      0x490 build/objs/usbd_cdc.o
                0x0000000008017818                USBD_CDC_GetDeviceQualifierDescriptor
                0x0000000008017838                USBD_CDC_RegisterInterface
                0x0000000008017868                USBD_CDC_SetTxBuffer
                0x000000000801789c                USBD_CDC_SetRxBuffer
                0x00000000080178c4                USBD_CDC_TransmitPacket
                0x0000000008017918                USBD_CDC_ReceivePacket
 .text          0x0000000008017970       0x14 build/objs/startup_stm32f407xx.o
 .text          0x0000000008017984      0x370 /usr/lib/gcc/arm-none-eabi/4.9.3/armv7e-m/fpu/libgcc.a(_arm_addsubdf3.o)
                0x0000000008017984                __aeabi_drsub
                0x000000000801798c                __aeabi_dsub
                0x000000000801798c                __subdf3
                0x0000000008017990                __adddf3
                0x0000000008017990                __aeabi_dadd
                0x0000000008017c08                __aeabi_ui2d
                0x0000000008017c08                __floatunsidf
                0x0000000008017c28                __floatsidf
                0x0000000008017c28                __aeabi_i2d
                0x0000000008017c4c                __extendsfdf2
                0x0000000008017c4c                __aeabi_f2d
                0x0000000008017c88                __aeabi_ul2d
                0x0000000008017c88                __floatundidf
                0x0000000008017c98                __floatdidf
                0x0000000008017c98                __aeabi_l2d
 .text          0x0000000008017cf4      0x424 /usr/lib/gcc/arm-none-eabi/4.9.3/armv7e-m/fpu/libgcc.a(_arm_muldivdf3.o)
                0x0000000008017cf4                __aeabi_dmul
                0x0000000008017cf4                __muldf3
                0x0000000008017f48                __aeabi_ddiv
                0x0000000008017f48                __divdf3
 .text          0x0000000008018118       0xa0 /usr/lib/gcc/arm-none-eabi/4.9.3/armv7e-m/fpu/libgcc.a(_arm_truncdfsf2.o)
                0x0000000008018118                __aeabi_d2f
                0x0000000008018118                __truncdfsf2
 .text          0x00000000080181b8        0x0 /usr/lib/gcc/arm-none-eabi/4.9.3/../../../arm-none-eabi/lib/armv7e-m/fpu/libg.a(lib_a-atof.o)
 .text          0x00000000080181b8        0x0 /usr/lib/gcc/arm-none-eabi/4.9.3/../../../arm-none-eabi/lib/armv7e-m/fpu/libg.a(lib_a-atoi.o)
 .text          0x00000000080181b8        0x0 /usr/lib/gcc/arm-none-eabi/4.9.3/../../../arm-none-eabi/lib/armv7e-m/fpu/libg.a(lib_a-errno.o)
 .text          0x00000000080181b8        0x0 /usr/lib/gcc/arm-none-eabi/4.9.3/../../../arm-none-eabi/lib/armv7e-m/fpu/libg.a(lib_a-impure.o)
 .text          0x00000000080181b8        0x0 /usr/lib/gcc/arm-none-eabi/4.9.3/../../../arm-none-eabi/lib/armv7e-m/fpu/libg.a(lib_a-malloc.o)
 .text          0x00000000080181b8        0x0 /usr/lib/gcc/arm-none-eabi/4.9.3/../../../arm-none-eabi/lib/armv7e-m/fpu/libg.a(lib_a-mallocr.o)
 .text          0x00000000080181b8        0x0 /usr/lib/gcc/arm-none-eabi/4.9.3/../../../arm-none-eabi/lib/armv7e-m/fpu/libg.a(lib_a-mlock.o)
 .text          0x00000000080181b8        0x0 /usr/lib/gcc/arm-none-eabi/4.9.3/../../../arm-none-eabi/lib/armv7e-m/fpu/libg.a(lib_a-sbrkr.o)
 *fill*         0x00000000080181b8        0x8 
 .text          0x00000000080181c0      0x2e0 /usr/lib/gcc/arm-none-eabi/4.9.3/../../../arm-none-eabi/lib/armv7e-m/fpu/libg.a(lib_a-strcmp.o)
                0x00000000080181c8                strcmp
 .text          0x00000000080184a0        0x0 /usr/lib/gcc/arm-none-eabi/4.9.3/../../../arm-none-eabi/lib/armv7e-m/fpu/libg.a(lib_a-strtod.o)
 .text          0x00000000080184a0        0x0 /usr/lib/gcc/arm-none-eabi/4.9.3/../../../arm-none-eabi/lib/armv7e-m/fpu/libg.a(lib_a-strtok.o)
 .text          0x00000000080184a0        0x0 /usr/lib/gcc/arm-none-eabi/4.9.3/../../../arm-none-eabi/lib/armv7e-m/fpu/libg.a(lib_a-strtok_r.o)
 .text          0x00000000080184a0        0x0 /usr/lib/gcc/arm-none-eabi/4.9.3/../../../arm-none-eabi/lib/armv7e-m/fpu/libg.a(lib_a-strtol.o)
 .text          0x00000000080184a0        0x0 /usr/lib/gcc/arm-none-eabi/4.9.3/../../../arm-none-eabi/lib/armv7e-m/fpu/libg.a(lib_a-ctype_.o)
 .text          0x00000000080184a0        0x0 /usr/lib/gcc/arm-none-eabi/4.9.3/../../../arm-none-eabi/lib/armv7e-m/fpu/libg.a(lib_a-freer.o)
 .text          0x00000000080184a0        0x0 /usr/lib/gcc/arm-none-eabi/4.9.3/../../../arm-none-eabi/lib/armv7e-m/fpu/libg.a(lib_a-gdtoa-gethex.o)
 .text          0x00000000080184a0        0x0 /usr/lib/gcc/arm-none-eabi/4.9.3/../../../arm-none-eabi/lib/armv7e-m/fpu/libg.a(lib_a-gdtoa-hexnan.o)
 .text          0x00000000080184a0        0x0 /usr/lib/gcc/arm-none-eabi/4.9.3/../../../arm-none-eabi/lib/armv7e-m/fpu/libg.a(lib_a-locale.o)
 .text          0x00000000080184a0      0x134 /usr/lib/gcc/arm-none-eabi/4.9.3/../../../arm-none-eabi/lib/armv7e-m/fpu/libg.a(lib_a-memcpy.o)
                0x00000000080184a0                memcpy
 .text          0x00000000080185d4        0x0 /usr/lib/gcc/arm-none-eabi/4.9.3/../../../arm-none-eabi/lib/armv7e-m/fpu/libg.a(lib_a-mprec.o)
 .text          0x00000000080185d4        0x0 /usr/lib/gcc/arm-none-eabi/4.9.3/../../../arm-none-eabi/lib/armv7e-m/fpu/libg.a(lib_a-reent.o)
 .text          0x00000000080185d4        0x0 /usr/lib/gcc/arm-none-eabi/4.9.3/../../../arm-none-eabi/lib/armv7e-m/fpu/libg.a(lib_a-s_fpclassify.o)
 .text          0x00000000080185d4        0x0 /usr/lib/gcc/arm-none-eabi/4.9.3/../../../arm-none-eabi/lib/armv7e-m/fpu/libg.a(lib_a-sf_nan.o)
 .text          0x00000000080185d4        0x0 /usr/lib/gcc/arm-none-eabi/4.9.3/../../../arm-none-eabi/lib/armv7e-m/fpu/libg.a(lib_a-strlen.o)
 .text          0x00000000080185d4        0x0 /usr/lib/gcc/arm-none-eabi/4.9.3/../../../arm-none-eabi/lib/armv7e-m/fpu/libg.a(lib_a-strncmp.o)
 .text          0x00000000080185d4        0x0 /usr/lib/gcc/arm-none-eabi/4.9.3/../../../arm-none-eabi/lib/armv7e-m/fpu/libg.a(lib_a-callocr.o)
 .text          0x00000000080185d4        0x0 /usr/lib/gcc/arm-none-eabi/4.9.3/../../../arm-none-eabi/lib/armv7e-m/fpu/libg.a(lib_a-memset.o)
 .text          0x00000000080185d4      0x110 /usr/lib/gcc/arm-none-eabi/4.9.3/armv7e-m/fpu/libgcc.a(_arm_cmpdf2.o)
                0x00000000080185d4                __gtdf2
                0x00000000080185d4                __gedf2
                0x00000000080185dc                __ltdf2
                0x00000000080185dc                __ledf2
                0x00000000080185e4                __cmpdf2
                0x00000000080185e4                __eqdf2
                0x00000000080185e4                __nedf2
                0x0000000008018660                __aeabi_cdrcmple
                0x0000000008018670                __aeabi_cdcmple
                0x0000000008018670                __aeabi_cdcmpeq
                0x0000000008018680                __aeabi_dcmpeq
                0x0000000008018694                __aeabi_dcmplt
                0x00000000080186a8                __aeabi_dcmple
                0x00000000080186bc                __aeabi_dcmpge
                0x00000000080186d0                __aeabi_dcmpgt
 .text          0x00000000080186e4       0x50 /usr/lib/gcc/arm-none-eabi/4.9.3/armv7e-m/fpu/libgcc.a(_arm_fixdfsi.o)
                0x00000000080186e4                __fixdfsi
                0x00000000080186e4                __aeabi_d2iz
 .text          0x0000000008018734       0x40 /usr/lib/gcc/arm-none-eabi/4.9.3/armv7e-m/fpu/libgcc.a(_arm_fixunsdfsi.o)
                0x0000000008018734                __fixunsdfsi
                0x0000000008018734                __aeabi_d2uiz
 *(.text*)
 .text.Reset_Handler
                0x0000000008018774       0x4c build/objs/startup_stm32f407xx.o
                0x0000000008018774                Reset_Handler
 .text.Default_Handler
                0x00000000080187c0        0x2 build/objs/startup_stm32f407xx.o
                0x00000000080187c0                RTC_Alarm_IRQHandler
                0x00000000080187c0                HASH_RNG_IRQHandler
                0x00000000080187c0                EXTI2_IRQHandler
                0x00000000080187c0                TIM8_CC_IRQHandler
                0x00000000080187c0                DebugMon_Handler
                0x00000000080187c0                TIM1_CC_IRQHandler
                0x00000000080187c0                DMA2_Stream5_IRQHandler
                0x00000000080187c0                HardFault_Handler
                0x00000000080187c0                DMA1_Stream5_IRQHandler
                0x00000000080187c0                PVD_IRQHandler
                0x00000000080187c0                SDIO_IRQHandler
                0x00000000080187c0                TAMP_STAMP_IRQHandler
                0x00000000080187c0                PendSV_Handler
                0x00000000080187c0                NMI_Handler
                0x00000000080187c0                CAN2_RX1_IRQHandler
                0x00000000080187c0                EXTI3_IRQHandler
                0x00000000080187c0                TIM8_TRG_COM_TIM14_IRQHandler
                0x00000000080187c0                TIM1_UP_TIM10_IRQHandler
                0x00000000080187c0                TIM8_UP_TIM13_IRQHandler
                0x00000000080187c0                I2C3_ER_IRQHandler
                0x00000000080187c0                EXTI0_IRQHandler
                0x00000000080187c0                I2C2_EV_IRQHandler
                0x00000000080187c0                DMA1_Stream2_IRQHandler
                0x00000000080187c0                CAN1_RX0_IRQHandler
                0x00000000080187c0                FPU_IRQHandler
                0x00000000080187c0                OTG_HS_WKUP_IRQHandler
                0x00000000080187c0                UsageFault_Handler
                0x00000000080187c0                CAN2_SCE_IRQHandler
                0x00000000080187c0                DMA2_Stream2_IRQHandler
                0x00000000080187c0                SPI1_IRQHandler
                0x00000000080187c0                TIM1_BRK_TIM9_IRQHandler
                0x00000000080187c0                DCMI_IRQHandler
                0x00000000080187c0                CAN2_RX0_IRQHandler
                0x00000000080187c0                DMA2_Stream3_IRQHandler
                0x00000000080187c0                USART6_IRQHandler
                0x00000000080187c0                USART3_IRQHandler
                0x00000000080187c0                CAN1_RX1_IRQHandler
                0x00000000080187c0                UART5_IRQHandler
                0x00000000080187c0                DMA2_Stream0_IRQHandler
                0x00000000080187c0                TIM4_IRQHandler
                0x00000000080187c0                I2C1_EV_IRQHandler
                0x00000000080187c0                DMA1_Stream6_IRQHandler
                0x00000000080187c0                DMA1_Stream1_IRQHandler
                0x00000000080187c0                UART4_IRQHandler
                0x00000000080187c0                TIM3_IRQHandler
                0x00000000080187c0                RCC_IRQHandler
                0x00000000080187c0                TIM8_BRK_TIM12_IRQHandler
                0x00000000080187c0                Default_Handler
                0x00000000080187c0                EXTI15_10_IRQHandler
                0x00000000080187c0                ADC_IRQHandler
                0x00000000080187c0                DMA1_Stream7_IRQHandler
                0x00000000080187c0                TIM7_IRQHandler
                0x00000000080187c0                CAN2_TX_IRQHandler
                0x00000000080187c0                TIM5_IRQHandler
                0x00000000080187c0                DMA2_Stream7_IRQHandler
                0x00000000080187c0                I2C3_EV_IRQHandler
                0x00000000080187c0                EXTI9_5_IRQHandler
                0x00000000080187c0                RTC_WKUP_IRQHandler
                0x00000000080187c0                ETH_WKUP_IRQHandler
                0x00000000080187c0                SPI2_IRQHandler
                0x00000000080187c0                OTG_HS_EP1_IN_IRQHandler
                0x00000000080187c0                MemManage_Handler
                0x00000000080187c0                DMA1_Stream0_IRQHandler
                0x00000000080187c0                CAN1_TX_IRQHandler
                0x00000000080187c0                SVC_Handler
                0x00000000080187c0                EXTI4_IRQHandler
                0x00000000080187c0                FSMC_IRQHandler
                0x00000000080187c0                ETH_IRQHandler
                0x00000000080187c0                OTG_HS_EP1_OUT_IRQHandler
                0x00000000080187c0                WWDG_IRQHandler
                0x00000000080187c0                TIM2_IRQHandler
                0x00000000080187c0                OTG_FS_WKUP_IRQHandler
                0x00000000080187c0                TIM1_TRG_COM_TIM11_IRQHandler
                0x00000000080187c0                OTG_HS_IRQHandler
                0x00000000080187c0                EXTI1_IRQHandler
                0x00000000080187c0                USART2_IRQHandler
                0x00000000080187c0                I2C2_ER_IRQHandler
                0x00000000080187c0                DMA2_Stream1_IRQHandler
                0x00000000080187c0                CAN1_SCE_IRQHandler
                0x00000000080187c0                FLASH_IRQHandler
                0x00000000080187c0                DMA2_Stream4_IRQHandler
                0x00000000080187c0                BusFault_Handler
                0x00000000080187c0                USART1_IRQHandler
                0x00000000080187c0                SPI3_IRQHandler
                0x00000000080187c0                DMA1_Stream4_IRQHandler
                0x00000000080187c0                I2C1_ER_IRQHandler
                0x00000000080187c0                DMA2_Stream6_IRQHandler
                0x00000000080187c0                DMA1_Stream3_IRQHandler
 *fill*         0x00000000080187c2        0x2 
 .text.atof     0x00000000080187c4        0x8 /usr/lib/gcc/arm-none-eabi/4.9.3/../../../arm-none-eabi/lib/armv7e-m/fpu/libg.a(lib_a-atof.o)
                0x00000000080187c4                atof
 .text.atoi     0x00000000080187cc        0x8 /usr/lib/gcc/arm-none-eabi/4.9.3/../../../arm-none-eabi/lib/armv7e-m/fpu/libg.a(lib_a-atoi.o)
                0x00000000080187cc                atoi
 .text._atoi_r  0x00000000080187d4        0x8 /usr/lib/gcc/arm-none-eabi/4.9.3/../../../arm-none-eabi/lib/armv7e-m/fpu/libg.a(lib_a-atoi.o)
                0x00000000080187d4                _atoi_r
 .text.__errno  0x00000000080187dc        0xc /usr/lib/gcc/arm-none-eabi/4.9.3/../../../arm-none-eabi/lib/armv7e-m/fpu/libg.a(lib_a-errno.o)
                0x00000000080187dc                __errno
 .text.malloc   0x00000000080187e8       0x10 /usr/lib/gcc/arm-none-eabi/4.9.3/../../../arm-none-eabi/lib/armv7e-m/fpu/libg.a(lib_a-malloc.o)
                0x00000000080187e8                malloc
 .text.free     0x00000000080187f8       0x10 /usr/lib/gcc/arm-none-eabi/4.9.3/../../../arm-none-eabi/lib/armv7e-m/fpu/libg.a(lib_a-malloc.o)
                0x00000000080187f8                free
 .text._malloc_r
                0x0000000008018808      0x524 /usr/lib/gcc/arm-none-eabi/4.9.3/../../../arm-none-eabi/lib/armv7e-m/fpu/libg.a(lib_a-mallocr.o)
                0x0000000008018808                _malloc_r
 .text.__malloc_lock
                0x0000000008018d2c        0x4 /usr/lib/gcc/arm-none-eabi/4.9.3/../../../arm-none-eabi/lib/armv7e-m/fpu/libg.a(lib_a-mlock.o)
                0x0000000008018d2c                __malloc_lock
 .text.__malloc_unlock
                0x0000000008018d30        0x4 /usr/lib/gcc/arm-none-eabi/4.9.3/../../../arm-none-eabi/lib/armv7e-m/fpu/libg.a(lib_a-mlock.o)
                0x0000000008018d30                __malloc_unlock
 .text._sbrk_r  0x0000000008018d34       0x24 /usr/lib/gcc/arm-none-eabi/4.9.3/../../../arm-none-eabi/lib/armv7e-m/fpu/libg.a(lib_a-sbrkr.o)
                0x0000000008018d34                _sbrk_r
 .text.sulp     0x0000000008018d58       0x40 /usr/lib/gcc/arm-none-eabi/4.9.3/../../../arm-none-eabi/lib/armv7e-m/fpu/libg.a(lib_a-strtod.o)
 .text._strtod_r
                0x0000000008018d98      0xf50 /usr/lib/gcc/arm-none-eabi/4.9.3/../../../arm-none-eabi/lib/armv7e-m/fpu/libg.a(lib_a-strtod.o)
                0x0000000008018d98                _strtod_r
 .text.strtod   0x0000000008019ce8       0x10 /usr/lib/gcc/arm-none-eabi/4.9.3/../../../arm-none-eabi/lib/armv7e-m/fpu/libg.a(lib_a-strtod.o)
                0x0000000008019ce8                strtod
 .text.strtof   0x0000000008019cf8       0x44 /usr/lib/gcc/arm-none-eabi/4.9.3/../../../arm-none-eabi/lib/armv7e-m/fpu/libg.a(lib_a-strtod.o)
                0x0000000008019cf8                strtof
 .text.strtok   0x0000000008019d3c       0x10 /usr/lib/gcc/arm-none-eabi/4.9.3/../../../arm-none-eabi/lib/armv7e-m/fpu/libg.a(lib_a-strtok.o)
                0x0000000008019d3c                strtok
 .text.__strtok_r
                0x0000000008019d4c       0x64 /usr/lib/gcc/arm-none-eabi/4.9.3/../../../arm-none-eabi/lib/armv7e-m/fpu/libg.a(lib_a-strtok_r.o)
                0x0000000008019d4c                __strtok_r
 .text.strtok_r
                0x0000000008019db0        0x8 /usr/lib/gcc/arm-none-eabi/4.9.3/../../../arm-none-eabi/lib/armv7e-m/fpu/libg.a(lib_a-strtok_r.o)
                0x0000000008019db0                strtok_r
 .text._strtol_r
                0x0000000008019db8      0x11c /usr/lib/gcc/arm-none-eabi/4.9.3/../../../arm-none-eabi/lib/armv7e-m/fpu/libg.a(lib_a-strtol.o)
                0x0000000008019db8                _strtol_r
 .text.strtol   0x0000000008019ed4       0x18 /usr/lib/gcc/arm-none-eabi/4.9.3/../../../arm-none-eabi/lib/armv7e-m/fpu/libg.a(lib_a-strtol.o)
                0x0000000008019ed4                strtol
 .text._malloc_trim_r
                0x0000000008019eec       0x9c /usr/lib/gcc/arm-none-eabi/4.9.3/../../../arm-none-eabi/lib/armv7e-m/fpu/libg.a(lib_a-freer.o)
                0x0000000008019eec                _malloc_trim_r
 .text._free_r  0x0000000008019f88      0x1b0 /usr/lib/gcc/arm-none-eabi/4.9.3/../../../arm-none-eabi/lib/armv7e-m/fpu/libg.a(lib_a-freer.o)
                0x0000000008019f88                _free_r
 .text.rshift   0x000000000801a138       0xa0 /usr/lib/gcc/arm-none-eabi/4.9.3/../../../arm-none-eabi/lib/armv7e-m/fpu/libg.a(lib_a-gdtoa-gethex.o)
 .text.__gethex
                0x000000000801a1d8      0x514 /usr/lib/gcc/arm-none-eabi/4.9.3/../../../arm-none-eabi/lib/armv7e-m/fpu/libg.a(lib_a-gdtoa-gethex.o)
                0x000000000801a1d8                __gethex
 .text.__hexnan
                0x000000000801a6ec      0x184 /usr/lib/gcc/arm-none-eabi/4.9.3/../../../arm-none-eabi/lib/armv7e-m/fpu/libg.a(lib_a-gdtoa-hexnan.o)
                0x000000000801a6ec                __hexnan
 .text._setlocale_r
                0x000000000801a870       0x44 /usr/lib/gcc/arm-none-eabi/4.9.3/../../../arm-none-eabi/lib/armv7e-m/fpu/libg.a(lib_a-locale.o)
                0x000000000801a870                _setlocale_r
 .text.__locale_charset
                0x000000000801a8b4        0x8 /usr/lib/gcc/arm-none-eabi/4.9.3/../../../arm-none-eabi/lib/armv7e-m/fpu/libg.a(lib_a-locale.o)
                0x000000000801a8b4                __locale_charset
 .text.__locale_mb_cur_max
                0x000000000801a8bc        0xc /usr/lib/gcc/arm-none-eabi/4.9.3/../../../arm-none-eabi/lib/armv7e-m/fpu/libg.a(lib_a-locale.o)
                0x000000000801a8bc                __locale_mb_cur_max
 .text.__locale_msgcharset
                0x000000000801a8c8        0x8 /usr/lib/gcc/arm-none-eabi/4.9.3/../../../arm-none-eabi/lib/armv7e-m/fpu/libg.a(lib_a-locale.o)
                0x000000000801a8c8                __locale_msgcharset
 .text.__locale_cjk_lang
                0x000000000801a8d0        0x4 /usr/lib/gcc/arm-none-eabi/4.9.3/../../../arm-none-eabi/lib/armv7e-m/fpu/libg.a(lib_a-locale.o)
                0x000000000801a8d0                __locale_cjk_lang
 .text._localeconv_r
                0x000000000801a8d4        0x8 /usr/lib/gcc/arm-none-eabi/4.9.3/../../../arm-none-eabi/lib/armv7e-m/fpu/libg.a(lib_a-locale.o)
                0x000000000801a8d4                _localeconv_r
 .text.setlocale
                0x000000000801a8dc       0x10 /usr/lib/gcc/arm-none-eabi/4.9.3/../../../arm-none-eabi/lib/armv7e-m/fpu/libg.a(lib_a-locale.o)
                0x000000000801a8dc                setlocale
 .text.localeconv
                0x000000000801a8ec        0x8 /usr/lib/gcc/arm-none-eabi/4.9.3/../../../arm-none-eabi/lib/armv7e-m/fpu/libg.a(lib_a-locale.o)
                0x000000000801a8ec                localeconv
 .text._Balloc  0x000000000801a8f4       0x4c /usr/lib/gcc/arm-none-eabi/4.9.3/../../../arm-none-eabi/lib/armv7e-m/fpu/libg.a(lib_a-mprec.o)
                0x000000000801a8f4                _Balloc
 .text._Bfree   0x000000000801a940       0x14 /usr/lib/gcc/arm-none-eabi/4.9.3/../../../arm-none-eabi/lib/armv7e-m/fpu/libg.a(lib_a-mprec.o)
                0x000000000801a940                _Bfree
 .text.__multadd
                0x000000000801a954       0x84 /usr/lib/gcc/arm-none-eabi/4.9.3/../../../arm-none-eabi/lib/armv7e-m/fpu/libg.a(lib_a-mprec.o)
                0x000000000801a954                __multadd
 .text.__s2b    0x000000000801a9d8       0x98 /usr/lib/gcc/arm-none-eabi/4.9.3/../../../arm-none-eabi/lib/armv7e-m/fpu/libg.a(lib_a-mprec.o)
                0x000000000801a9d8                __s2b
 .text.__hi0bits
                0x000000000801aa70       0x40 /usr/lib/gcc/arm-none-eabi/4.9.3/../../../arm-none-eabi/lib/armv7e-m/fpu/libg.a(lib_a-mprec.o)
                0x000000000801aa70                __hi0bits
 .text.__lo0bits
                0x000000000801aab0       0x5c /usr/lib/gcc/arm-none-eabi/4.9.3/../../../arm-none-eabi/lib/armv7e-m/fpu/libg.a(lib_a-mprec.o)
                0x000000000801aab0                __lo0bits
 .text.__i2b    0x000000000801ab0c       0x14 /usr/lib/gcc/arm-none-eabi/4.9.3/../../../arm-none-eabi/lib/armv7e-m/fpu/libg.a(lib_a-mprec.o)
                0x000000000801ab0c                __i2b
 .text.__multiply
                0x000000000801ab20      0x134 /usr/lib/gcc/arm-none-eabi/4.9.3/../../../arm-none-eabi/lib/armv7e-m/fpu/libg.a(lib_a-mprec.o)
                0x000000000801ab20                __multiply
 .text.__pow5mult
                0x000000000801ac54       0xa0 /usr/lib/gcc/arm-none-eabi/4.9.3/../../../arm-none-eabi/lib/armv7e-m/fpu/libg.a(lib_a-mprec.o)
                0x000000000801ac54                __pow5mult
 .text.__lshift
                0x000000000801acf4       0xac /usr/lib/gcc/arm-none-eabi/4.9.3/../../../arm-none-eabi/lib/armv7e-m/fpu/libg.a(lib_a-mprec.o)
                0x000000000801acf4                __lshift
 .text.__mcmp   0x000000000801ada0       0x48 /usr/lib/gcc/arm-none-eabi/4.9.3/../../../arm-none-eabi/lib/armv7e-m/fpu/libg.a(lib_a-mprec.o)
                0x000000000801ada0                __mcmp
 .text.__mdiff  0x000000000801ade8       0xd4 /usr/lib/gcc/arm-none-eabi/4.9.3/../../../arm-none-eabi/lib/armv7e-m/fpu/libg.a(lib_a-mprec.o)
                0x000000000801ade8                __mdiff
 .text.__ulp    0x000000000801aebc       0x50 /usr/lib/gcc/arm-none-eabi/4.9.3/../../../arm-none-eabi/lib/armv7e-m/fpu/libg.a(lib_a-mprec.o)
                0x000000000801aebc                __ulp
 .text.__b2d    0x000000000801af0c       0xc4 /usr/lib/gcc/arm-none-eabi/4.9.3/../../../arm-none-eabi/lib/armv7e-m/fpu/libg.a(lib_a-mprec.o)
                0x000000000801af0c                __b2d
 .text.__d2b    0x000000000801afd0       0xbc /usr/lib/gcc/arm-none-eabi/4.9.3/../../../arm-none-eabi/lib/armv7e-m/fpu/libg.a(lib_a-mprec.o)
                0x000000000801afd0                __d2b
 .text.__ratio  0x000000000801b08c       0x60 /usr/lib/gcc/arm-none-eabi/4.9.3/../../../arm-none-eabi/lib/armv7e-m/fpu/libg.a(lib_a-mprec.o)
                0x000000000801b08c                __ratio
 .text._mprec_log10
                0x000000000801b0ec       0x38 /usr/lib/gcc/arm-none-eabi/4.9.3/../../../arm-none-eabi/lib/armv7e-m/fpu/libg.a(lib_a-mprec.o)
                0x000000000801b0ec                _mprec_log10
 .text.__copybits
                0x000000000801b124       0x48 /usr/lib/gcc/arm-none-eabi/4.9.3/../../../arm-none-eabi/lib/armv7e-m/fpu/libg.a(lib_a-mprec.o)
                0x000000000801b124                __copybits
 .text.__any_on
                0x000000000801b16c       0x60 /usr/lib/gcc/arm-none-eabi/4.9.3/../../../arm-none-eabi/lib/armv7e-m/fpu/libg.a(lib_a-mprec.o)
                0x000000000801b16c                __any_on
 .text.cleanup_glue
                0x000000000801b1cc       0x1c /usr/lib/gcc/arm-none-eabi/4.9.3/../../../arm-none-eabi/lib/armv7e-m/fpu/libg.a(lib_a-reent.o)
                0x000000000801b1cc                cleanup_glue
 .text._reclaim_reent
                0x000000000801b1e8       0x88 /usr/lib/gcc/arm-none-eabi/4.9.3/../../../arm-none-eabi/lib/armv7e-m/fpu/libg.a(lib_a-reent.o)
                0x000000000801b1e8                _reclaim_reent
 .text.__fpclassifyd
                0x000000000801b270       0x5c /usr/lib/gcc/arm-none-eabi/4.9.3/../../../arm-none-eabi/lib/armv7e-m/fpu/libg.a(lib_a-s_fpclassify.o)
                0x000000000801b270                __fpclassifyd
 .text.nanf     0x000000000801b2cc        0xc /usr/lib/gcc/arm-none-eabi/4.9.3/../../../arm-none-eabi/lib/armv7e-m/fpu/libg.a(lib_a-sf_nan.o)
                0x000000000801b2cc                nanf
 .text.strlen   0x000000000801b2d8       0x5c /usr/lib/gcc/arm-none-eabi/4.9.3/../../../arm-none-eabi/lib/armv7e-m/fpu/libg.a(lib_a-strlen.o)
                0x000000000801b2d8                strlen
 .text.strncmp  0x000000000801b334       0x98 /usr/lib/gcc/arm-none-eabi/4.9.3/../../../arm-none-eabi/lib/armv7e-m/fpu/libg.a(lib_a-strncmp.o)
                0x000000000801b334                strncmp
 .text._calloc_r
                0x000000000801b3cc       0x60 /usr/lib/gcc/arm-none-eabi/4.9.3/../../../arm-none-eabi/lib/armv7e-m/fpu/libg.a(lib_a-callocr.o)
                0x000000000801b3cc                _calloc_r
 .text.memset   0x000000000801b42c       0x9c /usr/lib/gcc/arm-none-eabi/4.9.3/../../../arm-none-eabi/lib/armv7e-m/fpu/libg.a(lib_a-memset.o)
                0x000000000801b42c                memset
 *(.glue_7)
 .glue_7        0x000000000801b4c8        0x0 linker stubs
 *(.glue_7t)
 .glue_7t       0x000000000801b4c8        0x0 linker stubs
 *(.eh_frame)
 .eh_frame      0x000000000801b4c8       0x70 /usr/lib/gcc/arm-none-eabi/4.9.3/../../../arm-none-eabi/lib/armv7e-m/fpu/libg.a(lib_a-strcmp.o)
 *(.init)
 *(.fini)
                0x000000000801b538                . = ALIGN (0x4)
                0x000000000801b538                _etext = .

.vfp11_veneer   0x000000000801b538        0x0
 .vfp11_veneer  0x000000000801b538        0x0 linker stubs

.v4_bx          0x000000000801b538        0x0
 .v4_bx         0x000000000801b538        0x0 linker stubs

.iplt           0x000000000801b538        0x0
 .iplt          0x000000000801b538        0x0 build/objs/stm32f4xx_hal_msp.o

.rodata         0x000000000801b538      0x9e0
                0x000000000801b538                . = ALIGN (0x4)
 *(.rodata)
 .rodata        0x000000000801b538        0x7 build/objs/USB_printf.o
 *fill*         0x000000000801b53f        0x1 
 .rodata        0x000000000801b540        0xc build/objs/SSR.o
 .rodata        0x000000000801b54c       0x24 build/objs/main.o
 .rodata        0x000000000801b570       0x58 build/objs/usbd_desc.o
 .rodata        0x000000000801b5c8      0x386 build/objs/pcd8544.o
                0x000000000801b5c8                PCD8544_Font5x7
                0x000000000801b810                PCD8544_Font3x5
 *fill*         0x000000000801b94e        0x2 
 .rodata        0x000000000801b950       0xf6 build/objs/reflow_process.o
 *fill*         0x000000000801ba46        0x2 
 .rodata        0x000000000801ba48       0xec build/objs/command_processor.o
 .rodata        0x000000000801bb34        0x8 build/objs/stm32f4xx_hal_dma.o
 .rodata        0x000000000801bb3c       0x10 build/objs/stm32f4xx_hal_rcc.o
                0x000000000801bb3c                APBAHBPrescTable
 .rodata        0x000000000801bb4c       0x10 build/objs/stm32f4_discovery.o
                0x000000000801bb4c                GPIO_PIN
                0x000000000801bb54                BUTTON_PIN
                0x000000000801bb58                BUTTON_IRQn
 .rodata        0x000000000801bb5c       0x10 build/objs/system_stm32f4xx.o
                0x000000000801bb5c                AHBPrescTable
 *(.rodata*)
 .rodata.str1.4
                0x000000000801bb6c        0x2 /usr/lib/gcc/arm-none-eabi/4.9.3/../../../arm-none-eabi/lib/armv7e-m/fpu/libg.a(lib_a-impure.o)
                                          0x4 (size before relaxing)
 *fill*         0x000000000801bb6e        0x2 
 .rodata._global_impure_ptr
                0x000000000801bb70        0x4 /usr/lib/gcc/arm-none-eabi/4.9.3/../../../arm-none-eabi/lib/armv7e-m/fpu/libg.a(lib_a-impure.o)
                0x000000000801bb70                _global_impure_ptr
 *fill*         0x000000000801bb74        0x4 
 .rodata.tinytens
                0x000000000801bb78       0x28 /usr/lib/gcc/arm-none-eabi/4.9.3/../../../arm-none-eabi/lib/armv7e-m/fpu/libg.a(lib_a-strtod.o)
 .rodata.fpinan.5307
                0x000000000801bba0       0x14 /usr/lib/gcc/arm-none-eabi/4.9.3/../../../arm-none-eabi/lib/armv7e-m/fpu/libg.a(lib_a-strtod.o)
 .rodata.str1.4
                0x000000000801bbb4        0xf /usr/lib/gcc/arm-none-eabi/4.9.3/../../../arm-none-eabi/lib/armv7e-m/fpu/libg.a(lib_a-strtod.o)
                                         0x10 (size before relaxing)
 *fill*         0x000000000801bbc3        0x1 
 .rodata.fpi.5271
                0x000000000801bbc4       0x14 /usr/lib/gcc/arm-none-eabi/4.9.3/../../../arm-none-eabi/lib/armv7e-m/fpu/libg.a(lib_a-strtod.o)
 .rodata._ctype_
                0x000000000801bbd8      0x104 /usr/lib/gcc/arm-none-eabi/4.9.3/../../../arm-none-eabi/lib/armv7e-m/fpu/libg.a(lib_a-ctype_.o)
                0x000000000801bbd8                _ctype_
 .rodata.__hexdig
                0x000000000801bcdc      0x100 /usr/lib/gcc/arm-none-eabi/4.9.3/../../../arm-none-eabi/lib/armv7e-m/fpu/libg.a(lib_a-gdtoa-gethex.o)
                0x000000000801bcdc                __hexdig
 .rodata.str1.4
                0x000000000801bddc       0x10 /usr/lib/gcc/arm-none-eabi/4.9.3/../../../arm-none-eabi/lib/armv7e-m/fpu/libg.a(lib_a-locale.o)
                                         0x14 (size before relaxing)
 *fill*         0x000000000801bdec        0x4 
 .rodata.__mprec_tens
                0x000000000801bdf0       0xc8 /usr/lib/gcc/arm-none-eabi/4.9.3/../../../arm-none-eabi/lib/armv7e-m/fpu/libg.a(lib_a-mprec.o)
                0x000000000801bdf0                __mprec_tens
 .rodata.p05.5302
                0x000000000801beb8        0xc /usr/lib/gcc/arm-none-eabi/4.9.3/../../../arm-none-eabi/lib/armv7e-m/fpu/libg.a(lib_a-mprec.o)
 *fill*         0x000000000801bec4        0x4 
 .rodata.__mprec_bigtens
                0x000000000801bec8       0x28 /usr/lib/gcc/arm-none-eabi/4.9.3/../../../arm-none-eabi/lib/armv7e-m/fpu/libg.a(lib_a-mprec.o)
                0x000000000801bec8                __mprec_bigtens
 .rodata.__mprec_tinytens
                0x000000000801bef0       0x28 /usr/lib/gcc/arm-none-eabi/4.9.3/../../../arm-none-eabi/lib/armv7e-m/fpu/libg.a(lib_a-mprec.o)
                0x000000000801bef0                __mprec_tinytens
                0x000000000801bf18                . = ALIGN (0x4)

.rel.dyn        0x000000000801bf18        0x0
 .rel.iplt      0x000000000801bf18        0x0 build/objs/stm32f4xx_hal_msp.o

.ARM.extab
 *(.ARM.extab* .gnu.linkonce.armextab.*)

.ARM            0x000000000801bf18        0x0
                0x000000000801bf18                __exidx_start = .
 *(.ARM.exidx*)
                0x000000000801bf18                __exidx_end = .

.preinit_array  0x000000000801bf18        0x0
                [!provide]                        PROVIDE (__preinit_array_start, .)
 *(.preinit_array*)
                [!provide]                        PROVIDE (__preinit_array_end, .)

.init_array     0x000000000801bf18        0x0
                [!provide]                        PROVIDE (__init_array_start, .)
 *(SORT(.init_array.*))
 *(.init_array*)
                [!provide]                        PROVIDE (__init_array_end, .)

.fini_array     0x000000000801bf18        0x0
                [!provide]                        PROVIDE (__fini_array_start, .)
 *(SORT(.fini_array.*))
 *(.fini_array*)
                [!provide]                        PROVIDE (__fini_array_end, .)
                0x000000000801bf18                _sidata = LOADADDR (.data)

.data           0x0000000020000000      0xb7c load address 0x000000000801bf18
                0x0000000020000000                . = ALIGN (0x4)
                0x0000000020000000                _sdata = .
 *(.data)
 .data          0x0000000020000000        0x0 build/objs/stm32f4xx_hal_msp.o
 .data          0x0000000020000000       0x10 build/objs/usbd_cdc_if.o
                0x0000000020000000                USBD_Interface_fops_FS
 .data          0x0000000020000010        0x0 build/objs/usbd_conf.o
 .data          0x0000000020000010        0x0 build/objs/syscalls.o
 .data          0x0000000020000010        0x0 build/objs/USB_printf.o
 .data          0x0000000020000010        0x0 build/objs/gpio.o
 .data          0x0000000020000010        0x0 build/objs/SSR.o
 .data          0x0000000020000010        0x0 build/objs/MAX31855.o
 .data          0x0000000020000010        0x4 build/objs/main.o
                0x0000000020000010                main_loop_period
 .data          0x0000000020000014        0x0 build/objs/stm32f4xx_it.o
 .data          0x0000000020000014        0x0 build/objs/usb_device.o
 .data          0x0000000020000014       0x34 build/objs/usbd_desc.o
                0x0000000020000014                FS_Desc
                0x0000000020000030                USBD_FS_DeviceDesc
                0x0000000020000044                USBD_LangIDDesc
 .data          0x0000000020000048       0xca build/objs/pcd8544.o
                0x0000000020000048                brightness_levels
 .data          0x0000000020000112        0x0 build/objs/reflow_process.o
 *fill*         0x0000000020000112        0x2 
 .data          0x0000000020000114       0x60 build/objs/command_processor.o
                0x0000000020000114                allowed_commands
 .data          0x0000000020000174        0x0 build/objs/stm32f4xx_hal_dsi.o
 .data          0x0000000020000174        0x0 build/objs/stm32f4xx_hal_pcd.o
 .data          0x0000000020000174        0x0 build/objs/stm32f4xx_hal_irda.o
 .data          0x0000000020000174        0x0 build/objs/stm32f4xx_ll_fsmc.o
 .data          0x0000000020000174        0x0 build/objs/stm32f4xx_hal_cec.o
 .data          0x0000000020000174        0x0 build/objs/stm32f4xx_hal_timebase_tim_template.o
 .data          0x0000000020000174        0x0 build/objs/stm32f4xx_ll_usb.o
 .data          0x0000000020000174        0x0 build/objs/stm32f4xx_hal.o
 .data          0x0000000020000174        0x0 build/objs/stm32f4xx_hal_dcmi_ex.o
 .data          0x0000000020000174        0x0 build/objs/stm32f4xx_hal_flash_ex.o
 .data          0x0000000020000174        0x0 build/objs/stm32f4xx_hal_cryp.o
 .data          0x0000000020000174        0x0 build/objs/stm32f4xx_hal_rng.o
 .data          0x0000000020000174        0x0 build/objs/stm32f4xx_hal_nand.o
 .data          0x0000000020000174        0x0 build/objs/stm32f4xx_hal_gpio.o
 .data          0x0000000020000174        0x0 build/objs/stm32f4xx_hal_ltdc.o
 .data          0x0000000020000174        0x0 build/objs/stm32f4xx_hal_hcd.o
 .data          0x0000000020000174        0x0 build/objs/stm32f4xx_hal_pcd_ex.o
 .data          0x0000000020000174        0x0 build/objs/stm32f4xx_hal_adc.o
 .data          0x0000000020000174        0x0 build/objs/stm32f4xx_hal_adc_ex.o
 .data          0x0000000020000174        0x0 build/objs/stm32f4xx_hal_lptim.o
 .data          0x0000000020000174        0x0 build/objs/stm32f4xx_hal_spi.o
 .data          0x0000000020000174        0x0 build/objs/stm32f4xx_hal_i2c.o
 .data          0x0000000020000174        0x0 build/objs/stm32f4xx_hal_fmpi2c.o
 .data          0x0000000020000174        0x0 build/objs/stm32f4xx_hal_smartcard.o
 .data          0x0000000020000174        0x0 build/objs/stm32f4xx_hal_pccard.o
 .data          0x0000000020000174        0x0 build/objs/stm32f4xx_hal_dma2d.o
 .data          0x0000000020000174        0x0 build/objs/stm32f4xx_hal_sai.o
 .data          0x0000000020000174        0x0 build/objs/stm32f4xx_hal_cryp_ex.o
 .data          0x0000000020000174        0x0 build/objs/stm32f4xx_hal_rcc_ex.o
 .data          0x0000000020000174        0x0 build/objs/stm32f4xx_ll_fmc.o
 .data          0x0000000020000174        0x0 build/objs/stm32f4xx_hal_ltdc_ex.o
 .data          0x0000000020000174        0x0 build/objs/stm32f4xx_hal_flash_ramfunc.o
 .data          0x0000000020000174        0x0 build/objs/stm32f4xx_hal_cortex.o
 .data          0x0000000020000174        0x0 build/objs/stm32f4xx_hal_iwdg.o
 .data          0x0000000020000174        0x0 build/objs/stm32f4xx_hal_uart.o
 .data          0x0000000020000174        0x0 build/objs/stm32f4xx_hal_tim_ex.o
 .data          0x0000000020000174        0x0 build/objs/stm32f4xx_hal_i2c_ex.o
 .data          0x0000000020000174        0x0 build/objs/stm32f4xx_hal_dma.o
 .data          0x0000000020000174        0x0 build/objs/stm32f4xx_hal_dac.o
 .data          0x0000000020000174        0x0 build/objs/stm32f4xx_hal_spdifrx.o
 .data          0x0000000020000174        0x0 build/objs/stm32f4xx_hal_fmpi2c_ex.o
 .data          0x0000000020000174        0x0 build/objs/stm32f4xx_ll_sdmmc.o
 .data          0x0000000020000174        0x0 build/objs/stm32f4xx_hal_i2s_ex.o
 .data          0x0000000020000174        0x0 build/objs/stm32f4xx_hal_can.o
 .data          0x0000000020000174        0x0 build/objs/stm32f4xx_hal_nor.o
 .data          0x0000000020000174        0x0 build/objs/stm32f4xx_hal_pwr.o
 .data          0x0000000020000174        0x0 build/objs/stm32f4xx_hal_rtc.o
 .data          0x0000000020000174        0x0 build/objs/stm32f4xx_hal_qspi.o
 .data          0x0000000020000174        0x0 build/objs/stm32f4xx_hal_hash_ex.o
 .data          0x0000000020000174        0x0 build/objs/stm32f4xx_hal_i2s.o
 .data          0x0000000020000174        0x0 build/objs/stm32f4xx_hal_sram.o
 .data          0x0000000020000174        0x0 build/objs/stm32f4xx_hal_hash.o
 .data          0x0000000020000174        0x0 build/objs/stm32f4xx_hal_eth.o
 .data          0x0000000020000174        0x0 build/objs/stm32f4xx_hal_tim.o
 .data          0x0000000020000174        0x0 build/objs/stm32f4xx_hal_dma_ex.o
 .data          0x0000000020000174        0x0 build/objs/stm32f4xx_hal_sd.o
 .data          0x0000000020000174        0x0 build/objs/stm32f4xx_hal_sai_ex.o
 .data          0x0000000020000174        0x0 build/objs/stm32f4xx_hal_rcc.o
 .data          0x0000000020000174        0x0 build/objs/stm32f4xx_hal_wwdg.o
 .data          0x0000000020000174        0x0 build/objs/stm32f4xx_hal_dac_ex.o
 .data          0x0000000020000174        0x0 build/objs/stm32f4xx_hal_rtc_ex.o
 .data          0x0000000020000174        0x0 build/objs/stm32f4xx_hal_pwr_ex.o
 .data          0x0000000020000174        0x0 build/objs/stm32f4xx_hal_dcmi.o
 .data          0x0000000020000174        0x0 build/objs/stm32f4xx_hal_sdram.o
 .data          0x0000000020000174        0x0 build/objs/stm32f4xx_hal_flash.o
 .data          0x0000000020000174        0x0 build/objs/stm32f4xx_hal_crc.o
 .data          0x0000000020000174        0x0 build/objs/stm32f4xx_hal_usart.o
 .data          0x0000000020000174       0x1c build/objs/stm32f4_discovery.o
                0x0000000020000174                GPIO_PORT
                0x0000000020000184                BUTTON_PORT
                0x0000000020000188                I2cxTimeout
                0x000000002000018c                SpixTimeout
 .data          0x0000000020000190        0x4 build/objs/system_stm32f4xx.o
                0x0000000020000190                SystemCoreClock
 .data          0x0000000020000194        0x0 build/objs/usbd_core.o
 .data          0x0000000020000194        0x0 build/objs/usbd_ctlreq.o
 .data          0x0000000020000194        0x0 build/objs/usbd_ioreq.o
 .data          0x0000000020000194       0x18 build/objs/usbd_cdc_if_template.o
                0x0000000020000194                USBD_CDC_Template_fops
                0x00000000200001a4                linecoding
 .data          0x00000000200001ac      0x110 build/objs/usbd_cdc.o
                0x00000000200001b8                USBD_CDC
                0x00000000200001f0                USBD_CDC_CfgHSDesc
                0x0000000020000234                USBD_CDC_CfgFSDesc
                0x0000000020000278                USBD_CDC_OtherSpeedCfgDesc
 .data          0x00000000200002bc        0x0 build/objs/startup_stm32f407xx.o
 .data          0x00000000200002bc        0x0 /usr/lib/gcc/arm-none-eabi/4.9.3/armv7e-m/fpu/libgcc.a(_arm_addsubdf3.o)
 .data          0x00000000200002bc        0x0 /usr/lib/gcc/arm-none-eabi/4.9.3/armv7e-m/fpu/libgcc.a(_arm_muldivdf3.o)
 .data          0x00000000200002bc        0x0 /usr/lib/gcc/arm-none-eabi/4.9.3/armv7e-m/fpu/libgcc.a(_arm_truncdfsf2.o)
 .data          0x00000000200002bc        0x0 /usr/lib/gcc/arm-none-eabi/4.9.3/../../../arm-none-eabi/lib/armv7e-m/fpu/libg.a(lib_a-atof.o)
 .data          0x00000000200002bc        0x0 /usr/lib/gcc/arm-none-eabi/4.9.3/../../../arm-none-eabi/lib/armv7e-m/fpu/libg.a(lib_a-atoi.o)
 .data          0x00000000200002bc        0x0 /usr/lib/gcc/arm-none-eabi/4.9.3/../../../arm-none-eabi/lib/armv7e-m/fpu/libg.a(lib_a-errno.o)
 .data          0x00000000200002bc        0x0 /usr/lib/gcc/arm-none-eabi/4.9.3/../../../arm-none-eabi/lib/armv7e-m/fpu/libg.a(lib_a-impure.o)
 .data          0x00000000200002bc        0x0 /usr/lib/gcc/arm-none-eabi/4.9.3/../../../arm-none-eabi/lib/armv7e-m/fpu/libg.a(lib_a-malloc.o)
 .data          0x00000000200002bc        0x0 /usr/lib/gcc/arm-none-eabi/4.9.3/../../../arm-none-eabi/lib/armv7e-m/fpu/libg.a(lib_a-mallocr.o)
 .data          0x00000000200002bc        0x0 /usr/lib/gcc/arm-none-eabi/4.9.3/../../../arm-none-eabi/lib/armv7e-m/fpu/libg.a(lib_a-mlock.o)
 .data          0x00000000200002bc        0x0 /usr/lib/gcc/arm-none-eabi/4.9.3/../../../arm-none-eabi/lib/armv7e-m/fpu/libg.a(lib_a-sbrkr.o)
 .data          0x00000000200002bc        0x0 /usr/lib/gcc/arm-none-eabi/4.9.3/../../../arm-none-eabi/lib/armv7e-m/fpu/libg.a(lib_a-strcmp.o)
 .data          0x00000000200002bc        0x0 /usr/lib/gcc/arm-none-eabi/4.9.3/../../../arm-none-eabi/lib/armv7e-m/fpu/libg.a(lib_a-strtod.o)
 .data          0x00000000200002bc        0x0 /usr/lib/gcc/arm-none-eabi/4.9.3/../../../arm-none-eabi/lib/armv7e-m/fpu/libg.a(lib_a-strtok.o)
 .data          0x00000000200002bc        0x0 /usr/lib/gcc/arm-none-eabi/4.9.3/../../../arm-none-eabi/lib/armv7e-m/fpu/libg.a(lib_a-strtok_r.o)
 .data          0x00000000200002bc        0x0 /usr/lib/gcc/arm-none-eabi/4.9.3/../../../arm-none-eabi/lib/armv7e-m/fpu/libg.a(lib_a-strtol.o)
 .data          0x00000000200002bc        0x0 /usr/lib/gcc/arm-none-eabi/4.9.3/../../../arm-none-eabi/lib/armv7e-m/fpu/libg.a(lib_a-ctype_.o)
 .data          0x00000000200002bc        0x0 /usr/lib/gcc/arm-none-eabi/4.9.3/../../../arm-none-eabi/lib/armv7e-m/fpu/libg.a(lib_a-freer.o)
 .data          0x00000000200002bc        0x0 /usr/lib/gcc/arm-none-eabi/4.9.3/../../../arm-none-eabi/lib/armv7e-m/fpu/libg.a(lib_a-gdtoa-gethex.o)
 .data          0x00000000200002bc        0x0 /usr/lib/gcc/arm-none-eabi/4.9.3/../../../arm-none-eabi/lib/armv7e-m/fpu/libg.a(lib_a-gdtoa-hexnan.o)
 .data          0x00000000200002bc        0x0 /usr/lib/gcc/arm-none-eabi/4.9.3/../../../arm-none-eabi/lib/armv7e-m/fpu/libg.a(lib_a-locale.o)
 .data          0x00000000200002bc        0x0 /usr/lib/gcc/arm-none-eabi/4.9.3/../../../arm-none-eabi/lib/armv7e-m/fpu/libg.a(lib_a-memcpy.o)
 .data          0x00000000200002bc        0x0 /usr/lib/gcc/arm-none-eabi/4.9.3/../../../arm-none-eabi/lib/armv7e-m/fpu/libg.a(lib_a-mprec.o)
 .data          0x00000000200002bc        0x0 /usr/lib/gcc/arm-none-eabi/4.9.3/../../../arm-none-eabi/lib/armv7e-m/fpu/libg.a(lib_a-reent.o)
 .data          0x00000000200002bc        0x0 /usr/lib/gcc/arm-none-eabi/4.9.3/../../../arm-none-eabi/lib/armv7e-m/fpu/libg.a(lib_a-s_fpclassify.o)
 .data          0x00000000200002bc        0x0 /usr/lib/gcc/arm-none-eabi/4.9.3/../../../arm-none-eabi/lib/armv7e-m/fpu/libg.a(lib_a-sf_nan.o)
 .data          0x00000000200002bc        0x0 /usr/lib/gcc/arm-none-eabi/4.9.3/../../../arm-none-eabi/lib/armv7e-m/fpu/libg.a(lib_a-strlen.o)
 .data          0x00000000200002bc        0x0 /usr/lib/gcc/arm-none-eabi/4.9.3/../../../arm-none-eabi/lib/armv7e-m/fpu/libg.a(lib_a-strncmp.o)
 .data          0x00000000200002bc        0x0 /usr/lib/gcc/arm-none-eabi/4.9.3/../../../arm-none-eabi/lib/armv7e-m/fpu/libg.a(lib_a-callocr.o)
 .data          0x00000000200002bc        0x0 /usr/lib/gcc/arm-none-eabi/4.9.3/../../../arm-none-eabi/lib/armv7e-m/fpu/libg.a(lib_a-memset.o)
 .data          0x00000000200002bc        0x0 /usr/lib/gcc/arm-none-eabi/4.9.3/armv7e-m/fpu/libgcc.a(_arm_cmpdf2.o)
 .data          0x00000000200002bc        0x0 /usr/lib/gcc/arm-none-eabi/4.9.3/armv7e-m/fpu/libgcc.a(_arm_fixdfsi.o)
 .data          0x00000000200002bc        0x0 /usr/lib/gcc/arm-none-eabi/4.9.3/armv7e-m/fpu/libgcc.a(_arm_fixunsdfsi.o)
 *(.data*)
 *fill*         0x00000000200002bc        0x4 
 .data.impure_data