Archive member included to satisfy reference by file (symbol)

/usr/lib/gcc/arm-none-eabi/4.9.3/armv7e-m/fpu/libgcc.a(_arm_addsubdf3.o)
                              build/objs/MAX31855.o (__aeabi_ui2d)
/usr/lib/gcc/arm-none-eabi/4.9.3/armv7e-m/fpu/libgcc.a(_arm_muldivdf3.o)
                              build/objs/MAX31855.o (__aeabi_dmul)
/usr/lib/gcc/arm-none-eabi/4.9.3/armv7e-m/fpu/libgcc.a(_arm_truncdfsf2.o)
                              build/objs/MAX31855.o (__aeabi_d2f)
/usr/lib/gcc/arm-none-eabi/4.9.3/../../../arm-none-eabi/lib/armv7e-m/fpu/libg.a(lib_a-atof.o)
                              build/objs/reflow_process.o (atof)
/usr/lib/gcc/arm-none-eabi/4.9.3/../../../arm-none-eabi/lib/armv7e-m/fpu/libg.a(lib_a-atoi.o)
                              build/objs/main.o (atoi)
/usr/lib/gcc/arm-none-eabi/4.9.3/../../../arm-none-eabi/lib/armv7e-m/fpu/libg.a(lib_a-errno.o)
                              build/objs/syscalls.o (__errno)
/usr/lib/gcc/arm-none-eabi/4.9.3/../../../arm-none-eabi/lib/armv7e-m/fpu/libg.a(lib_a-impure.o)
                              /usr/lib/gcc/arm-none-eabi/4.9.3/../../../arm-none-eabi/lib/armv7e-m/fpu/libg.a(lib_a-errno.o) (_impure_ptr)
/usr/lib/gcc/arm-none-eabi/4.9.3/../../../arm-none-eabi/lib/armv7e-m/fpu/libg.a(lib_a-malloc.o)
                              build/objs/usbd_cdc.o (malloc)
/usr/lib/gcc/arm-none-eabi/4.9.3/../../../arm-none-eabi/lib/armv7e-m/fpu/libg.a(lib_a-mallocr.o)
                              /usr/lib/gcc/arm-none-eabi/4.9.3/../../../arm-none-eabi/lib/armv7e-m/fpu/libg.a(lib_a-malloc.o) (_malloc_r)
/usr/lib/gcc/arm-none-eabi/4.9.3/../../../arm-none-eabi/lib/armv7e-m/fpu/libg.a(lib_a-mlock.o)
                              /usr/lib/gcc/arm-none-eabi/4.9.3/../../../arm-none-eabi/lib/armv7e-m/fpu/libg.a(lib_a-mallocr.o) (__malloc_lock)
/usr/lib/gcc/arm-none-eabi/4.9.3/../../../arm-none-eabi/lib/armv7e-m/fpu/libg.a(lib_a-sbrkr.o)
                              /usr/lib/gcc/arm-none-eabi/4.9.3/../../../arm-none-eabi/lib/armv7e-m/fpu/libg.a(lib_a-mallocr.o) (_sbrk_r)
/usr/lib/gcc/arm-none-eabi/4.9.3/../../../arm-none-eabi/lib/armv7e-m/fpu/libg.a(lib_a-strcmp.o)
                              build/objs/command_processor.o (strcmp)
/usr/lib/gcc/arm-none-eabi/4.9.3/../../../arm-none-eabi/lib/armv7e-m/fpu/libg.a(lib_a-strtod.o)
                              /usr/lib/gcc/arm-none-eabi/4.9.3/../../../arm-none-eabi/lib/armv7e-m/fpu/libg.a(lib_a-atof.o) (strtod)
/usr/lib/gcc/arm-none-eabi/4.9.3/../../../arm-none-eabi/lib/armv7e-m/fpu/libg.a(lib_a-strtok.o)
                              build/objs/command_processor.o (strtok)
/usr/lib/gcc/arm-none-eabi/4.9.3/../../../arm-none-eabi/lib/armv7e-m/fpu/libg.a(lib_a-strtok_r.o)
                              /usr/lib/gcc/arm-none-eabi/4.9.3/../../../arm-none-eabi/lib/armv7e-m/fpu/libg.a(lib_a-strtok.o) (__strtok_r)
/usr/lib/gcc/arm-none-eabi/4.9.3/../../../arm-none-eabi/lib/armv7e-m/fpu/libg.a(lib_a-strtol.o)
                              /usr/lib/gcc/arm-none-eabi/4.9.3/../../../arm-none-eabi/lib/armv7e-m/fpu/libg.a(lib_a-atoi.o) (_strtol_r)
/usr/lib/gcc/arm-none-eabi/4.9.3/../../../arm-none-eabi/lib/armv7e-m/fpu/libg.a(lib_a-ctype_.o)
                              /usr/lib/gcc/arm-none-eabi/4.9.3/../../../arm-none-eabi/lib/armv7e-m/fpu/libg.a(lib_a-strtol.o) (__ctype_ptr__)
/usr/lib/gcc/arm-none-eabi/4.9.3/../../../arm-none-eabi/lib/armv7e-m/fpu/libg.a(lib_a-freer.o)
                              /usr/lib/gcc/arm-none-eabi/4.9.3/../../../arm-none-eabi/lib/armv7e-m/fpu/libg.a(lib_a-malloc.o) (_free_r)
/usr/lib/gcc/arm-none-eabi/4.9.3/../../../arm-none-eabi/lib/armv7e-m/fpu/libg.a(lib_a-gdtoa-gethex.o)
                              /usr/lib/gcc/arm-none-eabi/4.9.3/../../../arm-none-eabi/lib/armv7e-m/fpu/libg.a(lib_a-strtod.o) (__gethex)
/usr/lib/gcc/arm-none-eabi/4.9.3/../../../arm-none-eabi/lib/armv7e-m/fpu/libg.a(lib_a-gdtoa-hexnan.o)
                              /usr/lib/gcc/arm-none-eabi/4.9.3/../../../arm-none-eabi/lib/armv7e-m/fpu/libg.a(lib_a-strtod.o) (__hexnan)
/usr/lib/gcc/arm-none-eabi/4.9.3/../../../arm-none-eabi/lib/armv7e-m/fpu/libg.a(lib_a-locale.o)
                              /usr/lib/gcc/arm-none-eabi/4.9.3/../../../arm-none-eabi/lib/armv7e-m/fpu/libg.a(lib_a-strtod.o) (_localeconv_r)
/usr/lib/gcc/arm-none-eabi/4.9.3/../../../arm-none-eabi/lib/armv7e-m/fpu/libg.a(lib_a-memcpy.o)
                              /usr/lib/gcc/arm-none-eabi/4.9.3/../../../arm-none-eabi/lib/armv7e-m/fpu/libg.a(lib_a-strtod.o) (memcpy)
/usr/lib/gcc/arm-none-eabi/4.9.3/../../../arm-none-eabi/lib/armv7e-m/fpu/libg.a(lib_a-mprec.o)
                              /usr/lib/gcc/arm-none-eabi/4.9.3/../../../arm-none-eabi/lib/armv7e-m/fpu/libg.a(lib_a-strtod.o) (_Balloc)
/usr/lib/gcc/arm-none-eabi/4.9.3/../../../arm-none-eabi/lib/armv7e-m/fpu/libg.a(lib_a-reent.o)
                              /usr/lib/gcc/arm-none-eabi/4.9.3/../../../arm-none-eabi/lib/armv7e-m/fpu/libg.a(lib_a-sbrkr.o) (errno)
[...]
Memory Configuration

Name             Origin             Length             Attributes
FLASH            0x0000000008000000 0x0000000000100000 xr
RAM              0x0000000020000000 0x0000000000020000 xrw
CCMRAM           0x0000000010000000 0x0000000000010000 rw
*default*        0x0000000000000000 0xffffffffffffffff

Linker script and memory map

LOAD build/objs/stm32f4xx_hal_msp.o
LOAD build/objs/usbd_cdc_if.o
LOAD build/objs/usbd_conf.o
LOAD build/objs/syscalls.o
LOAD build/objs/USB_printf.o
LOAD build/objs/gpio.o
LOAD build/objs/SSR.o
LOAD build/objs/MAX31855.o
LOAD build/objs/main.o
LOAD build/objs/stm32f4xx_it.o
LOAD build/objs/usb_device.o
LOAD build/objs/usbd_desc.o
LOAD build/objs/pcd8544.o
LOAD build/objs/reflow_process.o
LOAD build/objs/command_processor.o
LOAD build/objs/stm32f4xx_hal_dsi.o
LOAD build/objs/stm32f4xx_hal_pcd.o
LOAD build/objs/stm32f4xx_hal_irda.o
LOAD build/objs/stm32f4xx_ll_fsmc.o
LOAD build/objs/stm32f4xx_hal_cec.o
LOAD build/objs/stm32f4xx_hal_timebase_tim_template.o
LOAD build/objs/stm32f4xx_ll_usb.o
LOAD build/objs/stm32f4xx_hal.o
LOAD build/objs/stm32f4xx_hal_dcmi_ex.o
LOAD build/objs/stm32f4xx_hal_flash_ex.o
LOAD build/objs/stm32f4xx_hal_cryp.o
LOAD build/objs/stm32f4xx_hal_rng.o
LOAD build/objs/stm32f4xx_hal_nand.o
LOAD build/objs/stm32f4xx_hal_gpio.o
LOAD build/objs/stm32f4xx_hal_ltdc.o
LOAD build/objs/stm32f4xx_hal_hcd.o
LOAD build/objs/stm32f4xx_hal_pcd_ex.o
LOAD build/objs/stm32f4xx_hal_adc.o
LOAD build/objs/stm32f4xx_hal_adc_ex.o
LOAD build/objs/stm32f4xx_hal_lptim.o
LOAD build/objs/stm32f4xx_hal_spi.o
LOAD build/objs/stm32f4xx_hal_i2c.o
LOAD build/objs/stm32f4xx_hal_fmpi2c.o
LOAD build/objs/stm32f4xx_hal_smartcard.o
LOAD build/objs/stm32f4xx_hal_pccard.o
LOAD build/objs/stm32f4xx_hal_dma2d.o
LOAD build/objs/stm32f4xx_hal_sai.o
LOAD build/objs/stm32f4xx_hal_cryp_ex.o
LOAD build/objs/stm32f4xx_hal_rcc_ex.o
LOAD build/objs/stm32f4xx_ll_fmc.o
LOAD build/objs/stm32f4xx_hal_ltdc_ex.o
LOAD build/objs/stm32f4xx_hal_flash_ramfunc.o
LOAD build/objs/stm32f4xx_hal_cortex.o
LOAD build/objs/stm32f4xx_hal_iwdg.o
LOAD build/objs/stm32f4xx_hal_uart.o
LOAD build/objs/stm32f4xx_hal_tim_ex.o
LOAD build/objs/stm32f4xx_hal_i2c_ex.o
LOAD build/objs/stm32f4xx_hal_dma.o
LOAD build/objs/stm32f4xx_hal_dac.o
LOAD build/objs/stm32f4xx_hal_spdifrx.o
LOAD build/objs/stm32f4xx_hal_fmpi2c_ex.o
LOAD build/objs/stm32f4xx_ll_sdmmc.o
LOAD build/objs/stm32f4xx_hal_i2s_ex.o
LOAD build/objs/stm32f4xx_hal_can.o
LOAD build/objs/stm32f4xx_hal_nor.o
LOAD build/objs/stm32f4xx_hal_pwr.o
LOAD build/objs/stm32f4xx_hal_rtc.o
LOAD build/objs/stm32f4xx_hal_qspi.o
LOAD build/objs/stm32f4xx_hal_hash_ex.o
LOAD build/objs/stm32f4xx_hal_i2s.o
LOAD build/objs/stm32f4xx_hal_sram.o
LOAD build/objs/stm32f4xx_hal_hash.o
LOAD build/objs/stm32f4xx_hal_eth.o
LOAD build/objs/stm32f4xx_hal_tim.o
LOAD build/objs/stm32f4xx_hal_dma_ex.o
LOAD build/objs/stm32f4xx_hal_sd.o
LOAD build/objs/stm32f4xx_hal_sai_ex.o
LOAD build/objs/stm32f4xx_hal_rcc.o
LOAD build/objs/stm32f4xx_hal_wwdg.o
LOAD build/objs/stm32f4xx_hal_dac_ex.o
LOAD build/objs/stm32f4xx_hal_rtc_ex.o
LOAD build/objs/stm32f4xx_hal_pwr_ex.o
LOAD build/objs/stm32f4xx_hal_dcmi.o
LOAD build/objs/stm32f4xx_hal_sdram.o
LOAD build/objs/stm32f4xx_hal_flash.o
LOAD build/objs/stm32f4xx_hal_crc.o
LOAD build/objs/stm32f4xx_hal_usart.o
LOAD build/objs/stm32f4_discovery.o
LOAD build/objs/system_stm32f4xx.o
LOAD build/objs/usbd_core.o
LOAD build/objs/usbd_ctlreq.o
LOAD build/objs/usbd_ioreq.o
LOAD build/objs/usbd_cdc_if_template.o
LOAD build/objs/usbd_cdc.o
LOAD build/objs/startup_stm32f407xx.o
START GROUP
LOAD /usr/lib/gcc/arm-none-eabi/4.9.3/armv7e-m/fpu/libgcc.a
LOAD /usr/lib/gcc/arm-none-eabi/4.9.3/../../../arm-none-eabi/lib/armv7e-m/fpu/libg.a
LOAD /usr/lib/gcc/arm-none-eabi/4.9.3/../../../arm-none-eabi/lib/armv7e-m/fpu/libc.a
END GROUP
                0x000000002001ffff                _estack = 0x2001ffff
                0x0000000000000200                _Min_Heap_Size = 0x200
                0x0000000000000400                _Min_Stack_Size = 0x400

.isr_vector     0x0000000008000000      0x188
                0x0000000008000000                . = ALIGN (0x4)
 *(.isr_vector)
 .isr_vector    0x0000000008000000      0x188 build/objs/startup_stm32f407xx.o
                0x0000000008000000                g_pfnVectors
                0x0000000008000188                . = ALIGN (0x4)

.text           0x00000000080001a0    0x1afd8
                0x00000000080001a0                . = ALIGN (0x4)
 *(.text)
 .text          0x00000000080001a0       0x48 build/objs/stm32f4xx_hal_msp.o
                0x00000000080001a0                HAL_MspInit
 .text          0x00000000080001e8      0x19c build/objs/usbd_cdc_if.o
                0x0000000008000330                CDC_Transmit_FS
 .text          0x0000000008000384      0x588 build/objs/usbd_conf.o
                0x0000000008000384                HAL_PCD_MspInit
                0x0000000008000400                HAL_PCD_MspDeInit
                0x000000000800043c                HAL_PCD_SetupStageCallback
                0x0000000008000460                HAL_PCD_DataOutStageCallback
                0x0000000008000498                HAL_PCD_DataInStageCallback
                0x00000000080004cc                HAL_PCD_SOFCallback
                0x00000000080004e8                HAL_PCD_ResetCallback
                0x0000000008000538                HAL_PCD_SuspendCallback
                0x0000000008000584                HAL_PCD_ResumeCallback
                0x00000000080005a0                HAL_PCD_ISOOUTIncompleteCallback
                0x00000000080005c4                HAL_PCD_ISOINIncompleteCallback
                0x00000000080005e8                HAL_PCD_ConnectCallback
                0x0000000008000604                HAL_PCD_DisconnectCallback
                0x0000000008000620                USBD_LL_Init
                0x00000000080006b4                USBD_LL_DeInit
                0x00000000080006d4                USBD_LL_Start
                0x00000000080006f4                USBD_LL_Stop
                0x0000000008000714                USBD_LL_OpenEP
                0x0000000008000748                USBD_LL_CloseEP
                0x0000000008000770                USBD_LL_FlushEP
                0x0000000008000798                USBD_LL_StallEP
                0x00000000080007c0                USBD_LL_ClearStallEP
                0x00000000080007e8                USBD_LL_IsStallEP
                0x0000000008000840                USBD_LL_SetUSBAddress
                0x0000000008000868                USBD_LL_Transmit
                0x000000000800089c                USBD_LL_PrepareReceive
                0x00000000080008d0                USBD_LL_GetRxDataSize
                0x00000000080008f8                USBD_LL_Delay
 .text          0x000000000800090c      0x2b8 build/objs/syscalls.o
                0x000000000800090c                _sbrk
                0x0000000008000978                _gettimeofday
                0x00000000080009a4                initialise_monitor_handles
                0x00000000080009b0                _getpid
                0x00000000080009c0                _kill
                0x00000000080009e0                _exit
                0x00000000080009f4                _write
                0x0000000008000a2c                _close
                0x0000000008000a44                _fstat
                0x0000000008000a64                _isatty
                0x0000000008000a7c                _lseek
                0x0000000008000a98                _read
                0x0000000008000ad4                _open
                0x0000000008000af0                _wait
                0x0000000008000b10                _unlink
                0x0000000008000b30                _times
                0x0000000008000b48                _stat
                0x0000000008000b68                _link
                0x0000000008000b88                _fork
                0x0000000008000ba0                _execve
 .text          0x0000000008000bc4      0x44c build/objs/USB_printf.o
                0x0000000008000f5c                USB_printf
                0x0000000008000f84                USB_printf_buff
                0x0000000008000fd0                PCD8544_printf_buff
 .text          0x0000000008001010       0x4c build/objs/gpio.o
                0x0000000008001010                MX_GPIO_Init
 .text          0x000000000800105c      0x138 build/objs/SSR.o
                0x000000000800105c                SSR_init
                0x000000000800110c                SSR_start
                0x0000000008001130                SSR_stop
                0x0000000008001158                SSR_set_duty_cycle
 .text          0x0000000008001194      0x330 build/objs/MAX31855.o
                0x0000000008001194                MAX31855_init
                0x0000000008001308                MAX31855_read
 .text          0x00000000080014c4      0x1f4 build/objs/main.o
                0x00000000080014c4                main
                0x00000000080015c0                SystemClock_Config
                0x0000000008001684                set_reflow_process_period
 .text          0x00000000080016b8       0x20 build/objs/stm32f4xx_it.o
                0x00000000080016b8                SysTick_Handler
                0x00000000080016c8                OTG_FS_IRQHandler
 .text          0x00000000080016d8       0x38 build/objs/usb_device.o
                0x00000000080016d8                MX_USB_DEVICE_Init
 .text          0x0000000008001710      0x160 build/objs/usbd_desc.o
                0x0000000008001710                USBD_FS_DeviceDescriptor
                0x0000000008001734                USBD_FS_LangIDStrDescriptor
                0x0000000008001758                USBD_FS_ProductStrDescriptor
                0x0000000008001794                USBD_FS_ManufacturerStrDescriptor
                0x00000000080017bc                USBD_FS_SerialStrDescriptor
                0x00000000080017f8                USBD_FS_ConfigStrDescriptor
                0x0000000008001834                USBD_FS_InterfaceStrDescriptor
 .text          0x0000000008001870      0xe94 build/objs/pcd8544.o
                0x0000000008001870                PCD8544_InitIO
                0x0000000008001a88                PCD8544_send
                0x0000000008001ac8                PCD8544_Pin
                0x0000000008001b34                PCD8544_Delay
                0x0000000008001b5c                PCD8544_Init
                0x0000000008001bd4                PCD8544_Write
                0x0000000008001c14                PCD8544_SetContrast
                0x0000000008001c50                PCD8544_DrawPixel
                0x0000000008001d0c                PCD8544_Invert
                0x0000000008001d34                PCD8544_Clear
                0x0000000008001d80                PCD8544_Home
                0x0000000008001d98                PCD8544_Refresh
                0x0000000008001e54                PCD8544_UpdateArea
                0x0000000008001ecc                PCD8544_GotoXY
                0x0000000008001efc                PCD8544_Putc
                0x0000000008002050                PCD8544_Puts
                0x0000000008002088                PCD8544_DrawLine
                0x0000000008002244                PCD8544_DrawRectangle
                0x00000000080022b0                PCD8544_DrawFilledRectangle
                0x00000000080022f8                PCD8544_DrawCircle
                0x00000000080024ec                PCD8544_DrawFilledCircle
                0x00000000080026d0                PCD8544_SetBacklight
 .text          0x0000000008002704      0x61c build/objs/reflow_process.o
                0x0000000008002704                add_reflow_point
                0x0000000008002798                get_reflow_point
                0x0000000008002810                clear_reflow_list
                0x0000000008002838                start_reflow_process
                0x0000000008002894                stop_reflow_process
                0x00000000080028f0                set_PID_parameters
                0x00000000080029b0                reflow_process
 .text          0x0000000008002d20      0x188 build/objs/command_processor.o
                0x0000000008002d20                cmd_proc_receive_data
 .text          0x0000000008002ea8        0x0 build/objs/stm32f4xx_hal_dsi.o
 .text          0x0000000008002ea8     0x1290 build/objs/stm32f4xx_hal_pcd.o
                0x0000000008002ea8                HAL_PCD_Init
                0x00000000080030b8                HAL_PCD_DeInit
                0x0000000008003118                HAL_PCD_Start
                0x000000000800315c                HAL_PCD_Stop
                0x00000000080031ac                HAL_PCD_IRQHandler
                0x0000000008003a38                HAL_PCD_DevConnect
                0x0000000008003a74                HAL_PCD_DevDisconnect
                0x0000000008003ab0                HAL_PCD_SetAddress
                0x0000000008003af4                HAL_PCD_EP_Open
                0x0000000008003bc4                HAL_PCD_EP_Close
                0x0000000008003c58                HAL_PCD_EP_Receive
                0x0000000008003d10                HAL_PCD_EP_GetRxCount
                0x0000000008003d44                HAL_PCD_EP_Transmit
                0x0000000008003df8                HAL_PCD_EP_SetStall
                0x0000000008003eb0                HAL_PCD_EP_ClrStall
                0x0000000008003f44                HAL_PCD_EP_Flush
                0x0000000008003fa0                HAL_PCD_ActivateRemoteWakeup
                0x0000000008003fe4                HAL_PCD_DeActivateRemoteWakeup
                0x0000000008004018                HAL_PCD_GetState
 .text          0x0000000008004138        0x0 build/objs/stm32f4xx_hal_irda.o
 .text          0x0000000008004138        0x0 build/objs/stm32f4xx_ll_fsmc.o
 .text          0x0000000008004138        0x0 build/objs/stm32f4xx_hal_cec.o
 .text          0x0000000008004138      0x12c build/objs/stm32f4xx_hal_timebase_tim_template.o
                0x0000000008004138                HAL_InitTick
                0x0000000008004200                HAL_SuspendTick
                0x0000000008004220                HAL_ResumeTick
                0x0000000008004240                HAL_TIM_PeriodElapsedCallback
                0x0000000008004254                TIM6_DAC_IRQHandler
 .text          0x0000000008004264     0x2180 build/objs/stm32f4xx_ll_usb.o
                0x0000000008004264                USB_CoreInit
                0x0000000008004308                USB_EnableGlobalInt
                0x000000000800432c                USB_DisableGlobalInt
                0x0000000008004350                USB_SetCurrentMode
                0x00000000080043a0                USB_DevInit
                0x00000000080045f8                USB_FlushTxFifo
                0x0000000008004644                USB_FlushRxFifo
                0x0000000008004688                USB_SetDevSpeed
                0x00000000080046b8                USB_GetDevSpeed
                0x0000000008004724                USB_ActivateEndpoint
                0x0000000008004838                USB_ActivateDedicatedEndpoint
                0x00000000080049c0                USB_DeactivateEndpoint
                0x0000000008004ab8                USB_DeactivateDedicatedEndpoint
                0x0000000008004b6c                USB_EPStartXfer
                0x0000000008004ff0                USB_EP0StartXfer
                0x00000000080052ac                USB_WritePacket
                0x0000000008005318                USB_ReadPacket
                0x0000000008005368                USB_EPSetStall
                0x000000000800544c                USB_EPClearStall
                0x0000000008005528                USB_StopDevice
                0x00000000080055b0                USB_SetDevAddress
                0x00000000080055fc                USB_DevConnect
                0x000000000800562c                USB_DevDisconnect
                0x000000000800565c                USB_ReadInterrupts
                0x0000000008005688                USB_ReadDevAllOutEpInterrupt
                0x00000000080056b8                USB_ReadDevAllInEpInterrupt
                0x00000000080056e8                USB_ReadDevOutEPInterrupt
                0x0000000008005720                USB_ReadDevInEPInterrupt
                0x0000000008005774                USB_ClearInterrupts
                0x0000000008005794                USB_GetMode
                0x00000000080057b0                USB_ActivateSetup
                0x000000000800581c                USB_EP0_OutStart
                0x0000000008005910                USB_HostInit
                0x0000000008005a68                USB_InitFSLSPClkSel
                0x0000000008005adc                USB_ResetPort
                0x0000000008005b28                USB_DriveVbus
                0x0000000008005b94                USB_GetHostSpeed
                0x0000000008005bbc                USB_GetCurrentFrame
                0x0000000008005bdc                USB_HC_Init
                0x0000000008005dd4                USB_HC_StartXfer
                0x000000000800604c                USB_HC_ReadInterrupt
                0x000000000800606c                USB_HC_Halt
                0x000000000800626c                USB_DoPing
                0x00000000080062e4                USB_StopHost
 .text          0x00000000080063e4      0x2dc build/objs/stm32f4xx_hal.o
                0x00000000080063e4                HAL_Init
                0x0000000008006428                HAL_DeInit
                0x000000000800648c                HAL_MspDeInit
                0x00000000080064d0                HAL_IncTick
                0x00000000080064ec                HAL_GetTick
                0x0000000008006504                HAL_Delay
                0x0000000008006568                HAL_GetHalVersion
                0x000000000800657c                HAL_GetREVID
                0x0000000008006594                HAL_GetDEVID
                0x00000000080065b0                HAL_DBGMCU_EnableDBGSleepMode
                0x00000000080065cc                HAL_DBGMCU_DisableDBGSleepMode
                0x00000000080065e8                HAL_DBGMCU_EnableDBGStopMode
                0x0000000008006604                HAL_DBGMCU_DisableDBGStopMode
                0x0000000008006620                HAL_DBGMCU_EnableDBGStandbyMode
                0x000000000800663c                HAL_DBGMCU_DisableDBGStandbyMode
                0x0000000008006658                HAL_EnableCompensationCell
                0x000000000800668c                HAL_DisableCompensationCell
 .text          0x00000000080066c0        0x0 build/objs/stm32f4xx_hal_dcmi_ex.o
 .text          0x00000000080066c0      0x60c build/objs/stm32f4xx_hal_flash_ex.o
                0x00000000080066c0                HAL_FLASHEx_Erase
                0x00000000080067a0                HAL_FLASHEx_Erase_IT
                0x000000000800684c                HAL_FLASHEx_OBProgram
                0x000000000800692c                HAL_FLASHEx_OBGetConfig
                0x00000000080069b4                FLASH_Erase_Sector
                0x0000000008006c44                FLASH_FlushCaches
 .text          0x0000000008006ccc        0x0 build/objs/stm32f4xx_hal_cryp.o
 .text          0x0000000008006ccc        0x0 build/objs/stm32f4xx_hal_rng.o
 .text          0x0000000008006ccc        0x0 build/objs/stm32f4xx_hal_nand.o
 .text          0x0000000008006ccc      0x658 build/objs/stm32f4xx_hal_gpio.o
                0x0000000008006ccc                HAL_GPIO_Init
                0x0000000008007008                HAL_GPIO_DeInit
                0x000000000800720c                HAL_GPIO_ReadPin
                0x000000000800723c                HAL_GPIO_WritePin
                0x000000000800726c                HAL_GPIO_TogglePin
                0x0000000008007290                HAL_GPIO_LockPin
                0x00000000080072e0                HAL_GPIO_EXTI_IRQHandler
                0x0000000008007310                HAL_GPIO_EXTI_Callback
 .text          0x0000000008007324        0x0 build/objs/stm32f4xx_hal_ltdc.o
 .text          0x0000000008007324        0x0 build/objs/stm32f4xx_hal_hcd.o
 .text          0x0000000008007324       0xbc build/objs/stm32f4xx_hal_pcd_ex.o
                0x0000000008007324                HAL_PCDEx_SetTxFiFo
                0x00000000080073bc                HAL_PCDEx_SetRxFiFo
 .text          0x00000000080073e0        0x0 build/objs/stm32f4xx_hal_adc.o
 .text          0x00000000080073e0        0x0 build/objs/stm32f4xx_hal_adc_ex.o
 .text          0x00000000080073e0        0x0 build/objs/stm32f4xx_hal_lptim.o
 .text          0x00000000080073e0     0x1f30 build/objs/stm32f4xx_hal_spi.o
                0x00000000080073e0                HAL_SPI_Init
                0x00000000080074b4                HAL_SPI_DeInit
                0x0000000008007504                HAL_SPI_MspInit
                0x0000000008007518                HAL_SPI_MspDeInit
                0x000000000800752c                HAL_SPI_Transmit
                0x0000000008007764                HAL_SPI_Receive
                0x0000000008007a74                HAL_SPI_TransmitReceive
                0x0000000008007da4                HAL_SPI_Transmit_IT
                0x0000000008007eec                HAL_SPI_Receive_IT
                0x0000000008008040                HAL_SPI_TransmitReceive_IT
                0x0000000008008190                HAL_SPI_Transmit_DMA
                0x00000000080082e4                HAL_SPI_Receive_DMA
                0x000000000800845c                HAL_SPI_TransmitReceive_DMA
                0x0000000008008630                HAL_SPI_DMAPause
                0x0000000008008674                HAL_SPI_DMAResume
                0x00000000080086b8                HAL_SPI_DMAStop
                0x0000000008008708                HAL_SPI_IRQHandler
                0x0000000008008834                HAL_SPI_TxCpltCallback
                0x0000000008008848                HAL_SPI_RxCpltCallback
                0x000000000800885c                HAL_SPI_TxRxCpltCallback
                0x0000000008008870                HAL_SPI_TxHalfCpltCallback
                0x0000000008008884                HAL_SPI_RxHalfCpltCallback
                0x0000000008008898                HAL_SPI_TxRxHalfCpltCallback
                0x00000000080088ac                HAL_SPI_ErrorCallback
                0x00000000080088c0                HAL_SPI_GetState
                0x00000000080088dc                HAL_SPI_GetError
 .text          0x0000000008009310     0x4618 build/objs/stm32f4xx_hal_i2c.o
                0x0000000008009310                HAL_I2C_Init
                0x00000000080094d0                HAL_I2C_DeInit
                0x0000000008009530                HAL_I2C_MspInit
                0x0000000008009544                HAL_I2C_MspDeInit
                0x0000000008009558                HAL_I2C_Master_Transmit
                0x00000000080096fc                HAL_I2C_Master_Receive
                0x0000000008009a3c                HAL_I2C_Slave_Transmit
                0x0000000008009c0c                HAL_I2C_Slave_Receive
                0x0000000008009dd4                HAL_I2C_Master_Transmit_IT
                0x0000000008009f1c                HAL_I2C_Master_Receive_IT
                0x000000000800a104                HAL_I2C_Master_Sequential_Transmit_IT
                0x000000000800a264                HAL_I2C_Master_Sequential_Receive_IT
                0x000000000800a4d0                HAL_I2C_Slave_Transmit_IT
                0x000000000800a5a4                HAL_I2C_Slave_Receive_IT
                0x000000000800a678                HAL_I2C_Slave_Sequential_Transmit_IT
                0x000000000800a738                HAL_I2C_Slave_Sequential_Receive_IT
                0x000000000800a7f8                HAL_I2C_EnableListen_IT
                0x000000000800a848                HAL_I2C_DisableListen_IT
                0x000000000800a8c0                HAL_I2C_Master_Transmit_DMA
                0x000000000800aa7c                HAL_I2C_Master_Receive_DMA
                0x000000000800ac44                HAL_I2C_Master_Abort_IT
                0x000000000800acec                HAL_I2C_Slave_Transmit_DMA
                0x000000000800ae78                HAL_I2C_Slave_Receive_DMA
                0x000000000800afb0                HAL_I2C_Mem_Write
                0x000000000800b148                HAL_I2C_Mem_Read
                0x000000000800b484                HAL_I2C_Mem_Write_IT
                0x000000000800b5c0                HAL_I2C_Mem_Read_IT
                0x000000000800b7b4                HAL_I2C_Mem_Write_DMA
                0x000000000800b954                HAL_I2C_Mem_Read_DMA
                0x000000000800bb2c                HAL_I2C_IsDeviceReady
                0x000000000800bd58                HAL_I2C_EV_IRQHandler
                0x000000000800c03c                HAL_I2C_ER_IRQHandler
                0x000000000800c284                HAL_I2C_MasterTxCpltCallback
                0x000000000800c298                HAL_I2C_MasterRxCpltCallback
                0x000000000800c2ac                HAL_I2C_SlaveTxCpltCallback
                0x000000000800c2c0                HAL_I2C_SlaveRxCpltCallback
                0x000000000800c2d4                HAL_I2C_AddrCallback
                0x000000000800c2f0                HAL_I2C_ListenCpltCallback
                0x000000000800c304                HAL_I2C_MemTxCpltCallback
                0x000000000800c318                HAL_I2C_MemRxCpltCallback
                0x000000000800c32c                HAL_I2C_ErrorCallback
                0x000000000800c340                HAL_I2C_GetState
                0x000000000800c35c                HAL_I2C_GetMode
                0x000000000800c378                HAL_I2C_GetError
 .text          0x000000000800d928        0x0 build/objs/stm32f4xx_hal_fmpi2c.o
 .text          0x000000000800d928        0x0 build/objs/stm32f4xx_hal_smartcard.o
 .text          0x000000000800d928        0x0 build/objs/stm32f4xx_hal_pccard.o
 .text          0x000000000800d928        0x0 build/objs/stm32f4xx_hal_dma2d.o
 .text          0x000000000800d928        0x0 build/objs/stm32f4xx_hal_sai.o
 .text          0x000000000800d928        0x0 build/objs/stm32f4xx_hal_cryp_ex.o
 .text          0x000000000800d928      0x2cc build/objs/stm32f4xx_hal_rcc_ex.o
                0x000000000800d928                HAL_RCC_DeInit
                0x000000000800d9a0                HAL_RCCEx_PeriphCLKConfig
                0x000000000800db70                HAL_RCCEx_GetPeriphCLKConfig
 .text          0x000000000800dbf4        0x0 build/objs/stm32f4xx_ll_fmc.o
 .text          0x000000000800dbf4        0x0 build/objs/stm32f4xx_hal_ltdc_ex.o
 .text          0x000000000800dbf4        0x0 build/objs/stm32f4xx_hal_flash_ramfunc.o
 .text          0x000000000800dbf4      0x5b0 build/objs/stm32f4xx_hal_cortex.o
                0x000000000800df70                HAL_NVIC_SetPriorityGrouping
                0x000000000800df84                HAL_NVIC_SetPriority
                0x000000000800dfbc                HAL_NVIC_EnableIRQ
                0x000000000800dfd8                HAL_NVIC_DisableIRQ
                0x000000000800dff4                HAL_NVIC_SystemReset
                0x000000000800e000                HAL_SYSTICK_Config
                0x000000000800e018                HAL_MPU_ConfigRegion
                0x000000000800e09c                HAL_NVIC_GetPriorityGrouping
                0x000000000800e0ac                HAL_NVIC_GetPriority
                0x000000000800e0dc                HAL_NVIC_SetPendingIRQ
                0x000000000800e0f8                HAL_NVIC_GetPendingIRQ
                0x000000000800e118                HAL_NVIC_ClearPendingIRQ
                0x000000000800e134                HAL_NVIC_GetActive
                0x000000000800e154                HAL_SYSTICK_CLKSourceConfig
                0x000000000800e18c                HAL_SYSTICK_IRQHandler
                0x000000000800e198                HAL_SYSTICK_Callback
 .text          0x000000000800e1a4        0x0 build/objs/stm32f4xx_hal_iwdg.o
 .text          0x000000000800e1a4        0x0 build/objs/stm32f4xx_hal_uart.o
 .text          0x000000000800e1a4     0x14dc build/objs/stm32f4xx_hal_tim_ex.o
                0x000000000800e1a4                HAL_TIMEx_HallSensor_Init
                0x000000000800e2c0                HAL_TIMEx_HallSensor_DeInit
                0x000000000800e320                HAL_TIMEx_HallSensor_MspInit
                0x000000000800e334                HAL_TIMEx_HallSensor_MspDeInit
                0x000000000800e348                HAL_TIMEx_HallSensor_Start
                0x000000000800e378                HAL_TIMEx_HallSensor_Stop
                0x000000000800e3c8                HAL_TIMEx_HallSensor_Start_IT
                0x000000000800e408                HAL_TIMEx_HallSensor_Stop_IT
                0x000000000800e468                HAL_TIMEx_HallSensor_Start_DMA
                0x000000000800e514                HAL_TIMEx_HallSensor_Stop_DMA
                0x000000000800e574                HAL_TIMEx_OCN_Start
                0x000000000800e5b8                HAL_TIMEx_OCN_Stop
                0x000000000800e63c                HAL_TIMEx_OCN_Start_IT
                0x000000000800e71c                HAL_TIMEx_OCN_Stop_IT
                0x000000000800e84c                HAL_TIMEx_OCN_Start_DMA
                0x000000000800ea04                HAL_TIMEx_OCN_Stop_DMA
                0x000000000800eb1c                HAL_TIMEx_PWMN_Start
                0x000000000800eb60                HAL_TIMEx_PWMN_Stop
                0x000000000800ebe4                HAL_TIMEx_PWMN_Start_IT
                0x000000000800ecc4                HAL_TIMEx_PWMN_Stop_IT
                0x000000000800edf4                HAL_TIMEx_PWMN_Start_DMA
                0x000000000800efac                HAL_TIMEx_PWMN_Stop_DMA
                0x000000000800f0c4                HAL_TIMEx_OnePulseN_Start
                0x000000000800f0f8                HAL_TIMEx_OnePulseN_Stop
                0x000000000800f17c                HAL_TIMEx_OnePulseN_Start_IT
                0x000000000800f1d0                HAL_TIMEx_OnePulseN_Stop_IT
                0x000000000800f274                HAL_TIMEx_ConfigCommutationEvent
                0x000000000800f314                HAL_TIMEx_ConfigCommutationEvent_IT
                0x000000000800f3c4                HAL_TIMEx_ConfigCommutationEvent_DMA
                0x000000000800f48c                HAL_TIMEx_MasterConfigSynchronization
                0x000000000800f518                HAL_TIMEx_ConfigBreakDeadTime
                0x000000000800f58c                HAL_TIMEx_RemapConfig
                0x000000000800f5d4                HAL_TIMEx_CommutationCallback
                0x000000000800f5e8                HAL_TIMEx_BreakCallback
                0x000000000800f5fc                HAL_TIMEx_HallSensor_GetState
                0x000000000800f618                TIMEx_DMACommutationCplt
 .text          0x000000000800f680        0x0 build/objs/stm32f4xx_hal_i2c_ex.o
 .text          0x000000000800f680      0x8e4 build/objs/stm32f4xx_hal_dma.o
                0x000000000800f680                HAL_DMA_Init
                0x000000000800f758                HAL_DMA_DeInit
                0x000000000800f7f4                HAL_DMA_Start
                0x000000000800f858                HAL_DMA_Start_IT
                0x000000000800f8dc                HAL_DMA_Abort
                0x000000000800f958                HAL_DMA_PollForTransfer
                0x000000000800fb74                HAL_DMA_IRQHandler
                0x000000000800fe68                HAL_DMA_GetState
                0x000000000800fe84                HAL_DMA_GetError
 .text          0x000000000800ff64        0x0 build/objs/stm32f4xx_hal_dac.o
 .text          0x000000000800ff64        0x0 build/objs/stm32f4xx_hal_spdifrx.o
 .text          0x000000000800ff64        0x0 build/objs/stm32f4xx_hal_fmpi2c_ex.o
 .text          0x000000000800ff64        0x0 build/objs/stm32f4xx_ll_sdmmc.o
 .text          0x000000000800ff64        0x0 build/objs/stm32f4xx_hal_i2s_ex.o
 .text          0x000000000800ff64        0x0 build/objs/stm32f4xx_hal_can.o
 .text          0x000000000800ff64        0x0 build/objs/stm32f4xx_hal_nor.o
 .text          0x000000000800ff64      0x35c build/objs/stm32f4xx_hal_pwr.o
                0x000000000800ff64                HAL_PWR_DeInit
                0x000000000800ff8c                HAL_PWR_EnableBkUpAccess
                0x000000000800ffc0                HAL_PWR_DisableBkUpAccess
                0x000000000800fff4                HAL_PWR_ConfigPVD
                0x00000000080100b0                HAL_PWR_EnablePVD
                0x00000000080100e4                HAL_PWR_DisablePVD
                0x0000000008010118                HAL_PWR_EnableWakeUpPin
                0x000000000801013c                HAL_PWR_DisableWakeUpPin
                0x0000000008010160                HAL_PWR_EnterSLEEPMode
                0x0000000008010198                HAL_PWR_EnterSTOPMode
                0x00000000080101f0                HAL_PWR_EnterSTANDBYMode
                0x0000000008010220                HAL_PWR_PVD_IRQHandler
                0x0000000008010244                HAL_PWR_PVDCallback
                0x0000000008010250                HAL_PWR_EnableSleepOnExit
                0x000000000801026c                HAL_PWR_DisableSleepOnExit
                0x0000000008010288                HAL_PWR_EnableSEVOnPend
                0x00000000080102a4                HAL_PWR_DisableSEVOnPend
 .text          0x00000000080102c0        0x0 build/objs/stm32f4xx_hal_rtc.o
 .text          0x00000000080102c0        0x0 build/objs/stm32f4xx_hal_qspi.o
 .text          0x00000000080102c0        0x0 build/objs/stm32f4xx_hal_hash_ex.o
 .text          0x00000000080102c0        0x0 build/objs/stm32f4xx_hal_i2s.o
 .text          0x00000000080102c0        0x0 build/objs/stm32f4xx_hal_sram.o
 .text          0x00000000080102c0        0x0 build/objs/stm32f4xx_hal_hash.o
 .text          0x00000000080102c0        0x0 build/objs/stm32f4xx_hal_eth.o
 .text          0x00000000080102c0     0x3f3c build/objs/stm32f4xx_hal_tim.o
                0x00000000080102c0                HAL_TIM_Base_Init
                0x0000000008010318                HAL_TIM_Base_DeInit
                0x0000000008010378                HAL_TIM_Base_MspInit
                0x000000000801038c                HAL_TIM_Base_MspDeInit
                0x00000000080103a0                HAL_TIM_Base_Start
                0x00000000080103d8                HAL_TIM_Base_Stop
                0x0000000008010430                HAL_TIM_Base_Start_IT
                0x0000000008010468                HAL_TIM_Base_Stop_IT
                0x00000000080104c0                HAL_TIM_Base_Start_DMA
                0x0000000008010560                HAL_TIM_Base_Stop_DMA
                0x00000000080105c0                HAL_TIM_OC_Init
                0x0000000008010618                HAL_TIM_OC_DeInit
                0x0000000008010678                HAL_TIM_OC_MspInit
                0x000000000801068c                HAL_TIM_OC_MspDeInit
                0x00000000080106a0                HAL_TIM_OC_Start
                0x0000000008010708                HAL_TIM_OC_Stop
                0x00000000080107b0                HAL_TIM_OC_Start_IT
                0x00000000080108a4                HAL_TIM_OC_Stop_IT
                0x00000000080109d8                HAL_TIM_OC_Start_DMA
                0x0000000008010bb4                HAL_TIM_OC_Stop_DMA
                0x0000000008010cf0                HAL_TIM_PWM_Init
                0x0000000008010d48                HAL_TIM_PWM_DeInit
                0x0000000008010da8                HAL_TIM_PWM_MspInit
                0x0000000008010dbc                HAL_TIM_PWM_MspDeInit
                0x0000000008010dd0                HAL_TIM_PWM_Start
                0x0000000008010e38                HAL_TIM_PWM_Stop
                0x0000000008010ee8                HAL_TIM_PWM_Start_IT
                0x0000000008010fdc                HAL_TIM_PWM_Stop_IT
                0x0000000008011110                HAL_TIM_PWM_Start_DMA
                0x00000000080112ec                HAL_TIM_PWM_Stop_DMA
                0x0000000008011428                HAL_TIM_IC_Init
                0x0000000008011480                HAL_TIM_IC_DeInit
                0x00000000080114e0                HAL_TIM_IC_MspInit
                0x00000000080114f4                HAL_TIM_IC_MspDeInit
                0x0000000008011508                HAL_TIM_IC_Start
                0x000000000801153c                HAL_TIM_IC_Stop
                0x0000000008011590                HAL_TIM_IC_Start_IT
                0x0000000008011650                HAL_TIM_IC_Stop_IT
                0x0000000008011730                HAL_TIM_IC_Start_DMA
                0x00000000080118d0                HAL_TIM_IC_Stop_DMA
                0x00000000080119b8                HAL_TIM_OnePulse_Init
                0x0000000008011a30                HAL_TIM_OnePulse_DeInit
                0x0000000008011a90                HAL_TIM_OnePulse_MspInit
                0x0000000008011aa4                HAL_TIM_OnePulse_MspDeInit
                0x0000000008011ab8                HAL_TIM_OnePulse_Start
                0x0000000008011b20                HAL_TIM_OnePulse_Stop
                0x0000000008011bd8                HAL_TIM_OnePulse_Start_IT
                0x0000000008011c60                HAL_TIM_OnePulse_Stop_IT
                0x0000000008011d38                HAL_TIM_Encoder_Init
                0x0000000008011e64                HAL_TIM_Encoder_DeInit
                0x0000000008011ec4                HAL_TIM_Encoder_MspInit
                0x0000000008011ed8                HAL_TIM_Encoder_MspDeInit
                0x0000000008011eec                HAL_TIM_Encoder_Start
                0x0000000008011f5c                HAL_TIM_Encoder_Stop
                0x0000000008011fec                HAL_TIM_Encoder_Start_IT
                0x000000000801209c                HAL_TIM_Encoder_Stop_IT
                0x0000000008012170                HAL_TIM_Encoder_Start_DMA
                0x0000000008012328                HAL_TIM_Encoder_Stop_DMA
                0x00000000080123fc                HAL_TIM_IRQHandler
                0x000000000801260c                HAL_TIM_OC_ConfigChannel
                0x00000000080126cc                HAL_TIM_IC_ConfigChannel
                0x0000000008012804                HAL_TIM_PWM_ConfigChannel
                0x0000000008012990                HAL_TIM_OnePulse_ConfigChannel
                0x0000000008012b10                HAL_TIM_DMABurst_WriteStart
                0x0000000008012d1c                HAL_TIM_DMABurst_WriteStop
                0x0000000008012dcc                HAL_TIM_DMABurst_ReadStart
                0x0000000008012fcc                HAL_TIM_DMABurst_ReadStop
                0x000000000801307c                HAL_TIM_GenerateEvent
                0x00000000080130cc                HAL_TIM_ConfigOCrefClear
                0x0000000008013220                HAL_TIM_ConfigClockSource
                0x00000000080133e4                HAL_TIM_ConfigTI1Input
                0x0000000008013420                HAL_TIM_SlaveConfigSynchronization
                0x000000000801348c                HAL_TIM_SlaveConfigSynchronization_IT
                0x00000000080134f8                HAL_TIM_ReadCapturedValue
                0x00000000080135b0                HAL_TIM_OC_DelayElapsedCallback
                0x00000000080135c4                HAL_TIM_IC_CaptureCallback
                0x00000000080135d8                HAL_TIM_PWM_PulseFinishedCallback
                0x00000000080135ec                HAL_TIM_TriggerCallback
                0x0000000008013600                HAL_TIM_ErrorCallback
                0x0000000008013614                HAL_TIM_Base_GetState
                0x0000000008013630                HAL_TIM_OC_GetState
                0x000000000801364c                HAL_TIM_PWM_GetState
                0x0000000008013668                HAL_TIM_IC_GetState
                0x0000000008013684                HAL_TIM_OnePulse_GetState
                0x00000000080136a0                HAL_TIM_Encoder_GetState
                0x00000000080136bc                TIM_Base_SetConfig
                0x000000000801380c                TIM_TI1_SetConfig
                0x0000000008013900                TIM_OC2_SetConfig
                0x00000000080139f0                TIM_DMADelayPulseCplt
                0x0000000008013a60                TIM_DMAError
                0x0000000008013a84                TIM_DMACaptureCplt
                0x0000000008013af4                TIM_CCxChannelCmd
 .text          0x00000000080141fc      0x210 build/objs/stm32f4xx_hal_dma_ex.o
                0x00000000080141fc                HAL_DMAEx_MultiBufferStart
                0x000000000801429c                HAL_DMAEx_MultiBufferStart_IT
                0x000000000801438c                HAL_DMAEx_ChangeMemory
 .text          0x000000000801440c        0x0 build/objs/stm32f4xx_hal_sd.o
 .text          0x000000000801440c        0x0 build/objs/stm32f4xx_hal_sai_ex.o
 .text          0x000000000801440c      0xae8 build/objs/stm32f4xx_hal_rcc.o
                0x0000000008014418                HAL_RCC_OscConfig
                0x000000000801483c                HAL_RCC_ClockConfig
                0x0000000008014a24                HAL_RCC_MCOConfig
                0x0000000008014af0                HAL_RCC_EnableCSS
                0x0000000008014b08                HAL_RCC_DisableCSS
                0x0000000008014b20                HAL_RCC_GetSysClockFreq
                0x0000000008014c1c                HAL_RCC_GetHCLKFreq
                0x0000000008014c6c                HAL_RCC_GetPCLK1Freq
                0x0000000008014cb0                HAL_RCC_GetPCLK2Freq
                0x0000000008014cf4                HAL_RCC_GetOscConfig
                0x0000000008014e64                HAL_RCC_GetClockConfig
                0x0000000008014ec4                HAL_RCC_NMI_IRQHandler
                0x0000000008014ee8                HAL_RCC_CSSCallback
 .text          0x0000000008014ef4        0x0 build/objs/stm32f4xx_hal_wwdg.o
 .text          0x0000000008014ef4        0x0 build/objs/stm32f4xx_hal_dac_ex.o
 .text          0x0000000008014ef4        0x0 build/objs/stm32f4xx_hal_rtc_ex.o
 .text          0x0000000008014ef4      0x1d8 build/objs/stm32f4xx_hal_pwr_ex.o
                0x0000000008014ef4                HAL_PWREx_EnableBkUpReg
                0x0000000008014f5c                HAL_PWREx_DisableBkUpReg
                0x0000000008014fc4                HAL_PWREx_EnableFlashPowerDown
                0x0000000008014ff8                HAL_PWREx_DisableFlashPowerDown
                0x000000000801502c                HAL_PWREx_GetVoltageRange
                0x0000000008015048                HAL_PWREx_ControlVoltageScaling
 .text          0x00000000080150cc        0x0 build/objs/stm32f4xx_hal_dcmi.o
 .text          0x00000000080150cc        0x0 build/objs/stm32f4xx_hal_sdram.o
 .text          0x00000000080150cc      0x5f8 build/objs/stm32f4xx_hal_flash.o
                0x00000000080150cc                HAL_FLASH_Program
                0x0000000008015174                HAL_FLASH_Program_IT
                0x0000000008015210                HAL_FLASH_IRQHandler
                0x0000000008015350                HAL_FLASH_EndOfOperationCallback
                0x0000000008015364                HAL_FLASH_OperationErrorCallback
                0x0000000008015378                HAL_FLASH_Unlock
                0x00000000080153ac                HAL_FLASH_Lock
                0x00000000080153cc                HAL_FLASH_OB_Unlock
                0x0000000008015404                HAL_FLASH_OB_Lock
                0x0000000008015424                HAL_FLASH_OB_Launch
                0x000000000801544c                HAL_FLASH_GetError
                0x0000000008015464                FLASH_WaitForLastOperation
 .text          0x00000000080156c4        0x0 build/objs/stm32f4xx_hal_crc.o
 .text          0x00000000080156c4        0x0 build/objs/stm32f4xx_hal_usart.o
 .text          0x00000000080156c4      0x7cc build/objs/stm32f4_discovery.o
                0x00000000080156c4                BSP_GetVersion
                0x00000000080156d8                BSP_LED_Init
                0x00000000080157c8                BSP_LED_On
                0x00000000080157fc                BSP_LED_Off
                0x0000000008015830                BSP_LED_Toggle
                0x0000000008015860                BSP_PB_Init
                0x0000000008015914                BSP_PB_GetState
                0x0000000008015c38                ACCELERO_IO_Init
                0x0000000008015c90                ACCELERO_IO_ITConfig
                0x0000000008015cf0                ACCELERO_IO_Write
                0x0000000008015d54                ACCELERO_IO_Read
                0x0000000008015dc4                AUDIO_IO_Init
                0x0000000008015e34                AUDIO_IO_DeInit
                0x0000000008015e40                AUDIO_IO_Write
                0x0000000008015e68                AUDIO_IO_Read
 .text          0x0000000008015e90      0x164 build/objs/system_stm32f4xx.o
                0x0000000008015e90                SystemInit
                0x0000000008015efc                SystemCoreClockUpdate
 .text          0x0000000008015ff4      0x57c build/objs/usbd_core.o
                0x0000000008015ff4                USBD_Init
                0x000000000801604c                USBD_DeInit
                0x0000000008016088                USBD_RegisterClass
                0x00000000080160bc                USBD_Start
                0x00000000080160d4                USBD_Stop
                0x0000000008016100                USBD_RunTestMode
                0x0000000008016118                USBD_SetClassConfig
                0x0000000008016158                USBD_ClrClassConfig
                0x0000000008016180                USBD_LL_SetupStage
                0x0000000008016214                USBD_LL_DataOutStage
                0x00000000080162cc                USBD_LL_DataInStage
                0x00000000080163ec                USBD_LL_Reset
                0x000000000801644c                USBD_LL_SetSpeed
                0x000000000801646c                USBD_LL_Suspend
                0x0000000008016498                USBD_LL_Resume
                0x00000000080164bc                USBD_LL_SOF
                0x00000000080164f0                USBD_LL_IsoINIncomplete
                0x000000000801650c                USBD_LL_IsoOUTIncomplete
                0x0000000008016528                USBD_LL_DevConnected
                0x0000000008016540                USBD_LL_DevDisconnected
 .text          0x0000000008016570      0x8c8 build/objs/usbd_ctlreq.o
                0x0000000008016570                USBD_StdDevReq
                0x0000000008016610                USBD_StdItfReq
                0x0000000008016678                USBD_StdEPReq
                0x0000000008016cec                USBD_ParseSetupRequest
                0x0000000008016d64                USBD_CtlError
                0x0000000008016d84                USBD_GetString
 .text          0x0000000008016e38      0x130 build/objs/usbd_ioreq.o
                0x0000000008016e38                USBD_CtlSendData
                0x0000000008016e70                USBD_CtlContinueSendData
                0x0000000008016e94                USBD_CtlPrepareRx
                0x0000000008016ed0                USBD_CtlContinueRx
                0x0000000008016ef4                USBD_CtlSendStatus
                0x0000000008016f1c                USBD_CtlReceiveStatus
                0x0000000008016f44                USBD_GetRxCount
 .text          0x0000000008016f68      0x1a4 build/objs/usbd_cdc_if_template.o
 .text          0x000000000801710c      0x490 build/objs/usbd_cdc.o
                0x0000000008017444                USBD_CDC_GetDeviceQualifierDescriptor
                0x0000000008017464                USBD_CDC_RegisterInterface
                0x0000000008017494                USBD_CDC_SetTxBuffer
                0x00000000080174c8                USBD_CDC_SetRxBuffer
                0x00000000080174f0                USBD_CDC_TransmitPacket
                0x0000000008017544                USBD_CDC_ReceivePacket
 .text          0x000000000801759c       0x14 build/objs/startup_stm32f407xx.o
 .text          0x00000000080175b0      0x370 /usr/lib/gcc/arm-none-eabi/4.9.3/armv7e-m/fpu/libgcc.a(_arm_addsubdf3.o)
                0x00000000080175b0                __aeabi_drsub
                0x00000000080175b8                __aeabi_dsub
                0x00000000080175b8                __subdf3
                0x00000000080175bc                __adddf3
                0x00000000080175bc                __aeabi_dadd
                0x0000000008017834                __aeabi_ui2d
                0x0000000008017834                __floatunsidf
                0x0000000008017854                __floatsidf
                0x0000000008017854                __aeabi_i2d
                0x0000000008017878                __extendsfdf2
                0x0000000008017878                __aeabi_f2d
                0x00000000080178b4                __aeabi_ul2d
                0x00000000080178b4                __floatundidf
                0x00000000080178c4                __floatdidf
                0x00000000080178c4                __aeabi_l2d
 .text          0x0000000008017920      0x424 /usr/lib/gcc/arm-none-eabi/4.9.3/armv7e-m/fpu/libgcc.a(_arm_muldivdf3.o)
                0x0000000008017920                __aeabi_dmul
                0x0000000008017920                __muldf3
                0x0000000008017b74                __aeabi_ddiv
                0x0000000008017b74                __divdf3
 .text          0x0000000008017d44       0xa0 /usr/lib/gcc/arm-none-eabi/4.9.3/armv7e-m/fpu/libgcc.a(_arm_truncdfsf2.o)
                0x0000000008017d44                __aeabi_d2f
                0x0000000008017d44                __truncdfsf2
 .text          0x0000000008017de4        0x0 /usr/lib/gcc/arm-none-eabi/4.9.3/../../../arm-none-eabi/lib/armv7e-m/fpu/libg.a(lib_a-atof.o)
 .text          0x0000000008017de4        0x0 /usr/lib/gcc/arm-none-eabi/4.9.3/../../../arm-none-eabi/lib/armv7e-m/fpu/libg.a(lib_a-atoi.o)
 .text          0x0000000008017de4        0x0 /usr/lib/gcc/arm-none-eabi/4.9.3/../../../arm-none-eabi/lib/armv7e-m/fpu/libg.a(lib_a-errno.o)
 .text          0x0000000008017de4        0x0 /usr/lib/gcc/arm-none-eabi/4.9.3/../../../arm-none-eabi/lib/armv7e-m/fpu/libg.a(lib_a-impure.o)
 .text          0x0000000008017de4        0x0 /usr/lib/gcc/arm-none-eabi/4.9.3/../../../arm-none-eabi/lib/armv7e-m/fpu/libg.a(lib_a-malloc.o)
 .text          0x0000000008017de4        0x0 /usr/lib/gcc/arm-none-eabi/4.9.3/../../../arm-none-eabi/lib/armv7e-m/fpu/libg.a(lib_a-mallocr.o)
 .text          0x0000000008017de4        0x0 /usr/lib/gcc/arm-none-eabi/4.9.3/../../../arm-none-eabi/lib/armv7e-m/fpu/libg.a(lib_a-mlock.o)
 .text          0x0000000008017de4        0x0 /usr/lib/gcc/arm-none-eabi/4.9.3/../../../arm-none-eabi/lib/armv7e-m/fpu/libg.a(lib_a-sbrkr.o)
 *fill*         0x0000000008017de4       0x1c 
 .text          0x0000000008017e00      0x2e0 /usr/lib/gcc/arm-none-eabi/4.9.3/../../../arm-none-eabi/lib/armv7e-m/fpu/libg.a(lib_a-strcmp.o)
                0x0000000008017e08                strcmp
 .text          0x00000000080180e0        0x0 /usr/lib/gcc/arm-none-eabi/4.9.3/../../../arm-none-eabi/lib/armv7e-m/fpu/libg.a(lib_a-strtod.o)
 .text          0x00000000080180e0        0x0 /usr/lib/gcc/arm-none-eabi/4.9.3/../../../arm-none-eabi/lib/armv7e-m/fpu/libg.a(lib_a-strtok.o)
 .text          0x00000000080180e0        0x0 /usr/lib/gcc/arm-none-eabi/4.9.3/../../../arm-none-eabi/lib/armv7e-m/fpu/libg.a(lib_a-strtok_r.o)
 .text          0x00000000080180e0        0x0 /usr/lib/gcc/arm-none-eabi/4.9.3/../../../arm-none-eabi/lib/armv7e-m/fpu/libg.a(lib_a-strtol.o)
 .text          0x00000000080180e0        0x0 /usr/lib/gcc/arm-none-eabi/4.9.3/../../../arm-none-eabi/lib/armv7e-m/fpu/libg.a(lib_a-ctype_.o)
 .text          0x00000000080180e0        0x0 /usr/lib/gcc/arm-none-eabi/4.9.3/../../../arm-none-eabi/lib/armv7e-m/fpu/libg.a(lib_a-freer.o)
 .text          0x00000000080180e0        0x0 /usr/lib/gcc/arm-none-eabi/4.9.3/../../../arm-none-eabi/lib/armv7e-m/fpu/libg.a(lib_a-gdtoa-gethex.o)
 .text          0x00000000080180e0        0x0 /usr/lib/gcc/arm-none-eabi/4.9.3/../../../arm-none-eabi/lib/armv7e-m/fpu/libg.a(lib_a-gdtoa-hexnan.o)
 .text          0x00000000080180e0        0x0 /usr/lib/gcc/arm-none-eabi/4.9.3/../../../arm-none-eabi/lib/armv7e-m/fpu/libg.a(lib_a-locale.o)
 .text          0x00000000080180e0      0x134 /usr/lib/gcc/arm-none-eabi/4.9.3/../../../arm-none-eabi/lib/armv7e-m/fpu/libg.a(lib_a-memcpy.o)
                0x00000000080180e0                memcpy
 .text          0x0000000008018214        0x0 /usr/lib/gcc/arm-none-eabi/4.9.3/../../../arm-none-eabi/lib/armv7e-m/fpu/libg.a(lib_a-mprec.o)
 .text          0x0000000008018214        0x0 /usr/lib/gcc/arm-none-eabi/4.9.3/../../../arm-none-eabi/lib/armv7e-m/fpu/libg.a(lib_a-reent.o)
 .text          0x0000000008018214        0x0 /usr/lib/gcc/arm-none-eabi/4.9.3/../../../arm-none-eabi/lib/armv7e-m/fpu/libg.a(lib_a-s_fpclassify.o)
 .text          0x0000000008018214        0x0 /usr/lib/gcc/arm-none-eabi/4.9.3/../../../arm-none-eabi/lib/armv7e-m/fpu/libg.a(lib_a-sf_nan.o)
 .text          0x0000000008018214        0x0 /usr/lib/gcc/arm-none-eabi/4.9.3/../../../arm-none-eabi/lib/armv7e-m/fpu/libg.a(lib_a-strlen.o)
 .text          0x0000000008018214        0x0 /usr/lib/gcc/arm-none-eabi/4.9.3/../../../arm-none-eabi/lib/armv7e-m/fpu/libg.a(lib_a-strncmp.o)
 .text          0x0000000008018214        0x0 /usr/lib/gcc/arm-none-eabi/4.9.3/../../../arm-none-eabi/lib/armv7e-m/fpu/libg.a(lib_a-callocr.o)
 .text          0x0000000008018214        0x0 /usr/lib/gcc/arm-none-eabi/4.9.3/../../../arm-none-eabi/lib/armv7e-m/fpu/libg.a(lib_a-memset.o)
 .text          0x0000000008018214      0x110 /usr/lib/gcc/arm-none-eabi/4.9.3/armv7e-m/fpu/libgcc.a(_arm_cmpdf2.o)
                0x0000000008018214                __gtdf2
                0x0000000008018214                __gedf2
                0x000000000801821c                __ltdf2
                0x000000000801821c                __ledf2
                0x0000000008018224                __cmpdf2
                0x0000000008018224                __eqdf2
                0x0000000008018224                __nedf2
                0x00000000080182a0                __aeabi_cdrcmple
                0x00000000080182b0                __aeabi_cdcmple
                0x00000000080182b0                __aeabi_cdcmpeq
                0x00000000080182c0                __aeabi_dcmpeq
                0x00000000080182d4                __aeabi_dcmplt
                0x00000000080182e8                __aeabi_dcmple
                0x00000000080182fc                __aeabi_dcmpge
                0x0000000008018310                __aeabi_dcmpgt
 .text          0x0000000008018324       0x50 /usr/lib/gcc/arm-none-eabi/4.9.3/armv7e-m/fpu/libgcc.a(_arm_fixdfsi.o)
                0x0000000008018324                __fixdfsi
                0x0000000008018324                __aeabi_d2iz
 .text          0x0000000008018374       0x40 /usr/lib/gcc/arm-none-eabi/4.9.3/armv7e-m/fpu/libgcc.a(_arm_fixunsdfsi.o)
                0x0000000008018374                __fixunsdfsi
                0x0000000008018374                __aeabi_d2uiz
 *(.text*)
 .text.Reset_Handler
                0x00000000080183b4       0x4c build/objs/startup_stm32f407xx.o
                0x00000000080183b4                Reset_Handler
 .text.Default_Handler
                0x0000000008018400        0x2 build/objs/startup_stm32f407xx.o
                0x0000000008018400                RTC_Alarm_IRQHandler
                0x0000000008018400                HASH_RNG_IRQHandler
                0x0000000008018400                EXTI2_IRQHandler
                0x0000000008018400                TIM8_CC_IRQHandler
                0x0000000008018400                DebugMon_Handler
                0x0000000008018400                TIM1_CC_IRQHandler
                0x0000000008018400                DMA2_Stream5_IRQHandler
                0x0000000008018400                HardFault_Handler
                0x0000000008018400                DMA1_Stream5_IRQHandler
                0x0000000008018400                PVD_IRQHandler
                0x0000000008018400                SDIO_IRQHandler
                0x0000000008018400                TAMP_STAMP_IRQHandler
                0x0000000008018400                PendSV_Handler
                0x0000000008018400                NMI_Handler
                0x0000000008018400                CAN2_RX1_IRQHandler
                0x0000000008018400                EXTI3_IRQHandler
                0x0000000008018400                TIM8_TRG_COM_TIM14_IRQHandler
                0x0000000008018400                TIM1_UP_TIM10_IRQHandler
                0x0000000008018400                TIM8_UP_TIM13_IRQHandler
                0x0000000008018400                I2C3_ER_IRQHandler
                0x0000000008018400                EXTI0_IRQHandler
                0x0000000008018400                I2C2_EV_IRQHandler
                0x0000000008018400                DMA1_Stream2_IRQHandler
                0x0000000008018400                CAN1_RX0_IRQHandler
                0x0000000008018400                FPU_IRQHandler
                0x0000000008018400                OTG_HS_WKUP_IRQHandler
                0x0000000008018400                UsageFault_Handler
                0x0000000008018400                CAN2_SCE_IRQHandler
                0x0000000008018400                DMA2_Stream2_IRQHandler
                0x0000000008018400                SPI1_IRQHandler
                0x0000000008018400                TIM1_BRK_TIM9_IRQHandler
                0x0000000008018400                DCMI_IRQHandler
                0x0000000008018400                CAN2_RX0_IRQHandler
                0x0000000008018400                DMA2_Stream3_IRQHandler
                0x0000000008018400                USART6_IRQHandler
                0x0000000008018400                USART3_IRQHandler
                0x0000000008018400                CAN1_RX1_IRQHandler
                0x0000000008018400                UART5_IRQHandler
                0x0000000008018400                DMA2_Stream0_IRQHandler
                0x0000000008018400                TIM4_IRQHandler
                0x0000000008018400                I2C1_EV_IRQHandler
                0x0000000008018400                DMA1_Stream6_IRQHandler
                0x0000000008018400                DMA1_Stream1_IRQHandler
                0x0000000008018400                UART4_IRQHandler
                0x0000000008018400                TIM3_IRQHandler
                0x0000000008018400                RCC_IRQHandler
                0x0000000008018400                TIM8_BRK_TIM12_IRQHandler
                0x0000000008018400                Default_Handler
                0x0000000008018400                EXTI15_10_IRQHandler
                0x0000000008018400                ADC_IRQHandler
                0x0000000008018400                DMA1_Stream7_IRQHandler
                0x0000000008018400                TIM7_IRQHandler
                0x0000000008018400                CAN2_TX_IRQHandler
                0x0000000008018400                TIM5_IRQHandler
                0x0000000008018400                DMA2_Stream7_IRQHandler
                0x0000000008018400                I2C3_EV_IRQHandler
                0x0000000008018400                EXTI9_5_IRQHandler
                0x0000000008018400                RTC_WKUP_IRQHandler
                0x0000000008018400                ETH_WKUP_IRQHandler
                0x0000000008018400                SPI2_IRQHandler
                0x0000000008018400                OTG_HS_EP1_IN_IRQHandler
                0x0000000008018400                MemManage_Handler
                0x0000000008018400                DMA1_Stream0_IRQHandler
                0x0000000008018400                CAN1_TX_IRQHandler
                0x0000000008018400                SVC_Handler
                0x0000000008018400                EXTI4_IRQHandler
                0x0000000008018400                FSMC_IRQHandler
                0x0000000008018400                ETH_IRQHandler
                0x0000000008018400                OTG_HS_EP1_OUT_IRQHandler
                0x0000000008018400                WWDG_IRQHandler
                0x0000000008018400                TIM2_IRQHandler
                0x0000000008018400                OTG_FS_WKUP_IRQHandler
                0x0000000008018400                TIM1_TRG_COM_TIM11_IRQHandler
                0x0000000008018400                OTG_HS_IRQHandler
                0x0000000008018400                EXTI1_IRQHandler
                0x0000000008018400                USART2_IRQHandler
                0x0000000008018400                I2C2_ER_IRQHandler
                0x0000000008018400                DMA2_Stream1_IRQHandler
                0x0000000008018400                CAN1_SCE_IRQHandler
                0x0000000008018400                FLASH_IRQHandler
                0x0000000008018400                DMA2_Stream4_IRQHandler
                0x0000000008018400                BusFault_Handler
                0x0000000008018400                USART1_IRQHandler
                0x0000000008018400                SPI3_IRQHandler
                0x0000000008018400                DMA1_Stream4_IRQHandler
                0x0000000008018400                I2C1_ER_IRQHandler
                0x0000000008018400                DMA2_Stream6_IRQHandler
                0x0000000008018400                DMA1_Stream3_IRQHandler
 *fill*         0x0000000008018402        0x2 
 .text.atof     0x0000000008018404        0x8 /usr/lib/gcc/arm-none-eabi/4.9.3/../../../arm-none-eabi/lib/armv7e-m/fpu/libg.a(lib_a-atof.o)
                0x0000000008018404                atof
 .text.atoi     0x000000000801840c        0x8 /usr/lib/gcc/arm-none-eabi/4.9.3/../../../arm-none-eabi/lib/armv7e-m/fpu/libg.a(lib_a-atoi.o)
                0x000000000801840c                atoi
 .text._atoi_r  0x0000000008018414        0x8 /usr/lib/gcc/arm-none-eabi/4.9.3/../../../arm-none-eabi/lib/armv7e-m/fpu/libg.a(lib_a-atoi.o)
                0x0000000008018414                _atoi_r
 .text.__errno  0x000000000801841c        0xc /usr/lib/gcc/arm-none-eabi/4.9.3/../../../arm-none-eabi/lib/armv7e-m/fpu/libg.a(lib_a-errno.o)
                0x000000000801841c                __errno
 .text.malloc   0x0000000008018428       0x10 /usr/lib/gcc/arm-none-eabi/4.9.3/../../../arm-none-eabi/lib/armv7e-m/fpu/libg.a(lib_a-malloc.o)
                0x0000000008018428                malloc
 .text.free     0x0000000008018438       0x10 /usr/lib/gcc/arm-none-eabi/4.9.3/../../../arm-none-eabi/lib/armv7e-m/fpu/libg.a(lib_a-malloc.o)
                0x0000000008018438                free
 .text._malloc_r
                0x0000000008018448      0x524 /usr/lib/gcc/arm-none-eabi/4.9.3/../../../arm-none-eabi/lib/armv7e-m/fpu/libg.a(lib_a-mallocr.o)
                0x0000000008018448                _malloc_r
 .text.__malloc_lock
                0x000000000801896c        0x4 /usr/lib/gcc/arm-none-eabi/4.9.3/../../../arm-none-eabi/lib/armv7e-m/fpu/libg.a(lib_a-mlock.o)
                0x000000000801896c                __malloc_lock
 .text.__malloc_unlock
                0x0000000008018970        0x4 /usr/lib/gcc/arm-none-eabi/4.9.3/../../../arm-none-eabi/lib/armv7e-m/fpu/libg.a(lib_a-mlock.o)
                0x0000000008018970                __malloc_unlock
 .text._sbrk_r  0x0000000008018974       0x24 /usr/lib/gcc/arm-none-eabi/4.9.3/../../../arm-none-eabi/lib/armv7e-m/fpu/libg.a(lib_a-sbrkr.o)
                0x0000000008018974                _sbrk_r
 .text.sulp     0x0000000008018998       0x40 /usr/lib/gcc/arm-none-eabi/4.9.3/../../../arm-none-eabi/lib/armv7e-m/fpu/libg.a(lib_a-strtod.o)
 .text._strtod_r
                0x00000000080189d8      0xf50 /usr/lib/gcc/arm-none-eabi/4.9.3/../../../arm-none-eabi/lib/armv7e-m/fpu/libg.a(lib_a-strtod.o)
                0x00000000080189d8                _strtod_r
 .text.strtod   0x0000000008019928       0x10 /usr/lib/gcc/arm-none-eabi/4.9.3/../../../arm-none-eabi/lib/armv7e-m/fpu/libg.a(lib_a-strtod.o)
                0x0000000008019928                strtod
 .text.strtof   0x0000000008019938       0x44 /usr/lib/gcc/arm-none-eabi/4.9.3/../../../arm-none-eabi/lib/armv7e-m/fpu/libg.a(lib_a-strtod.o)
                0x0000000008019938                strtof
 .text.strtok   0x000000000801997c       0x10 /usr/lib/gcc/arm-none-eabi/4.9.3/../../../arm-none-eabi/lib/armv7e-m/fpu/libg.a(lib_a-strtok.o)
                0x000000000801997c                strtok
 .text.__strtok_r
                0x000000000801998c       0x64 /usr/lib/gcc/arm-none-eabi/4.9.3/../../../arm-none-eabi/lib/armv7e-m/fpu/libg.a(lib_a-strtok_r.o)
                0x000000000801998c                __strtok_r
 .text.strtok_r
                0x00000000080199f0        0x8 /usr/lib/gcc/arm-none-eabi/4.9.3/../../../arm-none-eabi/lib/armv7e-m/fpu/libg.a(lib_a-strtok_r.o)
                0x00000000080199f0                strtok_r
 .text._strtol_r
                0x00000000080199f8      0x11c /usr/lib/gcc/arm-none-eabi/4.9.3/../../../arm-none-eabi/lib/armv7e-m/fpu/libg.a(lib_a-strtol.o)
                0x00000000080199f8                _strtol_r
 .text.strtol   0x0000000008019b14       0x18 /usr/lib/gcc/arm-none-eabi/4.9.3/../../../arm-none-eabi/lib/armv7e-m/fpu/libg.a(lib_a-strtol.o)
                0x0000000008019b14                strtol
 .text._malloc_trim_r
                0x0000000008019b2c       0x9c /usr/lib/gcc/arm-none-eabi/4.9.3/../../../arm-none-eabi/lib/armv7e-m/fpu/libg.a(lib_a-freer.o)
                0x0000000008019b2c                _malloc_trim_r
 .text._free_r  0x0000000008019bc8      0x1b0 /usr/lib/gcc/arm-none-eabi/4.9.3/../../../arm-none-eabi/lib/armv7e-m/fpu/libg.a(lib_a-freer.o)
                0x0000000008019bc8                _free_r
 .text.rshift   0x0000000008019d78       0xa0 /usr/lib/gcc/arm-none-eabi/4.9.3/../../../arm-none-eabi/lib/armv7e-m/fpu/libg.a(lib_a-gdtoa-gethex.o)
 .text.__gethex
                0x0000000008019e18      0x514 /usr/lib/gcc/arm-none-eabi/4.9.3/../../../arm-none-eabi/lib/armv7e-m/fpu/libg.a(lib_a-gdtoa-gethex.o)
                0x0000000008019e18                __gethex
 .text.__hexnan
                0x000000000801a32c      0x184 /usr/lib/gcc/arm-none-eabi/4.9.3/../../../arm-none-eabi/lib/armv7e-m/fpu/libg.a(lib_a-gdtoa-hexnan.o)
                0x000000000801a32c                __hexnan
 .text._setlocale_r
                0x000000000801a4b0       0x44 /usr/lib/gcc/arm-none-eabi/4.9.3/../../../arm-none-eabi/lib/armv7e-m/fpu/libg.a(lib_a-locale.o)
                0x000000000801a4b0                _setlocale_r
 .text.__locale_charset
                0x000000000801a4f4        0x8 /usr/lib/gcc/arm-none-eabi/4.9.3/../../../arm-none-eabi/lib/armv7e-m/fpu/libg.a(lib_a-locale.o)
                0x000000000801a4f4                __locale_charset
 .text.__locale_mb_cur_max
                0x000000000801a4fc        0xc /usr/lib/gcc/arm-none-eabi/4.9.3/../../../arm-none-eabi/lib/armv7e-m/fpu/libg.a(lib_a-locale.o)
                0x000000000801a4fc                __locale_mb_cur_max
 .text.__locale_msgcharset
                0x000000000801a508        0x8 /usr/lib/gcc/arm-none-eabi/4.9.3/../../../arm-none-eabi/lib/armv7e-m/fpu/libg.a(lib_a-locale.o)
                0x000000000801a508                __locale_msgcharset
 .text.__locale_cjk_lang
                0x000000000801a510        0x4 /usr/lib/gcc/arm-none-eabi/4.9.3/../../../arm-none-eabi/lib/armv7e-m/fpu/libg.a(lib_a-locale.o)
                0x000000000801a510                __locale_cjk_lang
 .text._localeconv_r
                0x000000000801a514        0x8 /usr/lib/gcc/arm-none-eabi/4.9.3/../../../arm-none-eabi/lib/armv7e-m/fpu/libg.a(lib_a-locale.o)
                0x000000000801a514                _localeconv_r
 .text.setlocale
                0x000000000801a51c       0x10 /usr/lib/gcc/arm-none-eabi/4.9.3/../../../arm-none-eabi/lib/armv7e-m/fpu/libg.a(lib_a-locale.o)
                0x000000000801a51c                setlocale
 .text.localeconv
                0x000000000801a52c        0x8 /usr/lib/gcc/arm-none-eabi/4.9.3/../../../arm-none-eabi/lib/armv7e-m/fpu/libg.a(lib_a-locale.o)
                0x000000000801a52c                localeconv
 .text._Balloc  0x000000000801a534       0x4c /usr/lib/gcc/arm-none-eabi/4.9.3/../../../arm-none-eabi/lib/armv7e-m/fpu/libg.a(lib_a-mprec.o)
                0x000000000801a534                _Balloc
 .text._Bfree   0x000000000801a580       0x14 /usr/lib/gcc/arm-none-eabi/4.9.3/../../../arm-none-eabi/lib/armv7e-m/fpu/libg.a(lib_a-mprec.o)
                0x000000000801a580                _Bfree
 .text.__multadd
                0x000000000801a594       0x84 /usr/lib/gcc/arm-none-eabi/4.9.3/../../../arm-none-eabi/lib/armv7e-m/fpu/libg.a(lib_a-mprec.o)
                0x000000000801a594                __multadd
 .text.__s2b    0x000000000801a618       0x98 /usr/lib/gcc/arm-none-eabi/4.9.3/../../../arm-none-eabi/lib/armv7e-m/fpu/libg.a(lib_a-mprec.o)
                0x000000000801a618                __s2b
 .text.__hi0bits
                0x000000000801a6b0       0x40 /usr/lib/gcc/arm-none-eabi/4.9.3/../../../arm-none-eabi/lib/armv7e-m/fpu/libg.a(lib_a-mprec.o)
                0x000000000801a6b0                __hi0bits
 .text.__lo0bits
                0x000000000801a6f0       0x5c /usr/lib/gcc/arm-none-eabi/4.9.3/../../../arm-none-eabi/lib/armv7e-m/fpu/libg.a(lib_a-mprec.o)
                0x000000000801a6f0                __lo0bits
 .text.__i2b    0x000000000801a74c       0x14 /usr/lib/gcc/arm-none-eabi/4.9.3/../../../arm-none-eabi/lib/armv7e-m/fpu/libg.a(lib_a-mprec.o)
                0x000000000801a74c                __i2b
 .text.__multiply
                0x000000000801a760      0x134 /usr/lib/gcc/arm-none-eabi/4.9.3/../../../arm-none-eabi/lib/armv7e-m/fpu/libg.a(lib_a-mprec.o)
                0x000000000801a760                __multiply
 .text.__pow5mult
                0x000000000801a894       0xa0 /usr/lib/gcc/arm-none-eabi/4.9.3/../../../arm-none-eabi/lib/armv7e-m/fpu/libg.a(lib_a-mprec.o)
                0x000000000801a894                __pow5mult
 .text.__lshift
                0x000000000801a934       0xac /usr/lib/gcc/arm-none-eabi/4.9.3/../../../arm-none-eabi/lib/armv7e-m/fpu/libg.a(lib_a-mprec.o)
                0x000000000801a934                __lshift
 .text.__mcmp   0x000000000801a9e0       0x48 /usr/lib/gcc/arm-none-eabi/4.9.3/../../../arm-none-eabi/lib/armv7e-m/fpu/libg.a(lib_a-mprec.o)
                0x000000000801a9e0                __mcmp
 .text.__mdiff  0x000000000801aa28       0xd4 /usr/lib/gcc/arm-none-eabi/4.9.3/../../../arm-none-eabi/lib/armv7e-m/fpu/libg.a(lib_a-mprec.o)
                0x000000000801aa28                __mdiff
 .text.__ulp    0x000000000801aafc       0x50 /usr/lib/gcc/arm-none-eabi/4.9.3/../../../arm-none-eabi/lib/armv7e-m/fpu/libg.a(lib_a-mprec.o)
                0x000000000801aafc                __ulp
 .text.__b2d    0x000000000801ab4c       0xc4 /usr/lib/gcc/arm-none-eabi/4.9.3/../../../arm-none-eabi/lib/armv7e-m/fpu/libg.a(lib_a-mprec.o)
                0x000000000801ab4c                __b2d
 .text.__d2b    0x000000000801ac10       0xbc /usr/lib/gcc/arm-none-eabi/4.9.3/../../../arm-none-eabi/lib/armv7e-m/fpu/libg.a(lib_a-mprec.o)
                0x000000000801ac10                __d2b
 .text.__ratio  0x000000000801accc       0x60 /usr/lib/gcc/arm-none-eabi/4.9.3/../../../arm-none-eabi/lib/armv7e-m/fpu/libg.a(lib_a-mprec.o)
                0x000000000801accc                __ratio
 .text._mprec_log10
                0x000000000801ad2c       0x38 /usr/lib/gcc/arm-none-eabi/4.9.3/../../../arm-none-eabi/lib/armv7e-m/fpu/libg.a(lib_a-mprec.o)
                0x000000000801ad2c                _mprec_log10
 .text.__copybits
                0x000000000801ad64       0x48 /usr/lib/gcc/arm-none-eabi/4.9.3/../../../arm-none-eabi/lib/armv7e-m/fpu/libg.a(lib_a-mprec.o)
                0x000000000801ad64                __copybits
 .text.__any_on
                0x000000000801adac       0x60 /usr/lib/gcc/arm-none-eabi/4.9.3/../../../arm-none-eabi/lib/armv7e-m/fpu/libg.a(lib_a-mprec.o)
                0x000000000801adac                __any_on
 .text.cleanup_glue
                0x000000000801ae0c       0x1c /usr/lib/gcc/arm-none-eabi/4.9.3/../../../arm-none-eabi/lib/armv7e-m/fpu/libg.a(lib_a-reent.o)
                0x000000000801ae0c                cleanup_glue
 .text._reclaim_reent
                0x000000000801ae28       0x88 /usr/lib/gcc/arm-none-eabi/4.9.3/../../../arm-none-eabi/lib/armv7e-m/fpu/libg.a(lib_a-reent.o)
                0x000000000801ae28                _reclaim_reent
 .text.__fpclassifyd
                0x000000000801aeb0       0x5c /usr/lib/gcc/arm-none-eabi/4.9.3/../../../arm-none-eabi/lib/armv7e-m/fpu/libg.a(lib_a-s_fpclassify.o)
                0x000000000801aeb0                __fpclassifyd
 .text.nanf     0x000000000801af0c        0xc /usr/lib/gcc/arm-none-eabi/4.9.3/../../../arm-none-eabi/lib/armv7e-m/fpu/libg.a(lib_a-sf_nan.o)
                0x000000000801af0c                nanf
 .text.strlen   0x000000000801af18       0x5c /usr/lib/gcc/arm-none-eabi/4.9.3/../../../arm-none-eabi/lib/armv7e-m/fpu/libg.a(lib_a-strlen.o)
                0x000000000801af18                strlen
 .text.strncmp  0x000000000801af74       0x98 /usr/lib/gcc/arm-none-eabi/4.9.3/../../../arm-none-eabi/lib/armv7e-m/fpu/libg.a(lib_a-strncmp.o)
                0x000000000801af74                strncmp
 .text._calloc_r
                0x000000000801b00c       0x60 /usr/lib/gcc/arm-none-eabi/4.9.3/../../../arm-none-eabi/lib/armv7e-m/fpu/libg.a(lib_a-callocr.o)
                0x000000000801b00c                _calloc_r
 .text.memset   0x000000000801b06c       0x9c /usr/lib/gcc/arm-none-eabi/4.9.3/../../../arm-none-eabi/lib/armv7e-m/fpu/libg.a(lib_a-memset.o)
                0x000000000801b06c                memset
 *(.glue_7)
 .glue_7        0x000000000801b108        0x0 linker stubs
 *(.glue_7t)
 .glue_7t       0x000000000801b108        0x0 linker stubs
 *(.eh_frame)
 .eh_frame      0x000000000801b108       0x70 /usr/lib/gcc/arm-none-eabi/4.9.3/../../../arm-none-eabi/lib/armv7e-m/fpu/libg.a(lib_a-strcmp.o)
 *(.init)
 *(.fini)
                0x000000000801b178                . = ALIGN (0x4)
                0x000000000801b178                _etext = .

.vfp11_veneer   0x000000000801b178        0x0
 .vfp11_veneer  0x000000000801b178        0x0 linker stubs

.v4_bx          0x000000000801b178        0x0
 .v4_bx         0x000000000801b178        0x0 linker stubs

.iplt           0x000000000801b178        0x0
 .iplt          0x000000000801b178        0x0 build/objs/stm32f4xx_hal_msp.o

.rodata         0x000000000801b178      0x930
                0x000000000801b178                . = ALIGN (0x4)
 *(.rodata)
 .rodata        0x000000000801b178        0x7 build/objs/USB_printf.o
 *fill*         0x000000000801b17f        0x1 
 .rodata        0x000000000801b180       0x24 build/objs/main.o
 .rodata        0x000000000801b1a4       0x58 build/objs/usbd_desc.o
 .rodata        0x000000000801b1fc      0x386 build/objs/pcd8544.o
                0x000000000801b1fc                PCD8544_Font5x7
                0x000000000801b444                PCD8544_Font3x5
 *fill*         0x000000000801b582        0x2 
 .rodata        0x000000000801b584       0x92 build/objs/reflow_process.o
 *fill*         0x000000000801b616        0x2 
 .rodata        0x000000000801b618       0xac build/objs/command_processor.o
 .rodata        0x000000000801b6c4        0x8 build/objs/stm32f4xx_hal_dma.o
 .rodata        0x000000000801b6cc       0x10 build/objs/stm32f4xx_hal_rcc.o
                0x000000000801b6cc                APBAHBPrescTable
 .rodata        0x000000000801b6dc       0x10 build/objs/stm32f4_discovery.o
                0x000000000801b6dc                GPIO_PIN
                0x000000000801b6e4                BUTTON_PIN
                0x000000000801b6e8                BUTTON_IRQn
 .rodata        0x000000000801b6ec       0x10 build/objs/system_stm32f4xx.o
                0x000000000801b6ec                AHBPrescTable
 *(.rodata*)
 .rodata.str1.4
                0x000000000801b6fc        0x2 /usr/lib/gcc/arm-none-eabi/4.9.3/../../../arm-none-eabi/lib/armv7e-m/fpu/libg.a(lib_a-impure.o)
                                          0x4 (size before relaxing)
 *fill*         0x000000000801b6fe        0x2 
 .rodata._global_impure_ptr
                0x000000000801b700        0x4 /usr/lib/gcc/arm-none-eabi/4.9.3/../../../arm-none-eabi/lib/armv7e-m/fpu/libg.a(lib_a-impure.o)
                0x000000000801b700                _global_impure_ptr
 *fill*         0x000000000801b704        0x4 
 .rodata.tinytens
                0x000000000801b708       0x28 /usr/lib/gcc/arm-none-eabi/4.9.3/../../../arm-none-eabi/lib/armv7e-m/fpu/libg.a(lib_a-strtod.o)
 .rodata.fpinan.5307
                0x000000000801b730       0x14 /usr/lib/gcc/arm-none-eabi/4.9.3/../../../arm-none-eabi/lib/armv7e-m/fpu/libg.a(lib_a-strtod.o)
 .rodata.str1.4
                0x000000000801b744        0xf /usr/lib/gcc/arm-none-eabi/4.9.3/../../../arm-none-eabi/lib/armv7e-m/fpu/libg.a(lib_a-strtod.o)
                                         0x10 (size before relaxing)
 *fill*         0x000000000801b753        0x1 
 .rodata.fpi.5271
                0x000000000801b754       0x14 /usr/lib/gcc/arm-none-eabi/4.9.3/../../../arm-none-eabi/lib/armv7e-m/fpu/libg.a(lib_a-strtod.o)
 .rodata._ctype_
                0x000000000801b768      0x104 /usr/lib/gcc/arm-none-eabi/4.9.3/../../../arm-none-eabi/lib/armv7e-m/fpu/libg.a(lib_a-ctype_.o)
                0x000000000801b768                _ctype_
 .rodata.__hexdig
                0x000000000801b86c      0x100 /usr/lib/gcc/arm-none-eabi/4.9.3/../../../arm-none-eabi/lib/armv7e-m/fpu/libg.a(lib_a-gdtoa-gethex.o)
                0x000000000801b86c                __hexdig
 .rodata.str1.4
                0x000000000801b96c       0x10 /usr/lib/gcc/arm-none-eabi/4.9.3/../../../arm-none-eabi/lib/armv7e-m/fpu/libg.a(lib_a-locale.o)
                                         0x14 (size before relaxing)
 *fill*         0x000000000801b97c        0x4 
 .rodata.__mprec_tens
                0x000000000801b980       0xc8 /usr/lib/gcc/arm-none-eabi/4.9.3/../../../arm-none-eabi/lib/armv7e-m/fpu/libg.a(lib_a-mprec.o)
                0x000000000801b980                __mprec_tens
 .rodata.p05.5302
                0x000000000801ba48        0xc /usr/lib/gcc/arm-none-eabi/4.9.3/../../../arm-none-eabi/lib/armv7e-m/fpu/libg.a(lib_a-mprec.o)
 *fill*         0x000000000801ba54        0x4 
 .rodata.__mprec_bigtens
                0x000000000801ba58       0x28 /usr/lib/gcc/arm-none-eabi/4.9.3/../../../arm-none-eabi/lib/armv7e-m/fpu/libg.a(lib_a-mprec.o)
                0x000000000801ba58                __mprec_bigtens
 .rodata.__mprec_tinytens
                0x000000000801ba80       0x28 /usr/lib/gcc/arm-none-eabi/4.9.3/../../../arm-none-eabi/lib/armv7e-m/fpu/libg.a(lib_a-mprec.o)
                0x000000000801ba80                __mprec_tinytens
                0x000000000801baa8                . = ALIGN (0x4)

.rel.dyn        0x000000000801baa8        0x0
 .rel.iplt      0x000000000801baa8        0x0 build/objs/stm32f4xx_hal_msp.o

.ARM.extab
 *(.ARM.extab* .gnu.linkonce.armextab.*)

.ARM            0x000000000801baa8        0x0
                0x000000000801baa8                __exidx_start = .
 *(.ARM.exidx*)
                0x000000000801baa8                __exidx_end = .

.preinit_array  0x000000000801baa8        0x0
                [!provide]                        PROVIDE (__preinit_array_start, .)
 *(.preinit_array*)
                [!provide]                        PROVIDE (__preinit_array_end, .)

.init_array     0x000000000801baa8        0x0
                [!provide]                        PROVIDE (__init_array_start, .)
 *(SORT(.init_array.*))
 *(.init_array*)
                [!provide]                        PROVIDE (__init_array_end, .)

.fini_array     0x000000000801baa8        0x0
                [!provide]                        PROVIDE (__fini_array_start, .)
 *(SORT(.fini_array.*))
 *(.fini_array*)
                [!provide]                        PROVIDE (__fini_array_end, .)
                0x000000000801baa8                _sidata = LOADADDR (.data)

.data           0x0000000020000000      0xb64 load address 0x000000000801baa8
                0x0000000020000000                . = ALIGN (0x4)
                0x0000000020000000                _sdata = .
 *(.data)
 .data          0x0000000020000000        0x0 build/objs/stm32f4xx_hal_msp.o
 .data          0x0000000020000000       0x10 build/objs/usbd_cdc_if.o
                0x0000000020000000                USBD_Interface_fops_FS
 .data          0x0000000020000010        0x0 build/objs/usbd_conf.o
 .data          0x0000000020000010        0x0 build/objs/syscalls.o
 .data          0x0000000020000010        0x0 build/objs/USB_printf.o
 .data          0x0000000020000010        0x0 build/objs/gpio.o
 .data          0x0000000020000010        0x0 build/objs/SSR.o
 .data          0x0000000020000010        0x0 build/objs/MAX31855.o
 .data          0x0000000020000010        0x4 build/objs/main.o
                0x0000000020000010                main_loop_period
 .data          0x0000000020000014        0x0 build/objs/stm32f4xx_it.o
 .data          0x0000000020000014        0x0 build/objs/usb_device.o
 .data          0x0000000020000014       0x34 build/objs/usbd_desc.o
                0x0000000020000014                FS_Desc
                0x0000000020000030                USBD_FS_DeviceDesc
                0x0000000020000044                USBD_LangIDDesc
 .data          0x0000000020000048       0xca build/objs/pcd8544.o
                0x0000000020000048                brightness_levels
 .data          0x0000000020000112        0x0 build/objs/reflow_process.o
 *fill*         0x0000000020000112        0x2 
 .data          0x0000000020000114       0x48 build/objs/command_processor.o
                0x0000000020000114                allowed_commands
 .data          0x000000002000015c        0x0 build/objs/stm32f4xx_hal_dsi.o
 .data          0x000000002000015c        0x0 build/objs/stm32f4xx_hal_pcd.o
 .data          0x000000002000015c        0x0 build/objs/stm32f4xx_hal_irda.o
 .data          0x000000002000015c        0x0 build/objs/stm32f4xx_ll_fsmc.o
 .data          0x000000002000015c        0x0 build/objs/stm32f4xx_hal_cec.o
 .data          0x000000002000015c        0x0 build/objs/stm32f4xx_hal_timebase_tim_template.o
 .data          0x000000002000015c        0x0 build/objs/stm32f4xx_ll_usb.o
 .data          0x000000002000015c        0x0 build/objs/stm32f4xx_hal.o
 .data          0x000000002000015c        0x0 build/objs/stm32f4xx_hal_dcmi_ex.o
 .data          0x000000002000015c        0x0 build/objs/stm32f4xx_hal_flash_ex.o
 .data          0x000000002000015c        0x0 build/objs/stm32f4xx_hal_cryp.o
 .data          0x000000002000015c        0x0 build/objs/stm32f4xx_hal_rng.o
 .data          0x000000002000015c        0x0 build/objs/stm32f4xx_hal_nand.o
 .data          0x000000002000015c        0x0 build/objs/stm32f4xx_hal_gpio.o
 .data          0x000000002000015c        0x0 build/objs/stm32f4xx_hal_ltdc.o
 .data          0x000000002000015c        0x0 build/objs/stm32f4xx_hal_hcd.o
 .data          0x000000002000015c        0x0 build/objs/stm32f4xx_hal_pcd_ex.o
 .data          0x000000002000015c        0x0 build/objs/stm32f4xx_hal_adc.o
 .data          0x000000002000015c        0x0 build/objs/stm32f4xx_hal_adc_ex.o
 .data          0x000000002000015c        0x0 build/objs/stm32f4xx_hal_lptim.o
 .data          0x000000002000015c        0x0 build/objs/stm32f4xx_hal_spi.o
 .data          0x000000002000015c        0x0 build/objs/stm32f4xx_hal_i2c.o
 .data          0x000000002000015c        0x0 build/objs/stm32f4xx_hal_fmpi2c.o
 .data          0x000000002000015c        0x0 build/objs/stm32f4xx_hal_smartcard.o
 .data          0x000000002000015c        0x0 build/objs/stm32f4xx_hal_pccard.o
 .data          0x000000002000015c        0x0 build/objs/stm32f4xx_hal_dma2d.o
 .data          0x000000002000015c        0x0 build/objs/stm32f4xx_hal_sai.o
 .data          0x000000002000015c        0x0 build/objs/stm32f4xx_hal_cryp_ex.o
 .data          0x000000002000015c        0x0 build/objs/stm32f4xx_hal_rcc_ex.o
 .data          0x000000002000015c        0x0 build/objs/stm32f4xx_ll_fmc.o
 .data          0x000000002000015c        0x0 build/objs/stm32f4xx_hal_ltdc_ex.o
 .data          0x000000002000015c        0x0 build/objs/stm32f4xx_hal_flash_ramfunc.o
 .data          0x000000002000015c        0x0 build/objs/stm32f4xx_hal_cortex.o
 .data          0x000000002000015c        0x0 build/objs/stm32f4xx_hal_iwdg.o
 .data          0x000000002000015c        0x0 build/objs/stm32f4xx_hal_uart.o
 .data          0x000000002000015c        0x0 build/objs/stm32f4xx_hal_tim_ex.o
 .data          0x000000002000015c        0x0 build/objs/stm32f4xx_hal_i2c_ex.o
 .data          0x000000002000015c        0x0 build/objs/stm32f4xx_hal_dma.o
 .data          0x000000002000015c        0x0 build/objs/stm32f4xx_hal_dac.o
 .data          0x000000002000015c        0x0 build/objs/stm32f4xx_hal_spdifrx.o
 .data          0x000000002000015c        0x0 build/objs/stm32f4xx_hal_fmpi2c_ex.o
 .data          0x000000002000015c        0x0 build/objs/stm32f4xx_ll_sdmmc.o
 .data          0x000000002000015c        0x0 build/objs/stm32f4xx_hal_i2s_ex.o
 .data          0x000000002000015c        0x0 build/objs/stm32f4xx_hal_can.o
 .data          0x000000002000015c        0x0 build/objs/stm32f4xx_hal_nor.o
 .data          0x000000002000015c        0x0 build/objs/stm32f4xx_hal_pwr.o
 .data          0x000000002000015c        0x0 build/objs/stm32f4xx_hal_rtc.o
 .data          0x000000002000015c        0x0 build/objs/stm32f4xx_hal_qspi.o
 .data          0x000000002000015c        0x0 build/objs/stm32f4xx_hal_hash_ex.o
 .data          0x000000002000015c        0x0 build/objs/stm32f4xx_hal_i2s.o
 .data          0x000000002000015c        0x0 build/objs/stm32f4xx_hal_sram.o
 .data          0x000000002000015c        0x0 build/objs/stm32f4xx_hal_hash.o
 .data          0x000000002000015c        0x0 build/objs/stm32f4xx_hal_eth.o
 .data          0x000000002000015c        0x0 build/objs/stm32f4xx_hal_tim.o
 .data          0x000000002000015c        0x0 build/objs/stm32f4xx_hal_dma_ex.o
 .data          0x000000002000015c        0x0 build/objs/stm32f4xx_hal_sd.o
 .data          0x000000002000015c        0x0 build/objs/stm32f4xx_hal_sai_ex.o
 .data          0x000000002000015c        0x0 build/objs/stm32f4xx_hal_rcc.o
 .data          0x000000002000015c        0x0 build/objs/stm32f4xx_hal_wwdg.o
 .data          0x000000002000015c        0x0 build/objs/stm32f4xx_hal_dac_ex.o
 .data          0x000000002000015c        0x0 build/objs/stm32f4xx_hal_rtc_ex.o
 .data          0x000000002000015c        0x0 build/objs/stm32f4xx_hal_pwr_ex.o
 .data          0x000000002000015c        0x0 build/objs/stm32f4xx_hal_dcmi.o
 .data          0x000000002000015c        0x0 build/objs/stm32f4xx_hal_sdram.o
 .data          0x000000002000015c        0x0 build/objs/stm32f4xx_hal_flash.o
 .data          0x000000002000015c        0x0 build/objs/stm32f4xx_hal_crc.o
 .data          0x000000002000015c        0x0 build/objs/stm32f4xx_hal_usart.o
 .data          0x000000002000015c       0x1c build/objs/stm32f4_discovery.o
                0x000000002000015c                GPIO_PORT
                0x000000002000016c                BUTTON_PORT
                0x0000000020000170                I2cxTimeout
                0x0000000020000174                SpixTimeout
 .data          0x0000000020000178        0x4 build/objs/system_stm32f4xx.o
                0x0000000020000178                SystemCoreClock
 .data          0x000000002000017c        0x0 build/objs/usbd_core.o
 .data          0x000000002000017c        0x0 build/objs/usbd_ctlreq.o
 .data          0x000000002000017c        0x0 build/objs/usbd_ioreq.o
 .data          0x000000002000017c       0x18 build/objs/usbd_cdc_if_template.o
                0x000000002000017c                USBD_CDC_Template_fops
                0x000000002000018c                linecoding
 .data          0x0000000020000194      0x110 build/objs/usbd_cdc.o
                0x00000000200001a0                USBD_CDC
                0x00000000200001d8                USBD_CDC_CfgHSDesc
                0x000000002000021c                USBD_CDC_CfgFSDesc
                0x0000000020000260                USBD_CDC_OtherSpeedCfgDesc
 .data          0x00000000200002a4        0x0 build/objs/startup_stm32f407xx.o
 .data          0x00000000200002a4        0x0 /usr/lib/gcc/arm-none-eabi/4.9.3/armv7e-m/fpu/libgcc.a(_arm_addsubdf3.o)
 .data          0x00000000200002a4        0x0 /usr/lib/gcc/arm-none-eabi/4.9.3/armv7e-m/fpu/libgcc.a(_arm_muldivdf3.o)
 .data          0x00000000200002a4        0x0 /usr/lib/gcc/arm-none-eabi/4.9.3/armv7e-m/fpu/libgcc.a(_arm_truncdfsf2.o)
 .data          0x00000000200002a4        0x0 /usr/lib/gcc/arm-none-eabi/4.9.3/../../../arm-none-eabi/lib/armv7e-m/fpu/libg.a(lib_a-atof.o)
 .data          0x00000000200002a4        0x0 /usr/lib/gcc/arm-none-eabi/4.9.3/../../../arm-none-eabi/lib/armv7e-m/fpu/libg.a(lib_a-atoi.o)
 .data          0x00000000200002a4        0x0 /usr/lib/gcc/arm-none-eabi/4.9.3/../../../arm-none-eabi/lib/armv7e-m/fpu/libg.a(lib_a-errno.o)
 .data          0x00000000200002a4        0x0 /usr/lib/gcc/arm-none-eabi/4.9.3/../../../arm-none-eabi/lib/armv7e-m/fpu/libg.a(lib_a-impure.o)
 .data          0x00000000200002a4        0x0 /usr/lib/gcc/arm-none-eabi/4.9.3/../../../arm-none-eabi/lib/armv7e-m/fpu/libg.a(lib_a-malloc.o)
 .data          0x00000000200002a4        0x0 /usr/lib/gcc/arm-none-eabi/4.9.3/../../../arm-none-eabi/lib/armv7e-m/fpu/libg.a(lib_a-mallocr.o)
 .data          0x00000000200002a4        0x0 /usr/lib/gcc/arm-none-eabi/4.9.3/../../../arm-none-eabi/lib/armv7e-m/fpu/libg.a(lib_a-mlock.o)
 .data          0x00000000200002a4        0x0 /usr/lib/gcc/arm-none-eabi/4.9.3/../../../arm-none-eabi/lib/armv7e-m/fpu/libg.a(lib_a-sbrkr.o)
 .data          0x00000000200002a4        0x0 /usr/lib/gcc/arm-none-eabi/4.9.3/../../../arm-none-eabi/lib/armv7e-m/fpu/libg.a(lib_a-strcmp.o)
 .data          0x00000000200002a4        0x0 /usr/lib/gcc/arm-none-eabi/4.9.3/../../../arm-none-eabi/lib/armv7e-m/fpu/libg.a(lib_a-strtod.o)
 .data          0x00000000200002a4        0x0 /usr/lib/gcc/arm-none-eabi/4.9.3/../../../arm-none-eabi/lib/armv7e-m/fpu/libg.a(lib_a-strtok.o)
 .data          0x00000000200002a4        0x0 /usr/lib/gcc/arm-none-eabi/4.9.3/../../../arm-none-eabi/lib/armv7e-m/fpu/libg.a(lib_a-strtok_r.o)
 .data          0x00000000200002a4        0x0 /usr/lib/gcc/arm-none-eabi/4.9.3/../../../arm-none-eabi/lib/armv7e-m/fpu/libg.a(lib_a-strtol.o)
 .data          0x00000000200002a4        0x0 /usr/lib/gcc/arm-none-eabi/4.9.3/../../../arm-none-eabi/lib/armv7e-m/fpu/libg.a(lib_a-ctype_.o)
 .data          0x00000000200002a4        0x0 /usr/lib/gcc/arm-none-eabi/4.9.3/../../../arm-none-eabi/lib/armv7e-m/fpu/libg.a(lib_a-freer.o)
 .data          0x00000000200002a4        0x0 /usr/lib/gcc/arm-none-eabi/4.9.3/../../../arm-none-eabi/lib/armv7e-m/fpu/libg.a(lib_a-gdtoa-gethex.o)
 .data          0x00000000200002a4        0x0 /usr/lib/gcc/arm-none-eabi/4.9.3/../../../arm-none-eabi/lib/armv7e-m/fpu/libg.a(lib_a-gdtoa-hexnan.o)
 .data          0x00000000200002a4        0x0 /usr/lib/gcc/arm-none-eabi/4.9.3/../../../arm-none-eabi/lib/armv7e-m/fpu/libg.a(lib_a-locale.o)
 .data          0x00000000200002a4        0x0 /usr/lib/gcc/arm-none-eabi/4.9.3/../../../arm-none-eabi/lib/armv7e-m/fpu/libg.a(lib_a-memcpy.o)
 .data          0x00000000200002a4        0x0 /usr/lib/gcc/arm-none-eabi/4.9.3/../../../arm-none-eabi/lib/armv7e-m/fpu/libg.a(lib_a-mprec.o)
 .data          0x00000000200002a4        0x0 /usr/lib/gcc/arm-none-eabi/4.9.3/../../../arm-none-eabi/lib/armv7e-m/fpu/libg.a(lib_a-reent.o)
 .data          0x00000000200002a4        0x0 /usr/lib/gcc/arm-none-eabi/4.9.3/../../../arm-none-eabi/lib/armv7e-m/fpu/libg.a(lib_a-s_fpclassify.o)
 .data          0x00000000200002a4        0x0 /usr/lib/gcc/arm-none-eabi/4.9.3/../../../arm-none-eabi/lib/armv7e-m/fpu/libg.a(lib_a-sf_nan.o)
 .data          0x00000000200002a4        0x0 /usr/lib/gcc/arm-none-eabi/4.9.3/../../../arm-none-eabi/lib/armv7e-m/fpu/libg.a(lib_a-strlen.o)
 .data          0x00000000200002a4        0x0 /usr/lib/gcc/arm-none-eabi/4.9.3/../../../arm-none-eabi/lib/armv7e-m/fpu/libg.a(lib_a-strncmp.o)
 .data          0x00000000200002a4        0x0 /usr/lib/gcc/arm-none-eabi/4.9.3/../../../arm-none-eabi/lib/armv7e-m/fpu/libg.a(lib_a-callocr.o)
 .data          0x00000000200002a4        0x0 /usr/lib/gcc/arm-none-eabi/4.9.3/../../../arm-none-eabi/lib/armv7e-m/fpu/libg.a(lib_a-memset.o)
 .data          0x00000000200002a4        0x0 /usr/lib/gcc/arm-none-eabi/4.9.3/armv7e-m/fpu/libgcc.a(_arm_cmpdf2.o)
 .data          0x00000000200002a4        0x0 /usr/lib/gcc/arm-none-eabi/4.9.3/armv7e-m/fpu/libgcc.a(_arm_fixdfsi.o)
 .data          0x00000000200002a4        0x0 /usr/lib/gcc/arm-none-eabi/4.9.3/armv7e-m/fpu/libgcc.a(_arm_fixunsdfsi.o)
 *(.data*)
 *fill*         0x00000000200002a4        0x4 
 .data.impure_data
                0x00000000200002a8      0x428 /usr/lib/gcc/arm-none-eabi/4.9.3/../../../arm-none-eabi/lib/armv7e-m/fpu/libg.a(lib_a-impure.o)
 .data._impure_ptr