Archive member included to satisfy reference by file (symbol)

/usr/lib/gcc/arm-none-eabi/4.9.3/../../../arm-none-eabi/lib/armv7e-m/fpu/libg.a(lib_a-errno.o)
                              build/objs/syscalls.o (__errno)
/usr/lib/gcc/arm-none-eabi/4.9.3/../../../arm-none-eabi/lib/armv7e-m/fpu/libg.a(lib_a-impure.o)
                              /usr/lib/gcc/arm-none-eabi/4.9.3/../../../arm-none-eabi/lib/armv7e-m/fpu/libg.a(lib_a-errno.o) (_impure_ptr)
/usr/lib/gcc/arm-none-eabi/4.9.3/../../../arm-none-eabi/lib/armv7e-m/fpu/libg.a(lib_a-malloc.o)
                              build/objs/usbd_cdc.o (malloc)
/usr/lib/gcc/arm-none-eabi/4.9.3/../../../arm-none-eabi/lib/armv7e-m/fpu/libg.a(lib_a-mallocr.o)
                              /usr/lib/gcc/arm-none-eabi/4.9.3/../../../arm-none-eabi/lib/armv7e-m/fpu/libg.a(lib_a-malloc.o) (_malloc_r)
/usr/lib/gcc/arm-none-eabi/4.9.3/../../../arm-none-eabi/lib/armv7e-m/fpu/libg.a(lib_a-mlock.o)
                              /usr/lib/gcc/arm-none-eabi/4.9.3/../../../arm-none-eabi/lib/armv7e-m/fpu/libg.a(lib_a-mallocr.o) (__malloc_lock)
/usr/lib/gcc/arm-none-eabi/4.9.3/../../../arm-none-eabi/lib/armv7e-m/fpu/libg.a(lib_a-sbrkr.o)
                              /usr/lib/gcc/arm-none-eabi/4.9.3/../../../arm-none-eabi/lib/armv7e-m/fpu/libg.a(lib_a-mallocr.o) (_sbrk_r)
/usr/lib/gcc/arm-none-eabi/4.9.3/../../../arm-none-eabi/lib/armv7e-m/fpu/libg.a(lib_a-freer.o)
                              /usr/lib/gcc/arm-none-eabi/4.9.3/../../../arm-none-eabi/lib/armv7e-m/fpu/libg.a(lib_a-malloc.o) (_free_r)
/usr/lib/gcc/arm-none-eabi/4.9.3/../../../arm-none-eabi/lib/armv7e-m/fpu/libg.a(lib_a-reent.o)
                              /usr/lib/gcc/arm-none-eabi/4.9.3/../../../arm-none-eabi/lib/armv7e-m/fpu/libg.a(lib_a-sbrkr.o) (errno)

Allocating common symbols
Common symbol       size              file

PCD8544_y           0x1               build/objs/pcd8544.o
hUsbDeviceFS        0x224             build/objs/usb_device.o
hUsbDevice_0        0x4               build/objs/usbd_cdc_if.o
PCD8544_x           0x1               build/objs/pcd8544.o
PCD8544_Buffer      0x1f8             build/objs/pcd8544.o
errno               0x4               /usr/lib/gcc/arm-none-eabi/4.9.3/../../../arm-none-eabi/lib/armv7e-m/fpu/libg.a(lib_a-reent.o)
hpcd_USB_OTG_FS     0x3b8             build/objs/usbd_conf.o
uwTick              0x4               build/objs/stm32f4xx_hal.o
pFlash              0x20              build/objs/stm32f4xx_hal_flash.o
UserRxBufferFS      0x4               build/objs/usbd_cdc_if.o
UserTxBufferFS      0x4               build/objs/usbd_cdc_if.o
hSPI                0x58              build/objs/pcd8544.o
TIM_OC_init         0x1c              build/objs/SSR.o
hTIM                0x3c              build/objs/SSR.o
USBD_StrDesc        0x200             build/objs/usbd_desc.o
TimHandle           0x3c              build/objs/stm32f4xx_hal_timebase_tim_template.o

Memory Configuration

Name             Origin             Length             Attributes
FLASH            0x0000000008000000 0x0000000000100000 xr
RAM              0x0000000020000000 0x0000000000020000 xrw
CCMRAM           0x0000000010000000 0x0000000000010000 rw
*default*        0x0000000000000000 0xffffffffffffffff

Linker script and memory map

LOAD build/objs/usbd_cdc_if.o
LOAD build/objs/usbd_conf.o
LOAD build/objs/syscalls.o
LOAD build/objs/stm32f4xx_hal_msp.o
LOAD build/objs/gpio.o
LOAD build/objs/SSR.o
LOAD build/objs/main.o
LOAD build/objs/stm32f4xx_it.o
LOAD build/objs/usb_device.o
LOAD build/objs/usbd_desc.o
LOAD build/objs/pcd8544.o
LOAD build/objs/stm32f4xx_hal_dsi.o
LOAD build/objs/stm32f4xx_hal_pcd.o
LOAD build/objs/stm32f4xx_hal_irda.o
LOAD build/objs/stm32f4xx_ll_fsmc.o
LOAD build/objs/stm32f4xx_hal_cec.o
LOAD build/objs/stm32f4xx_hal_timebase_tim_template.o
LOAD build/objs/stm32f4xx_ll_usb.o
LOAD build/objs/stm32f4xx_hal.o
LOAD build/objs/stm32f4xx_hal_dcmi_ex.o
LOAD build/objs/stm32f4xx_hal_flash_ex.o
LOAD build/objs/stm32f4xx_hal_cryp.o
LOAD build/objs/stm32f4xx_hal_rng.o
LOAD build/objs/stm32f4xx_hal_nand.o
LOAD build/objs/stm32f4xx_hal_gpio.o
LOAD build/objs/stm32f4xx_hal_ltdc.o
LOAD build/objs/stm32f4xx_hal_hcd.o
LOAD build/objs/stm32f4xx_hal_pcd_ex.o
LOAD build/objs/stm32f4xx_hal_adc.o
LOAD build/objs/stm32f4xx_hal_adc_ex.o
LOAD build/objs/stm32f4xx_hal_lptim.o
LOAD build/objs/stm32f4xx_hal_spi.o
LOAD build/objs/stm32f4xx_hal_i2c.o
LOAD build/objs/stm32f4xx_hal_fmpi2c.o
LOAD build/objs/stm32f4xx_hal_smartcard.o
LOAD build/objs/stm32f4xx_hal_pccard.o
LOAD build/objs/stm32f4xx_hal_dma2d.o
LOAD build/objs/stm32f4xx_hal_sai.o
LOAD build/objs/stm32f4xx_hal_cryp_ex.o
LOAD build/objs/stm32f4xx_hal_rcc_ex.o
LOAD build/objs/stm32f4xx_ll_fmc.o
LOAD build/objs/stm32f4xx_hal_ltdc_ex.o
LOAD build/objs/stm32f4xx_hal_flash_ramfunc.o
LOAD build/objs/stm32f4xx_hal_cortex.o
LOAD build/objs/stm32f4xx_hal_iwdg.o
LOAD build/objs/stm32f4xx_hal_uart.o
LOAD build/objs/stm32f4xx_hal_tim_ex.o
LOAD build/objs/stm32f4xx_hal_i2c_ex.o
LOAD build/objs/stm32f4xx_hal_dma.o
LOAD build/objs/stm32f4xx_hal_dac.o
LOAD build/objs/stm32f4xx_hal_spdifrx.o
LOAD build/objs/stm32f4xx_hal_fmpi2c_ex.o
LOAD build/objs/stm32f4xx_ll_sdmmc.o
LOAD build/objs/stm32f4xx_hal_i2s_ex.o
LOAD build/objs/stm32f4xx_hal_can.o
LOAD build/objs/stm32f4xx_hal_nor.o
LOAD build/objs/stm32f4xx_hal_pwr.o
LOAD build/objs/stm32f4xx_hal_rtc.o
LOAD build/objs/stm32f4xx_hal_qspi.o
LOAD build/objs/stm32f4xx_hal_hash_ex.o
LOAD build/objs/stm32f4xx_hal_i2s.o
LOAD build/objs/stm32f4xx_hal_sram.o
LOAD build/objs/stm32f4xx_hal_hash.o
LOAD build/objs/stm32f4xx_hal_eth.o
LOAD build/objs/stm32f4xx_hal_tim.o
LOAD build/objs/stm32f4xx_hal_dma_ex.o
LOAD build/objs/stm32f4xx_hal_sd.o
LOAD build/objs/stm32f4xx_hal_sai_ex.o
LOAD build/objs/stm32f4xx_hal_rcc.o
LOAD build/objs/stm32f4xx_hal_wwdg.o
LOAD build/objs/stm32f4xx_hal_dac_ex.o
LOAD build/objs/stm32f4xx_hal_rtc_ex.o
LOAD build/objs/stm32f4xx_hal_pwr_ex.o
LOAD build/objs/stm32f4xx_hal_dcmi.o
LOAD build/objs/stm32f4xx_hal_sdram.o
LOAD build/objs/stm32f4xx_hal_flash.o
LOAD build/objs/stm32f4xx_hal_crc.o
LOAD build/objs/stm32f4xx_hal_usart.o
LOAD build/objs/stm32f4_discovery.o
LOAD build/objs/system_stm32f4xx.o
LOAD build/objs/usbd_core.o
LOAD build/objs/usbd_ctlreq.o
LOAD build/objs/usbd_ioreq.o
LOAD build/objs/usbd_cdc_if_template.o
LOAD build/objs/usbd_cdc.o
LOAD build/objs/startup_stm32f407xx.o
START GROUP
LOAD /usr/lib/gcc/arm-none-eabi/4.9.3/armv7e-m/fpu/libgcc.a
LOAD /usr/lib/gcc/arm-none-eabi/4.9.3/../../../arm-none-eabi/lib/armv7e-m/fpu/libg.a
LOAD /usr/lib/gcc/arm-none-eabi/4.9.3/../../../arm-none-eabi/lib/armv7e-m/fpu/libc.a
END GROUP
                0x000000002001ffff                _estack = 0x2001ffff
                0x0000000000000200                _Min_Heap_Size = 0x200
                0x0000000000000400                _Min_Stack_Size = 0x400

.isr_vector     0x0000000008000000      0x188
                0x0000000008000000                . = ALIGN (0x4)
 *(.isr_vector)
 .isr_vector    0x0000000008000000      0x188 build/objs/startup_stm32f407xx.o
                0x0000000008000000                g_pfnVectors
                0x0000000008000188                . = ALIGN (0x4)

.text           0x0000000008000188    0x16d74
                0x0000000008000188                . = ALIGN (0x4)
 *(.text)
 .text          0x0000000008000188      0x1a4 build/objs/usbd_cdc_if.o
                0x00000000080002d8                CDC_Transmit_FS
 .text          0x000000000800032c      0x588 build/objs/usbd_conf.o
                0x000000000800032c                HAL_PCD_MspInit
                0x00000000080003a8                HAL_PCD_MspDeInit
                0x00000000080003e4                HAL_PCD_SetupStageCallback
                0x0000000008000408                HAL_PCD_DataOutStageCallback
                0x0000000008000440                HAL_PCD_DataInStageCallback
                0x0000000008000474                HAL_PCD_SOFCallback
                0x0000000008000490                HAL_PCD_ResetCallback
                0x00000000080004e0                HAL_PCD_SuspendCallback
                0x000000000800052c                HAL_PCD_ResumeCallback
                0x0000000008000548                HAL_PCD_ISOOUTIncompleteCallback
                0x000000000800056c                HAL_PCD_ISOINIncompleteCallback
                0x0000000008000590                HAL_PCD_ConnectCallback
                0x00000000080005ac                HAL_PCD_DisconnectCallback
                0x00000000080005c8                USBD_LL_Init
                0x000000000800065c                USBD_LL_DeInit
                0x000000000800067c                USBD_LL_Start
                0x000000000800069c                USBD_LL_Stop
                0x00000000080006bc                USBD_LL_OpenEP
                0x00000000080006f0                USBD_LL_CloseEP
                0x0000000008000718                USBD_LL_FlushEP
                0x0000000008000740                USBD_LL_StallEP
                0x0000000008000768                USBD_LL_ClearStallEP
                0x0000000008000790                USBD_LL_IsStallEP
                0x00000000080007e8                USBD_LL_SetUSBAddress
                0x0000000008000810                USBD_LL_Transmit
                0x0000000008000844                USBD_LL_PrepareReceive
                0x0000000008000878                USBD_LL_GetRxDataSize
                0x00000000080008a0                USBD_LL_Delay
 .text          0x00000000080008b4      0x2b8 build/objs/syscalls.o
                0x00000000080008b4                _sbrk
                0x0000000008000920                _gettimeofday
                0x000000000800094c                initialise_monitor_handles
                0x0000000008000958                _getpid
                0x0000000008000968                _kill
                0x0000000008000988                _exit
                0x000000000800099c                _write
                0x00000000080009d4                _close
                0x00000000080009ec                _fstat
                0x0000000008000a0c                _isatty
                0x0000000008000a24                _lseek
                0x0000000008000a40                _read
                0x0000000008000a7c                _open
                0x0000000008000a98                _wait
                0x0000000008000ab8                _unlink
                0x0000000008000ad8                _times
                0x0000000008000af0                _stat
                0x0000000008000b10                _link
                0x0000000008000b30                _fork
                0x0000000008000b48                _execve
 .text          0x0000000008000b6c       0x48 build/objs/stm32f4xx_hal_msp.o
                0x0000000008000b6c                HAL_MspInit
 .text          0x0000000008000bb4       0x4c build/objs/gpio.o
                0x0000000008000bb4                MX_GPIO_Init
 .text          0x0000000008000c00      0x100 build/objs/SSR.o
                0x0000000008000c00                SSR_init
                0x0000000008000c94                SSR_start
                0x0000000008000cb8                SSR_stop
                0x0000000008000ce0                SSR_set_duty_cycle
 .text          0x0000000008000d00      0x194 build/objs/main.o
                0x0000000008000d00                main
                0x0000000008000dd0                SystemClock_Config
 .text          0x0000000008000e94       0x20 build/objs/stm32f4xx_it.o
                0x0000000008000e94                SysTick_Handler
                0x0000000008000ea4                OTG_FS_IRQHandler
 .text          0x0000000008000eb4       0x38 build/objs/usb_device.o
                0x0000000008000eb4                MX_USB_DEVICE_Init
 .text          0x0000000008000eec      0x160 build/objs/usbd_desc.o
                0x0000000008000eec                USBD_FS_DeviceDescriptor
                0x0000000008000f10                USBD_FS_LangIDStrDescriptor
                0x0000000008000f34                USBD_FS_ProductStrDescriptor
                0x0000000008000f70                USBD_FS_ManufacturerStrDescriptor
                0x0000000008000f98                USBD_FS_SerialStrDescriptor
                0x0000000008000fd4                USBD_FS_ConfigStrDescriptor
                0x0000000008001010                USBD_FS_InterfaceStrDescriptor
 .text          0x000000000800104c      0xed4 build/objs/pcd8544.o
                0x000000000800104c                PCD8544_InitIO
                0x00000000080012a4                PCD8544_send
                0x00000000080012e4                PCD8544_Pin
                0x0000000008001350                PCD8544_Delay
                0x0000000008001378                PCD8544_Init
                0x00000000080013f0                PCD8544_Write
                0x0000000008001430                PCD8544_SetContrast
                0x000000000800146c                PCD8544_DrawPixel
                0x0000000008001528                PCD8544_Invert
                0x0000000008001550                PCD8544_Clear
                0x000000000800159c                PCD8544_Home
                0x00000000080015b4                PCD8544_Refresh
                0x0000000008001670                PCD8544_UpdateArea
                0x00000000080016e8                PCD8544_GotoXY
                0x0000000008001718                PCD8544_Putc
                0x000000000800186c                PCD8544_Puts
                0x00000000080018a4                PCD8544_DrawLine
                0x0000000008001a60                PCD8544_DrawRectangle
                0x0000000008001acc                PCD8544_DrawFilledRectangle
                0x0000000008001b14                PCD8544_DrawCircle
                0x0000000008001d08                PCD8544_DrawFilledCircle
                0x0000000008001eec                PCD8544_SetBacklight
 .text          0x0000000008001f20        0x0 build/objs/stm32f4xx_hal_dsi.o
 .text          0x0000000008001f20     0x1290 build/objs/stm32f4xx_hal_pcd.o
                0x0000000008001f20                HAL_PCD_Init
                0x0000000008002130                HAL_PCD_DeInit
                0x0000000008002190                HAL_PCD_Start
                0x00000000080021d4                HAL_PCD_Stop
                0x0000000008002224                HAL_PCD_IRQHandler
                0x0000000008002ab0                HAL_PCD_DevConnect
                0x0000000008002aec                HAL_PCD_DevDisconnect
                0x0000000008002b28                HAL_PCD_SetAddress
                0x0000000008002b6c                HAL_PCD_EP_Open
                0x0000000008002c3c                HAL_PCD_EP_Close
                0x0000000008002cd0                HAL_PCD_EP_Receive
                0x0000000008002d88                HAL_PCD_EP_GetRxCount
                0x0000000008002dbc                HAL_PCD_EP_Transmit
                0x0000000008002e70                HAL_PCD_EP_SetStall
                0x0000000008002f28                HAL_PCD_EP_ClrStall
                0x0000000008002fbc                HAL_PCD_EP_Flush
                0x0000000008003018                HAL_PCD_ActivateRemoteWakeup
                0x000000000800305c                HAL_PCD_DeActivateRemoteWakeup
                0x0000000008003090                HAL_PCD_GetState
 .text          0x00000000080031b0        0x0 build/objs/stm32f4xx_hal_irda.o
 .text          0x00000000080031b0        0x0 build/objs/stm32f4xx_ll_fsmc.o
 .text          0x00000000080031b0        0x0 build/objs/stm32f4xx_hal_cec.o
 .text          0x00000000080031b0      0x12c build/objs/stm32f4xx_hal_timebase_tim_template.o
                0x00000000080031b0                HAL_InitTick
                0x0000000008003278                HAL_SuspendTick
                0x0000000008003298                HAL_ResumeTick
                0x00000000080032b8                HAL_TIM_PeriodElapsedCallback
                0x00000000080032cc                TIM6_DAC_IRQHandler
 .text          0x00000000080032dc     0x2180 build/objs/stm32f4xx_ll_usb.o
                0x00000000080032dc                USB_CoreInit
                0x0000000008003380                USB_EnableGlobalInt
                0x00000000080033a4                USB_DisableGlobalInt
                0x00000000080033c8                USB_SetCurrentMode
                0x0000000008003418                USB_DevInit
                0x0000000008003670                USB_FlushTxFifo
                0x00000000080036bc                USB_FlushRxFifo
                0x0000000008003700                USB_SetDevSpeed
                0x0000000008003730                USB_GetDevSpeed
                0x000000000800379c                USB_ActivateEndpoint
                0x00000000080038b0                USB_ActivateDedicatedEndpoint
                0x0000000008003a38                USB_DeactivateEndpoint
                0x0000000008003b30                USB_DeactivateDedicatedEndpoint
                0x0000000008003be4                USB_EPStartXfer
                0x0000000008004068                USB_EP0StartXfer
                0x0000000008004324                USB_WritePacket
                0x0000000008004390                USB_ReadPacket
                0x00000000080043e0                USB_EPSetStall
                0x00000000080044c4                USB_EPClearStall
                0x00000000080045a0                USB_StopDevice
                0x0000000008004628                USB_SetDevAddress
                0x0000000008004674                USB_DevConnect
                0x00000000080046a4                USB_DevDisconnect
                0x00000000080046d4                USB_ReadInterrupts
                0x0000000008004700                USB_ReadDevAllOutEpInterrupt
                0x0000000008004730                USB_ReadDevAllInEpInterrupt
                0x0000000008004760                USB_ReadDevOutEPInterrupt
                0x0000000008004798                USB_ReadDevInEPInterrupt
                0x00000000080047ec                USB_ClearInterrupts
                0x000000000800480c                USB_GetMode
                0x0000000008004828                USB_ActivateSetup
                0x0000000008004894                USB_EP0_OutStart
                0x0000000008004988                USB_HostInit
                0x0000000008004ae0                USB_InitFSLSPClkSel
                0x0000000008004b54                USB_ResetPort
                0x0000000008004ba0                USB_DriveVbus
                0x0000000008004c0c                USB_GetHostSpeed
                0x0000000008004c34                USB_GetCurrentFrame
                0x0000000008004c54                USB_HC_Init
                0x0000000008004e4c                USB_HC_StartXfer
                0x00000000080050c4                USB_HC_ReadInterrupt
                0x00000000080050e4                USB_HC_Halt
                0x00000000080052e4                USB_DoPing
                0x000000000800535c                USB_StopHost
 .text          0x000000000800545c      0x2dc build/objs/stm32f4xx_hal.o
                0x000000000800545c                HAL_Init
                0x00000000080054a0                HAL_DeInit
                0x0000000008005504                HAL_MspDeInit
                0x0000000008005548                HAL_IncTick
                0x0000000008005564                HAL_GetTick
                0x000000000800557c                HAL_Delay
                0x00000000080055e0                HAL_GetHalVersion
                0x00000000080055f4                HAL_GetREVID
                0x000000000800560c                HAL_GetDEVID
                0x0000000008005628                HAL_DBGMCU_EnableDBGSleepMode
                0x0000000008005644                HAL_DBGMCU_DisableDBGSleepMode
                0x0000000008005660                HAL_DBGMCU_EnableDBGStopMode
                0x000000000800567c                HAL_DBGMCU_DisableDBGStopMode
                0x0000000008005698                HAL_DBGMCU_EnableDBGStandbyMode
                0x00000000080056b4                HAL_DBGMCU_DisableDBGStandbyMode
                0x00000000080056d0                HAL_EnableCompensationCell
                0x0000000008005704                HAL_DisableCompensationCell
 .text          0x0000000008005738        0x0 build/objs/stm32f4xx_hal_dcmi_ex.o
 .text          0x0000000008005738      0x60c build/objs/stm32f4xx_hal_flash_ex.o
                0x0000000008005738                HAL_FLASHEx_Erase
                0x0000000008005818                HAL_FLASHEx_Erase_IT
                0x00000000080058c4                HAL_FLASHEx_OBProgram
                0x00000000080059a4                HAL_FLASHEx_OBGetConfig
                0x0000000008005a2c                FLASH_Erase_Sector
                0x0000000008005cbc                FLASH_FlushCaches
 .text          0x0000000008005d44        0x0 build/objs/stm32f4xx_hal_cryp.o
 .text          0x0000000008005d44        0x0 build/objs/stm32f4xx_hal_rng.o
 .text          0x0000000008005d44        0x0 build/objs/stm32f4xx_hal_nand.o
 .text          0x0000000008005d44      0x658 build/objs/stm32f4xx_hal_gpio.o
                0x0000000008005d44                HAL_GPIO_Init
                0x0000000008006080                HAL_GPIO_DeInit
                0x0000000008006284                HAL_GPIO_ReadPin
                0x00000000080062b4                HAL_GPIO_WritePin
                0x00000000080062e4                HAL_GPIO_TogglePin
                0x0000000008006308                HAL_GPIO_LockPin
                0x0000000008006358                HAL_GPIO_EXTI_IRQHandler
                0x0000000008006388                HAL_GPIO_EXTI_Callback
 .text          0x000000000800639c        0x0 build/objs/stm32f4xx_hal_ltdc.o
 .text          0x000000000800639c        0x0 build/objs/stm32f4xx_hal_hcd.o
 .text          0x000000000800639c       0xbc build/objs/stm32f4xx_hal_pcd_ex.o
                0x000000000800639c                HAL_PCDEx_SetTxFiFo
                0x0000000008006434                HAL_PCDEx_SetRxFiFo
 .text          0x0000000008006458        0x0 build/objs/stm32f4xx_hal_adc.o
 .text          0x0000000008006458        0x0 build/objs/stm32f4xx_hal_adc_ex.o
 .text          0x0000000008006458        0x0 build/objs/stm32f4xx_hal_lptim.o
 .text          0x0000000008006458     0x1f30 build/objs/stm32f4xx_hal_spi.o
                0x0000000008006458                HAL_SPI_Init
                0x000000000800652c                HAL_SPI_DeInit
                0x000000000800657c                HAL_SPI_MspInit
                0x0000000008006590                HAL_SPI_MspDeInit
                0x00000000080065a4                HAL_SPI_Transmit
                0x00000000080067dc                HAL_SPI_Receive
                0x0000000008006aec                HAL_SPI_TransmitReceive
                0x0000000008006e1c                HAL_SPI_Transmit_IT
                0x0000000008006f64                HAL_SPI_Receive_IT
                0x00000000080070b8                HAL_SPI_TransmitReceive_IT
                0x0000000008007208                HAL_SPI_Transmit_DMA
                0x000000000800735c                HAL_SPI_Receive_DMA
                0x00000000080074d4                HAL_SPI_TransmitReceive_DMA
                0x00000000080076a8                HAL_SPI_DMAPause
                0x00000000080076ec                HAL_SPI_DMAResume
                0x0000000008007730                HAL_SPI_DMAStop
                0x0000000008007780                HAL_SPI_IRQHandler
                0x00000000080078ac                HAL_SPI_TxCpltCallback
                0x00000000080078c0                HAL_SPI_RxCpltCallback
                0x00000000080078d4                HAL_SPI_TxRxCpltCallback
                0x00000000080078e8                HAL_SPI_TxHalfCpltCallback
                0x00000000080078fc                HAL_SPI_RxHalfCpltCallback
                0x0000000008007910                HAL_SPI_TxRxHalfCpltCallback
                0x0000000008007924                HAL_SPI_ErrorCallback
                0x0000000008007938                HAL_SPI_GetState
                0x0000000008007954                HAL_SPI_GetError
 .text          0x0000000008008388     0x4618 build/objs/stm32f4xx_hal_i2c.o
                0x0000000008008388                HAL_I2C_Init
                0x0000000008008548                HAL_I2C_DeInit
                0x00000000080085a8                HAL_I2C_MspInit
                0x00000000080085bc                HAL_I2C_MspDeInit
                0x00000000080085d0                HAL_I2C_Master_Transmit
                0x0000000008008774                HAL_I2C_Master_Receive
                0x0000000008008ab4                HAL_I2C_Slave_Transmit
                0x0000000008008c84                HAL_I2C_Slave_Receive
                0x0000000008008e4c                HAL_I2C_Master_Transmit_IT
                0x0000000008008f94                HAL_I2C_Master_Receive_IT
                0x000000000800917c                HAL_I2C_Master_Sequential_Transmit_IT
                0x00000000080092dc                HAL_I2C_Master_Sequential_Receive_IT
                0x0000000008009548                HAL_I2C_Slave_Transmit_IT
                0x000000000800961c                HAL_I2C_Slave_Receive_IT
                0x00000000080096f0                HAL_I2C_Slave_Sequential_Transmit_IT
                0x00000000080097b0                HAL_I2C_Slave_Sequential_Receive_IT
                0x0000000008009870                HAL_I2C_EnableListen_IT
                0x00000000080098c0                HAL_I2C_DisableListen_IT
                0x0000000008009938                HAL_I2C_Master_Transmit_DMA
                0x0000000008009af4                HAL_I2C_Master_Receive_DMA
                0x0000000008009cbc                HAL_I2C_Master_Abort_IT
                0x0000000008009d64                HAL_I2C_Slave_Transmit_DMA
                0x0000000008009ef0                HAL_I2C_Slave_Receive_DMA
                0x000000000800a028                HAL_I2C_Mem_Write
                0x000000000800a1c0                HAL_I2C_Mem_Read
                0x000000000800a4fc                HAL_I2C_Mem_Write_IT
                0x000000000800a638                HAL_I2C_Mem_Read_IT
                0x000000000800a82c                HAL_I2C_Mem_Write_DMA
                0x000000000800a9cc                HAL_I2C_Mem_Read_DMA
                0x000000000800aba4                HAL_I2C_IsDeviceReady
                0x000000000800add0                HAL_I2C_EV_IRQHandler
                0x000000000800b0b4                HAL_I2C_ER_IRQHandler
                0x000000000800b2fc                HAL_I2C_MasterTxCpltCallback
                0x000000000800b310                HAL_I2C_MasterRxCpltCallback
                0x000000000800b324                HAL_I2C_SlaveTxCpltCallback
                0x000000000800b338                HAL_I2C_SlaveRxCpltCallback
                0x000000000800b34c                HAL_I2C_AddrCallback
                0x000000000800b368                HAL_I2C_ListenCpltCallback
                0x000000000800b37c                HAL_I2C_MemTxCpltCallback
                0x000000000800b390                HAL_I2C_MemRxCpltCallback
                0x000000000800b3a4                HAL_I2C_ErrorCallback
                0x000000000800b3b8                HAL_I2C_GetState
                0x000000000800b3d4                HAL_I2C_GetMode
                0x000000000800b3f0                HAL_I2C_GetError
 .text          0x000000000800c9a0        0x0 build/objs/stm32f4xx_hal_fmpi2c.o
 .text          0x000000000800c9a0        0x0 build/objs/stm32f4xx_hal_smartcard.o
 .text          0x000000000800c9a0        0x0 build/objs/stm32f4xx_hal_pccard.o
 .text          0x000000000800c9a0        0x0 build/objs/stm32f4xx_hal_dma2d.o
 .text          0x000000000800c9a0        0x0 build/objs/stm32f4xx_hal_sai.o
 .text          0x000000000800c9a0        0x0 build/objs/stm32f4xx_hal_cryp_ex.o
 .text          0x000000000800c9a0      0x2cc build/objs/stm32f4xx_hal_rcc_ex.o
                0x000000000800c9a0                HAL_RCC_DeInit
                0x000000000800ca18                HAL_RCCEx_PeriphCLKConfig
                0x000000000800cbe8                HAL_RCCEx_GetPeriphCLKConfig
 .text          0x000000000800cc6c        0x0 build/objs/stm32f4xx_ll_fmc.o
 .text          0x000000000800cc6c        0x0 build/objs/stm32f4xx_hal_ltdc_ex.o
 .text          0x000000000800cc6c        0x0 build/objs/stm32f4xx_hal_flash_ramfunc.o
 .text          0x000000000800cc6c      0x5b0 build/objs/stm32f4xx_hal_cortex.o
                0x000000000800cfe8                HAL_NVIC_SetPriorityGrouping
                0x000000000800cffc                HAL_NVIC_SetPriority
                0x000000000800d034                HAL_NVIC_EnableIRQ
                0x000000000800d050                HAL_NVIC_DisableIRQ
                0x000000000800d06c                HAL_NVIC_SystemReset
                0x000000000800d078                HAL_SYSTICK_Config
                0x000000000800d090                HAL_MPU_ConfigRegion
                0x000000000800d114                HAL_NVIC_GetPriorityGrouping
                0x000000000800d124                HAL_NVIC_GetPriority
                0x000000000800d154                HAL_NVIC_SetPendingIRQ
                0x000000000800d170                HAL_NVIC_GetPendingIRQ
                0x000000000800d190                HAL_NVIC_ClearPendingIRQ
                0x000000000800d1ac                HAL_NVIC_GetActive
                0x000000000800d1cc                HAL_SYSTICK_CLKSourceConfig
                0x000000000800d204                HAL_SYSTICK_IRQHandler
                0x000000000800d210                HAL_SYSTICK_Callback
 .text          0x000000000800d21c        0x0 build/objs/stm32f4xx_hal_iwdg.o
 .text          0x000000000800d21c        0x0 build/objs/stm32f4xx_hal_uart.o
 .text          0x000000000800d21c     0x14dc build/objs/stm32f4xx_hal_tim_ex.o
                0x000000000800d21c                HAL_TIMEx_HallSensor_Init
                0x000000000800d338                HAL_TIMEx_HallSensor_DeInit
                0x000000000800d398                HAL_TIMEx_HallSensor_MspInit
                0x000000000800d3ac                HAL_TIMEx_HallSensor_MspDeInit
                0x000000000800d3c0                HAL_TIMEx_HallSensor_Start
                0x000000000800d3f0                HAL_TIMEx_HallSensor_Stop
                0x000000000800d440                HAL_TIMEx_HallSensor_Start_IT
                0x000000000800d480                HAL_TIMEx_HallSensor_Stop_IT
                0x000000000800d4e0                HAL_TIMEx_HallSensor_Start_DMA
                0x000000000800d58c                HAL_TIMEx_HallSensor_Stop_DMA
                0x000000000800d5ec                HAL_TIMEx_OCN_Start
                0x000000000800d630                HAL_TIMEx_OCN_Stop
                0x000000000800d6b4                HAL_TIMEx_OCN_Start_IT
                0x000000000800d794                HAL_TIMEx_OCN_Stop_IT
                0x000000000800d8c4                HAL_TIMEx_OCN_Start_DMA
                0x000000000800da7c                HAL_TIMEx_OCN_Stop_DMA
                0x000000000800db94                HAL_TIMEx_PWMN_Start
                0x000000000800dbd8                HAL_TIMEx_PWMN_Stop
                0x000000000800dc5c                HAL_TIMEx_PWMN_Start_IT
                0x000000000800dd3c                HAL_TIMEx_PWMN_Stop_IT
                0x000000000800de6c                HAL_TIMEx_PWMN_Start_DMA
                0x000000000800e024                HAL_TIMEx_PWMN_Stop_DMA
                0x000000000800e13c                HAL_TIMEx_OnePulseN_Start
                0x000000000800e170                HAL_TIMEx_OnePulseN_Stop
                0x000000000800e1f4                HAL_TIMEx_OnePulseN_Start_IT
                0x000000000800e248                HAL_TIMEx_OnePulseN_Stop_IT
                0x000000000800e2ec                HAL_TIMEx_ConfigCommutationEvent
                0x000000000800e38c                HAL_TIMEx_ConfigCommutationEvent_IT
                0x000000000800e43c                HAL_TIMEx_ConfigCommutationEvent_DMA
                0x000000000800e504                HAL_TIMEx_MasterConfigSynchronization
                0x000000000800e590                HAL_TIMEx_ConfigBreakDeadTime
                0x000000000800e604                HAL_TIMEx_RemapConfig
                0x000000000800e64c                HAL_TIMEx_CommutationCallback
                0x000000000800e660                HAL_TIMEx_BreakCallback
                0x000000000800e674                HAL_TIMEx_HallSensor_GetState
                0x000000000800e690                TIMEx_DMACommutationCplt
 .text          0x000000000800e6f8        0x0 build/objs/stm32f4xx_hal_i2c_ex.o
 .text          0x000000000800e6f8      0x8e4 build/objs/stm32f4xx_hal_dma.o
                0x000000000800e6f8                HAL_DMA_Init
                0x000000000800e7d0                HAL_DMA_DeInit
                0x000000000800e86c                HAL_DMA_Start
                0x000000000800e8d0                HAL_DMA_Start_IT
                0x000000000800e954                HAL_DMA_Abort
                0x000000000800e9d0                HAL_DMA_PollForTransfer
                0x000000000800ebec                HAL_DMA_IRQHandler
                0x000000000800eee0                HAL_DMA_GetState
                0x000000000800eefc                HAL_DMA_GetError
 .text          0x000000000800efdc        0x0 build/objs/stm32f4xx_hal_dac.o
 .text          0x000000000800efdc        0x0 build/objs/stm32f4xx_hal_spdifrx.o
 .text          0x000000000800efdc        0x0 build/objs/stm32f4xx_hal_fmpi2c_ex.o
 .text          0x000000000800efdc        0x0 build/objs/stm32f4xx_ll_sdmmc.o
 .text          0x000000000800efdc        0x0 build/objs/stm32f4xx_hal_i2s_ex.o
 .text          0x000000000800efdc        0x0 build/objs/stm32f4xx_hal_can.o
 .text          0x000000000800efdc        0x0 build/objs/stm32f4xx_hal_nor.o
 .text          0x000000000800efdc      0x35c build/objs/stm32f4xx_hal_pwr.o
                0x000000000800efdc                HAL_PWR_DeInit
                0x000000000800f004                HAL_PWR_EnableBkUpAccess
                0x000000000800f038                HAL_PWR_DisableBkUpAccess
                0x000000000800f06c                HAL_PWR_ConfigPVD
                0x000000000800f128                HAL_PWR_EnablePVD
                0x000000000800f15c                HAL_PWR_DisablePVD
                0x000000000800f190                HAL_PWR_EnableWakeUpPin
                0x000000000800f1b4                HAL_PWR_DisableWakeUpPin
                0x000000000800f1d8                HAL_PWR_EnterSLEEPMode
                0x000000000800f210                HAL_PWR_EnterSTOPMode
                0x000000000800f268                HAL_PWR_EnterSTANDBYMode
                0x000000000800f298                HAL_PWR_PVD_IRQHandler
                0x000000000800f2bc                HAL_PWR_PVDCallback
                0x000000000800f2c8                HAL_PWR_EnableSleepOnExit
                0x000000000800f2e4                HAL_PWR_DisableSleepOnExit
                0x000000000800f300                HAL_PWR_EnableSEVOnPend
                0x000000000800f31c                HAL_PWR_DisableSEVOnPend
 .text          0x000000000800f338        0x0 build/objs/stm32f4xx_hal_rtc.o
 .text          0x000000000800f338        0x0 build/objs/stm32f4xx_hal_qspi.o
 .text          0x000000000800f338        0x0 build/objs/stm32f4xx_hal_hash_ex.o
 .text          0x000000000800f338        0x0 build/objs/stm32f4xx_hal_i2s.o
 .text          0x000000000800f338        0x0 build/objs/stm32f4xx_hal_sram.o
 .text          0x000000000800f338        0x0 build/objs/stm32f4xx_hal_hash.o
 .text          0x000000000800f338        0x0 build/objs/stm32f4xx_hal_eth.o
 .text          0x000000000800f338     0x3f3c build/objs/stm32f4xx_hal_tim.o
                0x000000000800f338                HAL_TIM_Base_Init
                0x000000000800f390                HAL_TIM_Base_DeInit
                0x000000000800f3f0                HAL_TIM_Base_MspInit
                0x000000000800f404                HAL_TIM_Base_MspDeInit
                0x000000000800f418                HAL_TIM_Base_Start
                0x000000000800f450                HAL_TIM_Base_Stop
                0x000000000800f4a8                HAL_TIM_Base_Start_IT
                0x000000000800f4e0                HAL_TIM_Base_Stop_IT
                0x000000000800f538                HAL_TIM_Base_Start_DMA
                0x000000000800f5d8                HAL_TIM_Base_Stop_DMA
                0x000000000800f638                HAL_TIM_OC_Init
                0x000000000800f690                HAL_TIM_OC_DeInit
                0x000000000800f6f0                HAL_TIM_OC_MspInit
                0x000000000800f704                HAL_TIM_OC_MspDeInit
                0x000000000800f718                HAL_TIM_OC_Start
                0x000000000800f780                HAL_TIM_OC_Stop
                0x000000000800f828                HAL_TIM_OC_Start_IT
                0x000000000800f91c                HAL_TIM_OC_Stop_IT
                0x000000000800fa50                HAL_TIM_OC_Start_DMA
                0x000000000800fc2c                HAL_TIM_OC_Stop_DMA
                0x000000000800fd68                HAL_TIM_PWM_Init
                0x000000000800fdc0                HAL_TIM_PWM_DeInit
                0x000000000800fe20                HAL_TIM_PWM_MspInit
                0x000000000800fe34                HAL_TIM_PWM_MspDeInit
                0x000000000800fe48                HAL_TIM_PWM_Start
                0x000000000800feb0                HAL_TIM_PWM_Stop
                0x000000000800ff60                HAL_TIM_PWM_Start_IT
                0x0000000008010054                HAL_TIM_PWM_Stop_IT
                0x0000000008010188                HAL_TIM_PWM_Start_DMA
                0x0000000008010364                HAL_TIM_PWM_Stop_DMA
                0x00000000080104a0                HAL_TIM_IC_Init
                0x00000000080104f8                HAL_TIM_IC_DeInit
                0x0000000008010558                HAL_TIM_IC_MspInit
                0x000000000801056c                HAL_TIM_IC_MspDeInit
                0x0000000008010580                HAL_TIM_IC_Start
                0x00000000080105b4                HAL_TIM_IC_Stop
                0x0000000008010608                HAL_TIM_IC_Start_IT
                0x00000000080106c8                HAL_TIM_IC_Stop_IT
                0x00000000080107a8                HAL_TIM_IC_Start_DMA
                0x0000000008010948                HAL_TIM_IC_Stop_DMA
                0x0000000008010a30                HAL_TIM_OnePulse_Init
                0x0000000008010aa8                HAL_TIM_OnePulse_DeInit
                0x0000000008010b08                HAL_TIM_OnePulse_MspInit
                0x0000000008010b1c                HAL_TIM_OnePulse_MspDeInit
                0x0000000008010b30                HAL_TIM_OnePulse_Start
                0x0000000008010b98                HAL_TIM_OnePulse_Stop
                0x0000000008010c50                HAL_TIM_OnePulse_Start_IT
                0x0000000008010cd8                HAL_TIM_OnePulse_Stop_IT
                0x0000000008010db0                HAL_TIM_Encoder_Init
                0x0000000008010edc                HAL_TIM_Encoder_DeInit
                0x0000000008010f3c                HAL_TIM_Encoder_MspInit
                0x0000000008010f50                HAL_TIM_Encoder_MspDeInit
                0x0000000008010f64                HAL_TIM_Encoder_Start
                0x0000000008010fd4                HAL_TIM_Encoder_Stop
                0x0000000008011064                HAL_TIM_Encoder_Start_IT
                0x0000000008011114                HAL_TIM_Encoder_Stop_IT
                0x00000000080111e8                HAL_TIM_Encoder_Start_DMA
                0x00000000080113a0                HAL_TIM_Encoder_Stop_DMA
                0x0000000008011474                HAL_TIM_IRQHandler
                0x0000000008011684                HAL_TIM_OC_ConfigChannel
                0x0000000008011744                HAL_TIM_IC_ConfigChannel
                0x000000000801187c                HAL_TIM_PWM_ConfigChannel
                0x0000000008011a08                HAL_TIM_OnePulse_ConfigChannel
                0x0000000008011b88                HAL_TIM_DMABurst_WriteStart
                0x0000000008011d94                HAL_TIM_DMABurst_WriteStop
                0x0000000008011e44                HAL_TIM_DMABurst_ReadStart
                0x0000000008012044                HAL_TIM_DMABurst_ReadStop
                0x00000000080120f4                HAL_TIM_GenerateEvent
                0x0000000008012144                HAL_TIM_ConfigOCrefClear
                0x0000000008012298                HAL_TIM_ConfigClockSource
                0x000000000801245c                HAL_TIM_ConfigTI1Input
                0x0000000008012498                HAL_TIM_SlaveConfigSynchronization
                0x0000000008012504                HAL_TIM_SlaveConfigSynchronization_IT
                0x0000000008012570                HAL_TIM_ReadCapturedValue
                0x0000000008012628                HAL_TIM_OC_DelayElapsedCallback
                0x000000000801263c                HAL_TIM_IC_CaptureCallback
                0x0000000008012650                HAL_TIM_PWM_PulseFinishedCallback
                0x0000000008012664                HAL_TIM_TriggerCallback
                0x0000000008012678                HAL_TIM_ErrorCallback
                0x000000000801268c                HAL_TIM_Base_GetState
                0x00000000080126a8                HAL_TIM_OC_GetState
                0x00000000080126c4                HAL_TIM_PWM_GetState
                0x00000000080126e0                HAL_TIM_IC_GetState
                0x00000000080126fc                HAL_TIM_OnePulse_GetState
                0x0000000008012718                HAL_TIM_Encoder_GetState
                0x0000000008012734                TIM_Base_SetConfig
                0x0000000008012884                TIM_TI1_SetConfig
                0x0000000008012978                TIM_OC2_SetConfig
                0x0000000008012a68                TIM_DMADelayPulseCplt
                0x0000000008012ad8                TIM_DMAError
                0x0000000008012afc                TIM_DMACaptureCplt
                0x0000000008012b6c                TIM_CCxChannelCmd
 .text          0x0000000008013274      0x210 build/objs/stm32f4xx_hal_dma_ex.o
                0x0000000008013274                HAL_DMAEx_MultiBufferStart
                0x0000000008013314                HAL_DMAEx_MultiBufferStart_IT
                0x0000000008013404                HAL_DMAEx_ChangeMemory
 .text          0x0000000008013484        0x0 build/objs/stm32f4xx_hal_sd.o
 .text          0x0000000008013484        0x0 build/objs/stm32f4xx_hal_sai_ex.o
 .text          0x0000000008013484      0xae8 build/objs/stm32f4xx_hal_rcc.o
                0x0000000008013490                HAL_RCC_OscConfig
                0x00000000080138b4                HAL_RCC_ClockConfig
                0x0000000008013a9c                HAL_RCC_MCOConfig
                0x0000000008013b68                HAL_RCC_EnableCSS
                0x0000000008013b80                HAL_RCC_DisableCSS
                0x0000000008013b98                HAL_RCC_GetSysClockFreq
                0x0000000008013c94                HAL_RCC_GetHCLKFreq
                0x0000000008013ce4                HAL_RCC_GetPCLK1Freq
                0x0000000008013d28                HAL_RCC_GetPCLK2Freq
                0x0000000008013d6c                HAL_RCC_GetOscConfig
                0x0000000008013edc                HAL_RCC_GetClockConfig
                0x0000000008013f3c                HAL_RCC_NMI_IRQHandler
                0x0000000008013f60                HAL_RCC_CSSCallback
 .text          0x0000000008013f6c        0x0 build/objs/stm32f4xx_hal_wwdg.o
 .text          0x0000000008013f6c        0x0 build/objs/stm32f4xx_hal_dac_ex.o
 .text          0x0000000008013f6c        0x0 build/objs/stm32f4xx_hal_rtc_ex.o
 .text          0x0000000008013f6c      0x1d8 build/objs/stm32f4xx_hal_pwr_ex.o
                0x0000000008013f6c                HAL_PWREx_EnableBkUpReg
                0x0000000008013fd4                HAL_PWREx_DisableBkUpReg
                0x000000000801403c                HAL_PWREx_EnableFlashPowerDown
                0x0000000008014070                HAL_PWREx_DisableFlashPowerDown
                0x00000000080140a4                HAL_PWREx_GetVoltageRange
                0x00000000080140c0                HAL_PWREx_ControlVoltageScaling
 .text          0x0000000008014144        0x0 build/objs/stm32f4xx_hal_dcmi.o
 .text          0x0000000008014144        0x0 build/objs/stm32f4xx_hal_sdram.o
 .text          0x0000000008014144      0x5f8 build/objs/stm32f4xx_hal_flash.o
                0x0000000008014144                HAL_FLASH_Program
                0x00000000080141ec                HAL_FLASH_Program_IT
                0x0000000008014288                HAL_FLASH_IRQHandler
                0x00000000080143c8                HAL_FLASH_EndOfOperationCallback
                0x00000000080143dc                HAL_FLASH_OperationErrorCallback
                0x00000000080143f0                HAL_FLASH_Unlock
                0x0000000008014424                HAL_FLASH_Lock
                0x0000000008014444                HAL_FLASH_OB_Unlock
                0x000000000801447c                HAL_FLASH_OB_Lock
                0x000000000801449c                HAL_FLASH_OB_Launch
                0x00000000080144c4                HAL_FLASH_GetError
                0x00000000080144dc                FLASH_WaitForLastOperation
 .text          0x000000000801473c        0x0 build/objs/stm32f4xx_hal_crc.o
 .text          0x000000000801473c        0x0 build/objs/stm32f4xx_hal_usart.o
 .text          0x000000000801473c      0x7cc build/objs/stm32f4_discovery.o
                0x000000000801473c                BSP_GetVersion
                0x0000000008014750                BSP_LED_Init
                0x0000000008014840                BSP_LED_On
                0x0000000008014874                BSP_LED_Off
                0x00000000080148a8                BSP_LED_Toggle
                0x00000000080148d8                BSP_PB_Init
                0x000000000801498c                BSP_PB_GetState
                0x0000000008014cb0                ACCELERO_IO_Init
                0x0000000008014d08                ACCELERO_IO_ITConfig
                0x0000000008014d68                ACCELERO_IO_Write
                0x0000000008014dcc                ACCELERO_IO_Read
                0x0000000008014e3c                AUDIO_IO_Init
                0x0000000008014eac                AUDIO_IO_DeInit
                0x0000000008014eb8                AUDIO_IO_Write
                0x0000000008014ee0                AUDIO_IO_Read
 .text          0x0000000008014f08      0x164 build/objs/system_stm32f4xx.o
                0x0000000008014f08                SystemInit
                0x0000000008014f74                SystemCoreClockUpdate
 .text          0x000000000801506c      0x57c build/objs/usbd_core.o
                0x000000000801506c                USBD_Init
                0x00000000080150c4                USBD_DeInit
                0x0000000008015100                USBD_RegisterClass
                0x0000000008015134                USBD_Start
                0x000000000801514c                USBD_Stop
                0x0000000008015178                USBD_RunTestMode
                0x0000000008015190                USBD_SetClassConfig
                0x00000000080151d0                USBD_ClrClassConfig
                0x00000000080151f8                USBD_LL_SetupStage
                0x000000000801528c                USBD_LL_DataOutStage
                0x0000000008015344                USBD_LL_DataInStage
                0x0000000008015464                USBD_LL_Reset
                0x00000000080154c4                USBD_LL_SetSpeed
                0x00000000080154e4                USBD_LL_Suspend
                0x0000000008015510                USBD_LL_Resume
                0x0000000008015534                USBD_LL_SOF
                0x0000000008015568                USBD_LL_IsoINIncomplete
                0x0000000008015584                USBD_LL_IsoOUTIncomplete
                0x00000000080155a0                USBD_LL_DevConnected
                0x00000000080155b8                USBD_LL_DevDisconnected
 .text          0x00000000080155e8      0x8c8 build/objs/usbd_ctlreq.o
                0x00000000080155e8                USBD_StdDevReq
                0x0000000008015688                USBD_StdItfReq
                0x00000000080156f0                USBD_StdEPReq
                0x0000000008015d64                USBD_ParseSetupRequest
                0x0000000008015ddc                USBD_CtlError
                0x0000000008015dfc                USBD_GetString
 .text          0x0000000008015eb0      0x130 build/objs/usbd_ioreq.o
                0x0000000008015eb0                USBD_CtlSendData
                0x0000000008015ee8                USBD_CtlContinueSendData
                0x0000000008015f0c                USBD_CtlPrepareRx
                0x0000000008015f48                USBD_CtlContinueRx
                0x0000000008015f6c                USBD_CtlSendStatus
                0x0000000008015f94                USBD_CtlReceiveStatus
                0x0000000008015fbc                USBD_GetRxCount
 .text          0x0000000008015fe0      0x1a4 build/objs/usbd_cdc_if_template.o
 .text          0x0000000008016184      0x490 build/objs/usbd_cdc.o
                0x00000000080164bc                USBD_CDC_GetDeviceQualifierDescriptor
                0x00000000080164dc                USBD_CDC_RegisterInterface
                0x000000000801650c                USBD_CDC_SetTxBuffer
                0x0000000008016540                USBD_CDC_SetRxBuffer
                0x0000000008016568                USBD_CDC_TransmitPacket
                0x00000000080165bc                USBD_CDC_ReceivePacket
 .text          0x0000000008016614       0x14 build/objs/startup_stm32f407xx.o
 .text          0x0000000008016628        0x0 /usr/lib/gcc/arm-none-eabi/4.9.3/../../../arm-none-eabi/lib/armv7e-m/fpu/libg.a(lib_a-errno.o)
 .text          0x0000000008016628        0x0 /usr/lib/gcc/arm-none-eabi/4.9.3/../../../arm-none-eabi/lib/armv7e-m/fpu/libg.a(lib_a-impure.o)
 .text          0x0000000008016628        0x0 /usr/lib/gcc/arm-none-eabi/4.9.3/../../../arm-none-eabi/lib/armv7e-m/fpu/libg.a(lib_a-malloc.o)
 .text          0x0000000008016628        0x0 /usr/lib/gcc/arm-none-eabi/4.9.3/../../../arm-none-eabi/lib/armv7e-m/fpu/libg.a(lib_a-mallocr.o)
 .text          0x0000000008016628        0x0 /usr/lib/gcc/arm-none-eabi/4.9.3/../../../arm-none-eabi/lib/armv7e-m/fpu/libg.a(lib_a-mlock.o)
 .text          0x0000000008016628        0x0 /usr/lib/gcc/arm-none-eabi/4.9.3/../../../arm-none-eabi/lib/armv7e-m/fpu/libg.a(lib_a-sbrkr.o)
 .text          0x0000000008016628        0x0 /usr/lib/gcc/arm-none-eabi/4.9.3/../../../arm-none-eabi/lib/armv7e-m/fpu/libg.a(lib_a-freer.o)
 .text          0x0000000008016628        0x0 /usr/lib/gcc/arm-none-eabi/4.9.3/../../../arm-none-eabi/lib/armv7e-m/fpu/libg.a(lib_a-reent.o)
 *(.text*)
 .text.Reset_Handler
                0x0000000008016628       0x4c build/objs/startup_stm32f407xx.o
                0x0000000008016628                Reset_Handler
 .text.Default_Handler
                0x0000000008016674        0x2 build/objs/startup_stm32f407xx.o
                0x0000000008016674                RTC_Alarm_IRQHandler
                0x0000000008016674                HASH_RNG_IRQHandler
                0x0000000008016674                EXTI2_IRQHandler
                0x0000000008016674                TIM8_CC_IRQHandler
                0x0000000008016674                DebugMon_Handler
                0x0000000008016674                TIM1_CC_IRQHandler
                0x0000000008016674                DMA2_Stream5_IRQHandler
                0x0000000008016674                HardFault_Handler
                0x0000000008016674                DMA1_Stream5_IRQHandler
                0x0000000008016674                PVD_IRQHandler
                0x0000000008016674                SDIO_IRQHandler
                0x0000000008016674                TAMP_STAMP_IRQHandler
                0x0000000008016674                PendSV_Handler
                0x0000000008016674                NMI_Handler
                0x0000000008016674                CAN2_RX1_IRQHandler
                0x0000000008016674                EXTI3_IRQHandler
                0x0000000008016674                TIM8_TRG_COM_TIM14_IRQHandler
                0x0000000008016674                TIM1_UP_TIM10_IRQHandler
                0x0000000008016674                TIM8_UP_TIM13_IRQHandler
                0x0000000008016674                I2C3_ER_IRQHandler
                0x0000000008016674                EXTI0_IRQHandler
                0x0000000008016674                I2C2_EV_IRQHandler
                0x0000000008016674                DMA1_Stream2_IRQHandler
                0x0000000008016674                CAN1_RX0_IRQHandler
                0x0000000008016674                FPU_IRQHandler
                0x0000000008016674                OTG_HS_WKUP_IRQHandler
                0x0000000008016674                UsageFault_Handler
                0x0000000008016674                CAN2_SCE_IRQHandler
                0x0000000008016674                DMA2_Stream2_IRQHandler
                0x0000000008016674                SPI1_IRQHandler
                0x0000000008016674                TIM1_BRK_TIM9_IRQHandler
                0x0000000008016674                DCMI_IRQHandler
                0x0000000008016674                CAN2_RX0_IRQHandler
                0x0000000008016674                DMA2_Stream3_IRQHandler
                0x0000000008016674                USART6_IRQHandler
                0x0000000008016674                USART3_IRQHandler
                0x0000000008016674                CAN1_RX1_IRQHandler
                0x0000000008016674                UART5_IRQHandler
                0x0000000008016674                DMA2_Stream0_IRQHandler
                0x0000000008016674                TIM4_IRQHandler
                0x0000000008016674                I2C1_EV_IRQHandler
                0x0000000008016674                DMA1_Stream6_IRQHandler
                0x0000000008016674                DMA1_Stream1_IRQHandler
                0x0000000008016674                UART4_IRQHandler
                0x0000000008016674                TIM3_IRQHandler
                0x0000000008016674                RCC_IRQHandler
                0x0000000008016674                TIM8_BRK_TIM12_IRQHandler
                0x0000000008016674                Default_Handler
                0x0000000008016674                EXTI15_10_IRQHandler
                0x0000000008016674                ADC_IRQHandler
                0x0000000008016674                DMA1_Stream7_IRQHandler
                0x0000000008016674                TIM7_IRQHandler
                0x0000000008016674                CAN2_TX_IRQHandler
                0x0000000008016674                TIM5_IRQHandler
                0x0000000008016674                DMA2_Stream7_IRQHandler
                0x0000000008016674                I2C3_EV_IRQHandler
                0x0000000008016674                EXTI9_5_IRQHandler
                0x0000000008016674                RTC_WKUP_IRQHandler
                0x0000000008016674                ETH_WKUP_IRQHandler
                0x0000000008016674                SPI2_IRQHandler
                0x0000000008016674                OTG_HS_EP1_IN_IRQHandler
                0x0000000008016674                MemManage_Handler
                0x0000000008016674                DMA1_Stream0_IRQHandler
                0x0000000008016674                CAN1_TX_IRQHandler
                0x0000000008016674                SVC_Handler
                0x0000000008016674                EXTI4_IRQHandler
                0x0000000008016674                FSMC_IRQHandler
                0x0000000008016674                ETH_IRQHandler
                0x0000000008016674                OTG_HS_EP1_OUT_IRQHandler
                0x0000000008016674                WWDG_IRQHandler
                0x0000000008016674                TIM2_IRQHandler
                0x0000000008016674                OTG_FS_WKUP_IRQHandler
                0x0000000008016674                TIM1_TRG_COM_TIM11_IRQHandler
                0x0000000008016674                OTG_HS_IRQHandler
                0x0000000008016674                EXTI1_IRQHandler
                0x0000000008016674                USART2_IRQHandler
                0x0000000008016674                I2C2_ER_IRQHandler
                0x0000000008016674                DMA2_Stream1_IRQHandler
                0x0000000008016674                CAN1_SCE_IRQHandler
                0x0000000008016674                FLASH_IRQHandler
                0x0000000008016674                DMA2_Stream4_IRQHandler
                0x0000000008016674                BusFault_Handler
                0x0000000008016674                USART1_IRQHandler
                0x0000000008016674                SPI3_IRQHandler
                0x0000000008016674                DMA1_Stream4_IRQHandler
                0x0000000008016674                I2C1_ER_IRQHandler
                0x0000000008016674                DMA2_Stream6_IRQHandler
                0x0000000008016674                DMA1_Stream3_IRQHandler
 *fill*         0x0000000008016676        0x2 
 .text.__errno  0x0000000008016678        0xc /usr/lib/gcc/arm-none-eabi/4.9.3/../../../arm-none-eabi/lib/armv7e-m/fpu/libg.a(lib_a-errno.o)
                0x0000000008016678                __errno
 .text.malloc   0x0000000008016684       0x10 /usr/lib/gcc/arm-none-eabi/4.9.3/../../../arm-none-eabi/lib/armv7e-m/fpu/libg.a(lib_a-malloc.o)
                0x0000000008016684                malloc
 .text.free     0x0000000008016694       0x10 /usr/lib/gcc/arm-none-eabi/4.9.3/../../../arm-none-eabi/lib/armv7e-m/fpu/libg.a(lib_a-malloc.o)
                0x0000000008016694                free
 .text._malloc_r
                0x00000000080166a4      0x548 /usr/lib/gcc/arm-none-eabi/4.9.3/../../../arm-none-eabi/lib/armv7e-m/fpu/libg.a(lib_a-mallocr.o)
                0x00000000080166a4                _malloc_r
 .text.__malloc_lock
                0x0000000008016bec        0x4 /usr/lib/gcc/arm-none-eabi/4.9.3/../../../arm-none-eabi/lib/armv7e-m/fpu/libg.a(lib_a-mlock.o)
                0x0000000008016bec                __malloc_lock
 .text.__malloc_unlock
                0x0000000008016bf0        0x4 /usr/lib/gcc/arm-none-eabi/4.9.3/../../../arm-none-eabi/lib/armv7e-m/fpu/libg.a(lib_a-mlock.o)
                0x0000000008016bf0                __malloc_unlock
 .text._sbrk_r  0x0000000008016bf4       0x24 /usr/lib/gcc/arm-none-eabi/4.9.3/../../../arm-none-eabi/lib/armv7e-m/fpu/libg.a(lib_a-sbrkr.o)
                0x0000000008016bf4                _sbrk_r
 .text._malloc_trim_r
                0x0000000008016c18       0x9c /usr/lib/gcc/arm-none-eabi/4.9.3/../../../arm-none-eabi/lib/armv7e-m/fpu/libg.a(lib_a-freer.o)
                0x0000000008016c18                _malloc_trim_r
 .text._free_r  0x0000000008016cb4      0x19c /usr/lib/gcc/arm-none-eabi/4.9.3/../../../arm-none-eabi/lib/armv7e-m/fpu/libg.a(lib_a-freer.o)
                0x0000000008016cb4                _free_r
 .text.cleanup_glue
                0x0000000008016e50       0x1c /usr/lib/gcc/arm-none-eabi/4.9.3/../../../arm-none-eabi/lib/armv7e-m/fpu/libg.a(lib_a-reent.o)
                0x0000000008016e50                cleanup_glue
 .text._reclaim_reent
                0x0000000008016e6c       0x90 /usr/lib/gcc/arm-none-eabi/4.9.3/../../../arm-none-eabi/lib/armv7e-m/fpu/libg.a(lib_a-reent.o)
                0x0000000008016e6c                _reclaim_reent
 *(.glue_7)
 .glue_7        0x0000000008016efc        0x0 linker stubs
 *(.glue_7t)
 .glue_7t       0x0000000008016efc        0x0 linker stubs
 *(.eh_frame)
 *(.init)
 *(.fini)
                0x0000000008016efc                . = ALIGN (0x4)
                0x0000000008016efc                _etext = .

.vfp11_veneer   0x0000000008016efc        0x0
 .vfp11_veneer  0x0000000008016efc        0x0 linker stubs

.v4_bx          0x0000000008016efc        0x0
 .v4_bx         0x0000000008016efc        0x0 linker stubs

.iplt           0x0000000008016efc        0x0
 .iplt          0x0000000008016efc        0x0 build/objs/usbd_cdc_if.o

.rodata         0x0000000008016efc      0x434
                0x0000000008016efc                . = ALIGN (0x4)
 *(.rodata)
 .rodata        0x0000000008016efc       0x14 build/objs/main.o
 .rodata        0x0000000008016f10       0x58 build/objs/usbd_desc.o
 .rodata        0x0000000008016f68      0x388 build/objs/pcd8544.o
                0x0000000008016f68                PCD8544_Font5x7
                0x00000000080171b0                PCD8544_Font3x5
 .rodata        0x00000000080172f0        0x8 build/objs/stm32f4xx_hal_dma.o
 .rodata        0x00000000080172f8       0x10 build/objs/stm32f4xx_hal_rcc.o
                0x00000000080172f8                APBAHBPrescTable
 .rodata        0x0000000008017308       0x10 build/objs/stm32f4_discovery.o
                0x0000000008017308                GPIO_PIN
                0x0000000008017310                BUTTON_PIN
                0x0000000008017314                BUTTON_IRQn
 .rodata        0x0000000008017318       0x10 build/objs/system_stm32f4xx.o
                0x0000000008017318                AHBPrescTable
 *(.rodata*)
 .rodata.str1.4
                0x0000000008017328        0x4 /usr/lib/gcc/arm-none-eabi/4.9.3/../../../arm-none-eabi/lib/armv7e-m/fpu/libg.a(lib_a-impure.o)
 .rodata._global_impure_ptr
                0x000000000801732c        0x4 /usr/lib/gcc/arm-none-eabi/4.9.3/../../../arm-none-eabi/lib/armv7e-m/fpu/libg.a(lib_a-impure.o)
                0x000000000801732c                _global_impure_ptr
                0x0000000008017330                . = ALIGN (0x4)

.rel.dyn        0x0000000008017330        0x0
 .rel.iplt      0x0000000008017330        0x0 build/objs/usbd_cdc_if.o

.ARM.extab
 *(.ARM.extab* .gnu.linkonce.armextab.*)

.ARM            0x0000000008017330        0x0
                0x0000000008017330                __exidx_start = .
 *(.ARM.exidx*)
                0x0000000008017330                __exidx_end = .

.preinit_array  0x0000000008017330        0x0
                [!provide]                        PROVIDE (__preinit_array_start, .)
 *(.preinit_array*)
                [!provide]                        PROVIDE (__preinit_array_end, .)

.init_array     0x0000000008017330        0x0
                [!provide]                        PROVIDE (__init_array_start, .)
 *(SORT(.init_array.*))
 *(.init_array*)
                [!provide]                        PROVIDE (__init_array_end, .)

.fini_array     0x0000000008017330        0x0
                [!provide]                        PROVIDE (__fini_array_start, .)
 *(SORT(.fini_array.*))
 *(.fini_array*)
                [!provide]                        PROVIDE (__fini_array_end, .)
                0x0000000008017330                _sidata = LOADADDR (.data)

.data           0x0000000020000000      0xa94 load address 0x0000000008017330
                0x0000000020000000                . = ALIGN (0x4)
                0x0000000020000000                _sdata = .
 *(.data)
 .data          0x0000000020000000       0x10 build/objs/usbd_cdc_if.o
                0x0000000020000000                USBD_Interface_fops_FS
 .data          0x0000000020000010        0x0 build/objs/usbd_conf.o
 .data          0x0000000020000010        0x0 build/objs/syscalls.o
 .data          0x0000000020000010        0x0 build/objs/stm32f4xx_hal_msp.o
 .data          0x0000000020000010        0x0 build/objs/gpio.o
 .data          0x0000000020000010        0x0 build/objs/SSR.o
 .data          0x0000000020000010        0x0 build/objs/main.o
 .data          0x0000000020000010        0x0 build/objs/stm32f4xx_it.o
 .data          0x0000000020000010        0x0 build/objs/usb_device.o
 .data          0x0000000020000010       0x34 build/objs/usbd_desc.o
                0x0000000020000010                FS_Desc
                0x000000002000002c                USBD_FS_DeviceDesc
                0x0000000020000040                USBD_LangIDDesc
 .data          0x0000000020000044       0xcc build/objs/pcd8544.o
                0x0000000020000044                brightness_levels
 .data          0x0000000020000110        0x0 build/objs/stm32f4xx_hal_dsi.o
 .data          0x0000000020000110        0x0 build/objs/stm32f4xx_hal_pcd.o
 .data          0x0000000020000110        0x0 build/objs/stm32f4xx_hal_irda.o
 .data          0x0000000020000110        0x0 build/objs/stm32f4xx_ll_fsmc.o
 .data          0x0000000020000110        0x0 build/objs/stm32f4xx_hal_cec.o
 .data          0x0000000020000110        0x0 build/objs/stm32f4xx_hal_timebase_tim_template.o
 .data          0x0000000020000110        0x0 build/objs/stm32f4xx_ll_usb.o
 .data          0x0000000020000110        0x0 build/objs/stm32f4xx_hal.o
 .data          0x0000000020000110        0x0 build/objs/stm32f4xx_hal_dcmi_ex.o
 .data          0x0000000020000110        0x0 build/objs/stm32f4xx_hal_flash_ex.o
 .data          0x0000000020000110        0x0 build/objs/stm32f4xx_hal_cryp.o
 .data          0x0000000020000110        0x0 build/objs/stm32f4xx_hal_rng.o
 .data          0x0000000020000110        0x0 build/objs/stm32f4xx_hal_nand.o
 .data          0x0000000020000110        0x0 build/objs/stm32f4xx_hal_gpio.o
 .data          0x0000000020000110        0x0 build/objs/stm32f4xx_hal_ltdc.o
 .data          0x0000000020000110        0x0 build/objs/stm32f4xx_hal_hcd.o
 .data          0x0000000020000110        0x0 build/objs/stm32f4xx_hal_pcd_ex.o
 .data          0x0000000020000110        0x0 build/objs/stm32f4xx_hal_adc.o
 .data          0x0000000020000110        0x0 build/objs/stm32f4xx_hal_adc_ex.o
 .data          0x0000000020000110        0x0 build/objs/stm32f4xx_hal_lptim.o
 .data          0x0000000020000110        0x0 build/objs/stm32f4xx_hal_spi.o
 .data          0x0000000020000110        0x0 build/objs/stm32f4xx_hal_i2c.o
 .data          0x0000000020000110        0x0 build/objs/stm32f4xx_hal_fmpi2c.o
 .data          0x0000000020000110        0x0 build/objs/stm32f4xx_hal_smartcard.o
 .data          0x0000000020000110        0x0 build/objs/stm32f4xx_hal_pccard.o
 .data          0x0000000020000110        0x0 build/objs/stm32f4xx_hal_dma2d.o
 .data          0x0000000020000110        0x0 build/objs/stm32f4xx_hal_sai.o
 .data          0x0000000020000110        0x0 build/objs/stm32f4xx_hal_cryp_ex.o
 .data          0x0000000020000110        0x0 build/objs/stm32f4xx_hal_rcc_ex.o
 .data          0x0000000020000110        0x0 build/objs/stm32f4xx_ll_fmc.o
 .data          0x0000000020000110        0x0 build/objs/stm32f4xx_hal_ltdc_ex.o
 .data          0x0000000020000110        0x0 build/objs/stm32f4xx_hal_flash_ramfunc.o
 .data          0x0000000020000110        0x0 build/objs/stm32f4xx_hal_cortex.o
 .data          0x0000000020000110        0x0 build/objs/stm32f4xx_hal_iwdg.o
 .data          0x0000000020000110        0x0 build/objs/stm32f4xx_hal_uart.o
 .data          0x0000000020000110        0x0 build/objs/stm32f4xx_hal_tim_ex.o
 .data          0x0000000020000110        0x0 build/objs/stm32f4xx_hal_i2c_ex.o
 .data          0x0000000020000110        0x0 build/objs/stm32f4xx_hal_dma.o
 .data          0x0000000020000110        0x0 build/objs/stm32f4xx_hal_dac.o
 .data          0x0000000020000110        0x0 build/objs/stm32f4xx_hal_spdifrx.o
 .data          0x0000000020000110        0x0 build/objs/stm32f4xx_hal_fmpi2c_ex.o
 .data          0x0000000020000110        0x0 build/objs/stm32f4xx_ll_sdmmc.o
 .data          0x0000000020000110        0x0 build/objs/stm32f4xx_hal_i2s_ex.o
 .data          0x0000000020000110        0x0 build/objs/stm32f4xx_hal_can.o
 .data          0x0000000020000110        0x0 build/objs/stm32f4xx_hal_nor.o
 .data          0x0000000020000110        0x0 build/objs/stm32f4xx_hal_pwr.o
 .data          0x0000000020000110        0x0 build/objs/stm32f4xx_hal_rtc.o
 .data          0x0000000020000110        0x0 build/objs/stm32f4xx_hal_qspi.o
 .data          0x0000000020000110        0x0 build/objs/stm32f4xx_hal_hash_ex.o
 .data          0x0000000020000110        0x0 build/objs/stm32f4xx_hal_i2s.o
 .data          0x0000000020000110        0x0 build/objs/stm32f4xx_hal_sram.o
 .data          0x0000000020000110        0x0 build/objs/stm32f4xx_hal_hash.o
 .data          0x0000000020000110        0x0 build/objs/stm32f4xx_hal_eth.o
 .data          0x0000000020000110        0x0 build/objs/stm32f4xx_hal_tim.o
 .data          0x0000000020000110        0x0 build/objs/stm32f4xx_hal_dma_ex.o
 .data          0x0000000020000110        0x0 build/objs/stm32f4xx_hal_sd.o
 .data          0x0000000020000110        0x0 build/objs/stm32f4xx_hal_sai_ex.o
 .data          0x0000000020000110        0x0 build/objs/stm32f4xx_hal_rcc.o
 .data          0x0000000020000110        0x0 build/objs/stm32f4xx_hal_wwdg.o
 .data          0x0000000020000110        0x0 build/objs/stm32f4xx_hal_dac_ex.o
 .data          0x0000000020000110        0x0 build/objs/stm32f4xx_hal_rtc_ex.o
 .data          0x0000000020000110        0x0 build/objs/stm32f4xx_hal_pwr_ex.o
 .data          0x0000000020000110        0x0 build/objs/stm32f4xx_hal_dcmi.o
 .data          0x0000000020000110        0x0 build/objs/stm32f4xx_hal_sdram.o
 .data          0x0000000020000110        0x0 build/objs/stm32f4xx_hal_flash.o
 .data          0x0000000020000110        0x0 build/objs/stm32f4xx_hal_crc.o
 .data          0x0000000020000110        0x0 build/objs/stm32f4xx_hal_usart.o
 .data          0x0000000020000110       0x1c build/objs/stm32f4_discovery.o
                0x0000000020000110                GPIO_PORT
                0x0000000020000120                BUTTON_PORT
                0x0000000020000124                I2cxTimeout
                0x0000000020000128                SpixTimeout
 .data          0x000000002000012c        0x4 build/objs/system_stm32f4xx.o
                0x000000002000012c                SystemCoreClock
 .data          0x0000000020000130        0x0 build/objs/usbd_core.o
 .data          0x0000000020000130        0x0 build/objs/usbd_ctlreq.o
 .data          0x0000000020000130        0x0 build/objs/usbd_ioreq.o
 .data          0x0000000020000130       0x18 build/objs/usbd_cdc_if_template.o
                0x0000000020000130                USBD_CDC_Template_fops
                0x0000000020000140                linecoding
 .data          0x0000000020000148      0x110 build/objs/usbd_cdc.o
                0x0000000020000154                USBD_CDC
                0x000000002000018c                USBD_CDC_CfgHSDesc
                0x00000000200001d0                USBD_CDC_CfgFSDesc
                0x0000000020000214                USBD_CDC_OtherSpeedCfgDesc
 .data          0x0000000020000258        0x0 build/objs/startup_stm32f407xx.o
 .data          0x0000000020000258        0x0 /usr/lib/gcc/arm-none-eabi/4.9.3/../../../arm-none-eabi/lib/armv7e-m/fpu/libg.a(lib_a-errno.o)
 .data          0x0000000020000258        0x0 /usr/lib/gcc/arm-none-eabi/4.9.3/../../../arm-none-eabi/lib/armv7e-m/fpu/libg.a(lib_a-impure.o)
 .data          0x0000000020000258        0x0 /usr/lib/gcc/arm-none-eabi/4.9.3/../../../arm-none-eabi/lib/armv7e-m/fpu/libg.a(lib_a-malloc.o)
 .data          0x0000000020000258        0x0 /usr/lib/gcc/arm-none-eabi/4.9.3/../../../arm-none-eabi/lib/armv7e-m/fpu/libg.a(lib_a-mallocr.o)
 .data          0x0000000020000258        0x0 /usr/lib/gcc/arm-none-eabi/4.9.3/../../../arm-none-eabi/lib/armv7e-m/fpu/libg.a(lib_a-mlock.o)
 .data          0x0000000020000258        0x0 /usr/lib/gcc/arm-none-eabi/4.9.3/../../../arm-none-eabi/lib/armv7e-m/fpu/libg.a(lib_a-sbrkr.o)
 .data          0x0000000020000258        0x0 /usr/lib/gcc/arm-none-eabi/4.9.3/../../../arm-none-eabi/lib/armv7e-m/fpu/libg.a(lib_a-freer.o)
 .data          0x0000000020000258        0x0 /usr/lib/gcc/arm-none-eabi/4.9.3/../../../arm-none-eabi/lib/armv7e-m/fpu/libg.a(lib_a-reent.o)
 *(.data*)
 .data.impure_data
                0x0000000020000258      0x428 /usr/lib/gcc/arm-none-eabi/4.9.3/../../../arm-none-eabi/lib/armv7e-m/fpu/libg.a(lib_a-impure.o)
 .data._impure_ptr
                0x0000000020000680        0x4 /usr/lib/gcc/arm-none-eabi/4.9.3/../../../arm-none-eabi/lib/armv7e-m/fpu/libg.a(lib_a-impure.o)
                0x0000000020000680                _impure_ptr
 .data.__malloc_av_
                0x0000000020000684      0x408 /usr/lib/gcc/arm-none-eabi/4.9.3/../../../arm-none-eabi/lib/armv7e-m/fpu/libg.a(lib_a-mallocr.o)
                0x0000000020000684                __malloc_av_
 .data.__malloc_trim_threshold
                0x0000000020000a8c        0x4 /usr/lib/gcc/arm-none-eabi/4.9.3/../../../arm-none-eabi/lib/armv7e-m/fpu/libg.a(lib_a-mallocr.o)
                0x0000000020000a8c                __malloc_trim_threshold
 .data.__malloc_sbrk_base
                0x0000000020000a90        0x4 /usr/lib/gcc/arm-none-eabi/4.9.3/../../../arm-none-eabi/lib/armv7e-m/fpu/libg.a(lib_a-mallocr.o)
                0x0000000020000a90                __malloc_sbrk_base
                0x0000000020000a94                . = ALIGN (0x4)
                0x0000000020000a94                _edata = .
                0x0000000008017dc4                _siccmram = LOADADDR (.ccmram)

.igot.plt       0x0000000020000a94        0x0 load address 0x0000000008017dc4
 .igot.plt      0x0000000020000a94        0x0 build/objs/usbd_cdc_if.o

.ccmram         0x0000000010000000        0x0 load address 0x0000000008017dc4
                0x0000000010000000                . = ALIGN (0x4)
                0x0000000010000000                _sccmram = .
 *(.ccmram)
 *(.ccmram*)
                0x0000000010000000                . = ALIGN (0x4)
                0x0000000010000000                _eccmram = .
                0x0000000010000000                . = ALIGN (0x4)

.bss            0x0000000020000a94      0xbd8
                0x0000000020000a94                _sbss = .
                0x0000000020000a94                __bss_start__ = _sbss
 *(.bss)
 .bss           0x0000000020000a94        0x0 build/objs/usbd_cdc_if.o
 .bss           0x0000000020000a94        0x0 build/objs/usbd_conf.o
 .bss           0x0000000020000a94        0x4 build/objs/syscalls.o
 .bss           0x0000000020000a98        0x0 build/objs/stm32f4xx_hal_msp.o
 .bss           0x0000000020000a98        0x0 build/objs/gpio.o
 .bss           0x0000000020000a98        0x0 build/objs/SSR.o
 .bss           0x0000000020000a98        0x0 build/objs/main.o
 .bss           0x0000000020000a98        0x0 build/objs/stm32f4xx_it.o
 .bss           0x0000000020000a98        0x0 build/objs/usb_device.o
 .bss           0x0000000020000a98        0x0 build/objs/usbd_desc.o
 .bss           0x0000000020000a98        0x4 build/objs/pcd8544.o
                0x0000000020000a98                PCD8544_UpdateXmin
                0x0000000020000a99                PCD8544_UpdateXmax
                0x0000000020000a9a                PCD8544_UpdateYmin
                0x0000000020000a9b                PCD8544_UpdateYmax
 .bss           0x0000000020000a9c        0x0 build/objs/stm32f4xx_hal_dsi.o
 .bss           0x0000000020000a9c        0x0 build/objs/stm32f4xx_hal_pcd.o
 .bss           0x0000000020000a9c        0x0 build/objs/stm32f4xx_hal_irda.o
 .bss           0x0000000020000a9c        0x0 build/objs/stm32f4xx_ll_fsmc.o
 .bss           0x0000000020000a9c        0x0 build/objs/stm32f4xx_hal_cec.o
 .bss           0x0000000020000a9c        0x0 build/objs/stm32f4xx_hal_timebase_tim_template.o
 .bss           0x0000000020000a9c        0x4 build/objs/stm32f4xx_ll_usb.o
 .bss           0x0000000020000aa0        0x0 build/objs/stm32f4xx_hal.o
 .bss           0x0000000020000aa0        0x0 build/objs/stm32f4xx_hal_dcmi_ex.o
 .bss           0x0000000020000aa0        0x0 build/objs/stm32f4xx_hal_flash_ex.o
 .bss           0x0000000020000aa0        0x0 build/objs/stm32f4xx_hal_cryp.o
 .bss           0x0000000020000aa0        0x0 build/objs/stm32f4xx_hal_rng.o
 .bss           0x0000000020000aa0        0x0 build/objs/stm32f4xx_hal_nand.o
 .bss           0x0000000020000aa0        0x0 build/objs/stm32f4xx_hal_gpio.o
 .bss           0x0000000020000aa0        0x0 build/objs/stm32f4xx_hal_ltdc.o
 .bss           0x0000000020000aa0        0x0 build/objs/stm32f4xx_hal_hcd.o
 .bss           0x0000000020000aa0        0x0 build/objs/stm32f4xx_hal_pcd_ex.o
 .bss           0x0000000020000aa0        0x0 build/objs/stm32f4xx_hal_adc.o
 .bss           0x0000000020000aa0        0x0 build/objs/stm32f4xx_hal_adc_ex.o
 .bss           0x0000000020000aa0        0x0 build/objs/stm32f4xx_hal_lptim.o
 .bss           0x0000000020000aa0        0x0 build/objs/stm32f4xx_hal_spi.o
 .bss           0x0000000020000aa0        0x0 build/objs/stm32f4xx_hal_i2c.o
 .bss           0x0000000020000aa0        0x0 build/objs/stm32f4xx_hal_fmpi2c.o
 .bss           0x0000000020000aa0        0x0 build/objs/stm32f4xx_hal_smartcard.o
 .bss           0x0000000020000aa0        0x0 build/objs/stm32f4xx_hal_pccard.o
 .bss           0x0000000020000aa0        0x0 build/objs/stm32f4xx_hal_dma2d.o
 .bss           0x0000000020000aa0        0x0 build/objs/stm32f4xx_hal_sai.o
 .bss           0x0000000020000aa0        0x0 build/objs/stm32f4xx_hal_cryp_ex.o
 .bss           0x0000000020000aa0        0x0 build/objs/stm32f4xx_hal_rcc_ex.o
 .bss           0x0000000020000aa0        0x0 build/objs/stm32f4xx_ll_fmc.o
 .bss           0x0000000020000aa0        0x0 build/objs/stm32f4xx_hal_ltdc_ex.o
 .bss           0x0000000020000aa0        0x0 build/objs/stm32f4xx_hal_flash_ramfunc.o
 .bss           0x0000000020000aa0        0x0 build/objs/stm32f4xx_hal_cortex.o
 .bss           0x0000000020000aa0        0x0 build/objs/stm32f4xx_hal_iwdg.o
 .bss           0x0000000020000aa0        0x0 build/objs/stm32f4xx_hal_uart.o
 .bss           0x0000000020000aa0        0x0 build/objs/stm32f4xx_hal_tim_ex.o
 .bss           0x0000000020000aa0        0x0 build/objs/stm32f4xx_hal_i2c_ex.o
 .bss           0x0000000020000aa0        0x0 build/objs/stm32f4xx_hal_dma.o
 .bss           0x0000000020000aa0        0x0 build/objs/stm32f4xx_hal_dac.o
 .bss           0x0000000020000aa0        0x0 build/objs/stm32f4xx_hal_spdifrx.o
 .bss           0x0000000020000aa0        0x0 build/objs/stm32f4xx_hal_fmpi2c_ex.o
 .bss           0x0000000020000aa0        0x0 build/objs/stm32f4xx_ll_sdmmc.o
 .bss           0x0000000020000aa0        0x0 build/objs/stm32f4xx_hal_i2s_ex.o
 .bss           0x0000000020000aa0        0x0 build/objs/stm32f4xx_hal_can.o
 .bss           0x0000000020000aa0        0x0 build/objs/stm32f4xx_hal_nor.o
 .bss           0x0000000020000aa0        0x0 build/objs/stm32f4xx_hal_pwr.o
 .bss           0x0000000020000aa0        0x0 build/objs/stm32f4xx_hal_rtc.o
[...]
                                                  build/objs/usbd_ioreq.o
USBD_LL_Init                                      build/objs/usbd_conf.o
                                                  build/objs/usbd_core.o
USBD_LL_IsStallEP                                 build/objs/usbd_conf.o
                                                  build/objs/usbd_ctlreq.o
USBD_LL_IsoINIncomplete                           build/objs/usbd_core.o
                                                  build/objs/usbd_conf.o
USBD_LL_IsoOUTIncomplete                          build/objs/usbd_core.o
                                                  build/objs/usbd_conf.o
USBD_LL_OpenEP                                    build/objs/usbd_conf.o
                                                  build/objs/usbd_cdc.o
                                                  build/objs/usbd_core.o
USBD_LL_PrepareReceive                            build/objs/usbd_conf.o
                                                  build/objs/usbd_cdc.o
                                                  build/objs/usbd_ioreq.o
                                                  build/objs/usbd_core.o
USBD_LL_Reset                                     build/objs/usbd_core.o
                                                  build/objs/usbd_conf.o
USBD_LL_Resume                                    build/objs/usbd_core.o
                                                  build/objs/usbd_conf.o
USBD_LL_SOF                                       build/objs/usbd_core.o
                                                  build/objs/usbd_conf.o
USBD_LL_SetSpeed                                  build/objs/usbd_core.o
                                                  build/objs/usbd_conf.o
USBD_LL_SetUSBAddress                             build/objs/usbd_conf.o
                                                  build/objs/usbd_ctlreq.o
USBD_LL_SetupStage                                build/objs/usbd_core.o
                                                  build/objs/usbd_conf.o
USBD_LL_StallEP                                   build/objs/usbd_conf.o
                                                  build/objs/usbd_ctlreq.o
                                                  build/objs/usbd_core.o
USBD_LL_Start                                     build/objs/usbd_conf.o
                                                  build/objs/usbd_core.o
USBD_LL_Stop                                      build/objs/usbd_conf.o
                                                  build/objs/usbd_core.o
USBD_LL_Suspend                                   build/objs/usbd_core.o
                                                  build/objs/usbd_conf.o
USBD_LL_Transmit                                  build/objs/usbd_conf.o
                                                  build/objs/usbd_cdc.o
                                                  build/objs/usbd_ioreq.o
USBD_LangIDDesc                                   build/objs/usbd_desc.o
USBD_ParseSetupRequest                            build/objs/usbd_ctlreq.o
                                                  build/objs/usbd_core.o
USBD_RegisterClass                                build/objs/usbd_core.o
                                                  build/objs/usb_device.o
USBD_RunTestMode                                  build/objs/usbd_core.o
USBD_SetClassConfig                               build/objs/usbd_core.o
                                                  build/objs/usbd_ctlreq.o
USBD_Start                                        build/objs/usbd_core.o
                                                  build/objs/usb_device.o
USBD_StdDevReq                                    build/objs/usbd_ctlreq.o
                                                  build/objs/usbd_core.o
USBD_StdEPReq                                     build/objs/usbd_ctlreq.o
                                                  build/objs/usbd_core.o
USBD_StdItfReq                                    build/objs/usbd_ctlreq.o
                                                  build/objs/usbd_core.o
USBD_Stop                                         build/objs/usbd_core.o
USBD_StrDesc                                      build/objs/usbd_desc.o
USB_ActivateDedicatedEndpoint                     build/objs/stm32f4xx_ll_usb.o
USB_ActivateEndpoint                              build/objs/stm32f4xx_ll_usb.o
                                                  build/objs/stm32f4xx_hal_pcd.o
USB_ActivateSetup                                 build/objs/stm32f4xx_ll_usb.o
                                                  build/objs/stm32f4xx_hal_pcd.o
USB_ClearInterrupts                               build/objs/stm32f4xx_ll_usb.o
USB_CoreInit                                      build/objs/stm32f4xx_ll_usb.o
                                                  build/objs/stm32f4xx_hal_pcd.o
USB_DeactivateDedicatedEndpoint                   build/objs/stm32f4xx_ll_usb.o
USB_DeactivateEndpoint                            build/objs/stm32f4xx_ll_usb.o
                                                  build/objs/stm32f4xx_hal_pcd.o
USB_DevConnect                                    build/objs/stm32f4xx_ll_usb.o
                                                  build/objs/stm32f4xx_hal_pcd.o
USB_DevDisconnect                                 build/objs/stm32f4xx_ll_usb.o
                                                  build/objs/stm32f4xx_hal_pcd.o
USB_DevInit                                       build/objs/stm32f4xx_ll_usb.o
                                                  build/objs/stm32f4xx_hal_pcd.o
USB_DisableGlobalInt                              build/objs/stm32f4xx_ll_usb.o
                                                  build/objs/stm32f4xx_hal_pcd.o
USB_DoPing                                        build/objs/stm32f4xx_ll_usb.o
USB_DriveVbus                                     build/objs/stm32f4xx_ll_usb.o
USB_EP0StartXfer                                  build/objs/stm32f4xx_ll_usb.o
                                                  build/objs/stm32f4xx_hal_pcd.o
USB_EP0_OutStart                                  build/objs/stm32f4xx_ll_usb.o
                                                  build/objs/stm32f4xx_hal_pcd.o
USB_EPClearStall                                  build/objs/stm32f4xx_ll_usb.o
                                                  build/objs/stm32f4xx_hal_pcd.o
USB_EPSetStall                                    build/objs/stm32f4xx_ll_usb.o
                                                  build/objs/stm32f4xx_hal_pcd.o
USB_EPStartXfer                                   build/objs/stm32f4xx_ll_usb.o
                                                  build/objs/stm32f4xx_hal_pcd.o
USB_EnableGlobalInt                               build/objs/stm32f4xx_ll_usb.o
                                                  build/objs/stm32f4xx_hal_pcd.o
USB_FlushRxFifo                                   build/objs/stm32f4xx_ll_usb.o
                                                  build/objs/stm32f4xx_hal_pcd.o
USB_FlushTxFifo                                   build/objs/stm32f4xx_ll_usb.o
                                                  build/objs/stm32f4xx_hal_pcd.o
USB_GetCurrentFrame                               build/objs/stm32f4xx_ll_usb.o
USB_GetDevSpeed                                   build/objs/stm32f4xx_ll_usb.o
                                                  build/objs/stm32f4xx_hal_pcd.o
USB_GetHostSpeed                                  build/objs/stm32f4xx_ll_usb.o
USB_GetMode                                       build/objs/stm32f4xx_ll_usb.o
                                                  build/objs/stm32f4xx_hal_pcd.o
USB_HC_Halt                                       build/objs/stm32f4xx_ll_usb.o
USB_HC_Init                                       build/objs/stm32f4xx_ll_usb.o
USB_HC_ReadInterrupt                              build/objs/stm32f4xx_ll_usb.o
USB_HC_StartXfer                                  build/objs/stm32f4xx_ll_usb.o
USB_HostInit                                      build/objs/stm32f4xx_ll_usb.o
USB_InitFSLSPClkSel                               build/objs/stm32f4xx_ll_usb.o
USB_ReadDevAllInEpInterrupt                       build/objs/stm32f4xx_ll_usb.o
                                                  build/objs/stm32f4xx_hal_pcd.o
USB_ReadDevAllOutEpInterrupt                      build/objs/stm32f4xx_ll_usb.o
                                                  build/objs/stm32f4xx_hal_pcd.o
USB_ReadDevInEPInterrupt                          build/objs/stm32f4xx_ll_usb.o
                                                  build/objs/stm32f4xx_hal_pcd.o
USB_ReadDevOutEPInterrupt                         build/objs/stm32f4xx_ll_usb.o
                                                  build/objs/stm32f4xx_hal_pcd.o
USB_ReadInterrupts                                build/objs/stm32f4xx_ll_usb.o
                                                  build/objs/stm32f4xx_hal_pcd.o
USB_ReadPacket                                    build/objs/stm32f4xx_ll_usb.o
                                                  build/objs/stm32f4xx_hal_pcd.o
USB_ResetPort                                     build/objs/stm32f4xx_ll_usb.o
USB_SetCurrentMode                                build/objs/stm32f4xx_ll_usb.o
                                                  build/objs/stm32f4xx_hal_pcd.o
USB_SetDevAddress                                 build/objs/stm32f4xx_ll_usb.o
                                                  build/objs/stm32f4xx_hal_pcd.o
USB_SetDevSpeed                                   build/objs/stm32f4xx_ll_usb.o
USB_StopDevice                                    build/objs/stm32f4xx_ll_usb.o
                                                  build/objs/stm32f4xx_hal_pcd.o
USB_StopHost                                      build/objs/stm32f4xx_ll_usb.o
USB_WritePacket                                   build/objs/stm32f4xx_ll_usb.o
                                                  build/objs/stm32f4xx_hal_pcd.o
UsageFault_Handler                                build/objs/startup_stm32f407xx.o
UserRxBufferFS                                    build/objs/usbd_cdc_if.o
UserTxBufferFS                                    build/objs/usbd_cdc_if.o
WWDG_IRQHandler                                   build/objs/startup_stm32f407xx.o
__errno                                           /usr/lib/gcc/arm-none-eabi/4.9.3/../../../arm-none-eabi/lib/armv7e-m/fpu/libg.a(lib_a-errno.o)
                                                  build/objs/syscalls.o
__io_getchar                                      build/objs/syscalls.o
__io_putchar                                      build/objs/syscalls.o
__malloc_av_                                      /usr/lib/gcc/arm-none-eabi/4.9.3/../../../arm-none-eabi/lib/armv7e-m/fpu/libg.a(lib_a-mallocr.o)
                                                  /usr/lib/gcc/arm-none-eabi/4.9.3/../../../arm-none-eabi/lib/armv7e-m/fpu/libg.a(lib_a-freer.o)
__malloc_current_mallinfo                         /usr/lib/gcc/arm-none-eabi/4.9.3/../../../arm-none-eabi/lib/armv7e-m/fpu/libg.a(lib_a-mallocr.o)
                                                  /usr/lib/gcc/arm-none-eabi/4.9.3/../../../arm-none-eabi/lib/armv7e-m/fpu/libg.a(lib_a-freer.o)
__malloc_lock                                     /usr/lib/gcc/arm-none-eabi/4.9.3/../../../arm-none-eabi/lib/armv7e-m/fpu/libg.a(lib_a-mlock.o)
                                                  /usr/lib/gcc/arm-none-eabi/4.9.3/../../../arm-none-eabi/lib/armv7e-m/fpu/libg.a(lib_a-freer.o)
                                                  /usr/lib/gcc/arm-none-eabi/4.9.3/../../../arm-none-eabi/lib/armv7e-m/fpu/libg.a(lib_a-mallocr.o)
__malloc_max_sbrked_mem                           /usr/lib/gcc/arm-none-eabi/4.9.3/../../../arm-none-eabi/lib/armv7e-m/fpu/libg.a(lib_a-mallocr.o)
__malloc_max_total_mem                            /usr/lib/gcc/arm-none-eabi/4.9.3/../../../arm-none-eabi/lib/armv7e-m/fpu/libg.a(lib_a-mallocr.o)
__malloc_sbrk_base                                /usr/lib/gcc/arm-none-eabi/4.9.3/../../../arm-none-eabi/lib/armv7e-m/fpu/libg.a(lib_a-mallocr.o)
                                                  /usr/lib/gcc/arm-none-eabi/4.9.3/../../../arm-none-eabi/lib/armv7e-m/fpu/libg.a(lib_a-freer.o)
__malloc_top_pad                                  /usr/lib/gcc/arm-none-eabi/4.9.3/../../../arm-none-eabi/lib/armv7e-m/fpu/libg.a(lib_a-mallocr.o)
                                                  /usr/lib/gcc/arm-none-eabi/4.9.3/../../../arm-none-eabi/lib/armv7e-m/fpu/libg.a(lib_a-freer.o)
__malloc_trim_threshold                           /usr/lib/gcc/arm-none-eabi/4.9.3/../../../arm-none-eabi/lib/armv7e-m/fpu/libg.a(lib_a-mallocr.o)
                                                  /usr/lib/gcc/arm-none-eabi/4.9.3/../../../arm-none-eabi/lib/armv7e-m/fpu/libg.a(lib_a-freer.o)
__malloc_unlock                                   /usr/lib/gcc/arm-none-eabi/4.9.3/../../../arm-none-eabi/lib/armv7e-m/fpu/libg.a(lib_a-mlock.o)
                                                  /usr/lib/gcc/arm-none-eabi/4.9.3/../../../arm-none-eabi/lib/armv7e-m/fpu/libg.a(lib_a-freer.o)
                                                  /usr/lib/gcc/arm-none-eabi/4.9.3/../../../arm-none-eabi/lib/armv7e-m/fpu/libg.a(lib_a-mallocr.o)
_close                                            build/objs/syscalls.o
_ebss                                             build/objs/startup_stm32f407xx.o
_edata                                            build/objs/startup_stm32f407xx.o
_estack                                           build/objs/startup_stm32f407xx.o
_execve                                           build/objs/syscalls.o
_exit                                             build/objs/syscalls.o
_fork                                             build/objs/syscalls.o
_free_r                                           /usr/lib/gcc/arm-none-eabi/4.9.3/../../../arm-none-eabi/lib/armv7e-m/fpu/libg.a(lib_a-freer.o)
                                                  /usr/lib/gcc/arm-none-eabi/4.9.3/../../../arm-none-eabi/lib/armv7e-m/fpu/libg.a(lib_a-reent.o)
                                                  /usr/lib/gcc/arm-none-eabi/4.9.3/../../../arm-none-eabi/lib/armv7e-m/fpu/libg.a(lib_a-mallocr.o)
                                                  /usr/lib/gcc/arm-none-eabi/4.9.3/../../../arm-none-eabi/lib/armv7e-m/fpu/libg.a(lib_a-malloc.o)
_fstat                                            build/objs/syscalls.o
_getpid                                           build/objs/syscalls.o
_gettimeofday                                     build/objs/syscalls.o
_global_impure_ptr                                /usr/lib/gcc/arm-none-eabi/4.9.3/../../../arm-none-eabi/lib/armv7e-m/fpu/libg.a(lib_a-impure.o)
_impure_ptr                                       /usr/lib/gcc/arm-none-eabi/4.9.3/../../../arm-none-eabi/lib/armv7e-m/fpu/libg.a(lib_a-impure.o)
                                                  /usr/lib/gcc/arm-none-eabi/4.9.3/../../../arm-none-eabi/lib/armv7e-m/fpu/libg.a(lib_a-reent.o)
                                                  /usr/lib/gcc/arm-none-eabi/4.9.3/../../../arm-none-eabi/lib/armv7e-m/fpu/libg.a(lib_a-malloc.o)
                                                  /usr/lib/gcc/arm-none-eabi/4.9.3/../../../arm-none-eabi/lib/armv7e-m/fpu/libg.a(lib_a-errno.o)
_isatty                                           build/objs/syscalls.o
_kill                                             build/objs/syscalls.o
_link                                             build/objs/syscalls.o
_lseek                                            build/objs/syscalls.o
_malloc_r                                         /usr/lib/gcc/arm-none-eabi/4.9.3/../../../arm-none-eabi/lib/armv7e-m/fpu/libg.a(lib_a-mallocr.o)
                                                  /usr/lib/gcc/arm-none-eabi/4.9.3/../../../arm-none-eabi/lib/armv7e-m/fpu/libg.a(lib_a-malloc.o)
_malloc_trim_r                                    /usr/lib/gcc/arm-none-eabi/4.9.3/../../../arm-none-eabi/lib/armv7e-m/fpu/libg.a(lib_a-freer.o)
_open                                             build/objs/syscalls.o
_read                                             build/objs/syscalls.o
_reclaim_reent                                    /usr/lib/gcc/arm-none-eabi/4.9.3/../../../arm-none-eabi/lib/armv7e-m/fpu/libg.a(lib_a-reent.o)
_sbrk                                             build/objs/syscalls.o
                                                  /usr/lib/gcc/arm-none-eabi/4.9.3/../../../arm-none-eabi/lib/armv7e-m/fpu/libg.a(lib_a-sbrkr.o)
_sbrk_r                                           /usr/lib/gcc/arm-none-eabi/4.9.3/../../../arm-none-eabi/lib/armv7e-m/fpu/libg.a(lib_a-sbrkr.o)
                                                  /usr/lib/gcc/arm-none-eabi/4.9.3/../../../arm-none-eabi/lib/armv7e-m/fpu/libg.a(lib_a-freer.o)
                                                  /usr/lib/gcc/arm-none-eabi/4.9.3/../../../arm-none-eabi/lib/armv7e-m/fpu/libg.a(lib_a-mallocr.o)
_sbss                                             build/objs/startup_stm32f407xx.o
_sdata                                            build/objs/startup_stm32f407xx.o
_sidata                                           build/objs/startup_stm32f407xx.o
_stat                                             build/objs/syscalls.o
_times                                            build/objs/syscalls.o
_unlink                                           build/objs/syscalls.o
_wait                                             build/objs/syscalls.o
_write                                            build/objs/syscalls.o
brightness_levels                                 build/objs/pcd8544.o
cleanup_glue                                      /usr/lib/gcc/arm-none-eabi/4.9.3/../../../arm-none-eabi/lib/armv7e-m/fpu/libg.a(lib_a-reent.o)
end                                               build/objs/syscalls.o
errno                                             /usr/lib/gcc/arm-none-eabi/4.9.3/../../../arm-none-eabi/lib/armv7e-m/fpu/libg.a(lib_a-reent.o)
                                                  /usr/lib/gcc/arm-none-eabi/4.9.3/../../../arm-none-eabi/lib/armv7e-m/fpu/libg.a(lib_a-sbrkr.o)
free                                              /usr/lib/gcc/arm-none-eabi/4.9.3/../../../arm-none-eabi/lib/armv7e-m/fpu/libg.a(lib_a-malloc.o)
                                                  build/objs/usbd_cdc.o
g_pfnVectors                                      build/objs/startup_stm32f407xx.o
hSPI                                              build/objs/pcd8544.o
hTIM                                              build/objs/pcd8544.o
                                                  build/objs/SSR.o
hUsbDeviceFS                                      build/objs/usb_device.o
                                                  build/objs/main.o
                                                  build/objs/usbd_cdc_if.o
hUsbDevice_0                                      build/objs/usbd_cdc_if.o
hpcd_USB_OTG_FS                                   build/objs/usbd_conf.o
                                                  build/objs/stm32f4xx_it.o
initialise_monitor_handles                        build/objs/syscalls.o
linecoding                                        build/objs/usbd_cdc_if_template.o
main                                              build/objs/main.o
                                                  build/objs/startup_stm32f407xx.o
malloc                                            /usr/lib/gcc/arm-none-eabi/4.9.3/../../../arm-none-eabi/lib/armv7e-m/fpu/libg.a(lib_a-malloc.o)
                                                  build/objs/usbd_cdc.o
pFlash                                            build/objs/stm32f4xx_hal_flash.o
                                                  build/objs/stm32f4xx_hal_flash_ex.o
uwTick                                            build/objs/stm32f4xx_hal.o
