Archive member included to satisfy reference by file (symbol)

/usr/lib/gcc/arm-none-eabi/4.9.3/armv7e-m/fpu/libgcc.a(_arm_addsubdf3.o)
                              build/objs/MAX31855.o (__aeabi_ui2d)
/usr/lib/gcc/arm-none-eabi/4.9.3/armv7e-m/fpu/libgcc.a(_arm_muldivdf3.o)
                              build/objs/MAX31855.o (__aeabi_dmul)
/usr/lib/gcc/arm-none-eabi/4.9.3/armv7e-m/fpu/libgcc.a(_arm_truncdfsf2.o)
                              build/objs/MAX31855.o (__aeabi_d2f)
/usr/lib/gcc/arm-none-eabi/4.9.3/../../../arm-none-eabi/lib/armv7e-m/fpu/libg.a(lib_a-atof.o)
                              build/objs/reflow_process.o (atof)
/usr/lib/gcc/arm-none-eabi/4.9.3/../../../arm-none-eabi/lib/armv7e-m/fpu/libg.a(lib_a-atoi.o)
                              build/objs/SSR.o (atoi)
/usr/lib/gcc/arm-none-eabi/4.9.3/../../../arm-none-eabi/lib/armv7e-m/fpu/libg.a(lib_a-errno.o)
                              build/objs/syscalls.o (__errno)
/usr/lib/gcc/arm-none-eabi/4.9.3/../../../arm-none-eabi/lib/armv7e-m/fpu/libg.a(lib_a-impure.o)
                              /usr/lib/gcc/arm-none-eabi/4.9.3/../../../arm-none-eabi/lib/armv7e-m/fpu/libg.a(lib_a-errno.o) (_impure_ptr)
/usr/lib/gcc/arm-none-eabi/4.9.3/../../../arm-none-eabi/lib/armv7e-m/fpu/libg.a(lib_a-malloc.o)
                              build/objs/usbd_cdc.o (malloc)
/usr/lib/gcc/arm-none-eabi/4.9.3/../../../arm-none-eabi/lib/armv7e-m/fpu/libg.a(lib_a-mallocr.o)
                              /usr/lib/gcc/arm-none-eabi/4.9.3/../../../arm-none-eabi/lib/armv7e-m/fpu/libg.a(lib_a-malloc.o) (_malloc_r)
/usr/lib/gcc/arm-none-eabi/4.9.3/../../../arm-none-eabi/lib/armv7e-m/fpu/libg.a(lib_a-mlock.o)
                              /usr/lib/gcc/arm-none-eabi/4.9.3/../../../arm-none-eabi/lib/armv7e-m/fpu/libg.a(lib_a-mallocr.o) (__malloc_lock)
/usr/lib/gcc/arm-none-eabi/4.9.3/../../../arm-none-eabi/lib/armv7e-m/fpu/libg.a(lib_a-sbrkr.o)
                              /usr/lib/gcc/arm-none-eabi/4.9.3/../../../arm-none-eabi/lib/armv7e-m/fpu/libg.a(lib_a-mallocr.o) (_sbrk_r)
/usr/lib/gcc/arm-none-eabi/4.9.3/../../../arm-none-eabi/lib/armv7e-m/fpu/libg.a(lib_a-strcmp.o)
                              build/objs/command_processor.o (strcmp)
/usr/lib/gcc/arm-none-eabi/4.9.3/../../../arm-none-eabi/lib/armv7e-m/fpu/libg.a(lib_a-strtod.o)
                              /usr/lib/gcc/arm-none-eabi/4.9.3/../../../arm-none-eabi/lib/armv7e-m/fpu/libg.a(lib_a-atof.o) (strtod)
/usr/lib/gcc/arm-none-eabi/4.9.3/../../../arm-none-eabi/lib/armv7e-m/fpu/libg.a(lib_a-strtok.o)
                              build/objs/command_processor.o (strtok)
/usr/lib/gcc/arm-none-eabi/4.9.3/../../../arm-none-eabi/lib/armv7e-m/fpu/libg.a(lib_a-strtok_r.o)
                              /usr/lib/gcc/arm-none-eabi/4.9.3/../../../arm-none-eabi/lib/armv7e-m/fpu/libg.a(lib_a-strtok.o) (__strtok_r)
/usr/lib/gcc/arm-none-eabi/4.9.3/../../../arm-none-eabi/lib/armv7e-m/fpu/libg.a(lib_a-strtol.o)
                              /usr/lib/gcc/arm-none-eabi/4.9.3/../../../arm-none-eabi/lib/armv7e-m/fpu/libg.a(lib_a-atoi.o) (_strtol_r)
/usr/lib/gcc/arm-none-eabi/4.9.3/../../../arm-none-eabi/lib/armv7e-m/fpu/libg.a(lib_a-ctype_.o)
                              /usr/lib/gcc/arm-none-eabi/4.9.3/../../../arm-none-eabi/lib/armv7e-m/fpu/libg.a(lib_a-strtol.o) (__ctype_ptr__)
/usr/lib/gcc/arm-none-eabi/4.9.3/../../../arm-none-eabi/lib/armv7e-m/fpu/libg.a(lib_a-freer.o)
                              /usr/lib/gcc/arm-none-eabi/4.9.3/../../../arm-none-eabi/lib/armv7e-m/fpu/libg.a(lib_a-malloc.o) (_free_r)
/usr/lib/gcc/arm-none-eabi/4.9.3/../../../arm-none-eabi/lib/armv7e-m/fpu/libg.a(lib_a-gdtoa-gethex.o)
                              /usr/lib/gcc/arm-none-eabi/4.9.3/../../../arm-none-eabi/lib/armv7e-m/fpu/libg.a(lib_a-strtod.o) (__gethex)
/usr/lib/gcc/arm-none-eabi/4.9.3/../../../arm-none-eabi/lib/armv7e-m/fpu/libg.a(lib_a-gdtoa-hexnan.o)
                              /usr/lib/gcc/arm-none-eabi/4.9.3/../../../arm-none-eabi/lib/armv7e-m/fpu/libg.a(lib_a-strtod.o) (__hexnan)
/usr/lib/gcc/arm-none-eabi/4.9.3/../../../arm-none-eabi/lib/armv7e-m/fpu/libg.a(lib_a-locale.o)
                              /usr/lib/gcc/arm-none-eabi/4.9.3/../../../arm-none-eabi/lib/armv7e-m/fpu/libg.a(lib_a-strtod.o) (_localeconv_r)
/usr/lib/gcc/arm-none-eabi/4.9.3/../../../arm-none-eabi/lib/armv7e-m/fpu/libg.a(lib_a-memcpy.o)
                              /usr/lib/gcc/arm-none-eabi/4.9.3/../../../arm-none-eabi/lib/armv7e-m/fpu/libg.a(lib_a-strtod.o) (memcpy)
/usr/lib/gcc/arm-none-eabi/4.9.3/../../../arm-none-eabi/lib/armv7e-m/fpu/libg.a(lib_a-mprec.o)
                              /usr/lib/gcc/arm-none-eabi/4.9.3/../../../arm-none-eabi/lib/armv7e-m/fpu/libg.a(lib_a-strtod.o) (_Balloc)
/usr/lib/gcc/arm-none-eabi/4.9.3/../../../arm-none-eabi/lib/armv7e-m/fpu/libg.a(lib_a-reent.o)
                              /usr/lib/gcc/arm-none-eabi/4.9.3/../../../arm-none-eabi/lib/armv7e-m/fpu/libg.a(lib_a-sbrkr.o) (errno)
[...]
Memory Configuration

Name             Origin             Length             Attributes
FLASH            0x0000000008000000 0x0000000000100000 xr
RAM              0x0000000020000000 0x0000000000020000 xrw
CCMRAM           0x0000000010000000 0x0000000000010000 rw
*default*        0x0000000000000000 0xffffffffffffffff

Linker script and memory map

LOAD build/objs/stm32f4xx_hal_msp.o
LOAD build/objs/usbd_cdc_if.o
LOAD build/objs/usbd_conf.o
LOAD build/objs/syscalls.o
LOAD build/objs/USB_printf.o
LOAD build/objs/gpio.o
LOAD build/objs/SSR.o
LOAD build/objs/MAX31855.o
LOAD build/objs/main.o
LOAD build/objs/stm32f4xx_it.o
LOAD build/objs/usb_device.o
LOAD build/objs/usbd_desc.o
LOAD build/objs/pcd8544.o
LOAD build/objs/reflow_process.o
LOAD build/objs/command_processor.o
LOAD build/objs/stm32f4xx_hal_dsi.o
LOAD build/objs/stm32f4xx_hal_pcd.o
LOAD build/objs/stm32f4xx_hal_irda.o
LOAD build/objs/stm32f4xx_ll_fsmc.o
LOAD build/objs/stm32f4xx_hal_cec.o
LOAD build/objs/stm32f4xx_hal_timebase_tim_template.o
LOAD build/objs/stm32f4xx_ll_usb.o
LOAD build/objs/stm32f4xx_hal.o
LOAD build/objs/stm32f4xx_hal_dcmi_ex.o
LOAD build/objs/stm32f4xx_hal_flash_ex.o
LOAD build/objs/stm32f4xx_hal_cryp.o
LOAD build/objs/stm32f4xx_hal_rng.o
LOAD build/objs/stm32f4xx_hal_nand.o
LOAD build/objs/stm32f4xx_hal_gpio.o
LOAD build/objs/stm32f4xx_hal_ltdc.o
LOAD build/objs/stm32f4xx_hal_hcd.o
LOAD build/objs/stm32f4xx_hal_pcd_ex.o
LOAD build/objs/stm32f4xx_hal_adc.o
LOAD build/objs/stm32f4xx_hal_adc_ex.o
LOAD build/objs/stm32f4xx_hal_lptim.o
LOAD build/objs/stm32f4xx_hal_spi.o
LOAD build/objs/stm32f4xx_hal_i2c.o
LOAD build/objs/stm32f4xx_hal_fmpi2c.o
LOAD build/objs/stm32f4xx_hal_smartcard.o
LOAD build/objs/stm32f4xx_hal_pccard.o
LOAD build/objs/stm32f4xx_hal_dma2d.o
LOAD build/objs/stm32f4xx_hal_sai.o
LOAD build/objs/stm32f4xx_hal_cryp_ex.o
LOAD build/objs/stm32f4xx_hal_rcc_ex.o
LOAD build/objs/stm32f4xx_ll_fmc.o
LOAD build/objs/stm32f4xx_hal_ltdc_ex.o
LOAD build/objs/stm32f4xx_hal_flash_ramfunc.o
LOAD build/objs/stm32f4xx_hal_cortex.o
LOAD build/objs/stm32f4xx_hal_iwdg.o
LOAD build/objs/stm32f4xx_hal_uart.o
LOAD build/objs/stm32f4xx_hal_tim_ex.o
LOAD build/objs/stm32f4xx_hal_i2c_ex.o
LOAD build/objs/stm32f4xx_hal_dma.o
LOAD build/objs/stm32f4xx_hal_dac.o
LOAD build/objs/stm32f4xx_hal_spdifrx.o
LOAD build/objs/stm32f4xx_hal_fmpi2c_ex.o
LOAD build/objs/stm32f4xx_ll_sdmmc.o
LOAD build/objs/stm32f4xx_hal_i2s_ex.o
LOAD build/objs/stm32f4xx_hal_can.o
LOAD build/objs/stm32f4xx_hal_nor.o
LOAD build/objs/stm32f4xx_hal_pwr.o
LOAD build/objs/stm32f4xx_hal_rtc.o
LOAD build/objs/stm32f4xx_hal_qspi.o
LOAD build/objs/stm32f4xx_hal_hash_ex.o
LOAD build/objs/stm32f4xx_hal_i2s.o
LOAD build/objs/stm32f4xx_hal_sram.o
LOAD build/objs/stm32f4xx_hal_hash.o
LOAD build/objs/stm32f4xx_hal_eth.o
LOAD build/objs/stm32f4xx_hal_tim.o
LOAD build/objs/stm32f4xx_hal_dma_ex.o
LOAD build/objs/stm32f4xx_hal_sd.o
LOAD build/objs/stm32f4xx_hal_sai_ex.o
LOAD build/objs/stm32f4xx_hal_rcc.o
LOAD build/objs/stm32f4xx_hal_wwdg.o
LOAD build/objs/stm32f4xx_hal_dac_ex.o
LOAD build/objs/stm32f4xx_hal_rtc_ex.o
LOAD build/objs/stm32f4xx_hal_pwr_ex.o
LOAD build/objs/stm32f4xx_hal_dcmi.o
LOAD build/objs/stm32f4xx_hal_sdram.o
LOAD build/objs/stm32f4xx_hal_flash.o
LOAD build/objs/stm32f4xx_hal_crc.o
LOAD build/objs/stm32f4xx_hal_usart.o
LOAD build/objs/stm32f4_discovery.o
LOAD build/objs/system_stm32f4xx.o
LOAD build/objs/usbd_core.o
LOAD build/objs/usbd_ctlreq.o
LOAD build/objs/usbd_ioreq.o
LOAD build/objs/usbd_cdc_if_template.o
LOAD build/objs/usbd_cdc.o
LOAD build/objs/startup_stm32f407xx.o
START GROUP
LOAD /usr/lib/gcc/arm-none-eabi/4.9.3/armv7e-m/fpu/libgcc.a
LOAD /usr/lib/gcc/arm-none-eabi/4.9.3/../../../arm-none-eabi/lib/armv7e-m/fpu/libg.a
LOAD /usr/lib/gcc/arm-none-eabi/4.9.3/../../../arm-none-eabi/lib/armv7e-m/fpu/libc.a
END GROUP
                0x000000002001ffff                _estack = 0x2001ffff
                0x0000000000000200                _Min_Heap_Size = 0x200
                0x0000000000000400                _Min_Stack_Size = 0x400

.isr_vector     0x0000000008000000      0x188
                0x0000000008000000                . = ALIGN (0x4)
 *(.isr_vector)
 .isr_vector    0x0000000008000000      0x188 build/objs/startup_stm32f407xx.o
                0x0000000008000000                g_pfnVectors
                0x0000000008000188                . = ALIGN (0x4)

.text           0x00000000080001a0    0x1b218
                0x00000000080001a0                . = ALIGN (0x4)
 *(.text)
 .text          0x00000000080001a0       0x48 build/objs/stm32f4xx_hal_msp.o
                0x00000000080001a0                HAL_MspInit
 .text          0x00000000080001e8      0x19c build/objs/usbd_cdc_if.o
                0x0000000008000330                CDC_Transmit_FS
 .text          0x0000000008000384      0x588 build/objs/usbd_conf.o
                0x0000000008000384                HAL_PCD_MspInit
                0x0000000008000400                HAL_PCD_MspDeInit
                0x000000000800043c                HAL_PCD_SetupStageCallback
                0x0000000008000460                HAL_PCD_DataOutStageCallback
                0x0000000008000498                HAL_PCD_DataInStageCallback
                0x00000000080004cc                HAL_PCD_SOFCallback
                0x00000000080004e8                HAL_PCD_ResetCallback
                0x0000000008000538                HAL_PCD_SuspendCallback
                0x0000000008000584                HAL_PCD_ResumeCallback
                0x00000000080005a0                HAL_PCD_ISOOUTIncompleteCallback
                0x00000000080005c4                HAL_PCD_ISOINIncompleteCallback
                0x00000000080005e8                HAL_PCD_ConnectCallback
                0x0000000008000604                HAL_PCD_DisconnectCallback
                0x0000000008000620                USBD_LL_Init
                0x00000000080006b4                USBD_LL_DeInit
                0x00000000080006d4                USBD_LL_Start
                0x00000000080006f4                USBD_LL_Stop
                0x0000000008000714                USBD_LL_OpenEP
                0x0000000008000748                USBD_LL_CloseEP
                0x0000000008000770                USBD_LL_FlushEP
                0x0000000008000798                USBD_LL_StallEP
                0x00000000080007c0                USBD_LL_ClearStallEP
                0x00000000080007e8                USBD_LL_IsStallEP
                0x0000000008000840                USBD_LL_SetUSBAddress
                0x0000000008000868                USBD_LL_Transmit
                0x000000000800089c                USBD_LL_PrepareReceive
                0x00000000080008d0                USBD_LL_GetRxDataSize
                0x00000000080008f8                USBD_LL_Delay
 .text          0x000000000800090c      0x2b8 build/objs/syscalls.o
                0x000000000800090c                _sbrk
                0x0000000008000978                _gettimeofday
                0x00000000080009a4                initialise_monitor_handles
                0x00000000080009b0                _getpid
                0x00000000080009c0                _kill
                0x00000000080009e0                _exit
                0x00000000080009f4                _write
                0x0000000008000a2c                _close
                0x0000000008000a44                _fstat
                0x0000000008000a64                _isatty
                0x0000000008000a7c                _lseek
                0x0000000008000a98                _read
                0x0000000008000ad4                _open
                0x0000000008000af0                _wait
                0x0000000008000b10                _unlink
                0x0000000008000b30                _times
                0x0000000008000b48                _stat
                0x0000000008000b68                _link
                0x0000000008000b88                _fork
                0x0000000008000ba0                _execve
 .text          0x0000000008000bc4      0x458 build/objs/USB_printf.o
                0x0000000008000f5c                USB_printf
                0x0000000008000f84                USB_printf_buff
                0x0000000008000fdc                PCD8544_printf_buff
 .text          0x000000000800101c       0x4c build/objs/gpio.o
                0x000000000800101c                MX_GPIO_Init
 .text          0x0000000008001068      0x274 build/objs/SSR.o
                0x0000000008001068                SSR_init
                0x0000000008001118                SSR_start
                0x000000000800113c                SSR_stop
                0x0000000008001164                SSR_set_duty_cycle
                0x00000000080011c4                SSR_force_duty_cycle
                0x000000000800123c                SSR_lock_duty_cycle
                0x0000000008001288                SSR_force_on_off
 .text          0x00000000080012dc      0x314 build/objs/MAX31855.o
                0x00000000080012dc                MAX31855_init
                0x0000000008001434                MAX31855_read
 .text          0x00000000080015f0      0x1ec build/objs/main.o
                0x00000000080015f0                main
                0x00000000080016e4                SystemClock_Config
                0x00000000080017a8                set_reflow_process_period
 .text          0x00000000080017dc       0x20 build/objs/stm32f4xx_it.o
                0x00000000080017dc                SysTick_Handler
                0x00000000080017ec                OTG_FS_IRQHandler
 .text          0x00000000080017fc       0x38 build/objs/usb_device.o
                0x00000000080017fc                MX_USB_DEVICE_Init
 .text          0x0000000008001834      0x160 build/objs/usbd_desc.o
                0x0000000008001834                USBD_FS_DeviceDescriptor
                0x0000000008001858                USBD_FS_LangIDStrDescriptor
                0x000000000800187c                USBD_FS_ProductStrDescriptor
                0x00000000080018b8                USBD_FS_ManufacturerStrDescriptor
                0x00000000080018e0                USBD_FS_SerialStrDescriptor
                0x000000000800191c                USBD_FS_ConfigStrDescriptor
                0x0000000008001958                USBD_FS_InterfaceStrDescriptor
 .text          0x0000000008001994      0xe94 build/objs/pcd8544.o
                0x0000000008001994                PCD8544_InitIO
                0x0000000008001bac                PCD8544_send
                0x0000000008001bec                PCD8544_Pin
                0x0000000008001c58                PCD8544_Delay
                0x0000000008001c80                PCD8544_Init
                0x0000000008001cf8                PCD8544_Write
                0x0000000008001d38                PCD8544_SetContrast
                0x0000000008001d74                PCD8544_DrawPixel
                0x0000000008001e30                PCD8544_Invert
                0x0000000008001e58                PCD8544_Clear
                0x0000000008001ea4                PCD8544_Home
                0x0000000008001ebc                PCD8544_Refresh
                0x0000000008001f78                PCD8544_UpdateArea
                0x0000000008001ff0                PCD8544_GotoXY
                0x0000000008002020                PCD8544_Putc
                0x0000000008002174                PCD8544_Puts
                0x00000000080021ac                PCD8544_DrawLine
                0x0000000008002368                PCD8544_DrawRectangle
                0x00000000080023d4                PCD8544_DrawFilledRectangle
                0x000000000800241c                PCD8544_DrawCircle
                0x0000000008002610                PCD8544_DrawFilledCircle
                0x00000000080027f4                PCD8544_SetBacklight
 .text          0x0000000008002828      0x730 build/objs/reflow_process.o
                0x0000000008002828                add_reflow_point
                0x00000000080028bc                get_reflow_point
                0x0000000008002934                clear_reflow_list
                0x000000000800295c                start_reflow_process
                0x00000000080029bc                stop_reflow_process
                0x00000000080029e0                private_stop_reflow_process
                0x0000000008002a2c                set_PID_parameters
                0x0000000008002aec                reflow_process
 .text          0x0000000008002f58      0x194 build/objs/command_processor.o
                0x0000000008002f58                cmd_proc_receive_data
 .text          0x00000000080030ec        0x0 build/objs/stm32f4xx_hal_dsi.o
 .text          0x00000000080030ec     0x1290 build/objs/stm32f4xx_hal_pcd.o
                0x00000000080030ec                HAL_PCD_Init
                0x00000000080032fc                HAL_PCD_DeInit
                0x000000000800335c                HAL_PCD_Start
                0x00000000080033a0                HAL_PCD_Stop
                0x00000000080033f0                HAL_PCD_IRQHandler
                0x0000000008003c7c                HAL_PCD_DevConnect
                0x0000000008003cb8                HAL_PCD_DevDisconnect
                0x0000000008003cf4                HAL_PCD_SetAddress
                0x0000000008003d38                HAL_PCD_EP_Open
                0x0000000008003e08                HAL_PCD_EP_Close
                0x0000000008003e9c                HAL_PCD_EP_Receive
                0x0000000008003f54                HAL_PCD_EP_GetRxCount
                0x0000000008003f88                HAL_PCD_EP_Transmit
                0x000000000800403c                HAL_PCD_EP_SetStall
                0x00000000080040f4                HAL_PCD_EP_ClrStall
                0x0000000008004188                HAL_PCD_EP_Flush
                0x00000000080041e4                HAL_PCD_ActivateRemoteWakeup
                0x0000000008004228                HAL_PCD_DeActivateRemoteWakeup
                0x000000000800425c                HAL_PCD_GetState
 .text          0x000000000800437c        0x0 build/objs/stm32f4xx_hal_irda.o
 .text          0x000000000800437c        0x0 build/objs/stm32f4xx_ll_fsmc.o
 .text          0x000000000800437c        0x0 build/objs/stm32f4xx_hal_cec.o
 .text          0x000000000800437c      0x12c build/objs/stm32f4xx_hal_timebase_tim_template.o
                0x000000000800437c                HAL_InitTick
                0x0000000008004444                HAL_SuspendTick
                0x0000000008004464                HAL_ResumeTick
                0x0000000008004484                HAL_TIM_PeriodElapsedCallback
                0x0000000008004498                TIM6_DAC_IRQHandler
 .text          0x00000000080044a8     0x2180 build/objs/stm32f4xx_ll_usb.o
                0x00000000080044a8                USB_CoreInit
                0x000000000800454c                USB_EnableGlobalInt
                0x0000000008004570                USB_DisableGlobalInt
                0x0000000008004594                USB_SetCurrentMode
                0x00000000080045e4                USB_DevInit
                0x000000000800483c                USB_FlushTxFifo
                0x0000000008004888                USB_FlushRxFifo
                0x00000000080048cc                USB_SetDevSpeed
                0x00000000080048fc                USB_GetDevSpeed
                0x0000000008004968                USB_ActivateEndpoint
                0x0000000008004a7c                USB_ActivateDedicatedEndpoint
                0x0000000008004c04                USB_DeactivateEndpoint
                0x0000000008004cfc                USB_DeactivateDedicatedEndpoint
                0x0000000008004db0                USB_EPStartXfer
                0x0000000008005234                USB_EP0StartXfer
                0x00000000080054f0                USB_WritePacket
                0x000000000800555c                USB_ReadPacket
                0x00000000080055ac                USB_EPSetStall
                0x0000000008005690                USB_EPClearStall
                0x000000000800576c                USB_StopDevice
                0x00000000080057f4                USB_SetDevAddress
                0x0000000008005840                USB_DevConnect
                0x0000000008005870                USB_DevDisconnect
                0x00000000080058a0                USB_ReadInterrupts
                0x00000000080058cc                USB_ReadDevAllOutEpInterrupt
                0x00000000080058fc                USB_ReadDevAllInEpInterrupt
                0x000000000800592c                USB_ReadDevOutEPInterrupt
                0x0000000008005964                USB_ReadDevInEPInterrupt
                0x00000000080059b8                USB_ClearInterrupts
                0x00000000080059d8                USB_GetMode
                0x00000000080059f4                USB_ActivateSetup
                0x0000000008005a60                USB_EP0_OutStart
                0x0000000008005b54                USB_HostInit
                0x0000000008005cac                USB_InitFSLSPClkSel
                0x0000000008005d20                USB_ResetPort
                0x0000000008005d6c                USB_DriveVbus
                0x0000000008005dd8                USB_GetHostSpeed
                0x0000000008005e00                USB_GetCurrentFrame
                0x0000000008005e20                USB_HC_Init
                0x0000000008006018                USB_HC_StartXfer
                0x0000000008006290                USB_HC_ReadInterrupt
                0x00000000080062b0                USB_HC_Halt
                0x00000000080064b0                USB_DoPing
                0x0000000008006528                USB_StopHost
 .text          0x0000000008006628      0x2dc build/objs/stm32f4xx_hal.o
                0x0000000008006628                HAL_Init
                0x000000000800666c                HAL_DeInit
                0x00000000080066d0                HAL_MspDeInit
                0x0000000008006714                HAL_IncTick
                0x0000000008006730                HAL_GetTick
                0x0000000008006748                HAL_Delay
                0x00000000080067ac                HAL_GetHalVersion
                0x00000000080067c0                HAL_GetREVID
                0x00000000080067d8                HAL_GetDEVID
                0x00000000080067f4                HAL_DBGMCU_EnableDBGSleepMode
                0x0000000008006810                HAL_DBGMCU_DisableDBGSleepMode
                0x000000000800682c                HAL_DBGMCU_EnableDBGStopMode
                0x0000000008006848                HAL_DBGMCU_DisableDBGStopMode
                0x0000000008006864                HAL_DBGMCU_EnableDBGStandbyMode
                0x0000000008006880                HAL_DBGMCU_DisableDBGStandbyMode
                0x000000000800689c                HAL_EnableCompensationCell
                0x00000000080068d0                HAL_DisableCompensationCell
 .text          0x0000000008006904        0x0 build/objs/stm32f4xx_hal_dcmi_ex.o
 .text          0x0000000008006904      0x60c build/objs/stm32f4xx_hal_flash_ex.o
                0x0000000008006904                HAL_FLASHEx_Erase
                0x00000000080069e4                HAL_FLASHEx_Erase_IT
                0x0000000008006a90                HAL_FLASHEx_OBProgram
                0x0000000008006b70                HAL_FLASHEx_OBGetConfig
                0x0000000008006bf8                FLASH_Erase_Sector
                0x0000000008006e88                FLASH_FlushCaches
 .text          0x0000000008006f10        0x0 build/objs/stm32f4xx_hal_cryp.o
 .text          0x0000000008006f10        0x0 build/objs/stm32f4xx_hal_rng.o
 .text          0x0000000008006f10        0x0 build/objs/stm32f4xx_hal_nand.o
 .text          0x0000000008006f10      0x658 build/objs/stm32f4xx_hal_gpio.o
                0x0000000008006f10                HAL_GPIO_Init
                0x000000000800724c                HAL_GPIO_DeInit
                0x0000000008007450                HAL_GPIO_ReadPin
                0x0000000008007480                HAL_GPIO_WritePin
                0x00000000080074b0                HAL_GPIO_TogglePin
                0x00000000080074d4                HAL_GPIO_LockPin
                0x0000000008007524                HAL_GPIO_EXTI_IRQHandler
                0x0000000008007554                HAL_GPIO_EXTI_Callback
 .text          0x0000000008007568        0x0 build/objs/stm32f4xx_hal_ltdc.o
 .text          0x0000000008007568        0x0 build/objs/stm32f4xx_hal_hcd.o
 .text          0x0000000008007568       0xbc build/objs/stm32f4xx_hal_pcd_ex.o
                0x0000000008007568                HAL_PCDEx_SetTxFiFo
                0x0000000008007600                HAL_PCDEx_SetRxFiFo
 .text          0x0000000008007624        0x0 build/objs/stm32f4xx_hal_adc.o
 .text          0x0000000008007624        0x0 build/objs/stm32f4xx_hal_adc_ex.o
 .text          0x0000000008007624        0x0 build/objs/stm32f4xx_hal_lptim.o
 .text          0x0000000008007624     0x1f30 build/objs/stm32f4xx_hal_spi.o
                0x0000000008007624                HAL_SPI_Init
                0x00000000080076f8                HAL_SPI_DeInit
                0x0000000008007748                HAL_SPI_MspInit
                0x000000000800775c                HAL_SPI_MspDeInit
                0x0000000008007770                HAL_SPI_Transmit
                0x00000000080079a8                HAL_SPI_Receive
                0x0000000008007cb8                HAL_SPI_TransmitReceive
                0x0000000008007fe8                HAL_SPI_Transmit_IT
                0x0000000008008130                HAL_SPI_Receive_IT
                0x0000000008008284                HAL_SPI_TransmitReceive_IT
                0x00000000080083d4                HAL_SPI_Transmit_DMA
                0x0000000008008528                HAL_SPI_Receive_DMA
                0x00000000080086a0                HAL_SPI_TransmitReceive_DMA
                0x0000000008008874                HAL_SPI_DMAPause
                0x00000000080088b8                HAL_SPI_DMAResume
                0x00000000080088fc                HAL_SPI_DMAStop
                0x000000000800894c                HAL_SPI_IRQHandler
                0x0000000008008a78                HAL_SPI_TxCpltCallback
                0x0000000008008a8c                HAL_SPI_RxCpltCallback
                0x0000000008008aa0                HAL_SPI_TxRxCpltCallback
                0x0000000008008ab4                HAL_SPI_TxHalfCpltCallback
                0x0000000008008ac8                HAL_SPI_RxHalfCpltCallback
                0x0000000008008adc                HAL_SPI_TxRxHalfCpltCallback
                0x0000000008008af0                HAL_SPI_ErrorCallback
                0x0000000008008b04                HAL_SPI_GetState
                0x0000000008008b20                HAL_SPI_GetError
 .text          0x0000000008009554     0x4618 build/objs/stm32f4xx_hal_i2c.o
                0x0000000008009554                HAL_I2C_Init
                0x0000000008009714                HAL_I2C_DeInit
                0x0000000008009774                HAL_I2C_MspInit
                0x0000000008009788                HAL_I2C_MspDeInit
                0x000000000800979c                HAL_I2C_Master_Transmit
                0x0000000008009940                HAL_I2C_Master_Receive
                0x0000000008009c80                HAL_I2C_Slave_Transmit
                0x0000000008009e50                HAL_I2C_Slave_Receive
                0x000000000800a018                HAL_I2C_Master_Transmit_IT
                0x000000000800a160                HAL_I2C_Master_Receive_IT
                0x000000000800a348                HAL_I2C_Master_Sequential_Transmit_IT
                0x000000000800a4a8                HAL_I2C_Master_Sequential_Receive_IT
                0x000000000800a714                HAL_I2C_Slave_Transmit_IT
                0x000000000800a7e8                HAL_I2C_Slave_Receive_IT
                0x000000000800a8bc                HAL_I2C_Slave_Sequential_Transmit_IT
                0x000000000800a97c                HAL_I2C_Slave_Sequential_Receive_IT
                0x000000000800aa3c                HAL_I2C_EnableListen_IT
                0x000000000800aa8c                HAL_I2C_DisableListen_IT
                0x000000000800ab04                HAL_I2C_Master_Transmit_DMA
                0x000000000800acc0                HAL_I2C_Master_Receive_DMA
                0x000000000800ae88                HAL_I2C_Master_Abort_IT
                0x000000000800af30                HAL_I2C_Slave_Transmit_DMA
                0x000000000800b0bc                HAL_I2C_Slave_Receive_DMA
                0x000000000800b1f4                HAL_I2C_Mem_Write
                0x000000000800b38c                HAL_I2C_Mem_Read
                0x000000000800b6c8                HAL_I2C_Mem_Write_IT
                0x000000000800b804                HAL_I2C_Mem_Read_IT
                0x000000000800b9f8                HAL_I2C_Mem_Write_DMA
                0x000000000800bb98                HAL_I2C_Mem_Read_DMA
                0x000000000800bd70                HAL_I2C_IsDeviceReady
                0x000000000800bf9c                HAL_I2C_EV_IRQHandler
                0x000000000800c280                HAL_I2C_ER_IRQHandler
                0x000000000800c4c8                HAL_I2C_MasterTxCpltCallback
                0x000000000800c4dc                HAL_I2C_MasterRxCpltCallback
                0x000000000800c4f0                HAL_I2C_SlaveTxCpltCallback
                0x000000000800c504                HAL_I2C_SlaveRxCpltCallback
                0x000000000800c518                HAL_I2C_AddrCallback
                0x000000000800c534                HAL_I2C_ListenCpltCallback
                0x000000000800c548                HAL_I2C_MemTxCpltCallback
                0x000000000800c55c                HAL_I2C_MemRxCpltCallback
                0x000000000800c570                HAL_I2C_ErrorCallback
                0x000000000800c584                HAL_I2C_GetState
                0x000000000800c5a0                HAL_I2C_GetMode
                0x000000000800c5bc                HAL_I2C_GetError
 .text          0x000000000800db6c        0x0 build/objs/stm32f4xx_hal_fmpi2c.o
 .text          0x000000000800db6c        0x0 build/objs/stm32f4xx_hal_smartcard.o
 .text          0x000000000800db6c        0x0 build/objs/stm32f4xx_hal_pccard.o
 .text          0x000000000800db6c        0x0 build/objs/stm32f4xx_hal_dma2d.o
 .text          0x000000000800db6c        0x0 build/objs/stm32f4xx_hal_sai.o
 .text          0x000000000800db6c        0x0 build/objs/stm32f4xx_hal_cryp_ex.o
 .text          0x000000000800db6c      0x2cc build/objs/stm32f4xx_hal_rcc_ex.o
                0x000000000800db6c                HAL_RCC_DeInit
                0x000000000800dbe4                HAL_RCCEx_PeriphCLKConfig
                0x000000000800ddb4                HAL_RCCEx_GetPeriphCLKConfig
 .text          0x000000000800de38        0x0 build/objs/stm32f4xx_ll_fmc.o
 .text          0x000000000800de38        0x0 build/objs/stm32f4xx_hal_ltdc_ex.o
 .text          0x000000000800de38        0x0 build/objs/stm32f4xx_hal_flash_ramfunc.o
 .text          0x000000000800de38      0x5b0 build/objs/stm32f4xx_hal_cortex.o
                0x000000000800e1b4                HAL_NVIC_SetPriorityGrouping
                0x000000000800e1c8                HAL_NVIC_SetPriority
                0x000000000800e200                HAL_NVIC_EnableIRQ
                0x000000000800e21c                HAL_NVIC_DisableIRQ
                0x000000000800e238                HAL_NVIC_SystemReset
                0x000000000800e244                HAL_SYSTICK_Config
                0x000000000800e25c                HAL_MPU_ConfigRegion
                0x000000000800e2e0                HAL_NVIC_GetPriorityGrouping
                0x000000000800e2f0                HAL_NVIC_GetPriority
                0x000000000800e320                HAL_NVIC_SetPendingIRQ
                0x000000000800e33c                HAL_NVIC_GetPendingIRQ
                0x000000000800e35c                HAL_NVIC_ClearPendingIRQ
                0x000000000800e378                HAL_NVIC_GetActive
                0x000000000800e398                HAL_SYSTICK_CLKSourceConfig
                0x000000000800e3d0                HAL_SYSTICK_IRQHandler
                0x000000000800e3dc                HAL_SYSTICK_Callback
 .text          0x000000000800e3e8        0x0 build/objs/stm32f4xx_hal_iwdg.o
 .text          0x000000000800e3e8        0x0 build/objs/stm32f4xx_hal_uart.o
 .text          0x000000000800e3e8     0x14dc build/objs/stm32f4xx_hal_tim_ex.o
                0x000000000800e3e8                HAL_TIMEx_HallSensor_Init
                0x000000000800e504                HAL_TIMEx_HallSensor_DeInit
                0x000000000800e564                HAL_TIMEx_HallSensor_MspInit
                0x000000000800e578                HAL_TIMEx_HallSensor_MspDeInit
                0x000000000800e58c                HAL_TIMEx_HallSensor_Start
                0x000000000800e5bc                HAL_TIMEx_HallSensor_Stop
                0x000000000800e60c                HAL_TIMEx_HallSensor_Start_IT
                0x000000000800e64c                HAL_TIMEx_HallSensor_Stop_IT
                0x000000000800e6ac                HAL_TIMEx_HallSensor_Start_DMA
                0x000000000800e758                HAL_TIMEx_HallSensor_Stop_DMA
                0x000000000800e7b8                HAL_TIMEx_OCN_Start
                0x000000000800e7fc                HAL_TIMEx_OCN_Stop
                0x000000000800e880                HAL_TIMEx_OCN_Start_IT
                0x000000000800e960                HAL_TIMEx_OCN_Stop_IT
                0x000000000800ea90                HAL_TIMEx_OCN_Start_DMA
                0x000000000800ec48                HAL_TIMEx_OCN_Stop_DMA
                0x000000000800ed60                HAL_TIMEx_PWMN_Start
                0x000000000800eda4                HAL_TIMEx_PWMN_Stop
                0x000000000800ee28                HAL_TIMEx_PWMN_Start_IT
                0x000000000800ef08                HAL_TIMEx_PWMN_Stop_IT
                0x000000000800f038                HAL_TIMEx_PWMN_Start_DMA
                0x000000000800f1f0                HAL_TIMEx_PWMN_Stop_DMA
                0x000000000800f308                HAL_TIMEx_OnePulseN_Start
                0x000000000800f33c                HAL_TIMEx_OnePulseN_Stop
                0x000000000800f3c0                HAL_TIMEx_OnePulseN_Start_IT
                0x000000000800f414                HAL_TIMEx_OnePulseN_Stop_IT
                0x000000000800f4b8                HAL_TIMEx_ConfigCommutationEvent
                0x000000000800f558                HAL_TIMEx_ConfigCommutationEvent_IT
                0x000000000800f608                HAL_TIMEx_ConfigCommutationEvent_DMA
                0x000000000800f6d0                HAL_TIMEx_MasterConfigSynchronization
                0x000000000800f75c                HAL_TIMEx_ConfigBreakDeadTime
                0x000000000800f7d0                HAL_TIMEx_RemapConfig
                0x000000000800f818                HAL_TIMEx_CommutationCallback
                0x000000000800f82c                HAL_TIMEx_BreakCallback
                0x000000000800f840                HAL_TIMEx_HallSensor_GetState
                0x000000000800f85c                TIMEx_DMACommutationCplt
 .text          0x000000000800f8c4        0x0 build/objs/stm32f4xx_hal_i2c_ex.o
 .text          0x000000000800f8c4      0x8e4 build/objs/stm32f4xx_hal_dma.o
                0x000000000800f8c4                HAL_DMA_Init
                0x000000000800f99c                HAL_DMA_DeInit
                0x000000000800fa38                HAL_DMA_Start
                0x000000000800fa9c                HAL_DMA_Start_IT
                0x000000000800fb20                HAL_DMA_Abort
                0x000000000800fb9c                HAL_DMA_PollForTransfer
                0x000000000800fdb8                HAL_DMA_IRQHandler
                0x00000000080100ac                HAL_DMA_GetState
                0x00000000080100c8                HAL_DMA_GetError
 .text          0x00000000080101a8        0x0 build/objs/stm32f4xx_hal_dac.o
 .text          0x00000000080101a8        0x0 build/objs/stm32f4xx_hal_spdifrx.o
 .text          0x00000000080101a8        0x0 build/objs/stm32f4xx_hal_fmpi2c_ex.o
 .text          0x00000000080101a8        0x0 build/objs/stm32f4xx_ll_sdmmc.o
 .text          0x00000000080101a8        0x0 build/objs/stm32f4xx_hal_i2s_ex.o
 .text          0x00000000080101a8        0x0 build/objs/stm32f4xx_hal_can.o
 .text          0x00000000080101a8        0x0 build/objs/stm32f4xx_hal_nor.o
 .text          0x00000000080101a8      0x35c build/objs/stm32f4xx_hal_pwr.o
                0x00000000080101a8                HAL_PWR_DeInit
                0x00000000080101d0                HAL_PWR_EnableBkUpAccess
                0x0000000008010204                HAL_PWR_DisableBkUpAccess
                0x0000000008010238                HAL_PWR_ConfigPVD
                0x00000000080102f4                HAL_PWR_EnablePVD
                0x0000000008010328                HAL_PWR_DisablePVD
                0x000000000801035c                HAL_PWR_EnableWakeUpPin
                0x0000000008010380                HAL_PWR_DisableWakeUpPin
                0x00000000080103a4                HAL_PWR_EnterSLEEPMode
                0x00000000080103dc                HAL_PWR_EnterSTOPMode
                0x0000000008010434                HAL_PWR_EnterSTANDBYMode
                0x0000000008010464                HAL_PWR_PVD_IRQHandler
                0x0000000008010488                HAL_PWR_PVDCallback
                0x0000000008010494                HAL_PWR_EnableSleepOnExit
                0x00000000080104b0                HAL_PWR_DisableSleepOnExit
                0x00000000080104cc                HAL_PWR_EnableSEVOnPend
                0x00000000080104e8                HAL_PWR_DisableSEVOnPend
 .text          0x0000000008010504        0x0 build/objs/stm32f4xx_hal_rtc.o
 .text          0x0000000008010504        0x0 build/objs/stm32f4xx_hal_qspi.o
 .text          0x0000000008010504        0x0 build/objs/stm32f4xx_hal_hash_ex.o
 .text          0x0000000008010504        0x0 build/objs/stm32f4xx_hal_i2s.o
 .text          0x0000000008010504        0x0 build/objs/stm32f4xx_hal_sram.o
 .text          0x0000000008010504        0x0 build/objs/stm32f4xx_hal_hash.o
 .text          0x0000000008010504        0x0 build/objs/stm32f4xx_hal_eth.o
 .text          0x0000000008010504     0x3f3c build/objs/stm32f4xx_hal_tim.o
                0x0000000008010504                HAL_TIM_Base_Init
                0x000000000801055c                HAL_TIM_Base_DeInit
                0x00000000080105bc                HAL_TIM_Base_MspInit
                0x00000000080105d0                HAL_TIM_Base_MspDeInit
                0x00000000080105e4                HAL_TIM_Base_Start
                0x000000000801061c                HAL_TIM_Base_Stop
                0x0000000008010674                HAL_TIM_Base_Start_IT
                0x00000000080106ac                HAL_TIM_Base_Stop_IT
                0x0000000008010704                HAL_TIM_Base_Start_DMA
                0x00000000080107a4                HAL_TIM_Base_Stop_DMA
                0x0000000008010804                HAL_TIM_OC_Init
                0x000000000801085c                HAL_TIM_OC_DeInit
                0x00000000080108bc                HAL_TIM_OC_MspInit
                0x00000000080108d0                HAL_TIM_OC_MspDeInit
                0x00000000080108e4                HAL_TIM_OC_Start
                0x000000000801094c                HAL_TIM_OC_Stop
                0x00000000080109f4                HAL_TIM_OC_Start_IT
                0x0000000008010ae8                HAL_TIM_OC_Stop_IT
                0x0000000008010c1c                HAL_TIM_OC_Start_DMA
                0x0000000008010df8                HAL_TIM_OC_Stop_DMA
                0x0000000008010f34                HAL_TIM_PWM_Init
                0x0000000008010f8c                HAL_TIM_PWM_DeInit
                0x0000000008010fec                HAL_TIM_PWM_MspInit
                0x0000000008011000                HAL_TIM_PWM_MspDeInit
                0x0000000008011014                HAL_TIM_PWM_Start
                0x000000000801107c                HAL_TIM_PWM_Stop
                0x000000000801112c                HAL_TIM_PWM_Start_IT
                0x0000000008011220                HAL_TIM_PWM_Stop_IT
                0x0000000008011354                HAL_TIM_PWM_Start_DMA
                0x0000000008011530                HAL_TIM_PWM_Stop_DMA
                0x000000000801166c                HAL_TIM_IC_Init
                0x00000000080116c4                HAL_TIM_IC_DeInit
                0x0000000008011724                HAL_TIM_IC_MspInit
                0x0000000008011738                HAL_TIM_IC_MspDeInit
                0x000000000801174c                HAL_TIM_IC_Start
                0x0000000008011780                HAL_TIM_IC_Stop
                0x00000000080117d4                HAL_TIM_IC_Start_IT
                0x0000000008011894                HAL_TIM_IC_Stop_IT
                0x0000000008011974                HAL_TIM_IC_Start_DMA
                0x0000000008011b14                HAL_TIM_IC_Stop_DMA
                0x0000000008011bfc                HAL_TIM_OnePulse_Init
                0x0000000008011c74                HAL_TIM_OnePulse_DeInit
                0x0000000008011cd4                HAL_TIM_OnePulse_MspInit
                0x0000000008011ce8                HAL_TIM_OnePulse_MspDeInit
                0x0000000008011cfc                HAL_TIM_OnePulse_Start
                0x0000000008011d64                HAL_TIM_OnePulse_Stop
                0x0000000008011e1c                HAL_TIM_OnePulse_Start_IT
                0x0000000008011ea4                HAL_TIM_OnePulse_Stop_IT
                0x0000000008011f7c                HAL_TIM_Encoder_Init
                0x00000000080120a8                HAL_TIM_Encoder_DeInit
                0x0000000008012108                HAL_TIM_Encoder_MspInit
                0x000000000801211c                HAL_TIM_Encoder_MspDeInit
                0x0000000008012130                HAL_TIM_Encoder_Start
                0x00000000080121a0                HAL_TIM_Encoder_Stop
                0x0000000008012230                HAL_TIM_Encoder_Start_IT
                0x00000000080122e0                HAL_TIM_Encoder_Stop_IT
                0x00000000080123b4                HAL_TIM_Encoder_Start_DMA
                0x000000000801256c                HAL_TIM_Encoder_Stop_DMA
                0x0000000008012640                HAL_TIM_IRQHandler
                0x0000000008012850                HAL_TIM_OC_ConfigChannel
                0x0000000008012910                HAL_TIM_IC_ConfigChannel
                0x0000000008012a48                HAL_TIM_PWM_ConfigChannel
                0x0000000008012bd4                HAL_TIM_OnePulse_ConfigChannel
                0x0000000008012d54                HAL_TIM_DMABurst_WriteStart
                0x0000000008012f60                HAL_TIM_DMABurst_WriteStop
                0x0000000008013010                HAL_TIM_DMABurst_ReadStart
                0x0000000008013210                HAL_TIM_DMABurst_ReadStop
                0x00000000080132c0                HAL_TIM_GenerateEvent
                0x0000000008013310                HAL_TIM_ConfigOCrefClear
                0x0000000008013464                HAL_TIM_ConfigClockSource
                0x0000000008013628                HAL_TIM_ConfigTI1Input
                0x0000000008013664                HAL_TIM_SlaveConfigSynchronization
                0x00000000080136d0                HAL_TIM_SlaveConfigSynchronization_IT
                0x000000000801373c                HAL_TIM_ReadCapturedValue
                0x00000000080137f4                HAL_TIM_OC_DelayElapsedCallback
                0x0000000008013808                HAL_TIM_IC_CaptureCallback
                0x000000000801381c                HAL_TIM_PWM_PulseFinishedCallback
                0x0000000008013830                HAL_TIM_TriggerCallback
                0x0000000008013844                HAL_TIM_ErrorCallback
                0x0000000008013858                HAL_TIM_Base_GetState
                0x0000000008013874                HAL_TIM_OC_GetState
                0x0000000008013890                HAL_TIM_PWM_GetState
                0x00000000080138ac                HAL_TIM_IC_GetState
                0x00000000080138c8                HAL_TIM_OnePulse_GetState
                0x00000000080138e4                HAL_TIM_Encoder_GetState
                0x0000000008013900                TIM_Base_SetConfig
                0x0000000008013a50                TIM_TI1_SetConfig
                0x0000000008013b44                TIM_OC2_SetConfig
                0x0000000008013c34                TIM_DMADelayPulseCplt
                0x0000000008013ca4                TIM_DMAError
                0x0000000008013cc8                TIM_DMACaptureCplt
                0x0000000008013d38                TIM_CCxChannelCmd
 .text          0x0000000008014440      0x210 build/objs/stm32f4xx_hal_dma_ex.o
                0x0000000008014440                HAL_DMAEx_MultiBufferStart
                0x00000000080144e0                HAL_DMAEx_MultiBufferStart_IT
                0x00000000080145d0                HAL_DMAEx_ChangeMemory
 .text          0x0000000008014650        0x0 build/objs/stm32f4xx_hal_sd.o
 .text          0x0000000008014650        0x0 build/objs/stm32f4xx_hal_sai_ex.o
 .text          0x0000000008014650      0xae8 build/objs/stm32f4xx_hal_rcc.o
                0x000000000801465c                HAL_RCC_OscConfig
                0x0000000008014a80                HAL_RCC_ClockConfig
                0x0000000008014c68                HAL_RCC_MCOConfig
                0x0000000008014d34                HAL_RCC_EnableCSS
                0x0000000008014d4c                HAL_RCC_DisableCSS
                0x0000000008014d64                HAL_RCC_GetSysClockFreq
                0x0000000008014e60                HAL_RCC_GetHCLKFreq
                0x0000000008014eb0                HAL_RCC_GetPCLK1Freq
                0x0000000008014ef4                HAL_RCC_GetPCLK2Freq
                0x0000000008014f38                HAL_RCC_GetOscConfig
                0x00000000080150a8                HAL_RCC_GetClockConfig
                0x0000000008015108                HAL_RCC_NMI_IRQHandler
                0x000000000801512c                HAL_RCC_CSSCallback
 .text          0x0000000008015138        0x0 build/objs/stm32f4xx_hal_wwdg.o
 .text          0x0000000008015138        0x0 build/objs/stm32f4xx_hal_dac_ex.o
 .text          0x0000000008015138        0x0 build/objs/stm32f4xx_hal_rtc_ex.o
 .text          0x0000000008015138      0x1d8 build/objs/stm32f4xx_hal_pwr_ex.o
                0x0000000008015138                HAL_PWREx_EnableBkUpReg
                0x00000000080151a0                HAL_PWREx_DisableBkUpReg
                0x0000000008015208                HAL_PWREx_EnableFlashPowerDown
                0x000000000801523c                HAL_PWREx_DisableFlashPowerDown
                0x0000000008015270                HAL_PWREx_GetVoltageRange
                0x000000000801528c                HAL_PWREx_ControlVoltageScaling
 .text          0x0000000008015310        0x0 build/objs/stm32f4xx_hal_dcmi.o
 .text          0x0000000008015310        0x0 build/objs/stm32f4xx_hal_sdram.o
 .text          0x0000000008015310      0x5f8 build/objs/stm32f4xx_hal_flash.o
                0x0000000008015310                HAL_FLASH_Program
                0x00000000080153b8                HAL_FLASH_Program_IT
                0x0000000008015454                HAL_FLASH_IRQHandler
                0x0000000008015594                HAL_FLASH_EndOfOperationCallback
                0x00000000080155a8                HAL_FLASH_OperationErrorCallback
                0x00000000080155bc                HAL_FLASH_Unlock
                0x00000000080155f0                HAL_FLASH_Lock
                0x0000000008015610                HAL_FLASH_OB_Unlock
                0x0000000008015648                HAL_FLASH_OB_Lock
                0x0000000008015668                HAL_FLASH_OB_Launch
                0x0000000008015690                HAL_FLASH_GetError
                0x00000000080156a8                FLASH_WaitForLastOperation
 .text          0x0000000008015908        0x0 build/objs/stm32f4xx_hal_crc.o
 .text          0x0000000008015908        0x0 build/objs/stm32f4xx_hal_usart.o
 .text          0x0000000008015908      0x7cc build/objs/stm32f4_discovery.o
                0x0000000008015908                BSP_GetVersion
                0x000000000801591c                BSP_LED_Init
                0x0000000008015a0c                BSP_LED_On
                0x0000000008015a40                BSP_LED_Off
                0x0000000008015a74                BSP_LED_Toggle
                0x0000000008015aa4                BSP_PB_Init
                0x0000000008015b58                BSP_PB_GetState
                0x0000000008015e7c                ACCELERO_IO_Init
                0x0000000008015ed4                ACCELERO_IO_ITConfig
                0x0000000008015f34                ACCELERO_IO_Write
                0x0000000008015f98                ACCELERO_IO_Read
                0x0000000008016008                AUDIO_IO_Init
                0x0000000008016078                AUDIO_IO_DeInit
                0x0000000008016084                AUDIO_IO_Write
                0x00000000080160ac                AUDIO_IO_Read
 .text          0x00000000080160d4      0x164 build/objs/system_stm32f4xx.o
                0x00000000080160d4                SystemInit
                0x0000000008016140                SystemCoreClockUpdate
 .text          0x0000000008016238      0x57c build/objs/usbd_core.o
                0x0000000008016238                USBD_Init
                0x0000000008016290                USBD_DeInit
                0x00000000080162cc                USBD_RegisterClass
                0x0000000008016300                USBD_Start
                0x0000000008016318                USBD_Stop
                0x0000000008016344                USBD_RunTestMode
                0x000000000801635c                USBD_SetClassConfig
                0x000000000801639c                USBD_ClrClassConfig
                0x00000000080163c4                USBD_LL_SetupStage
                0x0000000008016458                USBD_LL_DataOutStage
                0x0000000008016510                USBD_LL_DataInStage
                0x0000000008016630                USBD_LL_Reset
                0x0000000008016690                USBD_LL_SetSpeed
                0x00000000080166b0                USBD_LL_Suspend
                0x00000000080166dc                USBD_LL_Resume
                0x0000000008016700                USBD_LL_SOF
                0x0000000008016734                USBD_LL_IsoINIncomplete
                0x0000000008016750                USBD_LL_IsoOUTIncomplete
                0x000000000801676c                USBD_LL_DevConnected
                0x0000000008016784                USBD_LL_DevDisconnected
 .text          0x00000000080167b4      0x8c8 build/objs/usbd_ctlreq.o
                0x00000000080167b4                USBD_StdDevReq
                0x0000000008016854                USBD_StdItfReq
                0x00000000080168bc                USBD_StdEPReq
                0x0000000008016f30                USBD_ParseSetupRequest
                0x0000000008016fa8                USBD_CtlError
                0x0000000008016fc8                USBD_GetString
 .text          0x000000000801707c      0x130 build/objs/usbd_ioreq.o
                0x000000000801707c                USBD_CtlSendData
                0x00000000080170b4                USBD_CtlContinueSendData
                0x00000000080170d8                USBD_CtlPrepareRx
                0x0000000008017114                USBD_CtlContinueRx
                0x0000000008017138                USBD_CtlSendStatus
                0x0000000008017160                USBD_CtlReceiveStatus
                0x0000000008017188                USBD_GetRxCount
 .text          0x00000000080171ac      0x1a4 build/objs/usbd_cdc_if_template.o
 .text          0x0000000008017350      0x490 build/objs/usbd_cdc.o
                0x0000000008017688                USBD_CDC_GetDeviceQualifierDescriptor
                0x00000000080176a8                USBD_CDC_RegisterInterface
                0x00000000080176d8                USBD_CDC_SetTxBuffer
                0x000000000801770c                USBD_CDC_SetRxBuffer
                0x0000000008017734                USBD_CDC_TransmitPacket
                0x0000000008017788                USBD_CDC_ReceivePacket
 .text          0x00000000080177e0       0x14 build/objs/startup_stm32f407xx.o
 .text          0x00000000080177f4      0x370 /usr/lib/gcc/arm-none-eabi/4.9.3/armv7e-m/fpu/libgcc.a(_arm_addsubdf3.o)
                0x00000000080177f4                __aeabi_drsub
                0x00000000080177fc                __aeabi_dsub
                0x00000000080177fc                __subdf3
                0x0000000008017800                __adddf3
                0x0000000008017800                __aeabi_dadd
                0x0000000008017a78                __aeabi_ui2d
                0x0000000008017a78                __floatunsidf
                0x0000000008017a98                __floatsidf
                0x0000000008017a98                __aeabi_i2d
                0x0000000008017abc                __extendsfdf2
                0x0000000008017abc                __aeabi_f2d
                0x0000000008017af8                __aeabi_ul2d
                0x0000000008017af8                __floatundidf
                0x0000000008017b08                __floatdidf
                0x0000000008017b08                __aeabi_l2d
 .text          0x0000000008017b64      0x424 /usr/lib/gcc/arm-none-eabi/4.9.3/armv7e-m/fpu/libgcc.a(_arm_muldivdf3.o)
                0x0000000008017b64                __aeabi_dmul
                0x0000000008017b64                __muldf3
                0x0000000008017db8                __aeabi_ddiv
                0x0000000008017db8                __divdf3
 .text          0x0000000008017f88       0xa0 /usr/lib/gcc/arm-none-eabi/4.9.3/armv7e-m/fpu/libgcc.a(_arm_truncdfsf2.o)
                0x0000000008017f88                __aeabi_d2f
                0x0000000008017f88                __truncdfsf2
 .text          0x0000000008018028        0x0 /usr/lib/gcc/arm-none-eabi/4.9.3/../../../arm-none-eabi/lib/armv7e-m/fpu/libg.a(lib_a-atof.o)
 .text          0x0000000008018028        0x0 /usr/lib/gcc/arm-none-eabi/4.9.3/../../../arm-none-eabi/lib/armv7e-m/fpu/libg.a(lib_a-atoi.o)
 .text          0x0000000008018028        0x0 /usr/lib/gcc/arm-none-eabi/4.9.3/../../../arm-none-eabi/lib/armv7e-m/fpu/libg.a(lib_a-errno.o)
 .text          0x0000000008018028        0x0 /usr/lib/gcc/arm-none-eabi/4.9.3/../../../arm-none-eabi/lib/armv7e-m/fpu/libg.a(lib_a-impure.o)
 .text          0x0000000008018028        0x0 /usr/lib/gcc/arm-none-eabi/4.9.3/../../../arm-none-eabi/lib/armv7e-m/fpu/libg.a(lib_a-malloc.o)
 .text          0x0000000008018028        0x0 /usr/lib/gcc/arm-none-eabi/4.9.3/../../../arm-none-eabi/lib/armv7e-m/fpu/libg.a(lib_a-mallocr.o)
 .text          0x0000000008018028        0x0 /usr/lib/gcc/arm-none-eabi/4.9.3/../../../arm-none-eabi/lib/armv7e-m/fpu/libg.a(lib_a-mlock.o)
 .text          0x0000000008018028        0x0 /usr/lib/gcc/arm-none-eabi/4.9.3/../../../arm-none-eabi/lib/armv7e-m/fpu/libg.a(lib_a-sbrkr.o)
 *fill*         0x0000000008018028       0x18 
 .text          0x0000000008018040      0x2e0 /usr/lib/gcc/arm-none-eabi/4.9.3/../../../arm-none-eabi/lib/armv7e-m/fpu/libg.a(lib_a-strcmp.o)
                0x0000000008018048                strcmp
 .text          0x0000000008018320        0x0 /usr/lib/gcc/arm-none-eabi/4.9.3/../../../arm-none-eabi/lib/armv7e-m/fpu/libg.a(lib_a-strtod.o)
 .text          0x0000000008018320        0x0 /usr/lib/gcc/arm-none-eabi/4.9.3/../../../arm-none-eabi/lib/armv7e-m/fpu/libg.a(lib_a-strtok.o)
 .text          0x0000000008018320        0x0 /usr/lib/gcc/arm-none-eabi/4.9.3/../../../arm-none-eabi/lib/armv7e-m/fpu/libg.a(lib_a-strtok_r.o)
 .text          0x0000000008018320        0x0 /usr/lib/gcc/arm-none-eabi/4.9.3/../../../arm-none-eabi/lib/armv7e-m/fpu/libg.a(lib_a-strtol.o)
 .text          0x0000000008018320        0x0 /usr/lib/gcc/arm-none-eabi/4.9.3/../../../arm-none-eabi/lib/armv7e-m/fpu/libg.a(lib_a-ctype_.o)
 .text          0x0000000008018320        0x0 /usr/lib/gcc/arm-none-eabi/4.9.3/../../../arm-none-eabi/lib/armv7e-m/fpu/libg.a(lib_a-freer.o)
 .text          0x0000000008018320        0x0 /usr/lib/gcc/arm-none-eabi/4.9.3/../../../arm-none-eabi/lib/armv7e-m/fpu/libg.a(lib_a-gdtoa-gethex.o)
 .text          0x0000000008018320        0x0 /usr/lib/gcc/arm-none-eabi/4.9.3/../../../arm-none-eabi/lib/armv7e-m/fpu/libg.a(lib_a-gdtoa-hexnan.o)
 .text          0x0000000008018320        0x0 /usr/lib/gcc/arm-none-eabi/4.9.3/../../../arm-none-eabi/lib/armv7e-m/fpu/libg.a(lib_a-locale.o)
 .text          0x0000000008018320      0x134 /usr/lib/gcc/arm-none-eabi/4.9.3/../../../arm-none-eabi/lib/armv7e-m/fpu/libg.a(lib_a-memcpy.o)
                0x0000000008018320                memcpy
 .text          0x0000000008018454        0x0 /usr/lib/gcc/arm-none-eabi/4.9.3/../../../arm-none-eabi/lib/armv7e-m/fpu/libg.a(lib_a-mprec.o)
 .text          0x0000000008018454        0x0 /usr/lib/gcc/arm-none-eabi/4.9.3/../../../arm-none-eabi/lib/armv7e-m/fpu/libg.a(lib_a-reent.o)
 .text          0x0000000008018454        0x0 /usr/lib/gcc/arm-none-eabi/4.9.3/../../../arm-none-eabi/lib/armv7e-m/fpu/libg.a(lib_a-s_fpclassify.o)
 .text          0x0000000008018454        0x0 /usr/lib/gcc/arm-none-eabi/4.9.3/../../../arm-none-eabi/lib/armv7e-m/fpu/libg.a(lib_a-sf_nan.o)
 .text          0x0000000008018454        0x0 /usr/lib/gcc/arm-none-eabi/4.9.3/../../../arm-none-eabi/lib/armv7e-m/fpu/libg.a(lib_a-strlen.o)
 .text          0x0000000008018454        0x0 /usr/lib/gcc/arm-none-eabi/4.9.3/../../../arm-none-eabi/lib/armv7e-m/fpu/libg.a(lib_a-strncmp.o)
 .text          0x0000000008018454        0x0 /usr/lib/gcc/arm-none-eabi/4.9.3/../../../arm-none-eabi/lib/armv7e-m/fpu/libg.a(lib_a-callocr.o)
 .text          0x0000000008018454        0x0 /usr/lib/gcc/arm-none-eabi/4.9.3/../../../arm-none-eabi/lib/armv7e-m/fpu/libg.a(lib_a-memset.o)
 .text          0x0000000008018454      0x110 /usr/lib/gcc/arm-none-eabi/4.9.3/armv7e-m/fpu/libgcc.a(_arm_cmpdf2.o)
                0x0000000008018454                __gtdf2
                0x0000000008018454                __gedf2
                0x000000000801845c                __ltdf2
                0x000000000801845c                __ledf2
                0x0000000008018464                __cmpdf2
                0x0000000008018464                __eqdf2
                0x0000000008018464                __nedf2
                0x00000000080184e0                __aeabi_cdrcmple
                0x00000000080184f0                __aeabi_cdcmple
                0x00000000080184f0                __aeabi_cdcmpeq
                0x0000000008018500                __aeabi_dcmpeq
                0x0000000008018514                __aeabi_dcmplt
                0x0000000008018528                __aeabi_dcmple
                0x000000000801853c                __aeabi_dcmpge
                0x0000000008018550                __aeabi_dcmpgt
 .text          0x0000000008018564       0x50 /usr/lib/gcc/arm-none-eabi/4.9.3/armv7e-m/fpu/libgcc.a(_arm_fixdfsi.o)
                0x0000000008018564                __fixdfsi
                0x0000000008018564                __aeabi_d2iz
 .text          0x00000000080185b4       0x40 /usr/lib/gcc/arm-none-eabi/4.9.3/armv7e-m/fpu/libgcc.a(_arm_fixunsdfsi.o)
                0x00000000080185b4                __fixunsdfsi
                0x00000000080185b4                __aeabi_d2uiz
 *(.text*)
 .text.Reset_Handler
                0x00000000080185f4       0x4c build/objs/startup_stm32f407xx.o
                0x00000000080185f4                Reset_Handler
 .text.Default_Handler
                0x0000000008018640        0x2 build/objs/startup_stm32f407xx.o
                0x0000000008018640                RTC_Alarm_IRQHandler
                0x0000000008018640                HASH_RNG_IRQHandler
                0x0000000008018640                EXTI2_IRQHandler
                0x0000000008018640                TIM8_CC_IRQHandler
                0x0000000008018640                DebugMon_Handler
                0x0000000008018640                TIM1_CC_IRQHandler
                0x0000000008018640                DMA2_Stream5_IRQHandler
                0x0000000008018640                HardFault_Handler
                0x0000000008018640                DMA1_Stream5_IRQHandler
                0x0000000008018640                PVD_IRQHandler
                0x0000000008018640                SDIO_IRQHandler
                0x0000000008018640                TAMP_STAMP_IRQHandler
                0x0000000008018640                PendSV_Handler
                0x0000000008018640                NMI_Handler
                0x0000000008018640                CAN2_RX1_IRQHandler
                0x0000000008018640                EXTI3_IRQHandler
                0x0000000008018640                TIM8_TRG_COM_TIM14_IRQHandler
                0x0000000008018640                TIM1_UP_TIM10_IRQHandler
                0x0000000008018640                TIM8_UP_TIM13_IRQHandler
                0x0000000008018640                I2C3_ER_IRQHandler
                0x0000000008018640                EXTI0_IRQHandler
                0x0000000008018640                I2C2_EV_IRQHandler
                0x0000000008018640                DMA1_Stream2_IRQHandler
                0x0000000008018640                CAN1_RX0_IRQHandler
                0x0000000008018640                FPU_IRQHandler
                0x0000000008018640                OTG_HS_WKUP_IRQHandler
                0x0000000008018640                UsageFault_Handler
                0x0000000008018640                CAN2_SCE_IRQHandler
                0x0000000008018640                DMA2_Stream2_IRQHandler
                0x0000000008018640                SPI1_IRQHandler
                0x0000000008018640                TIM1_BRK_TIM9_IRQHandler
                0x0000000008018640                DCMI_IRQHandler
                0x0000000008018640                CAN2_RX0_IRQHandler
                0x0000000008018640                DMA2_Stream3_IRQHandler
                0x0000000008018640                USART6_IRQHandler
                0x0000000008018640                USART3_IRQHandler
                0x0000000008018640                CAN1_RX1_IRQHandler
                0x0000000008018640                UART5_IRQHandler
                0x0000000008018640                DMA2_Stream0_IRQHandler
                0x0000000008018640                TIM4_IRQHandler
                0x0000000008018640                I2C1_EV_IRQHandler
                0x0000000008018640                DMA1_Stream6_IRQHandler
                0x0000000008018640                DMA1_Stream1_IRQHandler
                0x0000000008018640                UART4_IRQHandler
                0x0000000008018640                TIM3_IRQHandler
                0x0000000008018640                RCC_IRQHandler
                0x0000000008018640                TIM8_BRK_TIM12_IRQHandler
                0x0000000008018640                Default_Handler
                0x0000000008018640                EXTI15_10_IRQHandler
                0x0000000008018640                ADC_IRQHandler
                0x0000000008018640                DMA1_Stream7_IRQHandler
                0x0000000008018640                TIM7_IRQHandler
                0x0000000008018640                CAN2_TX_IRQHandler
                0x0000000008018640                TIM5_IRQHandler
                0x0000000008018640                DMA2_Stream7_IRQHandler
                0x0000000008018640                I2C3_EV_IRQHandler
                0x0000000008018640                EXTI9_5_IRQHandler
                0x0000000008018640                RTC_WKUP_IRQHandler
                0x0000000008018640                ETH_WKUP_IRQHandler
                0x0000000008018640                SPI2_IRQHandler
                0x0000000008018640                OTG_HS_EP1_IN_IRQHandler
                0x0000000008018640                MemManage_Handler
                0x0000000008018640                DMA1_Stream0_IRQHandler
                0x0000000008018640                CAN1_TX_IRQHandler
                0x0000000008018640                SVC_Handler
                0x0000000008018640                EXTI4_IRQHandler
                0x0000000008018640                FSMC_IRQHandler
                0x0000000008018640                ETH_IRQHandler
                0x0000000008018640                OTG_HS_EP1_OUT_IRQHandler
                0x0000000008018640                WWDG_IRQHandler
                0x0000000008018640                TIM2_IRQHandler
                0x0000000008018640                OTG_FS_WKUP_IRQHandler
                0x0000000008018640                TIM1_TRG_COM_TIM11_IRQHandler
                0x0000000008018640                OTG_HS_IRQHandler
                0x0000000008018640                EXTI1_IRQHandler
                0x0000000008018640                USART2_IRQHandler
                0x0000000008018640                I2C2_ER_IRQHandler
                0x0000000008018640                DMA2_Stream1_IRQHandler
                0x0000000008018640                CAN1_SCE_IRQHandler
                0x0000000008018640                FLASH_IRQHandler
                0x0000000008018640                DMA2_Stream4_IRQHandler
                0x0000000008018640                BusFault_Handler
                0x0000000008018640                USART1_IRQHandler
                0x0000000008018640                SPI3_IRQHandler
                0x0000000008018640                DMA1_Stream4_IRQHandler
                0x0000000008018640                I2C1_ER_IRQHandler
                0x0000000008018640                DMA2_Stream6_IRQHandler
                0x0000000008018640                DMA1_Stream3_IRQHandler
 *fill*         0x0000000008018642        0x2 
 .text.atof     0x0000000008018644        0x8 /usr/lib/gcc/arm-none-eabi/4.9.3/../../../arm-none-eabi/lib/armv7e-m/fpu/libg.a(lib_a-atof.o)
                0x0000000008018644                atof
 .text.atoi     0x000000000801864c        0x8 /usr/lib/gcc/arm-none-eabi/4.9.3/../../../arm-none-eabi/lib/armv7e-m/fpu/libg.a(lib_a-atoi.o)
                0x000000000801864c                atoi
 .text._atoi_r  0x0000000008018654        0x8 /usr/lib/gcc/arm-none-eabi/4.9.3/../../../arm-none-eabi/lib/armv7e-m/fpu/libg.a(lib_a-atoi.o)
                0x0000000008018654                _atoi_r
 .text.__errno  0x000000000801865c        0xc /usr/lib/gcc/arm-none-eabi/4.9.3/../../../arm-none-eabi/lib/armv7e-m/fpu/libg.a(lib_a-errno.o)
                0x000000000801865c                __errno
 .text.malloc   0x0000000008018668       0x10 /usr/lib/gcc/arm-none-eabi/4.9.3/../../../arm-none-eabi/lib/armv7e-m/fpu/libg.a(lib_a-malloc.o)
                0x0000000008018668                malloc
 .text.free     0x0000000008018678       0x10 /usr/lib/gcc/arm-none-eabi/4.9.3/../../../arm-none-eabi/lib/armv7e-m/fpu/libg.a(lib_a-malloc.o)
                0x0000000008018678                free
 .text._malloc_r
                0x0000000008018688      0x524 /usr/lib/gcc/arm-none-eabi/4.9.3/../../../arm-none-eabi/lib/armv7e-m/fpu/libg.a(lib_a-mallocr.o)
                0x0000000008018688                _malloc_r
 .text.__malloc_lock
                0x0000000008018bac        0x4 /usr/lib/gcc/arm-none-eabi/4.9.3/../../../arm-none-eabi/lib/armv7e-m/fpu/libg.a(lib_a-mlock.o)
                0x0000000008018bac                __malloc_lock
 .text.__malloc_unlock
                0x0000000008018bb0        0x4 /usr/lib/gcc/arm-none-eabi/4.9.3/../../../arm-none-eabi/lib/armv7e-m/fpu/libg.a(lib_a-mlock.o)
                0x0000000008018bb0                __malloc_unlock
 .text._sbrk_r  0x0000000008018bb4       0x24 /usr/lib/gcc/arm-none-eabi/4.9.3/../../../arm-none-eabi/lib/armv7e-m/fpu/libg.a(lib_a-sbrkr.o)
                0x0000000008018bb4                _sbrk_r
 .text.sulp     0x0000000008018bd8       0x40 /usr/lib/gcc/arm-none-eabi/4.9.3/../../../arm-none-eabi/lib/armv7e-m/fpu/libg.a(lib_a-strtod.o)
 .text._strtod_r
                0x0000000008018c18      0xf50 /usr/lib/gcc/arm-none-eabi/4.9.3/../../../arm-none-eabi/lib/armv7e-m/fpu/libg.a(lib_a-strtod.o)
                0x0000000008018c18                _strtod_r
 .text.strtod   0x0000000008019b68       0x10 /usr/lib/gcc/arm-none-eabi/4.9.3/../../../arm-none-eabi/lib/armv7e-m/fpu/libg.a(lib_a-strtod.o)
                0x0000000008019b68                strtod
 .text.strtof   0x0000000008019b78       0x44 /usr/lib/gcc/arm-none-eabi/4.9.3/../../../arm-none-eabi/lib/armv7e-m/fpu/libg.a(lib_a-strtod.o)
                0x0000000008019b78                strtof
 .text.strtok   0x0000000008019bbc       0x10 /usr/lib/gcc/arm-none-eabi/4.9.3/../../../arm-none-eabi/lib/armv7e-m/fpu/libg.a(lib_a-strtok.o)
                0x0000000008019bbc                strtok
 .text.__strtok_r
                0x0000000008019bcc       0x64 /usr/lib/gcc/arm-none-eabi/4.9.3/../../../arm-none-eabi/lib/armv7e-m/fpu/libg.a(lib_a-strtok_r.o)
                0x0000000008019bcc                __strtok_r
 .text.strtok_r
                0x0000000008019c30        0x8 /usr/lib/gcc/arm-none-eabi/4.9.3/../../../arm-none-eabi/lib/armv7e-m/fpu/libg.a(lib_a-strtok_r.o)
                0x0000000008019c30                strtok_r
 .text._strtol_r
                0x0000000008019c38      0x11c /usr/lib/gcc/arm-none-eabi/4.9.3/../../../arm-none-eabi/lib/armv7e-m/fpu/libg.a(lib_a-strtol.o)
                0x0000000008019c38                _strtol_r
 .text.strtol   0x0000000008019d54       0x18 /usr/lib/gcc/arm-none-eabi/4.9.3/../../../arm-none-eabi/lib/armv7e-m/fpu/libg.a(lib_a-strtol.o)
                0x0000000008019d54                strtol
 .text._malloc_trim_r
                0x0000000008019d6c       0x9c /usr/lib/gcc/arm-none-eabi/4.9.3/../../../arm-none-eabi/lib/armv7e-m/fpu/libg.a(lib_a-freer.o)
                0x0000000008019d6c                _malloc_trim_r
 .text._free_r  0x0000000008019e08      0x1b0 /usr/lib/gcc/arm-none-eabi/4.9.3/../../../arm-none-eabi/lib/armv7e-m/fpu/libg.a(lib_a-freer.o)
                0x0000000008019e08                _free_r
 .text.rshift   0x0000000008019fb8       0xa0 /usr/lib/gcc/arm-none-eabi/4.9.3/../../../arm-none-eabi/lib/armv7e-m/fpu/libg.a(lib_a-gdtoa-gethex.o)
 .text.__gethex
                0x000000000801a058      0x514 /usr/lib/gcc/arm-none-eabi/4.9.3/../../../arm-none-eabi/lib/armv7e-m/fpu/libg.a(lib_a-gdtoa-gethex.o)
                0x000000000801a058                __gethex
 .text.__hexnan
                0x000000000801a56c      0x184 /usr/lib/gcc/arm-none-eabi/4.9.3/../../../arm-none-eabi/lib/armv7e-m/fpu/libg.a(lib_a-gdtoa-hexnan.o)
                0x000000000801a56c                __hexnan
 .text._setlocale_r
                0x000000000801a6f0       0x44 /usr/lib/gcc/arm-none-eabi/4.9.3/../../../arm-none-eabi/lib/armv7e-m/fpu/libg.a(lib_a-locale.o)
                0x000000000801a6f0                _setlocale_r
 .text.__locale_charset
                0x000000000801a734        0x8 /usr/lib/gcc/arm-none-eabi/4.9.3/../../../arm-none-eabi/lib/armv7e-m/fpu/libg.a(lib_a-locale.o)
                0x000000000801a734                __locale_charset
 .text.__locale_mb_cur_max
                0x000000000801a73c        0xc /usr/lib/gcc/arm-none-eabi/4.9.3/../../../arm-none-eabi/lib/armv7e-m/fpu/libg.a(lib_a-locale.o)
                0x000000000801a73c                __locale_mb_cur_max
 .text.__locale_msgcharset
                0x000000000801a748        0x8 /usr/lib/gcc/arm-none-eabi/4.9.3/../../../arm-none-eabi/lib/armv7e-m/fpu/libg.a(lib_a-locale.o)
                0x000000000801a748                __locale_msgcharset
 .text.__locale_cjk_lang
                0x000000000801a750        0x4 /usr/lib/gcc/arm-none-eabi/4.9.3/../../../arm-none-eabi/lib/armv7e-m/fpu/libg.a(lib_a-locale.o)
                0x000000000801a750                __locale_cjk_lang
 .text._localeconv_r
                0x000000000801a754        0x8 /usr/lib/gcc/arm-none-eabi/4.9.3/../../../arm-none-eabi/lib/armv7e-m/fpu/libg.a(lib_a-locale.o)
                0x000000000801a754                _localeconv_r
 .text.setlocale
                0x000000000801a75c       0x10 /usr/lib/gcc/arm-none-eabi/4.9.3/../../../arm-none-eabi/lib/armv7e-m/fpu/libg.a(lib_a-locale.o)
                0x000000000801a75c                setlocale
 .text.localeconv
                0x000000000801a76c        0x8 /usr/lib/gcc/arm-none-eabi/4.9.3/../../../arm-none-eabi/lib/armv7e-m/fpu/libg.a(lib_a-locale.o)
                0x000000000801a76c                localeconv
 .text._Balloc  0x000000000801a774       0x4c /usr/lib/gcc/arm-none-eabi/4.9.3/../../../arm-none-eabi/lib/armv7e-m/fpu/libg.a(lib_a-mprec.o)
                0x000000000801a774                _Balloc
 .text._Bfree   0x000000000801a7c0       0x14 /usr/lib/gcc/arm-none-eabi/4.9.3/../../../arm-none-eabi/lib/armv7e-m/fpu/libg.a(lib_a-mprec.o)
                0x000000000801a7c0                _Bfree
 .text.__multadd
                0x000000000801a7d4       0x84 /usr/lib/gcc/arm-none-eabi/4.9.3/../../../arm-none-eabi/lib/armv7e-m/fpu/libg.a(lib_a-mprec.o)
                0x000000000801a7d4                __multadd
 .text.__s2b    0x000000000801a858       0x98 /usr/lib/gcc/arm-none-eabi/4.9.3/../../../arm-none-eabi/lib/armv7e-m/fpu/libg.a(lib_a-mprec.o)
                0x000000000801a858                __s2b
 .text.__hi0bits
                0x000000000801a8f0       0x40 /usr/lib/gcc/arm-none-eabi/4.9.3/../../../arm-none-eabi/lib/armv7e-m/fpu/libg.a(lib_a-mprec.o)
                0x000000000801a8f0                __hi0bits
 .text.__lo0bits
                0x000000000801a930       0x5c /usr/lib/gcc/arm-none-eabi/4.9.3/../../../arm-none-eabi/lib/armv7e-m/fpu/libg.a(lib_a-mprec.o)
                0x000000000801a930                __lo0bits
 .text.__i2b    0x000000000801a98c       0x14 /usr/lib/gcc/arm-none-eabi/4.9.3/../../../arm-none-eabi/lib/armv7e-m/fpu/libg.a(lib_a-mprec.o)
                0x000000000801a98c                __i2b
 .text.__multiply
                0x000000000801a9a0      0x134 /usr/lib/gcc/arm-none-eabi/4.9.3/../../../arm-none-eabi/lib/armv7e-m/fpu/libg.a(lib_a-mprec.o)
                0x000000000801a9a0                __multiply
 .text.__pow5mult
                0x000000000801aad4       0xa0 /usr/lib/gcc/arm-none-eabi/4.9.3/../../../arm-none-eabi/lib/armv7e-m/fpu/libg.a(lib_a-mprec.o)
                0x000000000801aad4                __pow5mult
 .text.__lshift
                0x000000000801ab74       0xac /usr/lib/gcc/arm-none-eabi/4.9.3/../../../arm-none-eabi/lib/armv7e-m/fpu/libg.a(lib_a-mprec.o)
                0x000000000801ab74                __lshift
 .text.__mcmp   0x000000000801ac20       0x48 /usr/lib/gcc/arm-none-eabi/4.9.3/../../../arm-none-eabi/lib/armv7e-m/fpu/libg.a(lib_a-mprec.o)
                0x000000000801ac20                __mcmp
 .text.__mdiff  0x000000000801ac68       0xd4 /usr/lib/gcc/arm-none-eabi/4.9.3/../../../arm-none-eabi/lib/armv7e-m/fpu/libg.a(lib_a-mprec.o)
                0x000000000801ac68                __mdiff
 .text.__ulp    0x000000000801ad3c       0x50 /usr/lib/gcc/arm-none-eabi/4.9.3/../../../arm-none-eabi/lib/armv7e-m/fpu/libg.a(lib_a-mprec.o)
                0x000000000801ad3c                __ulp
 .text.__b2d    0x000000000801ad8c       0xc4 /usr/lib/gcc/arm-none-eabi/4.9.3/../../../arm-none-eabi/lib/armv7e-m/fpu/libg.a(lib_a-mprec.o)
                0x000000000801ad8c                __b2d
 .text.__d2b    0x000000000801ae50       0xbc /usr/lib/gcc/arm-none-eabi/4.9.3/../../../arm-none-eabi/lib/armv7e-m/fpu/libg.a(lib_a-mprec.o)
                0x000000000801ae50                __d2b
 .text.__ratio  0x000000000801af0c       0x60 /usr/lib/gcc/arm-none-eabi/4.9.3/../../../arm-none-eabi/lib/armv7e-m/fpu/libg.a(lib_a-mprec.o)
                0x000000000801af0c                __ratio
 .text._mprec_log10
                0x000000000801af6c       0x38 /usr/lib/gcc/arm-none-eabi/4.9.3/../../../arm-none-eabi/lib/armv7e-m/fpu/libg.a(lib_a-mprec.o)
                0x000000000801af6c                _mprec_log10
 .text.__copybits
                0x000000000801afa4       0x48 /usr/lib/gcc/arm-none-eabi/4.9.3/../../../arm-none-eabi/lib/armv7e-m/fpu/libg.a(lib_a-mprec.o)
                0x000000000801afa4                __copybits
 .text.__any_on
                0x000000000801afec       0x60 /usr/lib/gcc/arm-none-eabi/4.9.3/../../../arm-none-eabi/lib/armv7e-m/fpu/libg.a(lib_a-mprec.o)
                0x000000000801afec                __any_on
 .text.cleanup_glue
                0x000000000801b04c       0x1c /usr/lib/gcc/arm-none-eabi/4.9.3/../../../arm-none-eabi/lib/armv7e-m/fpu/libg.a(lib_a-reent.o)
                0x000000000801b04c                cleanup_glue
 .text._reclaim_reent
                0x000000000801b068       0x88 /usr/lib/gcc/arm-none-eabi/4.9.3/../../../arm-none-eabi/lib/armv7e-m/fpu/libg.a(lib_a-reent.o)
                0x000000000801b068                _reclaim_reent
 .text.__fpclassifyd
                0x000000000801b0f0       0x5c /usr/lib/gcc/arm-none-eabi/4.9.3/../../../arm-none-eabi/lib/armv7e-m/fpu/libg.a(lib_a-s_fpclassify.o)
                0x000000000801b0f0                __fpclassifyd
 .text.nanf     0x000000000801b14c        0xc /usr/lib/gcc/arm-none-eabi/4.9.3/../../../arm-none-eabi/lib/armv7e-m/fpu/libg.a(lib_a-sf_nan.o)
                0x000000000801b14c                nanf
 .text.strlen   0x000000000801b158       0x5c /usr/lib/gcc/arm-none-eabi/4.9.3/../../../arm-none-eabi/lib/armv7e-m/fpu/libg.a(lib_a-strlen.o)
                0x000000000801b158                strlen
 .text.strncmp  0x000000000801b1b4       0x98 /usr/lib/gcc/arm-none-eabi/4.9.3/../../../arm-none-eabi/lib/armv7e-m/fpu/libg.a(lib_a-strncmp.o)
                0x000000000801b1b4                strncmp
 .text._calloc_r
                0x000000000801b24c       0x60 /usr/lib/gcc/arm-none-eabi/4.9.3/../../../arm-none-eabi/lib/armv7e-m/fpu/libg.a(lib_a-callocr.o)
                0x000000000801b24c                _calloc_r
 .text.memset   0x000000000801b2ac       0x9c /usr/lib/gcc/arm-none-eabi/4.9.3/../../../arm-none-eabi/lib/armv7e-m/fpu/libg.a(lib_a-memset.o)
                0x000000000801b2ac                memset
 *(.glue_7)
 .glue_7        0x000000000801b348        0x0 linker stubs
 *(.glue_7t)
 .glue_7t       0x000000000801b348        0x0 linker stubs
 *(.eh_frame)
 .eh_frame      0x000000000801b348       0x70 /usr/lib/gcc/arm-none-eabi/4.9.3/../../../arm-none-eabi/lib/armv7e-m/fpu/libg.a(lib_a-strcmp.o)
 *(.init)
 *(.fini)
                0x000000000801b3b8                . = ALIGN (0x4)
                0x000000000801b3b8                _etext = .

.vfp11_veneer   0x000000000801b3b8        0x0
 .vfp11_veneer  0x000000000801b3b8        0x0 linker stubs

.v4_bx          0x000000000801b3b8        0x0
 .v4_bx         0x000000000801b3b8        0x0 linker stubs

.iplt           0x000000000801b3b8        0x0
 .iplt          0x000000000801b3b8        0x0 build/objs/stm32f4xx_hal_msp.o

.rodata         0x000000000801b3b8      0x998
                0x000000000801b3b8                . = ALIGN (0x4)
 *(.rodata)
 .rodata        0x000000000801b3b8        0x7 build/objs/USB_printf.o
 *fill*         0x000000000801b3bf        0x1 
 .rodata        0x000000000801b3c0        0xc build/objs/SSR.o
 .rodata        0x000000000801b3cc       0x24 build/objs/main.o
 .rodata        0x000000000801b3f0       0x58 build/objs/usbd_desc.o
 .rodata        0x000000000801b448      0x386 build/objs/pcd8544.o
                0x000000000801b448                PCD8544_Font5x7
                0x000000000801b690                PCD8544_Font3x5
 *fill*         0x000000000801b7ce        0x2 
 .rodata        0x000000000801b7d0       0xb2 build/objs/reflow_process.o
 *fill*         0x000000000801b882        0x2 
 .rodata        0x000000000801b884       0xec build/objs/command_processor.o
 .rodata        0x000000000801b970        0x8 build/objs/stm32f4xx_hal_dma.o
 .rodata        0x000000000801b978       0x10 build/objs/stm32f4xx_hal_rcc.o
                0x000000000801b978                APBAHBPrescTable
 .rodata        0x000000000801b988       0x10 build/objs/stm32f4_discovery.o
                0x000000000801b988                GPIO_PIN
                0x000000000801b990                BUTTON_PIN
                0x000000000801b994                BUTTON_IRQn
 .rodata        0x000000000801b998       0x10 build/objs/system_stm32f4xx.o
                0x000000000801b998                AHBPrescTable
 *(.rodata*)
 .rodata.str1.4
                0x000000000801b9a8        0x2 /usr/lib/gcc/arm-none-eabi/4.9.3/../../../arm-none-eabi/lib/armv7e-m/fpu/libg.a(lib_a-impure.o)
                                          0x4 (size before relaxing)
 *fill*         0x000000000801b9aa        0x2 
 .rodata._global_impure_ptr
                0x000000000801b9ac        0x4 /usr/lib/gcc/arm-none-eabi/4.9.3/../../../arm-none-eabi/lib/armv7e-m/fpu/libg.a(lib_a-impure.o)
                0x000000000801b9ac                _global_impure_ptr
 .rodata.tinytens
                0x000000000801b9b0       0x28 /usr/lib/gcc/arm-none-eabi/4.9.3/../../../arm-none-eabi/lib/armv7e-m/fpu/libg.a(lib_a-strtod.o)
 .rodata.fpinan.5307
                0x000000000801b9d8       0x14 /usr/lib/gcc/arm-none-eabi/4.9.3/../../../arm-none-eabi/lib/armv7e-m/fpu/libg.a(lib_a-strtod.o)
 .rodata.str1.4
                0x000000000801b9ec        0xf /usr/lib/gcc/arm-none-eabi/4.9.3/../../../arm-none-eabi/lib/armv7e-m/fpu/libg.a(lib_a-strtod.o)
                                         0x10 (size before relaxing)
 *fill*         0x000000000801b9fb        0x1 
 .rodata.fpi.5271
                0x000000000801b9fc       0x14 /usr/lib/gcc/arm-none-eabi/4.9.3/../../../arm-none-eabi/lib/armv7e-m/fpu/libg.a(lib_a-strtod.o)
 .rodata._ctype_
                0x000000000801ba10      0x104 /usr/lib/gcc/arm-none-eabi/4.9.3/../../../arm-none-eabi/lib/armv7e-m/fpu/libg.a(lib_a-ctype_.o)
                0x000000000801ba10                _ctype_
 .rodata.__hexdig
                0x000000000801bb14      0x100 /usr/lib/gcc/arm-none-eabi/4.9.3/../../../arm-none-eabi/lib/armv7e-m/fpu/libg.a(lib_a-gdtoa-gethex.o)
                0x000000000801bb14                __hexdig
 .rodata.str1.4
                0x000000000801bc14       0x10 /usr/lib/gcc/arm-none-eabi/4.9.3/../../../arm-none-eabi/lib/armv7e-m/fpu/libg.a(lib_a-locale.o)
                                         0x14 (size before relaxing)
 *fill*         0x000000000801bc24        0x4 
 .rodata.__mprec_tens
                0x000000000801bc28       0xc8 /usr/lib/gcc/arm-none-eabi/4.9.3/../../../arm-none-eabi/lib/armv7e-m/fpu/libg.a(lib_a-mprec.o)
                0x000000000801bc28                __mprec_tens
 .rodata.p05.5302
                0x000000000801bcf0        0xc /usr/lib/gcc/arm-none-eabi/4.9.3/../../../arm-none-eabi/lib/armv7e-m/fpu/libg.a(lib_a-mprec.o)
 *fill*         0x000000000801bcfc        0x4 
 .rodata.__mprec_bigtens
                0x000000000801bd00       0x28 /usr/lib/gcc/arm-none-eabi/4.9.3/../../../arm-none-eabi/lib/armv7e-m/fpu/libg.a(lib_a-mprec.o)
                0x000000000801bd00                __mprec_bigtens
 .rodata.__mprec_tinytens
                0x000000000801bd28       0x28 /usr/lib/gcc/arm-none-eabi/4.9.3/../../../arm-none-eabi/lib/armv7e-m/fpu/libg.a(lib_a-mprec.o)
                0x000000000801bd28                __mprec_tinytens
                0x000000000801bd50                . = ALIGN (0x4)

.rel.dyn        0x000000000801bd50        0x0
 .rel.iplt      0x000000000801bd50        0x0 build/objs/stm32f4xx_hal_msp.o

.ARM.extab
 *(.ARM.extab* .gnu.linkonce.armextab.*)

.ARM            0x000000000801bd50        0x0
                0x000000000801bd50                __exidx_start = .
 *(.ARM.exidx*)
                0x000000000801bd50                __exidx_end = .

.preinit_array  0x000000000801bd50        0x0
                [!provide]                        PROVIDE (__preinit_array_start, .)
 *(.preinit_array*)
                [!provide]                        PROVIDE (__preinit_array_end, .)

.init_array     0x000000000801bd50        0x0
                [!provide]                        PROVIDE (__init_array_start, .)
 *(SORT(.init_array.*))
 *(.init_array*)
                [!provide]                        PROVIDE (__init_array_end, .)

.fini_array     0x000000000801bd50        0x0
                [!provide]                        PROVIDE (__fini_array_start, .)
 *(SORT(.fini_array.*))
 *(.fini_array*)
                [!provide]                        PROVIDE (__fini_array_end, .)
                0x000000000801bd50                _sidata = LOADADDR (.data)

.data           0x0000000020000000      0xb7c load address 0x000000000801bd50
                0x0000000020000000                . = ALIGN (0x4)
                0x0000000020000000                _sdata = .
 *(.data)
 .data          0x0000000020000000        0x0 build/objs/stm32f4xx_hal_msp.o
 .data          0x0000000020000000       0x10 build/objs/usbd_cdc_if.o
                0x0000000020000000                USBD_Interface_fops_FS
 .data          0x0000000020000010        0x0 build/objs/usbd_conf.o
 .data          0x0000000020000010        0x0 build/objs/syscalls.o
 .data          0x0000000020000010        0x0 build/objs/USB_printf.o
 .data          0x0000000020000010        0x0 build/objs/gpio.o
 .data          0x0000000020000010        0x0 build/objs/SSR.o
 .data          0x0000000020000010        0x0 build/objs/MAX31855.o
 .data          0x0000000020000010        0x4 build/objs/main.o
                0x0000000020000010                main_loop_period
 .data          0x0000000020000014        0x0 build/objs/stm32f4xx_it.o
 .data          0x0000000020000014        0x0 build/objs/usb_device.o
 .data          0x0000000020000014       0x34 build/objs/usbd_desc.o
                0x0000000020000014                FS_Desc
                0x0000000020000030                USBD_FS_DeviceDesc
                0x0000000020000044                USBD_LangIDDesc
 .data          0x0000000020000048       0xca build/objs/pcd8544.o
                0x0000000020000048                brightness_levels
 .data          0x0000000020000112        0x0 build/objs/reflow_process.o
 *fill*         0x0000000020000112        0x2 
 .data          0x0000000020000114       0x60 build/objs/command_processor.o
                0x0000000020000114                allowed_commands
 .data          0x0000000020000174        0x0 build/objs/stm32f4xx_hal_dsi.o
 .data          0x0000000020000174        0x0 build/objs/stm32f4xx_hal_pcd.o
 .data          0x0000000020000174        0x0 build/objs/stm32f4xx_hal_irda.o
 .data          0x0000000020000174        0x0 build/objs/stm32f4xx_ll_fsmc.o
 .data          0x0000000020000174        0x0 build/objs/stm32f4xx_hal_cec.o
 .data          0x0000000020000174        0x0 build/objs/stm32f4xx_hal_timebase_tim_template.o
 .data          0x0000000020000174        0x0 build/objs/stm32f4xx_ll_usb.o
 .data          0x0000000020000174        0x0 build/objs/stm32f4xx_hal.o
 .data          0x0000000020000174        0x0 build/objs/stm32f4xx_hal_dcmi_ex.o
 .data          0x0000000020000174        0x0 build/objs/stm32f4xx_hal_flash_ex.o
 .data          0x0000000020000174        0x0 build/objs/stm32f4xx_hal_cryp.o
 .data          0x0000000020000174        0x0 build/objs/stm32f4xx_hal_rng.o
 .data          0x0000000020000174        0x0 build/objs/stm32f4xx_hal_nand.o
 .data          0x0000000020000174        0x0 build/objs/stm32f4xx_hal_gpio.o
 .data          0x0000000020000174        0x0 build/objs/stm32f4xx_hal_ltdc.o
 .data          0x0000000020000174        0x0 build/objs/stm32f4xx_hal_hcd.o
 .data          0x0000000020000174        0x0 build/objs/stm32f4xx_hal_pcd_ex.o
 .data          0x0000000020000174        0x0 build/objs/stm32f4xx_hal_adc.o
 .data          0x0000000020000174        0x0 build/objs/stm32f4xx_hal_adc_ex.o
 .data          0x0000000020000174        0x0 build/objs/stm32f4xx_hal_lptim.o
 .data          0x0000000020000174        0x0 build/objs/stm32f4xx_hal_spi.o
 .data          0x0000000020000174        0x0 build/objs/stm32f4xx_hal_i2c.o
 .data          0x0000000020000174        0x0 build/objs/stm32f4xx_hal_fmpi2c.o
 .data          0x0000000020000174        0x0 build/objs/stm32f4xx_hal_smartcard.o
 .data          0x0000000020000174        0x0 build/objs/stm32f4xx_hal_pccard.o
 .data          0x0000000020000174        0x0 build/objs/stm32f4xx_hal_dma2d.o
 .data          0x0000000020000174        0x0 build/objs/stm32f4xx_hal_sai.o
 .data          0x0000000020000174        0x0 build/objs/stm32f4xx_hal_cryp_ex.o
 .data          0x0000000020000174        0x0 build/objs/stm32f4xx_hal_rcc_ex.o
 .data          0x0000000020000174        0x0 build/objs/stm32f4xx_ll_fmc.o
 .data          0x0000000020000174        0x0 build/objs/stm32f4xx_hal_ltdc_ex.o
 .data          0x0000000020000174        0x0 build/objs/stm32f4xx_hal_flash_ramfunc.o
 .data          0x0000000020000174        0x0 build/objs/stm32f4xx_hal_cortex.o
 .data          0x0000000020000174        0x0 build/objs/stm32f4xx_hal_iwdg.o
 .data          0x0000000020000174        0x0 build/objs/stm32f4xx_hal_uart.o
 .data          0x0000000020000174        0x0 build/objs/stm32f4xx_hal_tim_ex.o
 .data          0x0000000020000174        0x0 build/objs/stm32f4xx_hal_i2c_ex.o
 .data          0x0000000020000174        0x0 build/objs/stm32f4xx_hal_dma.o
 .data          0x0000000020000174        0x0 build/objs/stm32f4xx_hal_dac.o
 .data          0x0000000020000174        0x0 build/objs/stm32f4xx_hal_spdifrx.o
 .data          0x0000000020000174        0x0 build/objs/stm32f4xx_hal_fmpi2c_ex.o
 .data          0x0000000020000174        0x0 build/objs/stm32f4xx_ll_sdmmc.o
 .data          0x0000000020000174        0x0 build/objs/stm32f4xx_hal_i2s_ex.o
 .data          0x0000000020000174        0x0 build/objs/stm32f4xx_hal_can.o
 .data          0x0000000020000174        0x0 build/objs/stm32f4xx_hal_nor.o
 .data          0x0000000020000174        0x0 build/objs/stm32f4xx_hal_pwr.o
 .data          0x0000000020000174        0x0 build/objs/stm32f4xx_hal_rtc.o
 .data          0x0000000020000174        0x0 build/objs/stm32f4xx_hal_qspi.o
 .data          0x0000000020000174        0x0 build/objs/stm32f4xx_hal_hash_ex.o
 .data          0x0000000020000174        0x0 build/objs/stm32f4xx_hal_i2s.o
 .data          0x0000000020000174        0x0 build/objs/stm32f4xx_hal_sram.o
 .data          0x0000000020000174        0x0 build/objs/stm32f4xx_hal_hash.o
 .data          0x0000000020000174        0x0 build/objs/stm32f4xx_hal_eth.o
 .data          0x0000000020000174        0x0 build/objs/stm32f4xx_hal_tim.o
 .data          0x0000000020000174        0x0 build/objs/stm32f4xx_hal_dma_ex.o
 .data          0x0000000020000174        0x0 build/objs/stm32f4xx_hal_sd.o
 .data          0x0000000020000174        0x0 build/objs/stm32f4xx_hal_sai_ex.o
 .data          0x0000000020000174        0x0 build/objs/stm32f4xx_hal_rcc.o
 .data          0x0000000020000174        0x0 build/objs/stm32f4xx_hal_wwdg.o
 .data          0x0000000020000174        0x0 build/objs/stm32f4xx_hal_dac_ex.o
 .data          0x0000000020000174        0x0 build/objs/stm32f4xx_hal_rtc_ex.o
 .data          0x0000000020000174        0x0 build/objs/stm32f4xx_hal_pwr_ex.o
 .data          0x0000000020000174        0x0 build/objs/stm32f4xx_hal_dcmi.o
 .data          0x0000000020000174        0x0 build/objs/stm32f4xx_hal_sdram.o
 .data          0x0000000020000174        0x0 build/objs/stm32f4xx_hal_flash.o
 .data          0x0000000020000174        0x0 build/objs/stm32f4xx_hal_crc.o
 .data          0x0000000020000174        0x0 build/objs/stm32f4xx_hal_usart.o
 .data          0x0000000020000174       0x1c build/objs/stm32f4_discovery.o
                0x0000000020000174                GPIO_PORT
                0x0000000020000184                BUTTON_PORT
                0x0000000020000188                I2cxTimeout
                0x000000002000018c                SpixTimeout
 .data          0x0000000020000190        0x4 build/objs/system_stm32f4xx.o
                0x0000000020000190                SystemCoreClock
 .data          0x0000000020000194        0x0 build/objs/usbd_core.o
 .data          0x0000000020000194        0x0 build/objs/usbd_ctlreq.o
 .data          0x0000000020000194        0x0 build/objs/usbd_ioreq.o
 .data          0x0000000020000194       0x18 build/objs/usbd_cdc_if_template.o
                0x0000000020000194                USBD_CDC_Template_fops
                0x00000000200001a4                linecoding
 .data          0x00000000200001ac      0x110 build/objs/usbd_cdc.o
                0x00000000200001b8                USBD_CDC
                0x00000000200001f0                USBD_CDC_CfgHSDesc
                0x0000000020000234                USBD_CDC_CfgFSDesc
                0x0000000020000278                USBD_CDC_OtherSpeedCfgDesc
 .data          0x00000000200002bc        0x0 build/objs/startup_stm32f407xx.o
 .data          0x00000000200002bc        0x0 /usr/lib/gcc/arm-none-eabi/4.9.3/armv7e-m/fpu/libgcc.a(_arm_addsubdf3.o)
 .data          0x00000000200002bc        0x0 /usr/lib/gcc/arm-none-eabi/4.9.3/armv7e-m/fpu/libgcc.a(_arm_muldivdf3.o)
 .data          0x00000000200002bc        0x0 /usr/lib/gcc/arm-none-eabi/4.9.3/armv7e-m/fpu/libgcc.a(_arm_truncdfsf2.o)
 .data          0x00000000200002bc        0x0 /usr/lib/gcc/arm-none-eabi/4.9.3/../../../arm-none-eabi/lib/armv7e-m/fpu/libg.a(lib_a-atof.o)
 .data          0x00000000200002bc        0x0 /usr/lib/gcc/arm-none-eabi/4.9.3/../../../arm-none-eabi/lib/armv7e-m/fpu/libg.a(lib_a-atoi.o)
 .data          0x00000000200002bc        0x0 /usr/lib/gcc/arm-none-eabi/4.9.3/../../../arm-none-eabi/lib/armv7e-m/fpu/libg.a(lib_a-errno.o)
 .data          0x00000000200002bc        0x0 /usr/lib/gcc/arm-none-eabi/4.9.3/../../../arm-none-eabi/lib/armv7e-m/fpu/libg.a(lib_a-impure.o)
 .data          0x00000000200002bc        0x0 /usr/lib/gcc/arm-none-eabi/4.9.3/../../../arm-none-eabi/lib/armv7e-m/fpu/libg.a(lib_a-malloc.o)
 .data          0x00000000200002bc        0x0 /usr/lib/gcc/arm-none-eabi/4.9.3/../../../arm-none-eabi/lib/armv7e-m/fpu/libg.a(lib_a-mallocr.o)
 .data          0x00000000200002bc        0x0 /usr/lib/gcc/arm-none-eabi/4.9.3/../../../arm-none-eabi/lib/armv7e-m/fpu/libg.a(lib_a-mlock.o)
 .data          0x00000000200002bc        0x0 /usr/lib/gcc/arm-none-eabi/4.9.3/../../../arm-none-eabi/lib/armv7e-m/fpu/libg.a(lib_a-sbrkr.o)
 .data          0x00000000200002bc        0x0 /usr/lib/gcc/arm-none-eabi/4.9.3/../../../arm-none-eabi/lib/armv7e-m/fpu/libg.a(lib_a-strcmp.o)
 .data          0x00000000200002bc        0x0 /usr/lib/gcc/arm-none-eabi/4.9.3/../../../arm-none-eabi/lib/armv7e-m/fpu/libg.a(lib_a-strtod.o)
 .data          0x00000000200002bc        0x0 /usr/lib/gcc/arm-none-eabi/4.9.3/../../../arm-none-eabi/lib/armv7e-m/fpu/libg.a(lib_a-strtok.o)
 .data          0x00000000200002bc        0x0 /usr/lib/gcc/arm-none-eabi/4.9.3/../../../arm-none-eabi/lib/armv7e-m/fpu/libg.a(lib_a-strtok_r.o)
 .data          0x00000000200002bc        0x0 /usr/lib/gcc/arm-none-eabi/4.9.3/../../../arm-none-eabi/lib/armv7e-m/fpu/libg.a(lib_a-strtol.o)
 .data          0x00000000200002bc        0x0 /usr/lib/gcc/arm-none-eabi/4.9.3/../../../arm-none-eabi/lib/armv7e-m/fpu/libg.a(lib_a-ctype_.o)
 .data          0x00000000200002bc        0x0 /usr/lib/gcc/arm-none-eabi/4.9.3/../../../arm-none-eabi/lib/armv7e-m/fpu/libg.a(lib_a-freer.o)
 .data          0x00000000200002bc        0x0 /usr/lib/gcc/arm-none-eabi/4.9.3/../../../arm-none-eabi/lib/armv7e-m/fpu/libg.a(lib_a-gdtoa-gethex.o)
 .data          0x00000000200002bc        0x0 /usr/lib/gcc/arm-none-eabi/4.9.3/../../../arm-none-eabi/lib/armv7e-m/fpu/libg.a(lib_a-gdtoa-hexnan.o)
 .data          0x00000000200002bc        0x0 /usr/lib/gcc/arm-none-eabi/4.9.3/../../../arm-none-eabi/lib/armv7e-m/fpu/libg.a(lib_a-locale.o)
 .data          0x00000000200002bc        0x0 /usr/lib/gcc/arm-none-eabi/4.9.3/../../../arm-none-eabi/lib/armv7e-m/fpu/libg.a(lib_a-memcpy.o)
 .data          0x00000000200002bc        0x0 /usr/lib/gcc/arm-none-eabi/4.9.3/../../../arm-none-eabi/lib/armv7e-m/fpu/libg.a(lib_a-mprec.o)
 .data          0x00000000200002bc        0x0 /usr/lib/gcc/arm-none-eabi/4.9.3/../../../arm-none-eabi/lib/armv7e-m/fpu/libg.a(lib_a-reent.o)
 .data          0x00000000200002bc        0x0 /usr/lib/gcc/arm-none-eabi/4.9.3/../../../arm-none-eabi/lib/armv7e-m/fpu/libg.a(lib_a-s_fpclassify.o)
 .data          0x00000000200002bc        0x0 /usr/lib/gcc/arm-none-eabi/4.9.3/../../../arm-none-eabi/lib/armv7e-m/fpu/libg.a(lib_a-sf_nan.o)
 .data          0x00000000200002bc        0x0 /usr/lib/gcc/arm-none-eabi/4.9.3/../../../arm-none-eabi/lib/armv7e-m/fpu/libg.a(lib_a-strlen.o)
 .data          0x00000000200002bc        0x0 /usr/lib/gcc/arm-none-eabi/4.9.3/../../../arm-none-eabi/lib/armv7e-m/fpu/libg.a(lib_a-strncmp.o)
 .data          0x00000000200002bc        0x0 /usr/lib/gcc/arm-none-eabi/4.9.3/../../../arm-none-eabi/lib/armv7e-m/fpu/libg.a(lib_a-callocr.o)
 .data          0x00000000200002bc        0x0 /usr/lib/gcc/arm-none-eabi/4.9.3/../../../arm-none-eabi/lib/armv7e-m/fpu/libg.a(lib_a-memset.o)
 .data          0x00000000200002bc        0x0 /usr/lib/gcc/arm-none-eabi/4.9.3/armv7e-m/fpu/libgcc.a(_arm_cmpdf2.o)
 .data          0x00000000200002bc        0x0 /usr/lib/gcc/arm-none-eabi/4.9.3/armv7e-m/fpu/libgcc.a(_arm_fixdfsi.o)
 .data          0x00000000200002bc        0x0 /usr/lib/gcc/arm-none-eabi/4.9.3/armv7e-m/fpu/libgcc.a(_arm_fixunsdfsi.o)
 *(.data*)
 *fill*         0x00000000200002bc        0x4 