Archive member included to satisfy reference by file (symbol)

/usr/lib/gcc/arm-none-eabi/4.9.3/../../../arm-none-eabi/lib/armv7e-m/fpu/libg.a(lib_a-atoi.o)
                              build/objs/reflow_process.o (atoi)
/usr/lib/gcc/arm-none-eabi/4.9.3/../../../arm-none-eabi/lib/armv7e-m/fpu/libg.a(lib_a-errno.o)
                              build/objs/syscalls.o (__errno)
/usr/lib/gcc/arm-none-eabi/4.9.3/../../../arm-none-eabi/lib/armv7e-m/fpu/libg.a(lib_a-impure.o)
                              /usr/lib/gcc/arm-none-eabi/4.9.3/../../../arm-none-eabi/lib/armv7e-m/fpu/libg.a(lib_a-errno.o) (_impure_ptr)
/usr/lib/gcc/arm-none-eabi/4.9.3/../../../arm-none-eabi/lib/armv7e-m/fpu/libg.a(lib_a-malloc.o)
                              build/objs/usbd_cdc.o (malloc)
/usr/lib/gcc/arm-none-eabi/4.9.3/../../../arm-none-eabi/lib/armv7e-m/fpu/libg.a(lib_a-mallocr.o)
                              /usr/lib/gcc/arm-none-eabi/4.9.3/../../../arm-none-eabi/lib/armv7e-m/fpu/libg.a(lib_a-malloc.o) (_malloc_r)
/usr/lib/gcc/arm-none-eabi/4.9.3/../../../arm-none-eabi/lib/armv7e-m/fpu/libg.a(lib_a-mlock.o)
                              /usr/lib/gcc/arm-none-eabi/4.9.3/../../../arm-none-eabi/lib/armv7e-m/fpu/libg.a(lib_a-mallocr.o) (__malloc_lock)
/usr/lib/gcc/arm-none-eabi/4.9.3/../../../arm-none-eabi/lib/armv7e-m/fpu/libg.a(lib_a-sbrkr.o)
                              /usr/lib/gcc/arm-none-eabi/4.9.3/../../../arm-none-eabi/lib/armv7e-m/fpu/libg.a(lib_a-mallocr.o) (_sbrk_r)
/usr/lib/gcc/arm-none-eabi/4.9.3/../../../arm-none-eabi/lib/armv7e-m/fpu/libg.a(lib_a-strcmp.o)
                              build/objs/command_processor.o (strcmp)
/usr/lib/gcc/arm-none-eabi/4.9.3/../../../arm-none-eabi/lib/armv7e-m/fpu/libg.a(lib_a-strtok.o)
                              build/objs/command_processor.o (strtok)
/usr/lib/gcc/arm-none-eabi/4.9.3/../../../arm-none-eabi/lib/armv7e-m/fpu/libg.a(lib_a-strtok_r.o)
                              /usr/lib/gcc/arm-none-eabi/4.9.3/../../../arm-none-eabi/lib/armv7e-m/fpu/libg.a(lib_a-strtok.o) (__strtok_r)
/usr/lib/gcc/arm-none-eabi/4.9.3/../../../arm-none-eabi/lib/armv7e-m/fpu/libg.a(lib_a-strtol.o)
                              /usr/lib/gcc/arm-none-eabi/4.9.3/../../../arm-none-eabi/lib/armv7e-m/fpu/libg.a(lib_a-atoi.o) (_strtol_r)
/usr/lib/gcc/arm-none-eabi/4.9.3/../../../arm-none-eabi/lib/armv7e-m/fpu/libg.a(lib_a-ctype_.o)
                              /usr/lib/gcc/arm-none-eabi/4.9.3/../../../arm-none-eabi/lib/armv7e-m/fpu/libg.a(lib_a-strtol.o) (__ctype_ptr__)
/usr/lib/gcc/arm-none-eabi/4.9.3/../../../arm-none-eabi/lib/armv7e-m/fpu/libg.a(lib_a-freer.o)
                              /usr/lib/gcc/arm-none-eabi/4.9.3/../../../arm-none-eabi/lib/armv7e-m/fpu/libg.a(lib_a-malloc.o) (_free_r)
/usr/lib/gcc/arm-none-eabi/4.9.3/../../../arm-none-eabi/lib/armv7e-m/fpu/libg.a(lib_a-reent.o)
                              /usr/lib/gcc/arm-none-eabi/4.9.3/../../../arm-none-eabi/lib/armv7e-m/fpu/libg.a(lib_a-sbrkr.o) (errno)

Allocating common symbols
Common symbol       size              file

PCD8544_y           0x1               build/objs/pcd8544.o
hUsbDeviceFS        0x224             build/objs/usb_device.o
hUsbDevice_0        0x4               build/objs/usbd_cdc_if.o
PCD8544_x           0x1               build/objs/pcd8544.o
PCD8544_Buffer      0x1f8             build/objs/pcd8544.o
errno               0x4               /usr/lib/gcc/arm-none-eabi/4.9.3/../../../arm-none-eabi/lib/armv7e-m/fpu/libg.a(lib_a-reent.o)
reflow_process_tick
                    0x4               build/objs/reflow_process.o
hpcd_USB_OTG_FS     0x3b8             build/objs/usbd_conf.o
uwTick              0x4               build/objs/stm32f4xx_hal.o
pFlash              0x20              build/objs/stm32f4xx_hal_flash.o
reflow_list         0x28              build/objs/reflow_process.o
single_line         0x80              build/objs/command_processor.o
UserRxBufferFS      0x4               build/objs/usbd_cdc_if.o
output_buffer       0x400             build/objs/USB_printf.o
UserTxBufferFS      0x4               build/objs/usbd_cdc_if.o
hSPI                0x58              build/objs/MAX31855.o
TIM_OC_init         0x1c              build/objs/SSR.o
hTIM                0x3c              build/objs/SSR.o
USBD_StrDesc        0x200             build/objs/usbd_desc.o
TimHandle           0x3c              build/objs/stm32f4xx_hal_timebase_tim_template.o

Memory Configuration

Name             Origin             Length             Attributes
FLASH            0x0000000008000000 0x0000000000100000 xr
RAM              0x0000000020000000 0x0000000000020000 xrw
CCMRAM           0x0000000010000000 0x0000000000010000 rw
*default*        0x0000000000000000 0xffffffffffffffff

Linker script and memory map

LOAD build/objs/usbd_cdc_if.o
LOAD build/objs/usbd_conf.o
LOAD build/objs/syscalls.o
LOAD build/objs/USB_printf.o
LOAD build/objs/stm32f4xx_hal_msp.o
LOAD build/objs/gpio.o
LOAD build/objs/SSR.o
LOAD build/objs/MAX31855.o
LOAD build/objs/main.o
LOAD build/objs/stm32f4xx_it.o
LOAD build/objs/usb_device.o
LOAD build/objs/usbd_desc.o
LOAD build/objs/pcd8544.o
LOAD build/objs/reflow_process.o
LOAD build/objs/command_processor.o
LOAD build/objs/stm32f4xx_hal_dsi.o
LOAD build/objs/stm32f4xx_hal_pcd.o
LOAD build/objs/stm32f4xx_hal_irda.o
LOAD build/objs/stm32f4xx_ll_fsmc.o
LOAD build/objs/stm32f4xx_hal_cec.o
LOAD build/objs/stm32f4xx_hal_timebase_tim_template.o
LOAD build/objs/stm32f4xx_ll_usb.o
LOAD build/objs/stm32f4xx_hal.o
LOAD build/objs/stm32f4xx_hal_dcmi_ex.o
LOAD build/objs/stm32f4xx_hal_flash_ex.o
LOAD build/objs/stm32f4xx_hal_cryp.o
LOAD build/objs/stm32f4xx_hal_rng.o
LOAD build/objs/stm32f4xx_hal_nand.o
LOAD build/objs/stm32f4xx_hal_gpio.o
LOAD build/objs/stm32f4xx_hal_ltdc.o
LOAD build/objs/stm32f4xx_hal_hcd.o
LOAD build/objs/stm32f4xx_hal_pcd_ex.o
LOAD build/objs/stm32f4xx_hal_adc.o
LOAD build/objs/stm32f4xx_hal_adc_ex.o
LOAD build/objs/stm32f4xx_hal_lptim.o
LOAD build/objs/stm32f4xx_hal_spi.o
LOAD build/objs/stm32f4xx_hal_i2c.o
LOAD build/objs/stm32f4xx_hal_fmpi2c.o
LOAD build/objs/stm32f4xx_hal_smartcard.o
LOAD build/objs/stm32f4xx_hal_pccard.o
LOAD build/objs/stm32f4xx_hal_dma2d.o
LOAD build/objs/stm32f4xx_hal_sai.o
LOAD build/objs/stm32f4xx_hal_cryp_ex.o
LOAD build/objs/stm32f4xx_hal_rcc_ex.o
LOAD build/objs/stm32f4xx_ll_fmc.o
LOAD build/objs/stm32f4xx_hal_ltdc_ex.o
LOAD build/objs/stm32f4xx_hal_flash_ramfunc.o
LOAD build/objs/stm32f4xx_hal_cortex.o
LOAD build/objs/stm32f4xx_hal_iwdg.o
LOAD build/objs/stm32f4xx_hal_uart.o
LOAD build/objs/stm32f4xx_hal_tim_ex.o
LOAD build/objs/stm32f4xx_hal_i2c_ex.o
LOAD build/objs/stm32f4xx_hal_dma.o
LOAD build/objs/stm32f4xx_hal_dac.o
LOAD build/objs/stm32f4xx_hal_spdifrx.o
LOAD build/objs/stm32f4xx_hal_fmpi2c_ex.o
LOAD build/objs/stm32f4xx_ll_sdmmc.o
LOAD build/objs/stm32f4xx_hal_i2s_ex.o
LOAD build/objs/stm32f4xx_hal_can.o
LOAD build/objs/stm32f4xx_hal_nor.o
LOAD build/objs/stm32f4xx_hal_pwr.o
LOAD build/objs/stm32f4xx_hal_rtc.o
LOAD build/objs/stm32f4xx_hal_qspi.o
LOAD build/objs/stm32f4xx_hal_hash_ex.o
LOAD build/objs/stm32f4xx_hal_i2s.o
LOAD build/objs/stm32f4xx_hal_sram.o
LOAD build/objs/stm32f4xx_hal_hash.o
LOAD build/objs/stm32f4xx_hal_eth.o
LOAD build/objs/stm32f4xx_hal_tim.o
LOAD build/objs/stm32f4xx_hal_dma_ex.o
LOAD build/objs/stm32f4xx_hal_sd.o
LOAD build/objs/stm32f4xx_hal_sai_ex.o
LOAD build/objs/stm32f4xx_hal_rcc.o
LOAD build/objs/stm32f4xx_hal_wwdg.o
LOAD build/objs/stm32f4xx_hal_dac_ex.o
LOAD build/objs/stm32f4xx_hal_rtc_ex.o
LOAD build/objs/stm32f4xx_hal_pwr_ex.o
LOAD build/objs/stm32f4xx_hal_dcmi.o
LOAD build/objs/stm32f4xx_hal_sdram.o
LOAD build/objs/stm32f4xx_hal_flash.o
LOAD build/objs/stm32f4xx_hal_crc.o
LOAD build/objs/stm32f4xx_hal_usart.o
LOAD build/objs/stm32f4_discovery.o
LOAD build/objs/system_stm32f4xx.o
LOAD build/objs/usbd_core.o
LOAD build/objs/usbd_ctlreq.o
LOAD build/objs/usbd_ioreq.o
LOAD build/objs/usbd_cdc_if_template.o
LOAD build/objs/usbd_cdc.o
LOAD build/objs/startup_stm32f407xx.o
START GROUP
LOAD /usr/lib/gcc/arm-none-eabi/4.9.3/armv7e-m/fpu/libgcc.a
LOAD /usr/lib/gcc/arm-none-eabi/4.9.3/../../../arm-none-eabi/lib/armv7e-m/fpu/libg.a
LOAD /usr/lib/gcc/arm-none-eabi/4.9.3/../../../arm-none-eabi/lib/armv7e-m/fpu/libc.a
END GROUP
                0x000000002001ffff                _estack = 0x2001ffff
                0x0000000000000200                _Min_Heap_Size = 0x200
                0x0000000000000400                _Min_Stack_Size = 0x400

.isr_vector     0x0000000008000000      0x188
                0x0000000008000000                . = ALIGN (0x4)
 *(.isr_vector)
 .isr_vector    0x0000000008000000      0x188 build/objs/startup_stm32f407xx.o
                0x0000000008000000                g_pfnVectors
                0x0000000008000188                . = ALIGN (0x4)

.text           0x00000000080001a0    0x17b6c
                0x00000000080001a0                . = ALIGN (0x4)
 *(.text)
 .text          0x00000000080001a0      0x19c build/objs/usbd_cdc_if.o
                0x00000000080002e8                CDC_Transmit_FS
 .text          0x000000000800033c      0x588 build/objs/usbd_conf.o
                0x000000000800033c                HAL_PCD_MspInit
                0x00000000080003b8                HAL_PCD_MspDeInit
                0x00000000080003f4                HAL_PCD_SetupStageCallback
                0x0000000008000418                HAL_PCD_DataOutStageCallback
                0x0000000008000450                HAL_PCD_DataInStageCallback
                0x0000000008000484                HAL_PCD_SOFCallback
                0x00000000080004a0                HAL_PCD_ResetCallback
                0x00000000080004f0                HAL_PCD_SuspendCallback
                0x000000000800053c                HAL_PCD_ResumeCallback
                0x0000000008000558                HAL_PCD_ISOOUTIncompleteCallback
                0x000000000800057c                HAL_PCD_ISOINIncompleteCallback
                0x00000000080005a0                HAL_PCD_ConnectCallback
                0x00000000080005bc                HAL_PCD_DisconnectCallback
                0x00000000080005d8                USBD_LL_Init
                0x000000000800066c                USBD_LL_DeInit
                0x000000000800068c                USBD_LL_Start
                0x00000000080006ac                USBD_LL_Stop
                0x00000000080006cc                USBD_LL_OpenEP
                0x0000000008000700                USBD_LL_CloseEP
                0x0000000008000728                USBD_LL_FlushEP
                0x0000000008000750                USBD_LL_StallEP
                0x0000000008000778                USBD_LL_ClearStallEP
                0x00000000080007a0                USBD_LL_IsStallEP
                0x00000000080007f8                USBD_LL_SetUSBAddress
                0x0000000008000820                USBD_LL_Transmit
                0x0000000008000854                USBD_LL_PrepareReceive
                0x0000000008000888                USBD_LL_GetRxDataSize
                0x00000000080008b0                USBD_LL_Delay
 .text          0x00000000080008c4      0x2b8 build/objs/syscalls.o
                0x00000000080008c4                _sbrk
                0x0000000008000930                _gettimeofday
                0x000000000800095c                initialise_monitor_handles
                0x0000000008000968                _getpid
                0x0000000008000978                _kill
                0x0000000008000998                _exit
                0x00000000080009ac                _write
                0x00000000080009e4                _close
                0x00000000080009fc                _fstat
                0x0000000008000a1c                _isatty
                0x0000000008000a34                _lseek
                0x0000000008000a50                _read
                0x0000000008000a8c                _open
                0x0000000008000aa8                _wait
                0x0000000008000ac8                _unlink
                0x0000000008000ae8                _times
                0x0000000008000b00                _stat
                0x0000000008000b20                _link
                0x0000000008000b40                _fork
                0x0000000008000b58                _execve
 .text          0x0000000008000b7c      0x3f0 build/objs/USB_printf.o
                0x0000000008000f0c                USB_printf
                0x0000000008000f34                USB_printf_buff
 .text          0x0000000008000f6c       0x48 build/objs/stm32f4xx_hal_msp.o
                0x0000000008000f6c                HAL_MspInit
 .text          0x0000000008000fb4       0x4c build/objs/gpio.o
                0x0000000008000fb4                MX_GPIO_Init
 .text          0x0000000008001000      0x100 build/objs/SSR.o
                0x0000000008001000                SSR_init
                0x0000000008001094                SSR_start
                0x00000000080010b8                SSR_stop
                0x00000000080010e0                SSR_set_duty_cycle
 .text          0x0000000008001100      0x1c4 build/objs/MAX31855.o
                0x0000000008001100                MAX31855_init
                0x0000000008001254                MAX31855_read
 .text          0x00000000080012c4      0x1c4 build/objs/main.o
                0x00000000080012c4                main
                0x00000000080013c4                SystemClock_Config
 .text          0x0000000008001488       0x20 build/objs/stm32f4xx_it.o
                0x0000000008001488                SysTick_Handler
                0x0000000008001498                OTG_FS_IRQHandler
 .text          0x00000000080014a8       0x38 build/objs/usb_device.o
                0x00000000080014a8                MX_USB_DEVICE_Init
 .text          0x00000000080014e0      0x160 build/objs/usbd_desc.o
                0x00000000080014e0                USBD_FS_DeviceDescriptor
                0x0000000008001504                USBD_FS_LangIDStrDescriptor
                0x0000000008001528                USBD_FS_ProductStrDescriptor
                0x0000000008001564                USBD_FS_ManufacturerStrDescriptor
                0x000000000800158c                USBD_FS_SerialStrDescriptor
                0x00000000080015c8                USBD_FS_ConfigStrDescriptor
                0x0000000008001604                USBD_FS_InterfaceStrDescriptor
 .text          0x0000000008001640      0xed4 build/objs/pcd8544.o
                0x0000000008001640                PCD8544_InitIO
                0x0000000008001898                PCD8544_send
                0x00000000080018d8                PCD8544_Pin
                0x0000000008001944                PCD8544_Delay
                0x000000000800196c                PCD8544_Init
                0x00000000080019e4                PCD8544_Write
                0x0000000008001a24                PCD8544_SetContrast
                0x0000000008001a60                PCD8544_DrawPixel
                0x0000000008001b1c                PCD8544_Invert
                0x0000000008001b44                PCD8544_Clear
                0x0000000008001b90                PCD8544_Home
                0x0000000008001ba8                PCD8544_Refresh
                0x0000000008001c64                PCD8544_UpdateArea
                0x0000000008001cdc                PCD8544_GotoXY
                0x0000000008001d0c                PCD8544_Putc
                0x0000000008001e60                PCD8544_Puts
                0x0000000008001e98                PCD8544_DrawLine
                0x0000000008002054                PCD8544_DrawRectangle
                0x00000000080020c0                PCD8544_DrawFilledRectangle
                0x0000000008002108                PCD8544_DrawCircle
                0x00000000080022fc                PCD8544_DrawFilledCircle
                0x00000000080024e0                PCD8544_SetBacklight
 .text          0x0000000008002514      0x184 build/objs/reflow_process.o
                0x0000000008002514                add_reflow_point
                0x0000000008002598                get_reflow_list
                0x00000000080025ec                clear_reflow_list
                0x0000000008002614                start_stop_reflow_process
                0x000000000800263c                reflow_process
 .text          0x0000000008002698      0x184 build/objs/command_processor.o
                0x0000000008002698                cmd_proc_receive_data
 .text          0x000000000800281c        0x0 build/objs/stm32f4xx_hal_dsi.o
 .text          0x000000000800281c     0x1290 build/objs/stm32f4xx_hal_pcd.o
                0x000000000800281c                HAL_PCD_Init
                0x0000000008002a2c                HAL_PCD_DeInit
                0x0000000008002a8c                HAL_PCD_Start
                0x0000000008002ad0                HAL_PCD_Stop
                0x0000000008002b20                HAL_PCD_IRQHandler
                0x00000000080033ac                HAL_PCD_DevConnect
                0x00000000080033e8                HAL_PCD_DevDisconnect
                0x0000000008003424                HAL_PCD_SetAddress
                0x0000000008003468                HAL_PCD_EP_Open
                0x0000000008003538                HAL_PCD_EP_Close
                0x00000000080035cc                HAL_PCD_EP_Receive
                0x0000000008003684                HAL_PCD_EP_GetRxCount
                0x00000000080036b8                HAL_PCD_EP_Transmit
                0x000000000800376c                HAL_PCD_EP_SetStall
                0x0000000008003824                HAL_PCD_EP_ClrStall
                0x00000000080038b8                HAL_PCD_EP_Flush
                0x0000000008003914                HAL_PCD_ActivateRemoteWakeup
                0x0000000008003958                HAL_PCD_DeActivateRemoteWakeup
                0x000000000800398c                HAL_PCD_GetState
 .text          0x0000000008003aac        0x0 build/objs/stm32f4xx_hal_irda.o
 .text          0x0000000008003aac        0x0 build/objs/stm32f4xx_ll_fsmc.o
 .text          0x0000000008003aac        0x0 build/objs/stm32f4xx_hal_cec.o
 .text          0x0000000008003aac      0x12c build/objs/stm32f4xx_hal_timebase_tim_template.o
                0x0000000008003aac                HAL_InitTick
                0x0000000008003b74                HAL_SuspendTick
                0x0000000008003b94                HAL_ResumeTick
                0x0000000008003bb4                HAL_TIM_PeriodElapsedCallback
                0x0000000008003bc8                TIM6_DAC_IRQHandler
 .text          0x0000000008003bd8     0x2180 build/objs/stm32f4xx_ll_usb.o
                0x0000000008003bd8                USB_CoreInit
                0x0000000008003c7c                USB_EnableGlobalInt
                0x0000000008003ca0                USB_DisableGlobalInt
                0x0000000008003cc4                USB_SetCurrentMode
                0x0000000008003d14                USB_DevInit
                0x0000000008003f6c                USB_FlushTxFifo
                0x0000000008003fb8                USB_FlushRxFifo
                0x0000000008003ffc                USB_SetDevSpeed
                0x000000000800402c                USB_GetDevSpeed
                0x0000000008004098                USB_ActivateEndpoint
                0x00000000080041ac                USB_ActivateDedicatedEndpoint
                0x0000000008004334                USB_DeactivateEndpoint
                0x000000000800442c                USB_DeactivateDedicatedEndpoint
                0x00000000080044e0                USB_EPStartXfer
                0x0000000008004964                USB_EP0StartXfer
                0x0000000008004c20                USB_WritePacket
                0x0000000008004c8c                USB_ReadPacket
                0x0000000008004cdc                USB_EPSetStall
                0x0000000008004dc0                USB_EPClearStall
                0x0000000008004e9c                USB_StopDevice
                0x0000000008004f24                USB_SetDevAddress
                0x0000000008004f70                USB_DevConnect
                0x0000000008004fa0                USB_DevDisconnect
                0x0000000008004fd0                USB_ReadInterrupts
                0x0000000008004ffc                USB_ReadDevAllOutEpInterrupt
                0x000000000800502c                USB_ReadDevAllInEpInterrupt
                0x000000000800505c                USB_ReadDevOutEPInterrupt
                0x0000000008005094                USB_ReadDevInEPInterrupt
                0x00000000080050e8                USB_ClearInterrupts
                0x0000000008005108                USB_GetMode
                0x0000000008005124                USB_ActivateSetup
                0x0000000008005190                USB_EP0_OutStart
                0x0000000008005284                USB_HostInit
                0x00000000080053dc                USB_InitFSLSPClkSel
                0x0000000008005450                USB_ResetPort
                0x000000000800549c                USB_DriveVbus
                0x0000000008005508                USB_GetHostSpeed
                0x0000000008005530                USB_GetCurrentFrame
                0x0000000008005550                USB_HC_Init
                0x0000000008005748                USB_HC_StartXfer
                0x00000000080059c0                USB_HC_ReadInterrupt
                0x00000000080059e0                USB_HC_Halt
                0x0000000008005be0                USB_DoPing
                0x0000000008005c58                USB_StopHost
 .text          0x0000000008005d58      0x2dc build/objs/stm32f4xx_hal.o
                0x0000000008005d58                HAL_Init
                0x0000000008005d9c                HAL_DeInit
                0x0000000008005e00                HAL_MspDeInit
                0x0000000008005e44                HAL_IncTick
                0x0000000008005e60                HAL_GetTick
                0x0000000008005e78                HAL_Delay
                0x0000000008005edc                HAL_GetHalVersion
                0x0000000008005ef0                HAL_GetREVID
                0x0000000008005f08                HAL_GetDEVID
                0x0000000008005f24                HAL_DBGMCU_EnableDBGSleepMode
                0x0000000008005f40                HAL_DBGMCU_DisableDBGSleepMode
                0x0000000008005f5c                HAL_DBGMCU_EnableDBGStopMode
                0x0000000008005f78                HAL_DBGMCU_DisableDBGStopMode
                0x0000000008005f94                HAL_DBGMCU_EnableDBGStandbyMode
                0x0000000008005fb0                HAL_DBGMCU_DisableDBGStandbyMode
                0x0000000008005fcc                HAL_EnableCompensationCell
                0x0000000008006000                HAL_DisableCompensationCell
 .text          0x0000000008006034        0x0 build/objs/stm32f4xx_hal_dcmi_ex.o
 .text          0x0000000008006034      0x60c build/objs/stm32f4xx_hal_flash_ex.o
                0x0000000008006034                HAL_FLASHEx_Erase
                0x0000000008006114                HAL_FLASHEx_Erase_IT
                0x00000000080061c0                HAL_FLASHEx_OBProgram
                0x00000000080062a0                HAL_FLASHEx_OBGetConfig
                0x0000000008006328                FLASH_Erase_Sector
                0x00000000080065b8                FLASH_FlushCaches
 .text          0x0000000008006640        0x0 build/objs/stm32f4xx_hal_cryp.o
 .text          0x0000000008006640        0x0 build/objs/stm32f4xx_hal_rng.o
 .text          0x0000000008006640        0x0 build/objs/stm32f4xx_hal_nand.o
 .text          0x0000000008006640      0x658 build/objs/stm32f4xx_hal_gpio.o
                0x0000000008006640                HAL_GPIO_Init
                0x000000000800697c                HAL_GPIO_DeInit
                0x0000000008006b80                HAL_GPIO_ReadPin
                0x0000000008006bb0                HAL_GPIO_WritePin
                0x0000000008006be0                HAL_GPIO_TogglePin
                0x0000000008006c04                HAL_GPIO_LockPin
                0x0000000008006c54                HAL_GPIO_EXTI_IRQHandler
                0x0000000008006c84                HAL_GPIO_EXTI_Callback
 .text          0x0000000008006c98        0x0 build/objs/stm32f4xx_hal_ltdc.o
 .text          0x0000000008006c98        0x0 build/objs/stm32f4xx_hal_hcd.o
 .text          0x0000000008006c98       0xbc build/objs/stm32f4xx_hal_pcd_ex.o
                0x0000000008006c98                HAL_PCDEx_SetTxFiFo
                0x0000000008006d30                HAL_PCDEx_SetRxFiFo
 .text          0x0000000008006d54        0x0 build/objs/stm32f4xx_hal_adc.o
 .text          0x0000000008006d54        0x0 build/objs/stm32f4xx_hal_adc_ex.o
 .text          0x0000000008006d54        0x0 build/objs/stm32f4xx_hal_lptim.o
 .text          0x0000000008006d54     0x1f30 build/objs/stm32f4xx_hal_spi.o
                0x0000000008006d54                HAL_SPI_Init
                0x0000000008006e28                HAL_SPI_DeInit
                0x0000000008006e78                HAL_SPI_MspInit
                0x0000000008006e8c                HAL_SPI_MspDeInit
                0x0000000008006ea0                HAL_SPI_Transmit
                0x00000000080070d8                HAL_SPI_Receive
                0x00000000080073e8                HAL_SPI_TransmitReceive
                0x0000000008007718                HAL_SPI_Transmit_IT
                0x0000000008007860                HAL_SPI_Receive_IT
                0x00000000080079b4                HAL_SPI_TransmitReceive_IT
                0x0000000008007b04                HAL_SPI_Transmit_DMA
                0x0000000008007c58                HAL_SPI_Receive_DMA
                0x0000000008007dd0                HAL_SPI_TransmitReceive_DMA
                0x0000000008007fa4                HAL_SPI_DMAPause
                0x0000000008007fe8                HAL_SPI_DMAResume
                0x000000000800802c                HAL_SPI_DMAStop
                0x000000000800807c                HAL_SPI_IRQHandler
                0x00000000080081a8                HAL_SPI_TxCpltCallback
                0x00000000080081bc                HAL_SPI_RxCpltCallback
                0x00000000080081d0                HAL_SPI_TxRxCpltCallback
                0x00000000080081e4                HAL_SPI_TxHalfCpltCallback
                0x00000000080081f8                HAL_SPI_RxHalfCpltCallback
                0x000000000800820c                HAL_SPI_TxRxHalfCpltCallback
                0x0000000008008220                HAL_SPI_ErrorCallback
                0x0000000008008234                HAL_SPI_GetState
                0x0000000008008250                HAL_SPI_GetError
 .text          0x0000000008008c84     0x4618 build/objs/stm32f4xx_hal_i2c.o
                0x0000000008008c84                HAL_I2C_Init
                0x0000000008008e44                HAL_I2C_DeInit
                0x0000000008008ea4                HAL_I2C_MspInit
                0x0000000008008eb8                HAL_I2C_MspDeInit
                0x0000000008008ecc                HAL_I2C_Master_Transmit
                0x0000000008009070                HAL_I2C_Master_Receive
                0x00000000080093b0                HAL_I2C_Slave_Transmit
                0x0000000008009580                HAL_I2C_Slave_Receive
                0x0000000008009748                HAL_I2C_Master_Transmit_IT
                0x0000000008009890                HAL_I2C_Master_Receive_IT
                0x0000000008009a78                HAL_I2C_Master_Sequential_Transmit_IT
                0x0000000008009bd8                HAL_I2C_Master_Sequential_Receive_IT
                0x0000000008009e44                HAL_I2C_Slave_Transmit_IT
                0x0000000008009f18                HAL_I2C_Slave_Receive_IT
                0x0000000008009fec                HAL_I2C_Slave_Sequential_Transmit_IT
                0x000000000800a0ac                HAL_I2C_Slave_Sequential_Receive_IT
                0x000000000800a16c                HAL_I2C_EnableListen_IT
                0x000000000800a1bc                HAL_I2C_DisableListen_IT
                0x000000000800a234                HAL_I2C_Master_Transmit_DMA
                0x000000000800a3f0                HAL_I2C_Master_Receive_DMA
                0x000000000800a5b8                HAL_I2C_Master_Abort_IT
                0x000000000800a660                HAL_I2C_Slave_Transmit_DMA
                0x000000000800a7ec                HAL_I2C_Slave_Receive_DMA
                0x000000000800a924                HAL_I2C_Mem_Write
                0x000000000800aabc                HAL_I2C_Mem_Read
                0x000000000800adf8                HAL_I2C_Mem_Write_IT
                0x000000000800af34                HAL_I2C_Mem_Read_IT
                0x000000000800b128                HAL_I2C_Mem_Write_DMA
                0x000000000800b2c8                HAL_I2C_Mem_Read_DMA
                0x000000000800b4a0                HAL_I2C_IsDeviceReady
                0x000000000800b6cc                HAL_I2C_EV_IRQHandler
                0x000000000800b9b0                HAL_I2C_ER_IRQHandler
                0x000000000800bbf8                HAL_I2C_MasterTxCpltCallback
                0x000000000800bc0c                HAL_I2C_MasterRxCpltCallback
                0x000000000800bc20                HAL_I2C_SlaveTxCpltCallback
                0x000000000800bc34                HAL_I2C_SlaveRxCpltCallback
                0x000000000800bc48                HAL_I2C_AddrCallback
                0x000000000800bc64                HAL_I2C_ListenCpltCallback
                0x000000000800bc78                HAL_I2C_MemTxCpltCallback
                0x000000000800bc8c                HAL_I2C_MemRxCpltCallback
                0x000000000800bca0                HAL_I2C_ErrorCallback
                0x000000000800bcb4                HAL_I2C_GetState
                0x000000000800bcd0                HAL_I2C_GetMode
                0x000000000800bcec                HAL_I2C_GetError
 .text          0x000000000800d29c        0x0 build/objs/stm32f4xx_hal_fmpi2c.o
 .text          0x000000000800d29c        0x0 build/objs/stm32f4xx_hal_smartcard.o
 .text          0x000000000800d29c        0x0 build/objs/stm32f4xx_hal_pccard.o
 .text          0x000000000800d29c        0x0 build/objs/stm32f4xx_hal_dma2d.o
 .text          0x000000000800d29c        0x0 build/objs/stm32f4xx_hal_sai.o
 .text          0x000000000800d29c        0x0 build/objs/stm32f4xx_hal_cryp_ex.o
 .text          0x000000000800d29c      0x2cc build/objs/stm32f4xx_hal_rcc_ex.o
                0x000000000800d29c                HAL_RCC_DeInit
                0x000000000800d314                HAL_RCCEx_PeriphCLKConfig
                0x000000000800d4e4                HAL_RCCEx_GetPeriphCLKConfig
 .text          0x000000000800d568        0x0 build/objs/stm32f4xx_ll_fmc.o
 .text          0x000000000800d568        0x0 build/objs/stm32f4xx_hal_ltdc_ex.o
 .text          0x000000000800d568        0x0 build/objs/stm32f4xx_hal_flash_ramfunc.o
 .text          0x000000000800d568      0x5b0 build/objs/stm32f4xx_hal_cortex.o
                0x000000000800d8e4                HAL_NVIC_SetPriorityGrouping
                0x000000000800d8f8                HAL_NVIC_SetPriority
                0x000000000800d930                HAL_NVIC_EnableIRQ
                0x000000000800d94c                HAL_NVIC_DisableIRQ
                0x000000000800d968                HAL_NVIC_SystemReset
                0x000000000800d974                HAL_SYSTICK_Config
                0x000000000800d98c                HAL_MPU_ConfigRegion
                0x000000000800da10                HAL_NVIC_GetPriorityGrouping
                0x000000000800da20                HAL_NVIC_GetPriority
                0x000000000800da50                HAL_NVIC_SetPendingIRQ
                0x000000000800da6c                HAL_NVIC_GetPendingIRQ
                0x000000000800da8c                HAL_NVIC_ClearPendingIRQ
                0x000000000800daa8                HAL_NVIC_GetActive
                0x000000000800dac8                HAL_SYSTICK_CLKSourceConfig
                0x000000000800db00                HAL_SYSTICK_IRQHandler
                0x000000000800db0c                HAL_SYSTICK_Callback
 .text          0x000000000800db18        0x0 build/objs/stm32f4xx_hal_iwdg.o
 .text          0x000000000800db18        0x0 build/objs/stm32f4xx_hal_uart.o
 .text          0x000000000800db18     0x14dc build/objs/stm32f4xx_hal_tim_ex.o
                0x000000000800db18                HAL_TIMEx_HallSensor_Init
                0x000000000800dc34                HAL_TIMEx_HallSensor_DeInit
                0x000000000800dc94                HAL_TIMEx_HallSensor_MspInit
                0x000000000800dca8                HAL_TIMEx_HallSensor_MspDeInit
                0x000000000800dcbc                HAL_TIMEx_HallSensor_Start
                0x000000000800dcec                HAL_TIMEx_HallSensor_Stop
                0x000000000800dd3c                HAL_TIMEx_HallSensor_Start_IT
                0x000000000800dd7c                HAL_TIMEx_HallSensor_Stop_IT
                0x000000000800dddc                HAL_TIMEx_HallSensor_Start_DMA
                0x000000000800de88                HAL_TIMEx_HallSensor_Stop_DMA
                0x000000000800dee8                HAL_TIMEx_OCN_Start
                0x000000000800df2c                HAL_TIMEx_OCN_Stop
                0x000000000800dfb0                HAL_TIMEx_OCN_Start_IT
                0x000000000800e090                HAL_TIMEx_OCN_Stop_IT
                0x000000000800e1c0                HAL_TIMEx_OCN_Start_DMA
                0x000000000800e378                HAL_TIMEx_OCN_Stop_DMA
                0x000000000800e490                HAL_TIMEx_PWMN_Start
                0x000000000800e4d4                HAL_TIMEx_PWMN_Stop
                0x000000000800e558                HAL_TIMEx_PWMN_Start_IT
                0x000000000800e638                HAL_TIMEx_PWMN_Stop_IT
                0x000000000800e768                HAL_TIMEx_PWMN_Start_DMA
                0x000000000800e920                HAL_TIMEx_PWMN_Stop_DMA
                0x000000000800ea38                HAL_TIMEx_OnePulseN_Start
                0x000000000800ea6c                HAL_TIMEx_OnePulseN_Stop
                0x000000000800eaf0                HAL_TIMEx_OnePulseN_Start_IT
                0x000000000800eb44                HAL_TIMEx_OnePulseN_Stop_IT
                0x000000000800ebe8                HAL_TIMEx_ConfigCommutationEvent
                0x000000000800ec88                HAL_TIMEx_ConfigCommutationEvent_IT
                0x000000000800ed38                HAL_TIMEx_ConfigCommutationEvent_DMA
                0x000000000800ee00                HAL_TIMEx_MasterConfigSynchronization
                0x000000000800ee8c                HAL_TIMEx_ConfigBreakDeadTime
                0x000000000800ef00                HAL_TIMEx_RemapConfig
                0x000000000800ef48                HAL_TIMEx_CommutationCallback
                0x000000000800ef5c                HAL_TIMEx_BreakCallback
                0x000000000800ef70                HAL_TIMEx_HallSensor_GetState
                0x000000000800ef8c                TIMEx_DMACommutationCplt
 .text          0x000000000800eff4        0x0 build/objs/stm32f4xx_hal_i2c_ex.o
 .text          0x000000000800eff4      0x8e4 build/objs/stm32f4xx_hal_dma.o
                0x000000000800eff4                HAL_DMA_Init
                0x000000000800f0cc                HAL_DMA_DeInit
                0x000000000800f168                HAL_DMA_Start
                0x000000000800f1cc                HAL_DMA_Start_IT
                0x000000000800f250                HAL_DMA_Abort
                0x000000000800f2cc                HAL_DMA_PollForTransfer
                0x000000000800f4e8                HAL_DMA_IRQHandler
                0x000000000800f7dc                HAL_DMA_GetState
                0x000000000800f7f8                HAL_DMA_GetError
 .text          0x000000000800f8d8        0x0 build/objs/stm32f4xx_hal_dac.o
 .text          0x000000000800f8d8        0x0 build/objs/stm32f4xx_hal_spdifrx.o
 .text          0x000000000800f8d8        0x0 build/objs/stm32f4xx_hal_fmpi2c_ex.o
 .text          0x000000000800f8d8        0x0 build/objs/stm32f4xx_ll_sdmmc.o
 .text          0x000000000800f8d8        0x0 build/objs/stm32f4xx_hal_i2s_ex.o
 .text          0x000000000800f8d8        0x0 build/objs/stm32f4xx_hal_can.o
 .text          0x000000000800f8d8        0x0 build/objs/stm32f4xx_hal_nor.o
 .text          0x000000000800f8d8      0x35c build/objs/stm32f4xx_hal_pwr.o
                0x000000000800f8d8                HAL_PWR_DeInit
                0x000000000800f900                HAL_PWR_EnableBkUpAccess
                0x000000000800f934                HAL_PWR_DisableBkUpAccess
                0x000000000800f968                HAL_PWR_ConfigPVD
                0x000000000800fa24                HAL_PWR_EnablePVD
                0x000000000800fa58                HAL_PWR_DisablePVD
                0x000000000800fa8c                HAL_PWR_EnableWakeUpPin
                0x000000000800fab0                HAL_PWR_DisableWakeUpPin
                0x000000000800fad4                HAL_PWR_EnterSLEEPMode
                0x000000000800fb0c                HAL_PWR_EnterSTOPMode
                0x000000000800fb64                HAL_PWR_EnterSTANDBYMode
                0x000000000800fb94                HAL_PWR_PVD_IRQHandler
                0x000000000800fbb8                HAL_PWR_PVDCallback
                0x000000000800fbc4                HAL_PWR_EnableSleepOnExit
                0x000000000800fbe0                HAL_PWR_DisableSleepOnExit
                0x000000000800fbfc                HAL_PWR_EnableSEVOnPend
                0x000000000800fc18                HAL_PWR_DisableSEVOnPend
 .text          0x000000000800fc34        0x0 build/objs/stm32f4xx_hal_rtc.o
 .text          0x000000000800fc34        0x0 build/objs/stm32f4xx_hal_qspi.o
 .text          0x000000000800fc34        0x0 build/objs/stm32f4xx_hal_hash_ex.o
 .text          0x000000000800fc34        0x0 build/objs/stm32f4xx_hal_i2s.o
 .text          0x000000000800fc34        0x0 build/objs/stm32f4xx_hal_sram.o
 .text          0x000000000800fc34        0x0 build/objs/stm32f4xx_hal_hash.o
 .text          0x000000000800fc34        0x0 build/objs/stm32f4xx_hal_eth.o
 .text          0x000000000800fc34     0x3f3c build/objs/stm32f4xx_hal_tim.o
                0x000000000800fc34                HAL_TIM_Base_Init
                0x000000000800fc8c                HAL_TIM_Base_DeInit
                0x000000000800fcec                HAL_TIM_Base_MspInit
                0x000000000800fd00                HAL_TIM_Base_MspDeInit
                0x000000000800fd14                HAL_TIM_Base_Start
                0x000000000800fd4c                HAL_TIM_Base_Stop
                0x000000000800fda4                HAL_TIM_Base_Start_IT
                0x000000000800fddc                HAL_TIM_Base_Stop_IT
                0x000000000800fe34                HAL_TIM_Base_Start_DMA
                0x000000000800fed4                HAL_TIM_Base_Stop_DMA
                0x000000000800ff34                HAL_TIM_OC_Init
                0x000000000800ff8c                HAL_TIM_OC_DeInit
                0x000000000800ffec                HAL_TIM_OC_MspInit
                0x0000000008010000                HAL_TIM_OC_MspDeInit
                0x0000000008010014                HAL_TIM_OC_Start
                0x000000000801007c                HAL_TIM_OC_Stop
                0x0000000008010124                HAL_TIM_OC_Start_IT
                0x0000000008010218                HAL_TIM_OC_Stop_IT
                0x000000000801034c                HAL_TIM_OC_Start_DMA
                0x0000000008010528                HAL_TIM_OC_Stop_DMA
                0x0000000008010664                HAL_TIM_PWM_Init
                0x00000000080106bc                HAL_TIM_PWM_DeInit
                0x000000000801071c                HAL_TIM_PWM_MspInit
                0x0000000008010730                HAL_TIM_PWM_MspDeInit
                0x0000000008010744                HAL_TIM_PWM_Start
                0x00000000080107ac                HAL_TIM_PWM_Stop
                0x000000000801085c                HAL_TIM_PWM_Start_IT
                0x0000000008010950                HAL_TIM_PWM_Stop_IT
                0x0000000008010a84                HAL_TIM_PWM_Start_DMA
                0x0000000008010c60                HAL_TIM_PWM_Stop_DMA
                0x0000000008010d9c                HAL_TIM_IC_Init
                0x0000000008010df4                HAL_TIM_IC_DeInit
                0x0000000008010e54                HAL_TIM_IC_MspInit
                0x0000000008010e68                HAL_TIM_IC_MspDeInit
                0x0000000008010e7c                HAL_TIM_IC_Start
                0x0000000008010eb0                HAL_TIM_IC_Stop
                0x0000000008010f04                HAL_TIM_IC_Start_IT
                0x0000000008010fc4                HAL_TIM_IC_Stop_IT
                0x00000000080110a4                HAL_TIM_IC_Start_DMA
                0x0000000008011244                HAL_TIM_IC_Stop_DMA
                0x000000000801132c                HAL_TIM_OnePulse_Init
                0x00000000080113a4                HAL_TIM_OnePulse_DeInit
                0x0000000008011404                HAL_TIM_OnePulse_MspInit
                0x0000000008011418                HAL_TIM_OnePulse_MspDeInit
                0x000000000801142c                HAL_TIM_OnePulse_Start
                0x0000000008011494                HAL_TIM_OnePulse_Stop
                0x000000000801154c                HAL_TIM_OnePulse_Start_IT
                0x00000000080115d4                HAL_TIM_OnePulse_Stop_IT
                0x00000000080116ac                HAL_TIM_Encoder_Init
                0x00000000080117d8                HAL_TIM_Encoder_DeInit
                0x0000000008011838                HAL_TIM_Encoder_MspInit
                0x000000000801184c                HAL_TIM_Encoder_MspDeInit
                0x0000000008011860                HAL_TIM_Encoder_Start
                0x00000000080118d0                HAL_TIM_Encoder_Stop
                0x0000000008011960                HAL_TIM_Encoder_Start_IT
                0x0000000008011a10                HAL_TIM_Encoder_Stop_IT
                0x0000000008011ae4                HAL_TIM_Encoder_Start_DMA
                0x0000000008011c9c                HAL_TIM_Encoder_Stop_DMA
                0x0000000008011d70                HAL_TIM_IRQHandler
                0x0000000008011f80                HAL_TIM_OC_ConfigChannel
                0x0000000008012040                HAL_TIM_IC_ConfigChannel
                0x0000000008012178                HAL_TIM_PWM_ConfigChannel
                0x0000000008012304                HAL_TIM_OnePulse_ConfigChannel
                0x0000000008012484                HAL_TIM_DMABurst_WriteStart
                0x0000000008012690                HAL_TIM_DMABurst_WriteStop
                0x0000000008012740                HAL_TIM_DMABurst_ReadStart
                0x0000000008012940                HAL_TIM_DMABurst_ReadStop
                0x00000000080129f0                HAL_TIM_GenerateEvent
                0x0000000008012a40                HAL_TIM_ConfigOCrefClear
                0x0000000008012b94                HAL_TIM_ConfigClockSource
                0x0000000008012d58                HAL_TIM_ConfigTI1Input
                0x0000000008012d94                HAL_TIM_SlaveConfigSynchronization
                0x0000000008012e00                HAL_TIM_SlaveConfigSynchronization_IT
                0x0000000008012e6c                HAL_TIM_ReadCapturedValue
                0x0000000008012f24                HAL_TIM_OC_DelayElapsedCallback
                0x0000000008012f38                HAL_TIM_IC_CaptureCallback
                0x0000000008012f4c                HAL_TIM_PWM_PulseFinishedCallback
                0x0000000008012f60                HAL_TIM_TriggerCallback
                0x0000000008012f74                HAL_TIM_ErrorCallback
                0x0000000008012f88                HAL_TIM_Base_GetState
                0x0000000008012fa4                HAL_TIM_OC_GetState
                0x0000000008012fc0                HAL_TIM_PWM_GetState
                0x0000000008012fdc                HAL_TIM_IC_GetState
                0x0000000008012ff8                HAL_TIM_OnePulse_GetState
                0x0000000008013014                HAL_TIM_Encoder_GetState
                0x0000000008013030                TIM_Base_SetConfig
                0x0000000008013180                TIM_TI1_SetConfig
                0x0000000008013274                TIM_OC2_SetConfig
                0x0000000008013364                TIM_DMADelayPulseCplt
                0x00000000080133d4                TIM_DMAError
                0x00000000080133f8                TIM_DMACaptureCplt
                0x0000000008013468                TIM_CCxChannelCmd
 .text          0x0000000008013b70      0x210 build/objs/stm32f4xx_hal_dma_ex.o
                0x0000000008013b70                HAL_DMAEx_MultiBufferStart
                0x0000000008013c10                HAL_DMAEx_MultiBufferStart_IT
                0x0000000008013d00                HAL_DMAEx_ChangeMemory
 .text          0x0000000008013d80        0x0 build/objs/stm32f4xx_hal_sd.o
 .text          0x0000000008013d80        0x0 build/objs/stm32f4xx_hal_sai_ex.o
 .text          0x0000000008013d80      0xae8 build/objs/stm32f4xx_hal_rcc.o
                0x0000000008013d8c                HAL_RCC_OscConfig
                0x00000000080141b0                HAL_RCC_ClockConfig
                0x0000000008014398                HAL_RCC_MCOConfig
                0x0000000008014464                HAL_RCC_EnableCSS
                0x000000000801447c                HAL_RCC_DisableCSS
                0x0000000008014494                HAL_RCC_GetSysClockFreq
                0x0000000008014590                HAL_RCC_GetHCLKFreq
                0x00000000080145e0                HAL_RCC_GetPCLK1Freq
                0x0000000008014624                HAL_RCC_GetPCLK2Freq
                0x0000000008014668                HAL_RCC_GetOscConfig
                0x00000000080147d8                HAL_RCC_GetClockConfig
                0x0000000008014838                HAL_RCC_NMI_IRQHandler
                0x000000000801485c                HAL_RCC_CSSCallback
 .text          0x0000000008014868        0x0 build/objs/stm32f4xx_hal_wwdg.o
 .text          0x0000000008014868        0x0 build/objs/stm32f4xx_hal_dac_ex.o
 .text          0x0000000008014868        0x0 build/objs/stm32f4xx_hal_rtc_ex.o
 .text          0x0000000008014868      0x1d8 build/objs/stm32f4xx_hal_pwr_ex.o
                0x0000000008014868                HAL_PWREx_EnableBkUpReg
                0x00000000080148d0                HAL_PWREx_DisableBkUpReg
                0x0000000008014938                HAL_PWREx_EnableFlashPowerDown
                0x000000000801496c                HAL_PWREx_DisableFlashPowerDown
                0x00000000080149a0                HAL_PWREx_GetVoltageRange
                0x00000000080149bc                HAL_PWREx_ControlVoltageScaling
 .text          0x0000000008014a40        0x0 build/objs/stm32f4xx_hal_dcmi.o
 .text          0x0000000008014a40        0x0 build/objs/stm32f4xx_hal_sdram.o
 .text          0x0000000008014a40      0x5f8 build/objs/stm32f4xx_hal_flash.o
                0x0000000008014a40                HAL_FLASH_Program
                0x0000000008014ae8                HAL_FLASH_Program_IT
                0x0000000008014b84                HAL_FLASH_IRQHandler
                0x0000000008014cc4                HAL_FLASH_EndOfOperationCallback
                0x0000000008014cd8                HAL_FLASH_OperationErrorCallback
                0x0000000008014cec                HAL_FLASH_Unlock
                0x0000000008014d20                HAL_FLASH_Lock
                0x0000000008014d40                HAL_FLASH_OB_Unlock
                0x0000000008014d78                HAL_FLASH_OB_Lock
                0x0000000008014d98                HAL_FLASH_OB_Launch
                0x0000000008014dc0                HAL_FLASH_GetError
                0x0000000008014dd8                FLASH_WaitForLastOperation
 .text          0x0000000008015038        0x0 build/objs/stm32f4xx_hal_crc.o
 .text          0x0000000008015038        0x0 build/objs/stm32f4xx_hal_usart.o
 .text          0x0000000008015038      0x7cc build/objs/stm32f4_discovery.o
                0x0000000008015038                BSP_GetVersion
                0x000000000801504c                BSP_LED_Init
                0x000000000801513c                BSP_LED_On
                0x0000000008015170                BSP_LED_Off
                0x00000000080151a4                BSP_LED_Toggle
                0x00000000080151d4                BSP_PB_Init
                0x0000000008015288                BSP_PB_GetState
                0x00000000080155ac                ACCELERO_IO_Init
                0x0000000008015604                ACCELERO_IO_ITConfig
                0x0000000008015664                ACCELERO_IO_Write
                0x00000000080156c8                ACCELERO_IO_Read
                0x0000000008015738                AUDIO_IO_Init
                0x00000000080157a8                AUDIO_IO_DeInit
                0x00000000080157b4                AUDIO_IO_Write
                0x00000000080157dc                AUDIO_IO_Read
 .text          0x0000000008015804      0x164 build/objs/system_stm32f4xx.o
                0x0000000008015804                SystemInit
                0x0000000008015870                SystemCoreClockUpdate
 .text          0x0000000008015968      0x57c build/objs/usbd_core.o
                0x0000000008015968                USBD_Init
                0x00000000080159c0                USBD_DeInit
                0x00000000080159fc                USBD_RegisterClass
                0x0000000008015a30                USBD_Start
                0x0000000008015a48                USBD_Stop
                0x0000000008015a74                USBD_RunTestMode
                0x0000000008015a8c                USBD_SetClassConfig
                0x0000000008015acc                USBD_ClrClassConfig
                0x0000000008015af4                USBD_LL_SetupStage
                0x0000000008015b88                USBD_LL_DataOutStage
                0x0000000008015c40                USBD_LL_DataInStage
                0x0000000008015d60                USBD_LL_Reset
                0x0000000008015dc0                USBD_LL_SetSpeed
                0x0000000008015de0                USBD_LL_Suspend
                0x0000000008015e0c                USBD_LL_Resume
                0x0000000008015e30                USBD_LL_SOF
                0x0000000008015e64                USBD_LL_IsoINIncomplete
                0x0000000008015e80                USBD_LL_IsoOUTIncomplete
                0x0000000008015e9c                USBD_LL_DevConnected
                0x0000000008015eb4                USBD_LL_DevDisconnected
 .text          0x0000000008015ee4      0x8c8 build/objs/usbd_ctlreq.o
                0x0000000008015ee4                USBD_StdDevReq
                0x0000000008015f84                USBD_StdItfReq
                0x0000000008015fec                USBD_StdEPReq
                0x0000000008016660                USBD_ParseSetupRequest
                0x00000000080166d8                USBD_CtlError
                0x00000000080166f8                USBD_GetString
 .text          0x00000000080167ac      0x130 build/objs/usbd_ioreq.o
                0x00000000080167ac                USBD_CtlSendData
                0x00000000080167e4                USBD_CtlContinueSendData
                0x0000000008016808                USBD_CtlPrepareRx
                0x0000000008016844                USBD_CtlContinueRx
                0x0000000008016868                USBD_CtlSendStatus
                0x0000000008016890                USBD_CtlReceiveStatus
                0x00000000080168b8                USBD_GetRxCount
 .text          0x00000000080168dc      0x1a4 build/objs/usbd_cdc_if_template.o
 .text          0x0000000008016a80      0x490 build/objs/usbd_cdc.o
                0x0000000008016db8                USBD_CDC_GetDeviceQualifierDescriptor
                0x0000000008016dd8                USBD_CDC_RegisterInterface
                0x0000000008016e08                USBD_CDC_SetTxBuffer
                0x0000000008016e3c                USBD_CDC_SetRxBuffer
                0x0000000008016e64                USBD_CDC_TransmitPacket
                0x0000000008016eb8                USBD_CDC_ReceivePacket
 .text          0x0000000008016f10       0x14 build/objs/startup_stm32f407xx.o
 .text          0x0000000008016f24        0x0 /usr/lib/gcc/arm-none-eabi/4.9.3/../../../arm-none-eabi/lib/armv7e-m/fpu/libg.a(lib_a-atoi.o)
 .text          0x0000000008016f24        0x0 /usr/lib/gcc/arm-none-eabi/4.9.3/../../../arm-none-eabi/lib/armv7e-m/fpu/libg.a(lib_a-errno.o)
 .text          0x0000000008016f24        0x0 /usr/lib/gcc/arm-none-eabi/4.9.3/../../../arm-none-eabi/lib/armv7e-m/fpu/libg.a(lib_a-impure.o)
 .text          0x0000000008016f24        0x0 /usr/lib/gcc/arm-none-eabi/4.9.3/../../../arm-none-eabi/lib/armv7e-m/fpu/libg.a(lib_a-malloc.o)
 .text          0x0000000008016f24        0x0 /usr/lib/gcc/arm-none-eabi/4.9.3/../../../arm-none-eabi/lib/armv7e-m/fpu/libg.a(lib_a-mallocr.o)
 .text          0x0000000008016f24        0x0 /usr/lib/gcc/arm-none-eabi/4.9.3/../../../arm-none-eabi/lib/armv7e-m/fpu/libg.a(lib_a-mlock.o)
 .text          0x0000000008016f24        0x0 /usr/lib/gcc/arm-none-eabi/4.9.3/../../../arm-none-eabi/lib/armv7e-m/fpu/libg.a(lib_a-sbrkr.o)
 *fill*         0x0000000008016f24       0x1c 
 .text          0x0000000008016f40      0x2e0 /usr/lib/gcc/arm-none-eabi/4.9.3/../../../arm-none-eabi/lib/armv7e-m/fpu/libg.a(lib_a-strcmp.o)
                0x0000000008016f48                strcmp
 .text          0x0000000008017220        0x0 /usr/lib/gcc/arm-none-eabi/4.9.3/../../../arm-none-eabi/lib/armv7e-m/fpu/libg.a(lib_a-strtok.o)
 .text          0x0000000008017220        0x0 /usr/lib/gcc/arm-none-eabi/4.9.3/../../../arm-none-eabi/lib/armv7e-m/fpu/libg.a(lib_a-strtok_r.o)
 .text          0x0000000008017220        0x0 /usr/lib/gcc/arm-none-eabi/4.9.3/../../../arm-none-eabi/lib/armv7e-m/fpu/libg.a(lib_a-strtol.o)
 .text          0x0000000008017220        0x0 /usr/lib/gcc/arm-none-eabi/4.9.3/../../../arm-none-eabi/lib/armv7e-m/fpu/libg.a(lib_a-ctype_.o)
 .text          0x0000000008017220        0x0 /usr/lib/gcc/arm-none-eabi/4.9.3/../../../arm-none-eabi/lib/armv7e-m/fpu/libg.a(lib_a-freer.o)
 .text          0x0000000008017220        0x0 /usr/lib/gcc/arm-none-eabi/4.9.3/../../../arm-none-eabi/lib/armv7e-m/fpu/libg.a(lib_a-reent.o)
 *(.text*)
 .text.Reset_Handler
                0x0000000008017220       0x4c build/objs/startup_stm32f407xx.o
                0x0000000008017220                Reset_Handler
 .text.Default_Handler
                0x000000000801726c        0x2 build/objs/startup_stm32f407xx.o
                0x000000000801726c                RTC_Alarm_IRQHandler
                0x000000000801726c                HASH_RNG_IRQHandler
                0x000000000801726c                EXTI2_IRQHandler
                0x000000000801726c                TIM8_CC_IRQHandler
                0x000000000801726c                DebugMon_Handler
                0x000000000801726c                TIM1_CC_IRQHandler
                0x000000000801726c                DMA2_Stream5_IRQHandler
                0x000000000801726c                HardFault_Handler
                0x000000000801726c                DMA1_Stream5_IRQHandler
                0x000000000801726c                PVD_IRQHandler
                0x000000000801726c                SDIO_IRQHandler
                0x000000000801726c                TAMP_STAMP_IRQHandler
                0x000000000801726c                PendSV_Handler
                0x000000000801726c                NMI_Handler
                0x000000000801726c                CAN2_RX1_IRQHandler
                0x000000000801726c                EXTI3_IRQHandler
                0x000000000801726c                TIM8_TRG_COM_TIM14_IRQHandler
                0x000000000801726c                TIM1_UP_TIM10_IRQHandler
                0x000000000801726c                TIM8_UP_TIM13_IRQHandler
                0x000000000801726c                I2C3_ER_IRQHandler
                0x000000000801726c                EXTI0_IRQHandler
                0x000000000801726c                I2C2_EV_IRQHandler
                0x000000000801726c                DMA1_Stream2_IRQHandler
                0x000000000801726c                CAN1_RX0_IRQHandler
                0x000000000801726c                FPU_IRQHandler
                0x000000000801726c                OTG_HS_WKUP_IRQHandler
                0x000000000801726c                UsageFault_Handler
                0x000000000801726c                CAN2_SCE_IRQHandler
                0x000000000801726c                DMA2_Stream2_IRQHandler
                0x000000000801726c                SPI1_IRQHandler
                0x000000000801726c                TIM1_BRK_TIM9_IRQHandler
                0x000000000801726c                DCMI_IRQHandler
                0x000000000801726c                CAN2_RX0_IRQHandler
                0x000000000801726c                DMA2_Stream3_IRQHandler
                0x000000000801726c                USART6_IRQHandler
                0x000000000801726c                USART3_IRQHandler
                0x000000000801726c                CAN1_RX1_IRQHandler
                0x000000000801726c                UART5_IRQHandler
                0x000000000801726c                DMA2_Stream0_IRQHandler
                0x000000000801726c                TIM4_IRQHandler
                0x000000000801726c                I2C1_EV_IRQHandler
                0x000000000801726c                DMA1_Stream6_IRQHandler
                0x000000000801726c                DMA1_Stream1_IRQHandler
                0x000000000801726c                UART4_IRQHandler
                0x000000000801726c                TIM3_IRQHandler
                0x000000000801726c                RCC_IRQHandler
                0x000000000801726c                TIM8_BRK_TIM12_IRQHandler
                0x000000000801726c                Default_Handler
                0x000000000801726c                EXTI15_10_IRQHandler
                0x000000000801726c                ADC_IRQHandler
                0x000000000801726c                DMA1_Stream7_IRQHandler
                0x000000000801726c                TIM7_IRQHandler
                0x000000000801726c                CAN2_TX_IRQHandler
                0x000000000801726c                TIM5_IRQHandler
                0x000000000801726c                DMA2_Stream7_IRQHandler
                0x000000000801726c                I2C3_EV_IRQHandler
                0x000000000801726c                EXTI9_5_IRQHandler
                0x000000000801726c                RTC_WKUP_IRQHandler
                0x000000000801726c                ETH_WKUP_IRQHandler
                0x000000000801726c                SPI2_IRQHandler
                0x000000000801726c                OTG_HS_EP1_IN_IRQHandler
                0x000000000801726c                MemManage_Handler
                0x000000000801726c                DMA1_Stream0_IRQHandler
                0x000000000801726c                CAN1_TX_IRQHandler
                0x000000000801726c                SVC_Handler
                0x000000000801726c                EXTI4_IRQHandler
                0x000000000801726c                FSMC_IRQHandler
                0x000000000801726c                ETH_IRQHandler
                0x000000000801726c                OTG_HS_EP1_OUT_IRQHandler
                0x000000000801726c                WWDG_IRQHandler
                0x000000000801726c                TIM2_IRQHandler
                0x000000000801726c                OTG_FS_WKUP_IRQHandler
                0x000000000801726c                TIM1_TRG_COM_TIM11_IRQHandler
                0x000000000801726c                OTG_HS_IRQHandler
                0x000000000801726c                EXTI1_IRQHandler
                0x000000000801726c                USART2_IRQHandler
                0x000000000801726c                I2C2_ER_IRQHandler
                0x000000000801726c                DMA2_Stream1_IRQHandler
                0x000000000801726c                CAN1_SCE_IRQHandler
                0x000000000801726c                FLASH_IRQHandler
                0x000000000801726c                DMA2_Stream4_IRQHandler
                0x000000000801726c                BusFault_Handler
                0x000000000801726c                USART1_IRQHandler
                0x000000000801726c                SPI3_IRQHandler
                0x000000000801726c                DMA1_Stream4_IRQHandler
                0x000000000801726c                I2C1_ER_IRQHandler
                0x000000000801726c                DMA2_Stream6_IRQHandler
                0x000000000801726c                DMA1_Stream3_IRQHandler
 *fill*         0x000000000801726e        0x2 
 .text.atoi     0x0000000008017270        0x8 /usr/lib/gcc/arm-none-eabi/4.9.3/../../../arm-none-eabi/lib/armv7e-m/fpu/libg.a(lib_a-atoi.o)
                0x0000000008017270                atoi
 .text._atoi_r  0x0000000008017278        0x8 /usr/lib/gcc/arm-none-eabi/4.9.3/../../../arm-none-eabi/lib/armv7e-m/fpu/libg.a(lib_a-atoi.o)
                0x0000000008017278                _atoi_r
 .text.__errno  0x0000000008017280        0xc /usr/lib/gcc/arm-none-eabi/4.9.3/../../../arm-none-eabi/lib/armv7e-m/fpu/libg.a(lib_a-errno.o)
                0x0000000008017280                __errno
 .text.malloc   0x000000000801728c       0x10 /usr/lib/gcc/arm-none-eabi/4.9.3/../../../arm-none-eabi/lib/armv7e-m/fpu/libg.a(lib_a-malloc.o)
                0x000000000801728c                malloc
 .text.free     0x000000000801729c       0x10 /usr/lib/gcc/arm-none-eabi/4.9.3/../../../arm-none-eabi/lib/armv7e-m/fpu/libg.a(lib_a-malloc.o)
                0x000000000801729c                free
 .text._malloc_r
                0x00000000080172ac      0x524 /usr/lib/gcc/arm-none-eabi/4.9.3/../../../arm-none-eabi/lib/armv7e-m/fpu/libg.a(lib_a-mallocr.o)
                0x00000000080172ac                _malloc_r
 .text.__malloc_lock
                0x00000000080177d0        0x4 /usr/lib/gcc/arm-none-eabi/4.9.3/../../../arm-none-eabi/lib/armv7e-m/fpu/libg.a(lib_a-mlock.o)
                0x00000000080177d0                __malloc_lock
 .text.__malloc_unlock
                0x00000000080177d4        0x4 /usr/lib/gcc/arm-none-eabi/4.9.3/../../../arm-none-eabi/lib/armv7e-m/fpu/libg.a(lib_a-mlock.o)
                0x00000000080177d4                __malloc_unlock
 .text._sbrk_r  0x00000000080177d8       0x24 /usr/lib/gcc/arm-none-eabi/4.9.3/../../../arm-none-eabi/lib/armv7e-m/fpu/libg.a(lib_a-sbrkr.o)
                0x00000000080177d8                _sbrk_r
 .text.strtok   0x00000000080177fc       0x10 /usr/lib/gcc/arm-none-eabi/4.9.3/../../../arm-none-eabi/lib/armv7e-m/fpu/libg.a(lib_a-strtok.o)
                0x00000000080177fc                strtok
 .text.__strtok_r
                0x000000000801780c       0x64 /usr/lib/gcc/arm-none-eabi/4.9.3/../../../arm-none-eabi/lib/armv7e-m/fpu/libg.a(lib_a-strtok_r.o)
                0x000000000801780c                __strtok_r
 .text.strtok_r
                0x0000000008017870        0x8 /usr/lib/gcc/arm-none-eabi/4.9.3/../../../arm-none-eabi/lib/armv7e-m/fpu/libg.a(lib_a-strtok_r.o)
                0x0000000008017870                strtok_r
 .text._strtol_r
                0x0000000008017878      0x11c /usr/lib/gcc/arm-none-eabi/4.9.3/../../../arm-none-eabi/lib/armv7e-m/fpu/libg.a(lib_a-strtol.o)
                0x0000000008017878                _strtol_r
 .text.strtol   0x0000000008017994       0x18 /usr/lib/gcc/arm-none-eabi/4.9.3/../../../arm-none-eabi/lib/armv7e-m/fpu/libg.a(lib_a-strtol.o)
                0x0000000008017994                strtol
 .text._malloc_trim_r
                0x00000000080179ac       0x9c /usr/lib/gcc/arm-none-eabi/4.9.3/../../../arm-none-eabi/lib/armv7e-m/fpu/libg.a(lib_a-freer.o)
                0x00000000080179ac                _malloc_trim_r
 .text._free_r  0x0000000008017a48      0x1b0 /usr/lib/gcc/arm-none-eabi/4.9.3/../../../arm-none-eabi/lib/armv7e-m/fpu/libg.a(lib_a-freer.o)
                0x0000000008017a48                _free_r
 .text.cleanup_glue
                0x0000000008017bf8       0x1c /usr/lib/gcc/arm-none-eabi/4.9.3/../../../arm-none-eabi/lib/armv7e-m/fpu/libg.a(lib_a-reent.o)
                0x0000000008017bf8                cleanup_glue
 .text._reclaim_reent
                0x0000000008017c14       0x88 /usr/lib/gcc/arm-none-eabi/4.9.3/../../../arm-none-eabi/lib/armv7e-m/fpu/libg.a(lib_a-reent.o)
                0x0000000008017c14                _reclaim_reent
 *(.glue_7)
 .glue_7        0x0000000008017c9c        0x0 linker stubs
 *(.glue_7t)
 .glue_7t       0x0000000008017c9c        0x0 linker stubs
 *(.eh_frame)
 .eh_frame      0x0000000008017c9c       0x70 /usr/lib/gcc/arm-none-eabi/4.9.3/../../../arm-none-eabi/lib/armv7e-m/fpu/libg.a(lib_a-strcmp.o)
 *(.init)
 *(.fini)
                0x0000000008017d0c                . = ALIGN (0x4)
                0x0000000008017d0c                _etext = .

.vfp11_veneer   0x0000000008017d0c        0x0
 .vfp11_veneer  0x0000000008017d0c        0x0 linker stubs

.v4_bx          0x0000000008017d0c        0x0
 .v4_bx         0x0000000008017d0c        0x0 linker stubs

.iplt           0x0000000008017d0c        0x0
 .iplt          0x0000000008017d0c        0x0 build/objs/usbd_cdc_if.o

.rodata         0x0000000008017d0c      0x600
                0x0000000008017d0c                . = ALIGN (0x4)
 *(.rodata)
 .rodata        0x0000000008017d0c        0x7 build/objs/USB_printf.o
 *fill*         0x0000000008017d13        0x1 
 .rodata        0x0000000008017d14       0x30 build/objs/main.o
 .rodata        0x0000000008017d44       0x58 build/objs/usbd_desc.o
 .rodata        0x0000000008017d9c      0x388 build/objs/pcd8544.o
                0x0000000008017d9c                PCD8544_Font5x7
                0x0000000008017fe4                PCD8544_Font3x5
 .rodata        0x0000000008018124       0x39 build/objs/reflow_process.o
 *fill*         0x000000000801815d        0x3 
 .rodata        0x0000000008018160       0x68 build/objs/command_processor.o
 .rodata        0x00000000080181c8        0x8 build/objs/stm32f4xx_hal_dma.o
 .rodata        0x00000000080181d0       0x10 build/objs/stm32f4xx_hal_rcc.o
                0x00000000080181d0                APBAHBPrescTable
 .rodata        0x00000000080181e0       0x10 build/objs/stm32f4_discovery.o
                0x00000000080181e0                GPIO_PIN
                0x00000000080181e8                BUTTON_PIN
                0x00000000080181ec                BUTTON_IRQn
 .rodata        0x00000000080181f0       0x10 build/objs/system_stm32f4xx.o
                0x00000000080181f0                AHBPrescTable
 *(.rodata*)
 .rodata.str1.4
                0x0000000008018200        0x4 /usr/lib/gcc/arm-none-eabi/4.9.3/../../../arm-none-eabi/lib/armv7e-m/fpu/libg.a(lib_a-impure.o)
 .rodata._global_impure_ptr
                0x0000000008018204        0x4 /usr/lib/gcc/arm-none-eabi/4.9.3/../../../arm-none-eabi/lib/armv7e-m/fpu/libg.a(lib_a-impure.o)
                0x0000000008018204                _global_impure_ptr
 .rodata._ctype_
                0x0000000008018208      0x104 /usr/lib/gcc/arm-none-eabi/4.9.3/../../../arm-none-eabi/lib/armv7e-m/fpu/libg.a(lib_a-ctype_.o)
                0x0000000008018208                _ctype_
                0x000000000801830c                . = ALIGN (0x4)

.rel.dyn        0x000000000801830c        0x0
 .rel.iplt      0x000000000801830c        0x0 build/objs/usbd_cdc_if.o

.ARM.extab
 *(.ARM.extab* .gnu.linkonce.armextab.*)

.ARM            0x000000000801830c        0x0
                0x000000000801830c                __exidx_start = .
 *(.ARM.exidx*)
                0x000000000801830c                __exidx_end = .

.preinit_array  0x000000000801830c        0x0
                [!provide]                        PROVIDE (__preinit_array_start, .)
 *(.preinit_array*)
                [!provide]                        PROVIDE (__preinit_array_end, .)

.init_array     0x000000000801830c        0x0
                [!provide]                        PROVIDE (__init_array_start, .)
 *(SORT(.init_array.*))
 *(.init_array*)
                [!provide]                        PROVIDE (__init_array_end, .)

.fini_array     0x000000000801830c        0x0
                [!provide]                        PROVIDE (__fini_array_start, .)
 *(SORT(.fini_array.*))
 *(.fini_array*)
                [!provide]                        PROVIDE (__fini_array_end, .)
                0x000000000801830c                _sidata = LOADADDR (.data)

.data           0x0000000020000000      0xac8 load address 0x000000000801830c
                0x0000000020000000                . = ALIGN (0x4)
                0x0000000020000000                _sdata = .
 *(.data)
 .data          0x0000000020000000       0x10 build/objs/usbd_cdc_if.o
                0x0000000020000000                USBD_Interface_fops_FS
 .data          0x0000000020000010        0x0 build/objs/usbd_conf.o
 .data          0x0000000020000010        0x0 build/objs/syscalls.o
 .data          0x0000000020000010        0x0 build/objs/USB_printf.o
 .data          0x0000000020000010        0x0 build/objs/stm32f4xx_hal_msp.o
 .data          0x0000000020000010        0x0 build/objs/gpio.o
 .data          0x0000000020000010        0x0 build/objs/SSR.o
 .data          0x0000000020000010        0x0 build/objs/MAX31855.o
 .data          0x0000000020000010        0x0 build/objs/main.o
 .data          0x0000000020000010        0x0 build/objs/stm32f4xx_it.o
 .data          0x0000000020000010        0x0 build/objs/usb_device.o
 .data          0x0000000020000010       0x34 build/objs/usbd_desc.o
                0x0000000020000010                FS_Desc
                0x000000002000002c                USBD_FS_DeviceDesc
                0x0000000020000040                USBD_LangIDDesc
 .data          0x0000000020000044       0xcc build/objs/pcd8544.o
                0x0000000020000044                brightness_levels
 .data          0x0000000020000110        0x0 build/objs/reflow_process.o
 .data          0x0000000020000110       0x30 build/objs/command_processor.o
                0x0000000020000110                allowed_commands
 .data          0x0000000020000140        0x0 build/objs/stm32f4xx_hal_dsi.o
 .data          0x0000000020000140        0x0 build/objs/stm32f4xx_hal_pcd.o
 .data          0x0000000020000140        0x0 build/objs/stm32f4xx_hal_irda.o
 .data          0x0000000020000140        0x0 build/objs/stm32f4xx_ll_fsmc.o
 .data          0x0000000020000140        0x0 build/objs/stm32f4xx_hal_cec.o
 .data          0x0000000020000140        0x0 build/objs/stm32f4xx_hal_timebase_tim_template.o
 .data          0x0000000020000140        0x0 build/objs/stm32f4xx_ll_usb.o
 .data          0x0000000020000140        0x0 build/objs/stm32f4xx_hal.o
 .data          0x0000000020000140        0x0 build/objs/stm32f4xx_hal_dcmi_ex.o
 .data          0x0000000020000140        0x0 build/objs/stm32f4xx_hal_flash_ex.o
 .data          0x0000000020000140        0x0 build/objs/stm32f4xx_hal_cryp.o
 .data          0x0000000020000140        0x0 build/objs/stm32f4xx_hal_rng.o
 .data          0x0000000020000140        0x0 build/objs/stm32f4xx_hal_nand.o
 .data          0x0000000020000140        0x0 build/objs/stm32f4xx_hal_gpio.o
 .data          0x0000000020000140        0x0 build/objs/stm32f4xx_hal_ltdc.o
 .data          0x0000000020000140        0x0 build/objs/stm32f4xx_hal_hcd.o
 .data          0x0000000020000140        0x0 build/objs/stm32f4xx_hal_pcd_ex.o
 .data          0x0000000020000140        0x0 build/objs/stm32f4xx_hal_adc.o
 .data          0x0000000020000140        0x0 build/objs/stm32f4xx_hal_adc_ex.o
 .data          0x0000000020000140        0x0 build/objs/stm32f4xx_hal_lptim.o
 .data          0x0000000020000140        0x0 build/objs/stm32f4xx_hal_spi.o
 .data          0x0000000020000140        0x0 build/objs/stm32f4xx_hal_i2c.o
 .data          0x0000000020000140        0x0 build/objs/stm32f4xx_hal_fmpi2c.o
 .data          0x0000000020000140        0x0 build/objs/stm32f4xx_hal_smartcard.o
 .data          0x0000000020000140        0x0 build/objs/stm32f4xx_hal_pccard.o
 .data          0x0000000020000140        0x0 build/objs/stm32f4xx_hal_dma2d.o
 .data          0x0000000020000140        0x0 build/objs/stm32f4xx_hal_sai.o
 .data          0x0000000020000140        0x0 build/objs/stm32f4xx_hal_cryp_ex.o
 .data          0x0000000020000140        0x0 build/objs/stm32f4xx_hal_rcc_ex.o
 .data          0x0000000020000140        0x0 build/objs/stm32f4xx_ll_fmc.o
 .data          0x0000000020000140        0x0 build/objs/stm32f4xx_hal_ltdc_ex.o
 .data          0x0000000020000140        0x0 build/objs/stm32f4xx_hal_flash_ramfunc.o
 .data          0x0000000020000140        0x0 build/objs/stm32f4xx_hal_cortex.o
 .data          0x0000000020000140        0x0 build/objs/stm32f4xx_hal_iwdg.o
 .data          0x0000000020000140        0x0 build/objs/stm32f4xx_hal_uart.o
 .data          0x0000000020000140        0x0 build/objs/stm32f4xx_hal_tim_ex.o
 .data          0x0000000020000140        0x0 build/objs/stm32f4xx_hal_i2c_ex.o
 .data          0x0000000020000140        0x0 build/objs/stm32f4xx_hal_dma.o
 .data          0x0000000020000140        0x0 build/objs/stm32f4xx_hal_dac.o
 .data          0x0000000020000140        0x0 build/objs/stm32f4xx_hal_spdifrx.o
 .data          0x0000000020000140        0x0 build/objs/stm32f4xx_hal_fmpi2c_ex.o
 .data          0x0000000020000140        0x0 build/objs/stm32f4xx_ll_sdmmc.o
 .data          0x0000000020000140        0x0 build/objs/stm32f4xx_hal_i2s_ex.o
 .data          0x0000000020000140        0x0 build/objs/stm32f4xx_hal_can.o
 .data          0x0000000020000140        0x0 build/objs/stm32f4xx_hal_nor.o
 .data          0x0000000020000140        0x0 build/objs/stm32f4xx_hal_pwr.o
 .data          0x0000000020000140        0x0 build/objs/stm32f4xx_hal_rtc.o
 .data          0x0000000020000140        0x0 build/objs/stm32f4xx_hal_qspi.o
 .data          0x0000000020000140        0x0 build/objs/stm32f4xx_hal_hash_ex.o
 .data          0x0000000020000140        0x0 build/objs/stm32f4xx_hal_i2s.o
 .data          0x0000000020000140        0x0 build/objs/stm32f4xx_hal_sram.o
 .data          0x0000000020000140        0x0 build/objs/stm32f4xx_hal_hash.o
 .data          0x0000000020000140        0x0 build/objs/stm32f4xx_hal_eth.o
 .data          0x0000000020000140        0x0 build/objs/stm32f4xx_hal_tim.o
 .data          0x0000000020000140        0x0 build/objs/stm32f4xx_hal_dma_ex.o
 .data          0x0000000020000140        0x0 build/objs/stm32f4xx_hal_sd.o
 .data          0x0000000020000140        0x0 build/objs/stm32f4xx_hal_sai_ex.o
 .data          0x0000000020000140        0x0 build/objs/stm32f4xx_hal_rcc.o
 .data          0x0000000020000140        0x0 build/objs/stm32f4xx_hal_wwdg.o
 .data          0x0000000020000140        0x0 build/objs/stm32f4xx_hal_dac_ex.o
 .data          0x0000000020000140        0x0 build/objs/stm32f4xx_hal_rtc_ex.o
 .data          0x0000000020000140        0x0 build/objs/stm32f4xx_hal_pwr_ex.o
 .data          0x0000000020000140        0x0 build/objs/stm32f4xx_hal_dcmi.o
 .data          0x0000000020000140        0x0 build/objs/stm32f4xx_hal_sdram.o
 .data          0x0000000020000140        0x0 build/objs/stm32f4xx_hal_flash.o
 .data          0x0000000020000140        0x0 build/objs/stm32f4xx_hal_crc.o
 .data          0x0000000020000140        0x0 build/objs/stm32f4xx_hal_usart.o
 .data          0x0000000020000140       0x1c build/objs/stm32f4_discovery.o
                0x0000000020000140                GPIO_PORT
                0x0000000020000150                BUTTON_PORT
                0x0000000020000154                I2cxTimeout
                0x0000000020000158                SpixTimeout
 .data          0x000000002000015c        0x4 build/objs/system_stm32f4xx.o
                0x000000002000015c                SystemCoreClock
 .data          0x0000000020000160        0x0 build/objs/usbd_core.o
 .data          0x0000000020000160        0x0 build/objs/usbd_ctlreq.o
 .data          0x0000000020000160        0x0 build/objs/usbd_ioreq.o
 .data          0x0000000020000160       0x18 build/objs/usbd_cdc_if_template.o
                0x0000000020000160                USBD_CDC_Template_fops
                0x0000000020000170                linecoding
 .data          0x0000000020000178      0x110 build/objs/usbd_cdc.o
                0x0000000020000184                USBD_CDC
                0x00000000200001bc                USBD_CDC_CfgHSDesc
                0x0000000020000200                USBD_CDC_CfgFSDesc
                0x0000000020000244                USBD_CDC_OtherSpeedCfgDesc
 .data          0x0000000020000288        0x0 build/objs/startup_stm32f407xx.o
 .data          0x0000000020000288        0x0 /usr/lib/gcc/arm-none-eabi/4.9.3/../../../arm-none-eabi/lib/armv7e-m/fpu/libg.a(lib_a-atoi.o)
 .data          0x0000000020000288        0x0 /usr/lib/gcc/arm-none-eabi/4.9.3/../../../arm-none-eabi/lib/armv7e-m/fpu/libg.a(lib_a-errno.o)
 .data          0x0000000020000288        0x0 /usr/lib/gcc/arm-none-eabi/4.9.3/../../../arm-none-eabi/lib/armv7e-m/fpu/libg.a(lib_a-impure.o)
 .data          0x0000000020000288        0x0 /usr/lib/gcc/arm-none-eabi/4.9.3/../../../arm-none-eabi/lib/armv7e-m/fpu/libg.a(lib_a-malloc.o)
 .data          0x0000000020000288        0x0 /usr/lib/gcc/arm-none-eabi/4.9.3/../../../arm-none-eabi/lib/armv7e-m/fpu/libg.a(lib_a-mallocr.o)
 .data          0x0000000020000288        0x0 /usr/lib/gcc/arm-none-eabi/4.9.3/../../../arm-none-eabi/lib/armv7e-m/fpu/libg.a(lib_a-mlock.o)
 .data          0x0000000020000288        0x0 /usr/lib/gcc/arm-none-eabi/4.9.3/../../../arm-none-eabi/lib/armv7e-m/fpu/libg.a(lib_a-sbrkr.o)
 .data          0x0000000020000288        0x0 /usr/lib/gcc/arm-none-eabi/4.9.3/../../../arm-none-eabi/lib/armv7e-m/fpu/libg.a(lib_a-strcmp.o)
 .data          0x0000000020000288        0x0 /usr/lib/gcc/arm-none-eabi/4.9.3/../../../arm-none-eabi/lib/armv7e-m/fpu/libg.a(lib_a-strtok.o)
 .data          0x0000000020000288        0x0 /usr/lib/gcc/arm-none-eabi/4.9.3/../../../arm-none-eabi/lib/armv7e-m/fpu/libg.a(lib_a-strtok_r.o)
 .data          0x0000000020000288        0x0 /usr/lib/gcc/arm-none-eabi/4.9.3/../../../arm-none-eabi/lib/armv7e-m/fpu/libg.a(lib_a-strtol.o)
 .data          0x0000000020000288        0x0 /usr/lib/gcc/arm-none-eabi/4.9.3/../../../arm-none-eabi/lib/armv7e-m/fpu/libg.a(lib_a-ctype_.o)
 .data          0x0000000020000288        0x0 /usr/lib/gcc/arm-none-eabi/4.9.3/../../../arm-none-eabi/lib/armv7e-m/fpu/libg.a(lib_a-freer.o)
 .data          0x0000000020000288        0x0 /usr/lib/gcc/arm-none-eabi/4.9.3/../../../arm-none-eabi/lib/armv7e-m/fpu/libg.a(lib_a-reent.o)
[...]
                                                  build/objs/stm32f4xx_hal_pcd.o
USB_ClearInterrupts                               build/objs/stm32f4xx_ll_usb.o
USB_CoreInit                                      build/objs/stm32f4xx_ll_usb.o
                                                  build/objs/stm32f4xx_hal_pcd.o
USB_DeactivateDedicatedEndpoint                   build/objs/stm32f4xx_ll_usb.o
USB_DeactivateEndpoint                            build/objs/stm32f4xx_ll_usb.o
                                                  build/objs/stm32f4xx_hal_pcd.o
USB_DevConnect                                    build/objs/stm32f4xx_ll_usb.o
                                                  build/objs/stm32f4xx_hal_pcd.o
USB_DevDisconnect                                 build/objs/stm32f4xx_ll_usb.o
                                                  build/objs/stm32f4xx_hal_pcd.o
USB_DevInit                                       build/objs/stm32f4xx_ll_usb.o
                                                  build/objs/stm32f4xx_hal_pcd.o
USB_DisableGlobalInt                              build/objs/stm32f4xx_ll_usb.o
                                                  build/objs/stm32f4xx_hal_pcd.o
USB_DoPing                                        build/objs/stm32f4xx_ll_usb.o
USB_DriveVbus                                     build/objs/stm32f4xx_ll_usb.o
USB_EP0StartXfer                                  build/objs/stm32f4xx_ll_usb.o
                                                  build/objs/stm32f4xx_hal_pcd.o
USB_EP0_OutStart                                  build/objs/stm32f4xx_ll_usb.o
                                                  build/objs/stm32f4xx_hal_pcd.o
USB_EPClearStall                                  build/objs/stm32f4xx_ll_usb.o
                                                  build/objs/stm32f4xx_hal_pcd.o
USB_EPSetStall                                    build/objs/stm32f4xx_ll_usb.o
                                                  build/objs/stm32f4xx_hal_pcd.o
USB_EPStartXfer                                   build/objs/stm32f4xx_ll_usb.o
                                                  build/objs/stm32f4xx_hal_pcd.o
USB_EnableGlobalInt                               build/objs/stm32f4xx_ll_usb.o
                                                  build/objs/stm32f4xx_hal_pcd.o
USB_FlushRxFifo                                   build/objs/stm32f4xx_ll_usb.o
                                                  build/objs/stm32f4xx_hal_pcd.o
USB_FlushTxFifo                                   build/objs/stm32f4xx_ll_usb.o
                                                  build/objs/stm32f4xx_hal_pcd.o
USB_GetCurrentFrame                               build/objs/stm32f4xx_ll_usb.o
USB_GetDevSpeed                                   build/objs/stm32f4xx_ll_usb.o
                                                  build/objs/stm32f4xx_hal_pcd.o
USB_GetHostSpeed                                  build/objs/stm32f4xx_ll_usb.o
USB_GetMode                                       build/objs/stm32f4xx_ll_usb.o
                                                  build/objs/stm32f4xx_hal_pcd.o
USB_HC_Halt                                       build/objs/stm32f4xx_ll_usb.o
USB_HC_Init                                       build/objs/stm32f4xx_ll_usb.o
USB_HC_ReadInterrupt                              build/objs/stm32f4xx_ll_usb.o
USB_HC_StartXfer                                  build/objs/stm32f4xx_ll_usb.o
USB_HostInit                                      build/objs/stm32f4xx_ll_usb.o
USB_InitFSLSPClkSel                               build/objs/stm32f4xx_ll_usb.o
USB_ReadDevAllInEpInterrupt                       build/objs/stm32f4xx_ll_usb.o
                                                  build/objs/stm32f4xx_hal_pcd.o
USB_ReadDevAllOutEpInterrupt                      build/objs/stm32f4xx_ll_usb.o
                                                  build/objs/stm32f4xx_hal_pcd.o
USB_ReadDevInEPInterrupt                          build/objs/stm32f4xx_ll_usb.o
                                                  build/objs/stm32f4xx_hal_pcd.o
USB_ReadDevOutEPInterrupt                         build/objs/stm32f4xx_ll_usb.o
                                                  build/objs/stm32f4xx_hal_pcd.o
USB_ReadInterrupts                                build/objs/stm32f4xx_ll_usb.o
                                                  build/objs/stm32f4xx_hal_pcd.o
USB_ReadPacket                                    build/objs/stm32f4xx_ll_usb.o
                                                  build/objs/stm32f4xx_hal_pcd.o
USB_ResetPort                                     build/objs/stm32f4xx_ll_usb.o
USB_SetCurrentMode                                build/objs/stm32f4xx_ll_usb.o
                                                  build/objs/stm32f4xx_hal_pcd.o
USB_SetDevAddress                                 build/objs/stm32f4xx_ll_usb.o
                                                  build/objs/stm32f4xx_hal_pcd.o
USB_SetDevSpeed                                   build/objs/stm32f4xx_ll_usb.o
USB_StopDevice                                    build/objs/stm32f4xx_ll_usb.o
                                                  build/objs/stm32f4xx_hal_pcd.o
USB_StopHost                                      build/objs/stm32f4xx_ll_usb.o
USB_WritePacket                                   build/objs/stm32f4xx_ll_usb.o
                                                  build/objs/stm32f4xx_hal_pcd.o
USB_printf                                        build/objs/USB_printf.o
                                                  build/objs/command_processor.o
                                                  build/objs/reflow_process.o
USB_printf_buff                                   build/objs/USB_printf.o
UsageFault_Handler                                build/objs/startup_stm32f407xx.o
UserRxBufferFS                                    build/objs/usbd_cdc_if.o
UserTxBufferFS                                    build/objs/usbd_cdc_if.o
WWDG_IRQHandler                                   build/objs/startup_stm32f407xx.o
__ctype_ptr__                                     /usr/lib/gcc/arm-none-eabi/4.9.3/../../../arm-none-eabi/lib/armv7e-m/fpu/libg.a(lib_a-ctype_.o)
                                                  /usr/lib/gcc/arm-none-eabi/4.9.3/../../../arm-none-eabi/lib/armv7e-m/fpu/libg.a(lib_a-strtol.o)
__errno                                           /usr/lib/gcc/arm-none-eabi/4.9.3/../../../arm-none-eabi/lib/armv7e-m/fpu/libg.a(lib_a-errno.o)
                                                  build/objs/syscalls.o
__io_getchar                                      build/objs/syscalls.o
__io_putchar                                      build/objs/syscalls.o
__malloc_av_                                      /usr/lib/gcc/arm-none-eabi/4.9.3/../../../arm-none-eabi/lib/armv7e-m/fpu/libg.a(lib_a-mallocr.o)
                                                  /usr/lib/gcc/arm-none-eabi/4.9.3/../../../arm-none-eabi/lib/armv7e-m/fpu/libg.a(lib_a-freer.o)
__malloc_current_mallinfo                         /usr/lib/gcc/arm-none-eabi/4.9.3/../../../arm-none-eabi/lib/armv7e-m/fpu/libg.a(lib_a-mallocr.o)
                                                  /usr/lib/gcc/arm-none-eabi/4.9.3/../../../arm-none-eabi/lib/armv7e-m/fpu/libg.a(lib_a-freer.o)
__malloc_lock                                     /usr/lib/gcc/arm-none-eabi/4.9.3/../../../arm-none-eabi/lib/armv7e-m/fpu/libg.a(lib_a-mlock.o)
                                                  /usr/lib/gcc/arm-none-eabi/4.9.3/../../../arm-none-eabi/lib/armv7e-m/fpu/libg.a(lib_a-freer.o)
                                                  /usr/lib/gcc/arm-none-eabi/4.9.3/../../../arm-none-eabi/lib/armv7e-m/fpu/libg.a(lib_a-mallocr.o)
__malloc_max_sbrked_mem                           /usr/lib/gcc/arm-none-eabi/4.9.3/../../../arm-none-eabi/lib/armv7e-m/fpu/libg.a(lib_a-mallocr.o)
__malloc_max_total_mem                            /usr/lib/gcc/arm-none-eabi/4.9.3/../../../arm-none-eabi/lib/armv7e-m/fpu/libg.a(lib_a-mallocr.o)
__malloc_sbrk_base                                /usr/lib/gcc/arm-none-eabi/4.9.3/../../../arm-none-eabi/lib/armv7e-m/fpu/libg.a(lib_a-mallocr.o)
                                                  /usr/lib/gcc/arm-none-eabi/4.9.3/../../../arm-none-eabi/lib/armv7e-m/fpu/libg.a(lib_a-freer.o)
__malloc_top_pad                                  /usr/lib/gcc/arm-none-eabi/4.9.3/../../../arm-none-eabi/lib/armv7e-m/fpu/libg.a(lib_a-mallocr.o)
                                                  /usr/lib/gcc/arm-none-eabi/4.9.3/../../../arm-none-eabi/lib/armv7e-m/fpu/libg.a(lib_a-freer.o)
__malloc_trim_threshold                           /usr/lib/gcc/arm-none-eabi/4.9.3/../../../arm-none-eabi/lib/armv7e-m/fpu/libg.a(lib_a-mallocr.o)
                                                  /usr/lib/gcc/arm-none-eabi/4.9.3/../../../arm-none-eabi/lib/armv7e-m/fpu/libg.a(lib_a-freer.o)
__malloc_unlock                                   /usr/lib/gcc/arm-none-eabi/4.9.3/../../../arm-none-eabi/lib/armv7e-m/fpu/libg.a(lib_a-mlock.o)
                                                  /usr/lib/gcc/arm-none-eabi/4.9.3/../../../arm-none-eabi/lib/armv7e-m/fpu/libg.a(lib_a-freer.o)
                                                  /usr/lib/gcc/arm-none-eabi/4.9.3/../../../arm-none-eabi/lib/armv7e-m/fpu/libg.a(lib_a-mallocr.o)
__strtok_r                                        /usr/lib/gcc/arm-none-eabi/4.9.3/../../../arm-none-eabi/lib/armv7e-m/fpu/libg.a(lib_a-strtok_r.o)
                                                  /usr/lib/gcc/arm-none-eabi/4.9.3/../../../arm-none-eabi/lib/armv7e-m/fpu/libg.a(lib_a-strtok.o)
_atoi_r                                           /usr/lib/gcc/arm-none-eabi/4.9.3/../../../arm-none-eabi/lib/armv7e-m/fpu/libg.a(lib_a-atoi.o)
_close                                            build/objs/syscalls.o
_ctype_                                           /usr/lib/gcc/arm-none-eabi/4.9.3/../../../arm-none-eabi/lib/armv7e-m/fpu/libg.a(lib_a-ctype_.o)
_ebss                                             build/objs/startup_stm32f407xx.o
_edata                                            build/objs/startup_stm32f407xx.o
_estack                                           build/objs/startup_stm32f407xx.o
_execve                                           build/objs/syscalls.o
_exit                                             build/objs/syscalls.o
_fork                                             build/objs/syscalls.o
_free_r                                           /usr/lib/gcc/arm-none-eabi/4.9.3/../../../arm-none-eabi/lib/armv7e-m/fpu/libg.a(lib_a-freer.o)
                                                  /usr/lib/gcc/arm-none-eabi/4.9.3/../../../arm-none-eabi/lib/armv7e-m/fpu/libg.a(lib_a-reent.o)
                                                  /usr/lib/gcc/arm-none-eabi/4.9.3/../../../arm-none-eabi/lib/armv7e-m/fpu/libg.a(lib_a-mallocr.o)
                                                  /usr/lib/gcc/arm-none-eabi/4.9.3/../../../arm-none-eabi/lib/armv7e-m/fpu/libg.a(lib_a-malloc.o)
_fstat                                            build/objs/syscalls.o
_getpid                                           build/objs/syscalls.o
_gettimeofday                                     build/objs/syscalls.o
_global_impure_ptr                                /usr/lib/gcc/arm-none-eabi/4.9.3/../../../arm-none-eabi/lib/armv7e-m/fpu/libg.a(lib_a-impure.o)
_impure_ptr                                       /usr/lib/gcc/arm-none-eabi/4.9.3/../../../arm-none-eabi/lib/armv7e-m/fpu/libg.a(lib_a-impure.o)
                                                  /usr/lib/gcc/arm-none-eabi/4.9.3/../../../arm-none-eabi/lib/armv7e-m/fpu/libg.a(lib_a-reent.o)
                                                  /usr/lib/gcc/arm-none-eabi/4.9.3/../../../arm-none-eabi/lib/armv7e-m/fpu/libg.a(lib_a-strtol.o)
                                                  /usr/lib/gcc/arm-none-eabi/4.9.3/../../../arm-none-eabi/lib/armv7e-m/fpu/libg.a(lib_a-strtok.o)
                                                  /usr/lib/gcc/arm-none-eabi/4.9.3/../../../arm-none-eabi/lib/armv7e-m/fpu/libg.a(lib_a-malloc.o)
                                                  /usr/lib/gcc/arm-none-eabi/4.9.3/../../../arm-none-eabi/lib/armv7e-m/fpu/libg.a(lib_a-errno.o)
_isatty                                           build/objs/syscalls.o
_kill                                             build/objs/syscalls.o
_link                                             build/objs/syscalls.o
_lseek                                            build/objs/syscalls.o
_malloc_r                                         /usr/lib/gcc/arm-none-eabi/4.9.3/../../../arm-none-eabi/lib/armv7e-m/fpu/libg.a(lib_a-mallocr.o)
                                                  /usr/lib/gcc/arm-none-eabi/4.9.3/../../../arm-none-eabi/lib/armv7e-m/fpu/libg.a(lib_a-malloc.o)
_malloc_trim_r                                    /usr/lib/gcc/arm-none-eabi/4.9.3/../../../arm-none-eabi/lib/armv7e-m/fpu/libg.a(lib_a-freer.o)
_open                                             build/objs/syscalls.o
_read                                             build/objs/syscalls.o
_reclaim_reent                                    /usr/lib/gcc/arm-none-eabi/4.9.3/../../../arm-none-eabi/lib/armv7e-m/fpu/libg.a(lib_a-reent.o)
_sbrk                                             build/objs/syscalls.o
                                                  /usr/lib/gcc/arm-none-eabi/4.9.3/../../../arm-none-eabi/lib/armv7e-m/fpu/libg.a(lib_a-sbrkr.o)
_sbrk_r                                           /usr/lib/gcc/arm-none-eabi/4.9.3/../../../arm-none-eabi/lib/armv7e-m/fpu/libg.a(lib_a-sbrkr.o)
                                                  /usr/lib/gcc/arm-none-eabi/4.9.3/../../../arm-none-eabi/lib/armv7e-m/fpu/libg.a(lib_a-freer.o)
                                                  /usr/lib/gcc/arm-none-eabi/4.9.3/../../../arm-none-eabi/lib/armv7e-m/fpu/libg.a(lib_a-mallocr.o)
_sbss                                             build/objs/startup_stm32f407xx.o
_sdata                                            build/objs/startup_stm32f407xx.o
_sidata                                           build/objs/startup_stm32f407xx.o
_stat                                             build/objs/syscalls.o
_strtol_r                                         /usr/lib/gcc/arm-none-eabi/4.9.3/../../../arm-none-eabi/lib/armv7e-m/fpu/libg.a(lib_a-strtol.o)
                                                  /usr/lib/gcc/arm-none-eabi/4.9.3/../../../arm-none-eabi/lib/armv7e-m/fpu/libg.a(lib_a-atoi.o)
_times                                            build/objs/syscalls.o
_unlink                                           build/objs/syscalls.o
_wait                                             build/objs/syscalls.o
_write                                            build/objs/syscalls.o
add_reflow_point                                  build/objs/reflow_process.o
                                                  build/objs/command_processor.o
allowed_commands                                  build/objs/command_processor.o
atoi                                              /usr/lib/gcc/arm-none-eabi/4.9.3/../../../arm-none-eabi/lib/armv7e-m/fpu/libg.a(lib_a-atoi.o)
                                                  build/objs/reflow_process.o
brightness_levels                                 build/objs/pcd8544.o
cleanup_glue                                      /usr/lib/gcc/arm-none-eabi/4.9.3/../../../arm-none-eabi/lib/armv7e-m/fpu/libg.a(lib_a-reent.o)
clear_reflow_list                                 build/objs/reflow_process.o
                                                  build/objs/command_processor.o
cmd_proc_receive_data                             build/objs/command_processor.o
                                                  build/objs/usbd_cdc_if.o
current_pos                                       build/objs/command_processor.o
end                                               build/objs/syscalls.o
errno                                             /usr/lib/gcc/arm-none-eabi/4.9.3/../../../arm-none-eabi/lib/armv7e-m/fpu/libg.a(lib_a-reent.o)
                                                  /usr/lib/gcc/arm-none-eabi/4.9.3/../../../arm-none-eabi/lib/armv7e-m/fpu/libg.a(lib_a-sbrkr.o)
free                                              /usr/lib/gcc/arm-none-eabi/4.9.3/../../../arm-none-eabi/lib/armv7e-m/fpu/libg.a(lib_a-malloc.o)
                                                  build/objs/usbd_cdc.o
g_pfnVectors                                      build/objs/startup_stm32f407xx.o
get_reflow_list                                   build/objs/reflow_process.o
                                                  build/objs/command_processor.o
hSPI                                              build/objs/pcd8544.o
                                                  build/objs/MAX31855.o
hTIM                                              build/objs/pcd8544.o
                                                  build/objs/SSR.o
hUsbDeviceFS                                      build/objs/usb_device.o
                                                  build/objs/main.o
                                                  build/objs/usbd_cdc_if.o
hUsbDevice_0                                      build/objs/usbd_cdc_if.o
hpcd_USB_OTG_FS                                   build/objs/usbd_conf.o
                                                  build/objs/stm32f4xx_it.o
initialise_monitor_handles                        build/objs/syscalls.o
linecoding                                        build/objs/usbd_cdc_if_template.o
main                                              build/objs/main.o
                                                  build/objs/startup_stm32f407xx.o
malloc                                            /usr/lib/gcc/arm-none-eabi/4.9.3/../../../arm-none-eabi/lib/armv7e-m/fpu/libg.a(lib_a-malloc.o)
                                                  build/objs/usbd_cdc.o
output_buffer                                     build/objs/USB_printf.o
pFlash                                            build/objs/stm32f4xx_hal_flash.o
                                                  build/objs/stm32f4xx_hal_flash_ex.o
reflow_list                                       build/objs/reflow_process.o
reflow_list_size                                  build/objs/reflow_process.o
reflow_process                                    build/objs/reflow_process.o
                                                  build/objs/main.o
reflow_process_enabled                            build/objs/reflow_process.o
reflow_process_tick                               build/objs/reflow_process.o
single_line                                       build/objs/command_processor.o
start_stop_reflow_process                         build/objs/reflow_process.o
                                                  build/objs/command_processor.o
strcmp                                            /usr/lib/gcc/arm-none-eabi/4.9.3/../../../arm-none-eabi/lib/armv7e-m/fpu/libg.a(lib_a-strcmp.o)
                                                  build/objs/command_processor.o
strtok                                            /usr/lib/gcc/arm-none-eabi/4.9.3/../../../arm-none-eabi/lib/armv7e-m/fpu/libg.a(lib_a-strtok.o)
                                                  build/objs/command_processor.o
strtok_r                                          /usr/lib/gcc/arm-none-eabi/4.9.3/../../../arm-none-eabi/lib/armv7e-m/fpu/libg.a(lib_a-strtok_r.o)
strtol                                            /usr/lib/gcc/arm-none-eabi/4.9.3/../../../arm-none-eabi/lib/armv7e-m/fpu/libg.a(lib_a-strtol.o)
                                                  /usr/lib/gcc/arm-none-eabi/4.9.3/../../../arm-none-eabi/lib/armv7e-m/fpu/libg.a(lib_a-atoi.o)
uwTick                                            build/objs/stm32f4xx_hal.o
