Archive member included to satisfy reference by file (symbol)

/usr/lib/gcc/arm-none-eabi/4.9.3/../../../arm-none-eabi/lib/armv7e-m/fpu/libg.a(lib_a-errno.o)
                              build/objs/syscalls.o (__errno)
/usr/lib/gcc/arm-none-eabi/4.9.3/../../../arm-none-eabi/lib/armv7e-m/fpu/libg.a(lib_a-impure.o)
                              /usr/lib/gcc/arm-none-eabi/4.9.3/../../../arm-none-eabi/lib/armv7e-m/fpu/libg.a(lib_a-errno.o) (_impure_ptr)
/usr/lib/gcc/arm-none-eabi/4.9.3/../../../arm-none-eabi/lib/armv7e-m/fpu/libg.a(lib_a-malloc.o)
                              build/objs/command_processor.o (malloc)
/usr/lib/gcc/arm-none-eabi/4.9.3/../../../arm-none-eabi/lib/armv7e-m/fpu/libg.a(lib_a-mallocr.o)
                              /usr/lib/gcc/arm-none-eabi/4.9.3/../../../arm-none-eabi/lib/armv7e-m/fpu/libg.a(lib_a-malloc.o) (_malloc_r)
/usr/lib/gcc/arm-none-eabi/4.9.3/../../../arm-none-eabi/lib/armv7e-m/fpu/libg.a(lib_a-mlock.o)
                              /usr/lib/gcc/arm-none-eabi/4.9.3/../../../arm-none-eabi/lib/armv7e-m/fpu/libg.a(lib_a-mallocr.o) (__malloc_lock)
/usr/lib/gcc/arm-none-eabi/4.9.3/../../../arm-none-eabi/lib/armv7e-m/fpu/libg.a(lib_a-sbrkr.o)
                              /usr/lib/gcc/arm-none-eabi/4.9.3/../../../arm-none-eabi/lib/armv7e-m/fpu/libg.a(lib_a-mallocr.o) (_sbrk_r)
/usr/lib/gcc/arm-none-eabi/4.9.3/../../../arm-none-eabi/lib/armv7e-m/fpu/libg.a(lib_a-strtok.o)
                              build/objs/command_processor.o (strtok)
/usr/lib/gcc/arm-none-eabi/4.9.3/../../../arm-none-eabi/lib/armv7e-m/fpu/libg.a(lib_a-strtok_r.o)
                              /usr/lib/gcc/arm-none-eabi/4.9.3/../../../arm-none-eabi/lib/armv7e-m/fpu/libg.a(lib_a-strtok.o) (__strtok_r)
/usr/lib/gcc/arm-none-eabi/4.9.3/../../../arm-none-eabi/lib/armv7e-m/fpu/libg.a(lib_a-freer.o)
                              /usr/lib/gcc/arm-none-eabi/4.9.3/../../../arm-none-eabi/lib/armv7e-m/fpu/libg.a(lib_a-malloc.o) (_free_r)
/usr/lib/gcc/arm-none-eabi/4.9.3/../../../arm-none-eabi/lib/armv7e-m/fpu/libg.a(lib_a-reent.o)
                              /usr/lib/gcc/arm-none-eabi/4.9.3/../../../arm-none-eabi/lib/armv7e-m/fpu/libg.a(lib_a-sbrkr.o) (errno)

Allocating common symbols
Common symbol       size              file

PCD8544_y           0x1               build/objs/pcd8544.o
hUsbDeviceFS        0x224             build/objs/usb_device.o
hUsbDevice_0        0x4               build/objs/usbd_cdc_if.o
PCD8544_x           0x1               build/objs/pcd8544.o
PCD8544_Buffer      0x1f8             build/objs/pcd8544.o
errno               0x4               /usr/lib/gcc/arm-none-eabi/4.9.3/../../../arm-none-eabi/lib/armv7e-m/fpu/libg.a(lib_a-reent.o)
hpcd_USB_OTG_FS     0x3b8             build/objs/usbd_conf.o
uwTick              0x4               build/objs/stm32f4xx_hal.o
pFlash              0x20              build/objs/stm32f4xx_hal_flash.o
single_line         0x80              build/objs/command_processor.o
UserRxBufferFS      0x4               build/objs/usbd_cdc_if.o
UserTxBufferFS      0x4               build/objs/usbd_cdc_if.o
hSPI                0x58              build/objs/MAX31855.o
TIM_OC_init         0x1c              build/objs/SSR.o
hTIM                0x3c              build/objs/SSR.o
USBD_StrDesc        0x200             build/objs/usbd_desc.o
TimHandle           0x3c              build/objs/stm32f4xx_hal_timebase_tim_template.o

Memory Configuration

Name             Origin             Length             Attributes
FLASH            0x0000000008000000 0x0000000000100000 xr
RAM              0x0000000020000000 0x0000000000020000 xrw
CCMRAM           0x0000000010000000 0x0000000000010000 rw
*default*        0x0000000000000000 0xffffffffffffffff

Linker script and memory map

LOAD build/objs/usbd_cdc_if.o
LOAD build/objs/usbd_conf.o
LOAD build/objs/syscalls.o
LOAD build/objs/stm32f4xx_hal_msp.o
LOAD build/objs/gpio.o
LOAD build/objs/SSR.o
LOAD build/objs/MAX31855.o
LOAD build/objs/main.o
LOAD build/objs/stm32f4xx_it.o
LOAD build/objs/usb_device.o
LOAD build/objs/usbd_desc.o
LOAD build/objs/pcd8544.o
LOAD build/objs/command_processor.o
LOAD build/objs/stm32f4xx_hal_dsi.o
LOAD build/objs/stm32f4xx_hal_pcd.o
LOAD build/objs/stm32f4xx_hal_irda.o
LOAD build/objs/stm32f4xx_ll_fsmc.o
LOAD build/objs/stm32f4xx_hal_cec.o
LOAD build/objs/stm32f4xx_hal_timebase_tim_template.o
LOAD build/objs/stm32f4xx_ll_usb.o
LOAD build/objs/stm32f4xx_hal.o
LOAD build/objs/stm32f4xx_hal_dcmi_ex.o
LOAD build/objs/stm32f4xx_hal_flash_ex.o
LOAD build/objs/stm32f4xx_hal_cryp.o
LOAD build/objs/stm32f4xx_hal_rng.o
LOAD build/objs/stm32f4xx_hal_nand.o
LOAD build/objs/stm32f4xx_hal_gpio.o
LOAD build/objs/stm32f4xx_hal_ltdc.o
LOAD build/objs/stm32f4xx_hal_hcd.o
LOAD build/objs/stm32f4xx_hal_pcd_ex.o
LOAD build/objs/stm32f4xx_hal_adc.o
LOAD build/objs/stm32f4xx_hal_adc_ex.o
LOAD build/objs/stm32f4xx_hal_lptim.o
LOAD build/objs/stm32f4xx_hal_spi.o
LOAD build/objs/stm32f4xx_hal_i2c.o
LOAD build/objs/stm32f4xx_hal_fmpi2c.o
LOAD build/objs/stm32f4xx_hal_smartcard.o
LOAD build/objs/stm32f4xx_hal_pccard.o
LOAD build/objs/stm32f4xx_hal_dma2d.o
LOAD build/objs/stm32f4xx_hal_sai.o
LOAD build/objs/stm32f4xx_hal_cryp_ex.o
LOAD build/objs/stm32f4xx_hal_rcc_ex.o
LOAD build/objs/stm32f4xx_ll_fmc.o
LOAD build/objs/stm32f4xx_hal_ltdc_ex.o
LOAD build/objs/stm32f4xx_hal_flash_ramfunc.o
LOAD build/objs/stm32f4xx_hal_cortex.o
LOAD build/objs/stm32f4xx_hal_iwdg.o
LOAD build/objs/stm32f4xx_hal_uart.o
LOAD build/objs/stm32f4xx_hal_tim_ex.o
LOAD build/objs/stm32f4xx_hal_i2c_ex.o
LOAD build/objs/stm32f4xx_hal_dma.o
LOAD build/objs/stm32f4xx_hal_dac.o
LOAD build/objs/stm32f4xx_hal_spdifrx.o
LOAD build/objs/stm32f4xx_hal_fmpi2c_ex.o
LOAD build/objs/stm32f4xx_ll_sdmmc.o
LOAD build/objs/stm32f4xx_hal_i2s_ex.o
LOAD build/objs/stm32f4xx_hal_can.o
LOAD build/objs/stm32f4xx_hal_nor.o
LOAD build/objs/stm32f4xx_hal_pwr.o
LOAD build/objs/stm32f4xx_hal_rtc.o
LOAD build/objs/stm32f4xx_hal_qspi.o
LOAD build/objs/stm32f4xx_hal_hash_ex.o
LOAD build/objs/stm32f4xx_hal_i2s.o
LOAD build/objs/stm32f4xx_hal_sram.o
LOAD build/objs/stm32f4xx_hal_hash.o
LOAD build/objs/stm32f4xx_hal_eth.o
LOAD build/objs/stm32f4xx_hal_tim.o
LOAD build/objs/stm32f4xx_hal_dma_ex.o
LOAD build/objs/stm32f4xx_hal_sd.o
LOAD build/objs/stm32f4xx_hal_sai_ex.o
LOAD build/objs/stm32f4xx_hal_rcc.o
LOAD build/objs/stm32f4xx_hal_wwdg.o
LOAD build/objs/stm32f4xx_hal_dac_ex.o
LOAD build/objs/stm32f4xx_hal_rtc_ex.o
LOAD build/objs/stm32f4xx_hal_pwr_ex.o
LOAD build/objs/stm32f4xx_hal_dcmi.o
LOAD build/objs/stm32f4xx_hal_sdram.o
LOAD build/objs/stm32f4xx_hal_flash.o
LOAD build/objs/stm32f4xx_hal_crc.o
LOAD build/objs/stm32f4xx_hal_usart.o
LOAD build/objs/stm32f4_discovery.o
LOAD build/objs/system_stm32f4xx.o
LOAD build/objs/usbd_core.o
LOAD build/objs/usbd_ctlreq.o
LOAD build/objs/usbd_ioreq.o
LOAD build/objs/usbd_cdc_if_template.o
LOAD build/objs/usbd_cdc.o
LOAD build/objs/startup_stm32f407xx.o
START GROUP
LOAD /usr/lib/gcc/arm-none-eabi/4.9.3/armv7e-m/fpu/libgcc.a
LOAD /usr/lib/gcc/arm-none-eabi/4.9.3/../../../arm-none-eabi/lib/armv7e-m/fpu/libg.a
LOAD /usr/lib/gcc/arm-none-eabi/4.9.3/../../../arm-none-eabi/lib/armv7e-m/fpu/libc.a
END GROUP
                0x000000002001ffff                _estack = 0x2001ffff
                0x0000000000000200                _Min_Heap_Size = 0x200
                0x0000000000000400                _Min_Stack_Size = 0x400

.isr_vector     0x0000000008000000      0x188
                0x0000000008000000                . = ALIGN (0x4)
 *(.isr_vector)
 .isr_vector    0x0000000008000000      0x188 build/objs/startup_stm32f407xx.o
                0x0000000008000000                g_pfnVectors
                0x0000000008000188                . = ALIGN (0x4)

.text           0x0000000008000188    0x17164
                0x0000000008000188                . = ALIGN (0x4)
 *(.text)
 .text          0x0000000008000188      0x19c build/objs/usbd_cdc_if.o
                0x00000000080002d0                CDC_Transmit_FS
 .text          0x0000000008000324      0x588 build/objs/usbd_conf.o
                0x0000000008000324                HAL_PCD_MspInit
                0x00000000080003a0                HAL_PCD_MspDeInit
                0x00000000080003dc                HAL_PCD_SetupStageCallback
                0x0000000008000400                HAL_PCD_DataOutStageCallback
                0x0000000008000438                HAL_PCD_DataInStageCallback
                0x000000000800046c                HAL_PCD_SOFCallback
                0x0000000008000488                HAL_PCD_ResetCallback
                0x00000000080004d8                HAL_PCD_SuspendCallback
                0x0000000008000524                HAL_PCD_ResumeCallback
                0x0000000008000540                HAL_PCD_ISOOUTIncompleteCallback
                0x0000000008000564                HAL_PCD_ISOINIncompleteCallback
                0x0000000008000588                HAL_PCD_ConnectCallback
                0x00000000080005a4                HAL_PCD_DisconnectCallback
                0x00000000080005c0                USBD_LL_Init
                0x0000000008000654                USBD_LL_DeInit
                0x0000000008000674                USBD_LL_Start
                0x0000000008000694                USBD_LL_Stop
                0x00000000080006b4                USBD_LL_OpenEP
                0x00000000080006e8                USBD_LL_CloseEP
                0x0000000008000710                USBD_LL_FlushEP
                0x0000000008000738                USBD_LL_StallEP
                0x0000000008000760                USBD_LL_ClearStallEP
                0x0000000008000788                USBD_LL_IsStallEP
                0x00000000080007e0                USBD_LL_SetUSBAddress
                0x0000000008000808                USBD_LL_Transmit
                0x000000000800083c                USBD_LL_PrepareReceive
                0x0000000008000870                USBD_LL_GetRxDataSize
                0x0000000008000898                USBD_LL_Delay
 .text          0x00000000080008ac      0x2b8 build/objs/syscalls.o
                0x00000000080008ac                _sbrk
                0x0000000008000918                _gettimeofday
                0x0000000008000944                initialise_monitor_handles
                0x0000000008000950                _getpid
                0x0000000008000960                _kill
                0x0000000008000980                _exit
                0x0000000008000994                _write
                0x00000000080009cc                _close
                0x00000000080009e4                _fstat
                0x0000000008000a04                _isatty
                0x0000000008000a1c                _lseek
                0x0000000008000a38                _read
                0x0000000008000a74                _open
                0x0000000008000a90                _wait
                0x0000000008000ab0                _unlink
                0x0000000008000ad0                _times
                0x0000000008000ae8                _stat
                0x0000000008000b08                _link
                0x0000000008000b28                _fork
                0x0000000008000b40                _execve
 .text          0x0000000008000b64       0x48 build/objs/stm32f4xx_hal_msp.o
                0x0000000008000b64                HAL_MspInit
 .text          0x0000000008000bac       0x4c build/objs/gpio.o
                0x0000000008000bac                MX_GPIO_Init
 .text          0x0000000008000bf8      0x100 build/objs/SSR.o
                0x0000000008000bf8                SSR_init
                0x0000000008000c8c                SSR_start
                0x0000000008000cb0                SSR_stop
                0x0000000008000cd8                SSR_set_duty_cycle
 .text          0x0000000008000cf8      0x1c4 build/objs/MAX31855.o
                0x0000000008000cf8                MAX31855_init
                0x0000000008000e4c                MAX31855_read
 .text          0x0000000008000ebc      0x194 build/objs/main.o
                0x0000000008000ebc                main
                0x0000000008000f8c                SystemClock_Config
 .text          0x0000000008001050       0x20 build/objs/stm32f4xx_it.o
                0x0000000008001050                SysTick_Handler
                0x0000000008001060                OTG_FS_IRQHandler
 .text          0x0000000008001070       0x38 build/objs/usb_device.o
                0x0000000008001070                MX_USB_DEVICE_Init
 .text          0x00000000080010a8      0x160 build/objs/usbd_desc.o
                0x00000000080010a8                USBD_FS_DeviceDescriptor
                0x00000000080010cc                USBD_FS_LangIDStrDescriptor
                0x00000000080010f0                USBD_FS_ProductStrDescriptor
                0x000000000800112c                USBD_FS_ManufacturerStrDescriptor
                0x0000000008001154                USBD_FS_SerialStrDescriptor
                0x0000000008001190                USBD_FS_ConfigStrDescriptor
                0x00000000080011cc                USBD_FS_InterfaceStrDescriptor
 .text          0x0000000008001208      0xed4 build/objs/pcd8544.o
                0x0000000008001208                PCD8544_InitIO
                0x0000000008001460                PCD8544_send
                0x00000000080014a0                PCD8544_Pin
                0x000000000800150c                PCD8544_Delay
                0x0000000008001534                PCD8544_Init
                0x00000000080015ac                PCD8544_Write
                0x00000000080015ec                PCD8544_SetContrast
                0x0000000008001628                PCD8544_DrawPixel
                0x00000000080016e4                PCD8544_Invert
                0x000000000800170c                PCD8544_Clear
                0x0000000008001758                PCD8544_Home
                0x0000000008001770                PCD8544_Refresh
                0x000000000800182c                PCD8544_UpdateArea
                0x00000000080018a4                PCD8544_GotoXY
                0x00000000080018d4                PCD8544_Putc
                0x0000000008001a28                PCD8544_Puts
                0x0000000008001a60                PCD8544_DrawLine
                0x0000000008001c1c                PCD8544_DrawRectangle
                0x0000000008001c88                PCD8544_DrawFilledRectangle
                0x0000000008001cd0                PCD8544_DrawCircle
                0x0000000008001ec4                PCD8544_DrawFilledCircle
                0x00000000080020a8                PCD8544_SetBacklight
 .text          0x00000000080020dc      0x1b8 build/objs/command_processor.o
                0x00000000080020dc                cmd_proc_receive_data
 .text          0x0000000008002294        0x0 build/objs/stm32f4xx_hal_dsi.o
 .text          0x0000000008002294     0x1290 build/objs/stm32f4xx_hal_pcd.o
                0x0000000008002294                HAL_PCD_Init
                0x00000000080024a4                HAL_PCD_DeInit
                0x0000000008002504                HAL_PCD_Start
                0x0000000008002548                HAL_PCD_Stop
                0x0000000008002598                HAL_PCD_IRQHandler
                0x0000000008002e24                HAL_PCD_DevConnect
                0x0000000008002e60                HAL_PCD_DevDisconnect
                0x0000000008002e9c                HAL_PCD_SetAddress
                0x0000000008002ee0                HAL_PCD_EP_Open
                0x0000000008002fb0                HAL_PCD_EP_Close
                0x0000000008003044                HAL_PCD_EP_Receive
                0x00000000080030fc                HAL_PCD_EP_GetRxCount
                0x0000000008003130                HAL_PCD_EP_Transmit
                0x00000000080031e4                HAL_PCD_EP_SetStall
                0x000000000800329c                HAL_PCD_EP_ClrStall
                0x0000000008003330                HAL_PCD_EP_Flush
                0x000000000800338c                HAL_PCD_ActivateRemoteWakeup
                0x00000000080033d0                HAL_PCD_DeActivateRemoteWakeup
                0x0000000008003404                HAL_PCD_GetState
 .text          0x0000000008003524        0x0 build/objs/stm32f4xx_hal_irda.o
 .text          0x0000000008003524        0x0 build/objs/stm32f4xx_ll_fsmc.o
 .text          0x0000000008003524        0x0 build/objs/stm32f4xx_hal_cec.o
 .text          0x0000000008003524      0x12c build/objs/stm32f4xx_hal_timebase_tim_template.o
                0x0000000008003524                HAL_InitTick
                0x00000000080035ec                HAL_SuspendTick
                0x000000000800360c                HAL_ResumeTick
                0x000000000800362c                HAL_TIM_PeriodElapsedCallback
                0x0000000008003640                TIM6_DAC_IRQHandler
 .text          0x0000000008003650     0x2180 build/objs/stm32f4xx_ll_usb.o
                0x0000000008003650                USB_CoreInit
                0x00000000080036f4                USB_EnableGlobalInt
                0x0000000008003718                USB_DisableGlobalInt
                0x000000000800373c                USB_SetCurrentMode
                0x000000000800378c                USB_DevInit
                0x00000000080039e4                USB_FlushTxFifo
                0x0000000008003a30                USB_FlushRxFifo
                0x0000000008003a74                USB_SetDevSpeed
                0x0000000008003aa4                USB_GetDevSpeed
                0x0000000008003b10                USB_ActivateEndpoint
                0x0000000008003c24                USB_ActivateDedicatedEndpoint
                0x0000000008003dac                USB_DeactivateEndpoint
                0x0000000008003ea4                USB_DeactivateDedicatedEndpoint
                0x0000000008003f58                USB_EPStartXfer
                0x00000000080043dc                USB_EP0StartXfer
                0x0000000008004698                USB_WritePacket
                0x0000000008004704                USB_ReadPacket
                0x0000000008004754                USB_EPSetStall
                0x0000000008004838                USB_EPClearStall
                0x0000000008004914                USB_StopDevice
                0x000000000800499c                USB_SetDevAddress
                0x00000000080049e8                USB_DevConnect
                0x0000000008004a18                USB_DevDisconnect
                0x0000000008004a48                USB_ReadInterrupts
                0x0000000008004a74                USB_ReadDevAllOutEpInterrupt
                0x0000000008004aa4                USB_ReadDevAllInEpInterrupt
                0x0000000008004ad4                USB_ReadDevOutEPInterrupt
                0x0000000008004b0c                USB_ReadDevInEPInterrupt
                0x0000000008004b60                USB_ClearInterrupts
                0x0000000008004b80                USB_GetMode
                0x0000000008004b9c                USB_ActivateSetup
                0x0000000008004c08                USB_EP0_OutStart
                0x0000000008004cfc                USB_HostInit
                0x0000000008004e54                USB_InitFSLSPClkSel
                0x0000000008004ec8                USB_ResetPort
                0x0000000008004f14                USB_DriveVbus
                0x0000000008004f80                USB_GetHostSpeed
                0x0000000008004fa8                USB_GetCurrentFrame
                0x0000000008004fc8                USB_HC_Init
                0x00000000080051c0                USB_HC_StartXfer
                0x0000000008005438                USB_HC_ReadInterrupt
                0x0000000008005458                USB_HC_Halt
                0x0000000008005658                USB_DoPing
                0x00000000080056d0                USB_StopHost
 .text          0x00000000080057d0      0x2dc build/objs/stm32f4xx_hal.o
                0x00000000080057d0                HAL_Init
                0x0000000008005814                HAL_DeInit
                0x0000000008005878                HAL_MspDeInit
                0x00000000080058bc                HAL_IncTick
                0x00000000080058d8                HAL_GetTick
                0x00000000080058f0                HAL_Delay
                0x0000000008005954                HAL_GetHalVersion
                0x0000000008005968                HAL_GetREVID
                0x0000000008005980                HAL_GetDEVID
                0x000000000800599c                HAL_DBGMCU_EnableDBGSleepMode
                0x00000000080059b8                HAL_DBGMCU_DisableDBGSleepMode
                0x00000000080059d4                HAL_DBGMCU_EnableDBGStopMode
                0x00000000080059f0                HAL_DBGMCU_DisableDBGStopMode
                0x0000000008005a0c                HAL_DBGMCU_EnableDBGStandbyMode
                0x0000000008005a28                HAL_DBGMCU_DisableDBGStandbyMode
                0x0000000008005a44                HAL_EnableCompensationCell
                0x0000000008005a78                HAL_DisableCompensationCell
 .text          0x0000000008005aac        0x0 build/objs/stm32f4xx_hal_dcmi_ex.o
 .text          0x0000000008005aac      0x60c build/objs/stm32f4xx_hal_flash_ex.o
                0x0000000008005aac                HAL_FLASHEx_Erase
                0x0000000008005b8c                HAL_FLASHEx_Erase_IT
                0x0000000008005c38                HAL_FLASHEx_OBProgram
                0x0000000008005d18                HAL_FLASHEx_OBGetConfig
                0x0000000008005da0                FLASH_Erase_Sector
                0x0000000008006030                FLASH_FlushCaches
 .text          0x00000000080060b8        0x0 build/objs/stm32f4xx_hal_cryp.o
 .text          0x00000000080060b8        0x0 build/objs/stm32f4xx_hal_rng.o
 .text          0x00000000080060b8        0x0 build/objs/stm32f4xx_hal_nand.o
 .text          0x00000000080060b8      0x658 build/objs/stm32f4xx_hal_gpio.o
                0x00000000080060b8                HAL_GPIO_Init
                0x00000000080063f4                HAL_GPIO_DeInit
                0x00000000080065f8                HAL_GPIO_ReadPin
                0x0000000008006628                HAL_GPIO_WritePin
                0x0000000008006658                HAL_GPIO_TogglePin
                0x000000000800667c                HAL_GPIO_LockPin
                0x00000000080066cc                HAL_GPIO_EXTI_IRQHandler
                0x00000000080066fc                HAL_GPIO_EXTI_Callback
 .text          0x0000000008006710        0x0 build/objs/stm32f4xx_hal_ltdc.o
 .text          0x0000000008006710        0x0 build/objs/stm32f4xx_hal_hcd.o
 .text          0x0000000008006710       0xbc build/objs/stm32f4xx_hal_pcd_ex.o
                0x0000000008006710                HAL_PCDEx_SetTxFiFo
                0x00000000080067a8                HAL_PCDEx_SetRxFiFo
 .text          0x00000000080067cc        0x0 build/objs/stm32f4xx_hal_adc.o
 .text          0x00000000080067cc        0x0 build/objs/stm32f4xx_hal_adc_ex.o
 .text          0x00000000080067cc        0x0 build/objs/stm32f4xx_hal_lptim.o
 .text          0x00000000080067cc     0x1f30 build/objs/stm32f4xx_hal_spi.o
                0x00000000080067cc                HAL_SPI_Init
                0x00000000080068a0                HAL_SPI_DeInit
                0x00000000080068f0                HAL_SPI_MspInit
                0x0000000008006904                HAL_SPI_MspDeInit
                0x0000000008006918                HAL_SPI_Transmit
                0x0000000008006b50                HAL_SPI_Receive
                0x0000000008006e60                HAL_SPI_TransmitReceive
                0x0000000008007190                HAL_SPI_Transmit_IT
                0x00000000080072d8                HAL_SPI_Receive_IT
                0x000000000800742c                HAL_SPI_TransmitReceive_IT
                0x000000000800757c                HAL_SPI_Transmit_DMA
                0x00000000080076d0                HAL_SPI_Receive_DMA
                0x0000000008007848                HAL_SPI_TransmitReceive_DMA
                0x0000000008007a1c                HAL_SPI_DMAPause
                0x0000000008007a60                HAL_SPI_DMAResume
                0x0000000008007aa4                HAL_SPI_DMAStop
                0x0000000008007af4                HAL_SPI_IRQHandler
                0x0000000008007c20                HAL_SPI_TxCpltCallback
                0x0000000008007c34                HAL_SPI_RxCpltCallback
                0x0000000008007c48                HAL_SPI_TxRxCpltCallback
                0x0000000008007c5c                HAL_SPI_TxHalfCpltCallback
                0x0000000008007c70                HAL_SPI_RxHalfCpltCallback
                0x0000000008007c84                HAL_SPI_TxRxHalfCpltCallback
                0x0000000008007c98                HAL_SPI_ErrorCallback
                0x0000000008007cac                HAL_SPI_GetState
                0x0000000008007cc8                HAL_SPI_GetError
 .text          0x00000000080086fc     0x4618 build/objs/stm32f4xx_hal_i2c.o
                0x00000000080086fc                HAL_I2C_Init
                0x00000000080088bc                HAL_I2C_DeInit
                0x000000000800891c                HAL_I2C_MspInit
                0x0000000008008930                HAL_I2C_MspDeInit
                0x0000000008008944                HAL_I2C_Master_Transmit
                0x0000000008008ae8                HAL_I2C_Master_Receive
                0x0000000008008e28                HAL_I2C_Slave_Transmit
                0x0000000008008ff8                HAL_I2C_Slave_Receive
                0x00000000080091c0                HAL_I2C_Master_Transmit_IT
                0x0000000008009308                HAL_I2C_Master_Receive_IT
                0x00000000080094f0                HAL_I2C_Master_Sequential_Transmit_IT
                0x0000000008009650                HAL_I2C_Master_Sequential_Receive_IT
                0x00000000080098bc                HAL_I2C_Slave_Transmit_IT
                0x0000000008009990                HAL_I2C_Slave_Receive_IT
                0x0000000008009a64                HAL_I2C_Slave_Sequential_Transmit_IT
                0x0000000008009b24                HAL_I2C_Slave_Sequential_Receive_IT
                0x0000000008009be4                HAL_I2C_EnableListen_IT
                0x0000000008009c34                HAL_I2C_DisableListen_IT
                0x0000000008009cac                HAL_I2C_Master_Transmit_DMA
                0x0000000008009e68                HAL_I2C_Master_Receive_DMA
                0x000000000800a030                HAL_I2C_Master_Abort_IT
                0x000000000800a0d8                HAL_I2C_Slave_Transmit_DMA
                0x000000000800a264                HAL_I2C_Slave_Receive_DMA
                0x000000000800a39c                HAL_I2C_Mem_Write
                0x000000000800a534                HAL_I2C_Mem_Read
                0x000000000800a870                HAL_I2C_Mem_Write_IT
                0x000000000800a9ac                HAL_I2C_Mem_Read_IT
                0x000000000800aba0                HAL_I2C_Mem_Write_DMA
                0x000000000800ad40                HAL_I2C_Mem_Read_DMA
                0x000000000800af18                HAL_I2C_IsDeviceReady
                0x000000000800b144                HAL_I2C_EV_IRQHandler
                0x000000000800b428                HAL_I2C_ER_IRQHandler
                0x000000000800b670                HAL_I2C_MasterTxCpltCallback
                0x000000000800b684                HAL_I2C_MasterRxCpltCallback
                0x000000000800b698                HAL_I2C_SlaveTxCpltCallback
                0x000000000800b6ac                HAL_I2C_SlaveRxCpltCallback
                0x000000000800b6c0                HAL_I2C_AddrCallback
                0x000000000800b6dc                HAL_I2C_ListenCpltCallback
                0x000000000800b6f0                HAL_I2C_MemTxCpltCallback
                0x000000000800b704                HAL_I2C_MemRxCpltCallback
                0x000000000800b718                HAL_I2C_ErrorCallback
                0x000000000800b72c                HAL_I2C_GetState
                0x000000000800b748                HAL_I2C_GetMode
                0x000000000800b764                HAL_I2C_GetError
 .text          0x000000000800cd14        0x0 build/objs/stm32f4xx_hal_fmpi2c.o
 .text          0x000000000800cd14        0x0 build/objs/stm32f4xx_hal_smartcard.o
 .text          0x000000000800cd14        0x0 build/objs/stm32f4xx_hal_pccard.o
 .text          0x000000000800cd14        0x0 build/objs/stm32f4xx_hal_dma2d.o
 .text          0x000000000800cd14        0x0 build/objs/stm32f4xx_hal_sai.o
 .text          0x000000000800cd14        0x0 build/objs/stm32f4xx_hal_cryp_ex.o
 .text          0x000000000800cd14      0x2cc build/objs/stm32f4xx_hal_rcc_ex.o
                0x000000000800cd14                HAL_RCC_DeInit
                0x000000000800cd8c                HAL_RCCEx_PeriphCLKConfig
                0x000000000800cf5c                HAL_RCCEx_GetPeriphCLKConfig
 .text          0x000000000800cfe0        0x0 build/objs/stm32f4xx_ll_fmc.o
 .text          0x000000000800cfe0        0x0 build/objs/stm32f4xx_hal_ltdc_ex.o
 .text          0x000000000800cfe0        0x0 build/objs/stm32f4xx_hal_flash_ramfunc.o
 .text          0x000000000800cfe0      0x5b0 build/objs/stm32f4xx_hal_cortex.o
                0x000000000800d35c                HAL_NVIC_SetPriorityGrouping
                0x000000000800d370                HAL_NVIC_SetPriority
                0x000000000800d3a8                HAL_NVIC_EnableIRQ
                0x000000000800d3c4                HAL_NVIC_DisableIRQ
                0x000000000800d3e0                HAL_NVIC_SystemReset
                0x000000000800d3ec                HAL_SYSTICK_Config
                0x000000000800d404                HAL_MPU_ConfigRegion
                0x000000000800d488                HAL_NVIC_GetPriorityGrouping
                0x000000000800d498                HAL_NVIC_GetPriority
                0x000000000800d4c8                HAL_NVIC_SetPendingIRQ
                0x000000000800d4e4                HAL_NVIC_GetPendingIRQ
                0x000000000800d504                HAL_NVIC_ClearPendingIRQ
                0x000000000800d520                HAL_NVIC_GetActive
                0x000000000800d540                HAL_SYSTICK_CLKSourceConfig
                0x000000000800d578                HAL_SYSTICK_IRQHandler
                0x000000000800d584                HAL_SYSTICK_Callback
 .text          0x000000000800d590        0x0 build/objs/stm32f4xx_hal_iwdg.o
 .text          0x000000000800d590        0x0 build/objs/stm32f4xx_hal_uart.o
 .text          0x000000000800d590     0x14dc build/objs/stm32f4xx_hal_tim_ex.o
                0x000000000800d590                HAL_TIMEx_HallSensor_Init
                0x000000000800d6ac                HAL_TIMEx_HallSensor_DeInit
                0x000000000800d70c                HAL_TIMEx_HallSensor_MspInit
                0x000000000800d720                HAL_TIMEx_HallSensor_MspDeInit
                0x000000000800d734                HAL_TIMEx_HallSensor_Start
                0x000000000800d764                HAL_TIMEx_HallSensor_Stop
                0x000000000800d7b4                HAL_TIMEx_HallSensor_Start_IT
                0x000000000800d7f4                HAL_TIMEx_HallSensor_Stop_IT
                0x000000000800d854                HAL_TIMEx_HallSensor_Start_DMA
                0x000000000800d900                HAL_TIMEx_HallSensor_Stop_DMA
                0x000000000800d960                HAL_TIMEx_OCN_Start
                0x000000000800d9a4                HAL_TIMEx_OCN_Stop
                0x000000000800da28                HAL_TIMEx_OCN_Start_IT
                0x000000000800db08                HAL_TIMEx_OCN_Stop_IT
                0x000000000800dc38                HAL_TIMEx_OCN_Start_DMA
                0x000000000800ddf0                HAL_TIMEx_OCN_Stop_DMA
                0x000000000800df08                HAL_TIMEx_PWMN_Start
                0x000000000800df4c                HAL_TIMEx_PWMN_Stop
                0x000000000800dfd0                HAL_TIMEx_PWMN_Start_IT
                0x000000000800e0b0                HAL_TIMEx_PWMN_Stop_IT
                0x000000000800e1e0                HAL_TIMEx_PWMN_Start_DMA
                0x000000000800e398                HAL_TIMEx_PWMN_Stop_DMA
                0x000000000800e4b0                HAL_TIMEx_OnePulseN_Start
                0x000000000800e4e4                HAL_TIMEx_OnePulseN_Stop
                0x000000000800e568                HAL_TIMEx_OnePulseN_Start_IT
                0x000000000800e5bc                HAL_TIMEx_OnePulseN_Stop_IT
                0x000000000800e660                HAL_TIMEx_ConfigCommutationEvent
                0x000000000800e700                HAL_TIMEx_ConfigCommutationEvent_IT
                0x000000000800e7b0                HAL_TIMEx_ConfigCommutationEvent_DMA
                0x000000000800e878                HAL_TIMEx_MasterConfigSynchronization
                0x000000000800e904                HAL_TIMEx_ConfigBreakDeadTime
                0x000000000800e978                HAL_TIMEx_RemapConfig
                0x000000000800e9c0                HAL_TIMEx_CommutationCallback
                0x000000000800e9d4                HAL_TIMEx_BreakCallback
                0x000000000800e9e8                HAL_TIMEx_HallSensor_GetState
                0x000000000800ea04                TIMEx_DMACommutationCplt
 .text          0x000000000800ea6c        0x0 build/objs/stm32f4xx_hal_i2c_ex.o
 .text          0x000000000800ea6c      0x8e4 build/objs/stm32f4xx_hal_dma.o
                0x000000000800ea6c                HAL_DMA_Init
                0x000000000800eb44                HAL_DMA_DeInit
                0x000000000800ebe0                HAL_DMA_Start
                0x000000000800ec44                HAL_DMA_Start_IT
                0x000000000800ecc8                HAL_DMA_Abort
                0x000000000800ed44                HAL_DMA_PollForTransfer
                0x000000000800ef60                HAL_DMA_IRQHandler
                0x000000000800f254                HAL_DMA_GetState
                0x000000000800f270                HAL_DMA_GetError
 .text          0x000000000800f350        0x0 build/objs/stm32f4xx_hal_dac.o
 .text          0x000000000800f350        0x0 build/objs/stm32f4xx_hal_spdifrx.o
 .text          0x000000000800f350        0x0 build/objs/stm32f4xx_hal_fmpi2c_ex.o
 .text          0x000000000800f350        0x0 build/objs/stm32f4xx_ll_sdmmc.o
 .text          0x000000000800f350        0x0 build/objs/stm32f4xx_hal_i2s_ex.o
 .text          0x000000000800f350        0x0 build/objs/stm32f4xx_hal_can.o
 .text          0x000000000800f350        0x0 build/objs/stm32f4xx_hal_nor.o
 .text          0x000000000800f350      0x35c build/objs/stm32f4xx_hal_pwr.o
                0x000000000800f350                HAL_PWR_DeInit
                0x000000000800f378                HAL_PWR_EnableBkUpAccess
                0x000000000800f3ac                HAL_PWR_DisableBkUpAccess
                0x000000000800f3e0                HAL_PWR_ConfigPVD
                0x000000000800f49c                HAL_PWR_EnablePVD
                0x000000000800f4d0                HAL_PWR_DisablePVD
                0x000000000800f504                HAL_PWR_EnableWakeUpPin
                0x000000000800f528                HAL_PWR_DisableWakeUpPin
                0x000000000800f54c                HAL_PWR_EnterSLEEPMode
                0x000000000800f584                HAL_PWR_EnterSTOPMode
                0x000000000800f5dc                HAL_PWR_EnterSTANDBYMode
                0x000000000800f60c                HAL_PWR_PVD_IRQHandler
                0x000000000800f630                HAL_PWR_PVDCallback
                0x000000000800f63c                HAL_PWR_EnableSleepOnExit
                0x000000000800f658                HAL_PWR_DisableSleepOnExit
                0x000000000800f674                HAL_PWR_EnableSEVOnPend
                0x000000000800f690                HAL_PWR_DisableSEVOnPend
 .text          0x000000000800f6ac        0x0 build/objs/stm32f4xx_hal_rtc.o
 .text          0x000000000800f6ac        0x0 build/objs/stm32f4xx_hal_qspi.o
 .text          0x000000000800f6ac        0x0 build/objs/stm32f4xx_hal_hash_ex.o
 .text          0x000000000800f6ac        0x0 build/objs/stm32f4xx_hal_i2s.o
 .text          0x000000000800f6ac        0x0 build/objs/stm32f4xx_hal_sram.o
 .text          0x000000000800f6ac        0x0 build/objs/stm32f4xx_hal_hash.o
 .text          0x000000000800f6ac        0x0 build/objs/stm32f4xx_hal_eth.o
 .text          0x000000000800f6ac     0x3f3c build/objs/stm32f4xx_hal_tim.o
                0x000000000800f6ac                HAL_TIM_Base_Init
                0x000000000800f704                HAL_TIM_Base_DeInit
                0x000000000800f764                HAL_TIM_Base_MspInit
                0x000000000800f778                HAL_TIM_Base_MspDeInit
                0x000000000800f78c                HAL_TIM_Base_Start
                0x000000000800f7c4                HAL_TIM_Base_Stop
                0x000000000800f81c                HAL_TIM_Base_Start_IT
                0x000000000800f854                HAL_TIM_Base_Stop_IT
                0x000000000800f8ac                HAL_TIM_Base_Start_DMA
                0x000000000800f94c                HAL_TIM_Base_Stop_DMA
                0x000000000800f9ac                HAL_TIM_OC_Init
                0x000000000800fa04                HAL_TIM_OC_DeInit
                0x000000000800fa64                HAL_TIM_OC_MspInit
                0x000000000800fa78                HAL_TIM_OC_MspDeInit
                0x000000000800fa8c                HAL_TIM_OC_Start
                0x000000000800faf4                HAL_TIM_OC_Stop
                0x000000000800fb9c                HAL_TIM_OC_Start_IT
                0x000000000800fc90                HAL_TIM_OC_Stop_IT
                0x000000000800fdc4                HAL_TIM_OC_Start_DMA
                0x000000000800ffa0                HAL_TIM_OC_Stop_DMA
                0x00000000080100dc                HAL_TIM_PWM_Init
                0x0000000008010134                HAL_TIM_PWM_DeInit
                0x0000000008010194                HAL_TIM_PWM_MspInit
                0x00000000080101a8                HAL_TIM_PWM_MspDeInit
                0x00000000080101bc                HAL_TIM_PWM_Start
                0x0000000008010224                HAL_TIM_PWM_Stop
                0x00000000080102d4                HAL_TIM_PWM_Start_IT
                0x00000000080103c8                HAL_TIM_PWM_Stop_IT
                0x00000000080104fc                HAL_TIM_PWM_Start_DMA
                0x00000000080106d8                HAL_TIM_PWM_Stop_DMA
                0x0000000008010814                HAL_TIM_IC_Init
                0x000000000801086c                HAL_TIM_IC_DeInit
                0x00000000080108cc                HAL_TIM_IC_MspInit
                0x00000000080108e0                HAL_TIM_IC_MspDeInit
                0x00000000080108f4                HAL_TIM_IC_Start
                0x0000000008010928                HAL_TIM_IC_Stop
                0x000000000801097c                HAL_TIM_IC_Start_IT
                0x0000000008010a3c                HAL_TIM_IC_Stop_IT
                0x0000000008010b1c                HAL_TIM_IC_Start_DMA
                0x0000000008010cbc                HAL_TIM_IC_Stop_DMA
                0x0000000008010da4                HAL_TIM_OnePulse_Init
                0x0000000008010e1c                HAL_TIM_OnePulse_DeInit
                0x0000000008010e7c                HAL_TIM_OnePulse_MspInit
                0x0000000008010e90                HAL_TIM_OnePulse_MspDeInit
                0x0000000008010ea4                HAL_TIM_OnePulse_Start
                0x0000000008010f0c                HAL_TIM_OnePulse_Stop
                0x0000000008010fc4                HAL_TIM_OnePulse_Start_IT
                0x000000000801104c                HAL_TIM_OnePulse_Stop_IT
                0x0000000008011124                HAL_TIM_Encoder_Init
                0x0000000008011250                HAL_TIM_Encoder_DeInit
                0x00000000080112b0                HAL_TIM_Encoder_MspInit
                0x00000000080112c4                HAL_TIM_Encoder_MspDeInit
                0x00000000080112d8                HAL_TIM_Encoder_Start
                0x0000000008011348                HAL_TIM_Encoder_Stop
                0x00000000080113d8                HAL_TIM_Encoder_Start_IT
                0x0000000008011488                HAL_TIM_Encoder_Stop_IT
                0x000000000801155c                HAL_TIM_Encoder_Start_DMA
                0x0000000008011714                HAL_TIM_Encoder_Stop_DMA
                0x00000000080117e8                HAL_TIM_IRQHandler
                0x00000000080119f8                HAL_TIM_OC_ConfigChannel
                0x0000000008011ab8                HAL_TIM_IC_ConfigChannel
                0x0000000008011bf0                HAL_TIM_PWM_ConfigChannel
                0x0000000008011d7c                HAL_TIM_OnePulse_ConfigChannel
                0x0000000008011efc                HAL_TIM_DMABurst_WriteStart
                0x0000000008012108                HAL_TIM_DMABurst_WriteStop
                0x00000000080121b8                HAL_TIM_DMABurst_ReadStart
                0x00000000080123b8                HAL_TIM_DMABurst_ReadStop
                0x0000000008012468                HAL_TIM_GenerateEvent
                0x00000000080124b8                HAL_TIM_ConfigOCrefClear
                0x000000000801260c                HAL_TIM_ConfigClockSource
                0x00000000080127d0                HAL_TIM_ConfigTI1Input
                0x000000000801280c                HAL_TIM_SlaveConfigSynchronization
                0x0000000008012878                HAL_TIM_SlaveConfigSynchronization_IT
                0x00000000080128e4                HAL_TIM_ReadCapturedValue
                0x000000000801299c                HAL_TIM_OC_DelayElapsedCallback
                0x00000000080129b0                HAL_TIM_IC_CaptureCallback
                0x00000000080129c4                HAL_TIM_PWM_PulseFinishedCallback
                0x00000000080129d8                HAL_TIM_TriggerCallback
                0x00000000080129ec                HAL_TIM_ErrorCallback
                0x0000000008012a00                HAL_TIM_Base_GetState
                0x0000000008012a1c                HAL_TIM_OC_GetState
                0x0000000008012a38                HAL_TIM_PWM_GetState
                0x0000000008012a54                HAL_TIM_IC_GetState
                0x0000000008012a70                HAL_TIM_OnePulse_GetState
                0x0000000008012a8c                HAL_TIM_Encoder_GetState
                0x0000000008012aa8                TIM_Base_SetConfig
                0x0000000008012bf8                TIM_TI1_SetConfig
                0x0000000008012cec                TIM_OC2_SetConfig
                0x0000000008012ddc                TIM_DMADelayPulseCplt
                0x0000000008012e4c                TIM_DMAError
                0x0000000008012e70                TIM_DMACaptureCplt
                0x0000000008012ee0                TIM_CCxChannelCmd
 .text          0x00000000080135e8      0x210 build/objs/stm32f4xx_hal_dma_ex.o
                0x00000000080135e8                HAL_DMAEx_MultiBufferStart
                0x0000000008013688                HAL_DMAEx_MultiBufferStart_IT
                0x0000000008013778                HAL_DMAEx_ChangeMemory
 .text          0x00000000080137f8        0x0 build/objs/stm32f4xx_hal_sd.o
 .text          0x00000000080137f8        0x0 build/objs/stm32f4xx_hal_sai_ex.o
 .text          0x00000000080137f8      0xae8 build/objs/stm32f4xx_hal_rcc.o
                0x0000000008013804                HAL_RCC_OscConfig
                0x0000000008013c28                HAL_RCC_ClockConfig
                0x0000000008013e10                HAL_RCC_MCOConfig
                0x0000000008013edc                HAL_RCC_EnableCSS
                0x0000000008013ef4                HAL_RCC_DisableCSS
                0x0000000008013f0c                HAL_RCC_GetSysClockFreq
                0x0000000008014008                HAL_RCC_GetHCLKFreq
                0x0000000008014058                HAL_RCC_GetPCLK1Freq
                0x000000000801409c                HAL_RCC_GetPCLK2Freq
                0x00000000080140e0                HAL_RCC_GetOscConfig
                0x0000000008014250                HAL_RCC_GetClockConfig
                0x00000000080142b0                HAL_RCC_NMI_IRQHandler
                0x00000000080142d4                HAL_RCC_CSSCallback
 .text          0x00000000080142e0        0x0 build/objs/stm32f4xx_hal_wwdg.o
 .text          0x00000000080142e0        0x0 build/objs/stm32f4xx_hal_dac_ex.o
 .text          0x00000000080142e0        0x0 build/objs/stm32f4xx_hal_rtc_ex.o
 .text          0x00000000080142e0      0x1d8 build/objs/stm32f4xx_hal_pwr_ex.o
                0x00000000080142e0                HAL_PWREx_EnableBkUpReg
                0x0000000008014348                HAL_PWREx_DisableBkUpReg
                0x00000000080143b0                HAL_PWREx_EnableFlashPowerDown
                0x00000000080143e4                HAL_PWREx_DisableFlashPowerDown
                0x0000000008014418                HAL_PWREx_GetVoltageRange
                0x0000000008014434                HAL_PWREx_ControlVoltageScaling
 .text          0x00000000080144b8        0x0 build/objs/stm32f4xx_hal_dcmi.o
 .text          0x00000000080144b8        0x0 build/objs/stm32f4xx_hal_sdram.o
 .text          0x00000000080144b8      0x5f8 build/objs/stm32f4xx_hal_flash.o
                0x00000000080144b8                HAL_FLASH_Program
                0x0000000008014560                HAL_FLASH_Program_IT
                0x00000000080145fc                HAL_FLASH_IRQHandler
                0x000000000801473c                HAL_FLASH_EndOfOperationCallback
                0x0000000008014750                HAL_FLASH_OperationErrorCallback
                0x0000000008014764                HAL_FLASH_Unlock
                0x0000000008014798                HAL_FLASH_Lock
                0x00000000080147b8                HAL_FLASH_OB_Unlock
                0x00000000080147f0                HAL_FLASH_OB_Lock
                0x0000000008014810                HAL_FLASH_OB_Launch
                0x0000000008014838                HAL_FLASH_GetError
                0x0000000008014850                FLASH_WaitForLastOperation
 .text          0x0000000008014ab0        0x0 build/objs/stm32f4xx_hal_crc.o
 .text          0x0000000008014ab0        0x0 build/objs/stm32f4xx_hal_usart.o
 .text          0x0000000008014ab0      0x7cc build/objs/stm32f4_discovery.o
                0x0000000008014ab0                BSP_GetVersion
                0x0000000008014ac4                BSP_LED_Init
                0x0000000008014bb4                BSP_LED_On
                0x0000000008014be8                BSP_LED_Off
                0x0000000008014c1c                BSP_LED_Toggle
                0x0000000008014c4c                BSP_PB_Init
                0x0000000008014d00                BSP_PB_GetState
                0x0000000008015024                ACCELERO_IO_Init
                0x000000000801507c                ACCELERO_IO_ITConfig
                0x00000000080150dc                ACCELERO_IO_Write
                0x0000000008015140                ACCELERO_IO_Read
                0x00000000080151b0                AUDIO_IO_Init
                0x0000000008015220                AUDIO_IO_DeInit
                0x000000000801522c                AUDIO_IO_Write
                0x0000000008015254                AUDIO_IO_Read
 .text          0x000000000801527c      0x164 build/objs/system_stm32f4xx.o
                0x000000000801527c                SystemInit
                0x00000000080152e8                SystemCoreClockUpdate
 .text          0x00000000080153e0      0x57c build/objs/usbd_core.o
                0x00000000080153e0                USBD_Init
                0x0000000008015438                USBD_DeInit
                0x0000000008015474                USBD_RegisterClass
                0x00000000080154a8                USBD_Start
                0x00000000080154c0                USBD_Stop
                0x00000000080154ec                USBD_RunTestMode
                0x0000000008015504                USBD_SetClassConfig
                0x0000000008015544                USBD_ClrClassConfig
                0x000000000801556c                USBD_LL_SetupStage
                0x0000000008015600                USBD_LL_DataOutStage
                0x00000000080156b8                USBD_LL_DataInStage
                0x00000000080157d8                USBD_LL_Reset
                0x0000000008015838                USBD_LL_SetSpeed
                0x0000000008015858                USBD_LL_Suspend
                0x0000000008015884                USBD_LL_Resume
                0x00000000080158a8                USBD_LL_SOF
                0x00000000080158dc                USBD_LL_IsoINIncomplete
                0x00000000080158f8                USBD_LL_IsoOUTIncomplete
                0x0000000008015914                USBD_LL_DevConnected
                0x000000000801592c                USBD_LL_DevDisconnected
 .text          0x000000000801595c      0x8c8 build/objs/usbd_ctlreq.o
                0x000000000801595c                USBD_StdDevReq
                0x00000000080159fc                USBD_StdItfReq
                0x0000000008015a64                USBD_StdEPReq
                0x00000000080160d8                USBD_ParseSetupRequest
                0x0000000008016150                USBD_CtlError
                0x0000000008016170                USBD_GetString
 .text          0x0000000008016224      0x130 build/objs/usbd_ioreq.o
                0x0000000008016224                USBD_CtlSendData
                0x000000000801625c                USBD_CtlContinueSendData
                0x0000000008016280                USBD_CtlPrepareRx
                0x00000000080162bc                USBD_CtlContinueRx
                0x00000000080162e0                USBD_CtlSendStatus
                0x0000000008016308                USBD_CtlReceiveStatus
                0x0000000008016330                USBD_GetRxCount
 .text          0x0000000008016354      0x1a4 build/objs/usbd_cdc_if_template.o
 .text          0x00000000080164f8      0x490 build/objs/usbd_cdc.o
                0x0000000008016830                USBD_CDC_GetDeviceQualifierDescriptor
                0x0000000008016850                USBD_CDC_RegisterInterface
                0x0000000008016880                USBD_CDC_SetTxBuffer
                0x00000000080168b4                USBD_CDC_SetRxBuffer
                0x00000000080168dc                USBD_CDC_TransmitPacket
                0x0000000008016930                USBD_CDC_ReceivePacket
 .text          0x0000000008016988       0x14 build/objs/startup_stm32f407xx.o
 .text          0x000000000801699c        0x0 /usr/lib/gcc/arm-none-eabi/4.9.3/../../../arm-none-eabi/lib/armv7e-m/fpu/libg.a(lib_a-errno.o)
 .text          0x000000000801699c        0x0 /usr/lib/gcc/arm-none-eabi/4.9.3/../../../arm-none-eabi/lib/armv7e-m/fpu/libg.a(lib_a-impure.o)
 .text          0x000000000801699c        0x0 /usr/lib/gcc/arm-none-eabi/4.9.3/../../../arm-none-eabi/lib/armv7e-m/fpu/libg.a(lib_a-malloc.o)
 .text          0x000000000801699c        0x0 /usr/lib/gcc/arm-none-eabi/4.9.3/../../../arm-none-eabi/lib/armv7e-m/fpu/libg.a(lib_a-mallocr.o)
 .text          0x000000000801699c        0x0 /usr/lib/gcc/arm-none-eabi/4.9.3/../../../arm-none-eabi/lib/armv7e-m/fpu/libg.a(lib_a-mlock.o)
 .text          0x000000000801699c        0x0 /usr/lib/gcc/arm-none-eabi/4.9.3/../../../arm-none-eabi/lib/armv7e-m/fpu/libg.a(lib_a-sbrkr.o)
 .text          0x000000000801699c        0x0 /usr/lib/gcc/arm-none-eabi/4.9.3/../../../arm-none-eabi/lib/armv7e-m/fpu/libg.a(lib_a-strtok.o)
 .text          0x000000000801699c        0x0 /usr/lib/gcc/arm-none-eabi/4.9.3/../../../arm-none-eabi/lib/armv7e-m/fpu/libg.a(lib_a-strtok_r.o)
 .text          0x000000000801699c        0x0 /usr/lib/gcc/arm-none-eabi/4.9.3/../../../arm-none-eabi/lib/armv7e-m/fpu/libg.a(lib_a-freer.o)
 .text          0x000000000801699c        0x0 /usr/lib/gcc/arm-none-eabi/4.9.3/../../../arm-none-eabi/lib/armv7e-m/fpu/libg.a(lib_a-reent.o)
 *(.text*)
 .text.Reset_Handler
                0x000000000801699c       0x4c build/objs/startup_stm32f407xx.o
                0x000000000801699c                Reset_Handler
 .text.Default_Handler
                0x00000000080169e8        0x2 build/objs/startup_stm32f407xx.o
                0x00000000080169e8                RTC_Alarm_IRQHandler
                0x00000000080169e8                HASH_RNG_IRQHandler
                0x00000000080169e8                EXTI2_IRQHandler
                0x00000000080169e8                TIM8_CC_IRQHandler
                0x00000000080169e8                DebugMon_Handler
                0x00000000080169e8                TIM1_CC_IRQHandler
                0x00000000080169e8                DMA2_Stream5_IRQHandler
                0x00000000080169e8                HardFault_Handler
                0x00000000080169e8                DMA1_Stream5_IRQHandler
                0x00000000080169e8                PVD_IRQHandler
                0x00000000080169e8                SDIO_IRQHandler
                0x00000000080169e8                TAMP_STAMP_IRQHandler
                0x00000000080169e8                PendSV_Handler
                0x00000000080169e8                NMI_Handler
                0x00000000080169e8                CAN2_RX1_IRQHandler
                0x00000000080169e8                EXTI3_IRQHandler
                0x00000000080169e8                TIM8_TRG_COM_TIM14_IRQHandler
                0x00000000080169e8                TIM1_UP_TIM10_IRQHandler
                0x00000000080169e8                TIM8_UP_TIM13_IRQHandler
                0x00000000080169e8                I2C3_ER_IRQHandler
                0x00000000080169e8                EXTI0_IRQHandler
                0x00000000080169e8                I2C2_EV_IRQHandler
                0x00000000080169e8                DMA1_Stream2_IRQHandler
                0x00000000080169e8                CAN1_RX0_IRQHandler
                0x00000000080169e8                FPU_IRQHandler
                0x00000000080169e8                OTG_HS_WKUP_IRQHandler
                0x00000000080169e8                UsageFault_Handler
                0x00000000080169e8                CAN2_SCE_IRQHandler
                0x00000000080169e8                DMA2_Stream2_IRQHandler
                0x00000000080169e8                SPI1_IRQHandler
                0x00000000080169e8                TIM1_BRK_TIM9_IRQHandler
                0x00000000080169e8                DCMI_IRQHandler
                0x00000000080169e8                CAN2_RX0_IRQHandler
                0x00000000080169e8                DMA2_Stream3_IRQHandler
                0x00000000080169e8                USART6_IRQHandler
                0x00000000080169e8                USART3_IRQHandler
                0x00000000080169e8                CAN1_RX1_IRQHandler
                0x00000000080169e8                UART5_IRQHandler
                0x00000000080169e8                DMA2_Stream0_IRQHandler
                0x00000000080169e8                TIM4_IRQHandler
                0x00000000080169e8                I2C1_EV_IRQHandler
                0x00000000080169e8                DMA1_Stream6_IRQHandler
                0x00000000080169e8                DMA1_Stream1_IRQHandler
                0x00000000080169e8                UART4_IRQHandler
                0x00000000080169e8                TIM3_IRQHandler
                0x00000000080169e8                RCC_IRQHandler
                0x00000000080169e8                TIM8_BRK_TIM12_IRQHandler
                0x00000000080169e8                Default_Handler
                0x00000000080169e8                EXTI15_10_IRQHandler
                0x00000000080169e8                ADC_IRQHandler
                0x00000000080169e8                DMA1_Stream7_IRQHandler
                0x00000000080169e8                TIM7_IRQHandler
                0x00000000080169e8                CAN2_TX_IRQHandler
                0x00000000080169e8                TIM5_IRQHandler
                0x00000000080169e8                DMA2_Stream7_IRQHandler
                0x00000000080169e8                I2C3_EV_IRQHandler
                0x00000000080169e8                EXTI9_5_IRQHandler
                0x00000000080169e8                RTC_WKUP_IRQHandler
                0x00000000080169e8                ETH_WKUP_IRQHandler
                0x00000000080169e8                SPI2_IRQHandler
                0x00000000080169e8                OTG_HS_EP1_IN_IRQHandler
                0x00000000080169e8                MemManage_Handler
                0x00000000080169e8                DMA1_Stream0_IRQHandler
                0x00000000080169e8                CAN1_TX_IRQHandler
                0x00000000080169e8                SVC_Handler
                0x00000000080169e8                EXTI4_IRQHandler
                0x00000000080169e8                FSMC_IRQHandler
                0x00000000080169e8                ETH_IRQHandler
                0x00000000080169e8                OTG_HS_EP1_OUT_IRQHandler
                0x00000000080169e8                WWDG_IRQHandler
                0x00000000080169e8                TIM2_IRQHandler
                0x00000000080169e8                OTG_FS_WKUP_IRQHandler
                0x00000000080169e8                TIM1_TRG_COM_TIM11_IRQHandler
                0x00000000080169e8                OTG_HS_IRQHandler
                0x00000000080169e8                EXTI1_IRQHandler
                0x00000000080169e8                USART2_IRQHandler
                0x00000000080169e8                I2C2_ER_IRQHandler
                0x00000000080169e8                DMA2_Stream1_IRQHandler
                0x00000000080169e8                CAN1_SCE_IRQHandler
                0x00000000080169e8                FLASH_IRQHandler
                0x00000000080169e8                DMA2_Stream4_IRQHandler
                0x00000000080169e8                BusFault_Handler
                0x00000000080169e8                USART1_IRQHandler
                0x00000000080169e8                SPI3_IRQHandler
                0x00000000080169e8                DMA1_Stream4_IRQHandler
                0x00000000080169e8                I2C1_ER_IRQHandler
                0x00000000080169e8                DMA2_Stream6_IRQHandler
                0x00000000080169e8                DMA1_Stream3_IRQHandler
 *fill*         0x00000000080169ea        0x2 
 .text.__errno  0x00000000080169ec        0xc /usr/lib/gcc/arm-none-eabi/4.9.3/../../../arm-none-eabi/lib/armv7e-m/fpu/libg.a(lib_a-errno.o)
                0x00000000080169ec                __errno
 .text.malloc   0x00000000080169f8       0x10 /usr/lib/gcc/arm-none-eabi/4.9.3/../../../arm-none-eabi/lib/armv7e-m/fpu/libg.a(lib_a-malloc.o)
                0x00000000080169f8                malloc
 .text.free     0x0000000008016a08       0x10 /usr/lib/gcc/arm-none-eabi/4.9.3/../../../arm-none-eabi/lib/armv7e-m/fpu/libg.a(lib_a-malloc.o)
                0x0000000008016a08                free
 .text._malloc_r
                0x0000000008016a18      0x548 /usr/lib/gcc/arm-none-eabi/4.9.3/../../../arm-none-eabi/lib/armv7e-m/fpu/libg.a(lib_a-mallocr.o)
                0x0000000008016a18                _malloc_r
 .text.__malloc_lock
                0x0000000008016f60        0x4 /usr/lib/gcc/arm-none-eabi/4.9.3/../../../arm-none-eabi/lib/armv7e-m/fpu/libg.a(lib_a-mlock.o)
                0x0000000008016f60                __malloc_lock
 .text.__malloc_unlock
                0x0000000008016f64        0x4 /usr/lib/gcc/arm-none-eabi/4.9.3/../../../arm-none-eabi/lib/armv7e-m/fpu/libg.a(lib_a-mlock.o)
                0x0000000008016f64                __malloc_unlock
 .text._sbrk_r  0x0000000008016f68       0x24 /usr/lib/gcc/arm-none-eabi/4.9.3/../../../arm-none-eabi/lib/armv7e-m/fpu/libg.a(lib_a-sbrkr.o)
                0x0000000008016f68                _sbrk_r
 .text.strtok   0x0000000008016f8c       0x10 /usr/lib/gcc/arm-none-eabi/4.9.3/../../../arm-none-eabi/lib/armv7e-m/fpu/libg.a(lib_a-strtok.o)
                0x0000000008016f8c                strtok
 .text.__strtok_r
                0x0000000008016f9c       0x64 /usr/lib/gcc/arm-none-eabi/4.9.3/../../../arm-none-eabi/lib/armv7e-m/fpu/libg.a(lib_a-strtok_r.o)
                0x0000000008016f9c                __strtok_r
 .text.strtok_r
                0x0000000008017000        0x8 /usr/lib/gcc/arm-none-eabi/4.9.3/../../../arm-none-eabi/lib/armv7e-m/fpu/libg.a(lib_a-strtok_r.o)
                0x0000000008017000                strtok_r
 .text._malloc_trim_r
                0x0000000008017008       0x9c /usr/lib/gcc/arm-none-eabi/4.9.3/../../../arm-none-eabi/lib/armv7e-m/fpu/libg.a(lib_a-freer.o)
                0x0000000008017008                _malloc_trim_r
 .text._free_r  0x00000000080170a4      0x19c /usr/lib/gcc/arm-none-eabi/4.9.3/../../../arm-none-eabi/lib/armv7e-m/fpu/libg.a(lib_a-freer.o)
                0x00000000080170a4                _free_r
 .text.cleanup_glue
                0x0000000008017240       0x1c /usr/lib/gcc/arm-none-eabi/4.9.3/../../../arm-none-eabi/lib/armv7e-m/fpu/libg.a(lib_a-reent.o)
                0x0000000008017240                cleanup_glue
 .text._reclaim_reent
                0x000000000801725c       0x90 /usr/lib/gcc/arm-none-eabi/4.9.3/../../../arm-none-eabi/lib/armv7e-m/fpu/libg.a(lib_a-reent.o)
                0x000000000801725c                _reclaim_reent
 *(.glue_7)
 .glue_7        0x00000000080172ec        0x0 linker stubs
 *(.glue_7t)
 .glue_7t       0x00000000080172ec        0x0 linker stubs
 *(.eh_frame)
 *(.init)
 *(.fini)
                0x00000000080172ec                . = ALIGN (0x4)
                0x00000000080172ec                _etext = .

.vfp11_veneer   0x00000000080172ec        0x0
 .vfp11_veneer  0x00000000080172ec        0x0 linker stubs

.v4_bx          0x00000000080172ec        0x0
 .v4_bx         0x00000000080172ec        0x0 linker stubs

.iplt           0x00000000080172ec        0x0
 .iplt          0x00000000080172ec        0x0 build/objs/usbd_cdc_if.o

.rodata         0x00000000080172ec      0x484
                0x00000000080172ec                . = ALIGN (0x4)
 *(.rodata)
 .rodata        0x00000000080172ec       0x14 build/objs/main.o
 .rodata        0x0000000008017300       0x58 build/objs/usbd_desc.o
 .rodata        0x0000000008017358      0x388 build/objs/pcd8544.o
                0x0000000008017358                PCD8544_Font5x7
                0x00000000080175a0                PCD8544_Font3x5
 .rodata        0x00000000080176e0       0x50 build/objs/command_processor.o
 .rodata        0x0000000008017730        0x8 build/objs/stm32f4xx_hal_dma.o
 .rodata        0x0000000008017738       0x10 build/objs/stm32f4xx_hal_rcc.o
                0x0000000008017738                APBAHBPrescTable
 .rodata        0x0000000008017748       0x10 build/objs/stm32f4_discovery.o
                0x0000000008017748                GPIO_PIN
                0x0000000008017750                BUTTON_PIN
                0x0000000008017754                BUTTON_IRQn
 .rodata        0x0000000008017758       0x10 build/objs/system_stm32f4xx.o
                0x0000000008017758                AHBPrescTable
 *(.rodata*)
 .rodata.str1.4
                0x0000000008017768        0x4 /usr/lib/gcc/arm-none-eabi/4.9.3/../../../arm-none-eabi/lib/armv7e-m/fpu/libg.a(lib_a-impure.o)
 .rodata._global_impure_ptr
                0x000000000801776c        0x4 /usr/lib/gcc/arm-none-eabi/4.9.3/../../../arm-none-eabi/lib/armv7e-m/fpu/libg.a(lib_a-impure.o)
                0x000000000801776c                _global_impure_ptr
                0x0000000008017770                . = ALIGN (0x4)

.rel.dyn        0x0000000008017770        0x0
 .rel.iplt      0x0000000008017770        0x0 build/objs/usbd_cdc_if.o

.ARM.extab
 *(.ARM.extab* .gnu.linkonce.armextab.*)

.ARM            0x0000000008017770        0x0
                0x0000000008017770                __exidx_start = .
 *(.ARM.exidx*)
                0x0000000008017770                __exidx_end = .

.preinit_array  0x0000000008017770        0x0
                [!provide]                        PROVIDE (__preinit_array_start, .)
 *(.preinit_array*)
                [!provide]                        PROVIDE (__preinit_array_end, .)

.init_array     0x0000000008017770        0x0
                [!provide]                        PROVIDE (__init_array_start, .)
 *(SORT(.init_array.*))
 *(.init_array*)
                [!provide]                        PROVIDE (__init_array_end, .)

.fini_array     0x0000000008017770        0x0
                [!provide]                        PROVIDE (__fini_array_start, .)
 *(SORT(.fini_array.*))
 *(.fini_array*)
                [!provide]                        PROVIDE (__fini_array_end, .)
                0x0000000008017770                _sidata = LOADADDR (.data)

.data           0x0000000020000000      0xab4 load address 0x0000000008017770
                0x0000000020000000                . = ALIGN (0x4)
                0x0000000020000000                _sdata = .
 *(.data)
 .data          0x0000000020000000       0x10 build/objs/usbd_cdc_if.o
                0x0000000020000000                USBD_Interface_fops_FS
 .data          0x0000000020000010        0x0 build/objs/usbd_conf.o
 .data          0x0000000020000010        0x0 build/objs/syscalls.o
 .data          0x0000000020000010        0x0 build/objs/stm32f4xx_hal_msp.o
 .data          0x0000000020000010        0x0 build/objs/gpio.o
 .data          0x0000000020000010        0x0 build/objs/SSR.o
 .data          0x0000000020000010        0x0 build/objs/MAX31855.o
 .data          0x0000000020000010        0x0 build/objs/main.o
 .data          0x0000000020000010        0x0 build/objs/stm32f4xx_it.o
 .data          0x0000000020000010        0x0 build/objs/usb_device.o
 .data          0x0000000020000010       0x34 build/objs/usbd_desc.o
                0x0000000020000010                FS_Desc
                0x000000002000002c                USBD_FS_DeviceDesc
                0x0000000020000040                USBD_LangIDDesc
 .data          0x0000000020000044       0xcc build/objs/pcd8544.o
                0x0000000020000044                brightness_levels
 .data          0x0000000020000110       0x20 build/objs/command_processor.o
                0x0000000020000110                allowed_commands
 .data          0x0000000020000130        0x0 build/objs/stm32f4xx_hal_dsi.o
 .data          0x0000000020000130        0x0 build/objs/stm32f4xx_hal_pcd.o
 .data          0x0000000020000130        0x0 build/objs/stm32f4xx_hal_irda.o
 .data          0x0000000020000130        0x0 build/objs/stm32f4xx_ll_fsmc.o
 .data          0x0000000020000130        0x0 build/objs/stm32f4xx_hal_cec.o
 .data          0x0000000020000130        0x0 build/objs/stm32f4xx_hal_timebase_tim_template.o
 .data          0x0000000020000130        0x0 build/objs/stm32f4xx_ll_usb.o
 .data          0x0000000020000130        0x0 build/objs/stm32f4xx_hal.o
 .data          0x0000000020000130        0x0 build/objs/stm32f4xx_hal_dcmi_ex.o
 .data          0x0000000020000130        0x0 build/objs/stm32f4xx_hal_flash_ex.o
 .data          0x0000000020000130        0x0 build/objs/stm32f4xx_hal_cryp.o
 .data          0x0000000020000130        0x0 build/objs/stm32f4xx_hal_rng.o
 .data          0x0000000020000130        0x0 build/objs/stm32f4xx_hal_nand.o
 .data          0x0000000020000130        0x0 build/objs/stm32f4xx_hal_gpio.o
 .data          0x0000000020000130        0x0 build/objs/stm32f4xx_hal_ltdc.o
 .data          0x0000000020000130        0x0 build/objs/stm32f4xx_hal_hcd.o
 .data          0x0000000020000130        0x0 build/objs/stm32f4xx_hal_pcd_ex.o
 .data          0x0000000020000130        0x0 build/objs/stm32f4xx_hal_adc.o
 .data          0x0000000020000130        0x0 build/objs/stm32f4xx_hal_adc_ex.o
 .data          0x0000000020000130        0x0 build/objs/stm32f4xx_hal_lptim.o
 .data          0x0000000020000130        0x0 build/objs/stm32f4xx_hal_spi.o
 .data          0x0000000020000130        0x0 build/objs/stm32f4xx_hal_i2c.o
 .data          0x0000000020000130        0x0 build/objs/stm32f4xx_hal_fmpi2c.o
 .data          0x0000000020000130        0x0 build/objs/stm32f4xx_hal_smartcard.o
 .data          0x0000000020000130        0x0 build/objs/stm32f4xx_hal_pccard.o
 .data          0x0000000020000130        0x0 build/objs/stm32f4xx_hal_dma2d.o
 .data          0x0000000020000130        0x0 build/objs/stm32f4xx_hal_sai.o
 .data          0x0000000020000130        0x0 build/objs/stm32f4xx_hal_cryp_ex.o
 .data          0x0000000020000130        0x0 build/objs/stm32f4xx_hal_rcc_ex.o
 .data          0x0000000020000130        0x0 build/objs/stm32f4xx_ll_fmc.o
 .data          0x0000000020000130        0x0 build/objs/stm32f4xx_hal_ltdc_ex.o
 .data          0x0000000020000130        0x0 build/objs/stm32f4xx_hal_flash_ramfunc.o
 .data          0x0000000020000130        0x0 build/objs/stm32f4xx_hal_cortex.o
 .data          0x0000000020000130        0x0 build/objs/stm32f4xx_hal_iwdg.o
 .data          0x0000000020000130        0x0 build/objs/stm32f4xx_hal_uart.o
 .data          0x0000000020000130        0x0 build/objs/stm32f4xx_hal_tim_ex.o
 .data          0x0000000020000130        0x0 build/objs/stm32f4xx_hal_i2c_ex.o
 .data          0x0000000020000130        0x0 build/objs/stm32f4xx_hal_dma.o
 .data          0x0000000020000130        0x0 build/objs/stm32f4xx_hal_dac.o
 .data          0x0000000020000130        0x0 build/objs/stm32f4xx_hal_spdifrx.o
 .data          0x0000000020000130        0x0 build/objs/stm32f4xx_hal_fmpi2c_ex.o
 .data          0x0000000020000130        0x0 build/objs/stm32f4xx_ll_sdmmc.o
 .data          0x0000000020000130        0x0 build/objs/stm32f4xx_hal_i2s_ex.o
 .data          0x0000000020000130        0x0 build/objs/stm32f4xx_hal_can.o
 .data          0x0000000020000130        0x0 build/objs/stm32f4xx_hal_nor.o
 .data          0x0000000020000130        0x0 build/objs/stm32f4xx_hal_pwr.o
 .data          0x0000000020000130        0x0 build/objs/stm32f4xx_hal_rtc.o
 .data          0x0000000020000130        0x0 build/objs/stm32f4xx_hal_qspi.o
 .data          0x0000000020000130        0x0 build/objs/stm32f4xx_hal_hash_ex.o
 .data          0x0000000020000130        0x0 build/objs/stm32f4xx_hal_i2s.o
 .data          0x0000000020000130        0x0 build/objs/stm32f4xx_hal_sram.o
 .data          0x0000000020000130        0x0 build/objs/stm32f4xx_hal_hash.o
 .data          0x0000000020000130        0x0 build/objs/stm32f4xx_hal_eth.o
 .data          0x0000000020000130        0x0 build/objs/stm32f4xx_hal_tim.o
 .data          0x0000000020000130        0x0 build/objs/stm32f4xx_hal_dma_ex.o
 .data          0x0000000020000130        0x0 build/objs/stm32f4xx_hal_sd.o
 .data          0x0000000020000130        0x0 build/objs/stm32f4xx_hal_sai_ex.o
 .data          0x0000000020000130        0x0 build/objs/stm32f4xx_hal_rcc.o
 .data          0x0000000020000130        0x0 build/objs/stm32f4xx_hal_wwdg.o
 .data          0x0000000020000130        0x0 build/objs/stm32f4xx_hal_dac_ex.o
 .data          0x0000000020000130        0x0 build/objs/stm32f4xx_hal_rtc_ex.o
 .data          0x0000000020000130        0x0 build/objs/stm32f4xx_hal_pwr_ex.o
 .data          0x0000000020000130        0x0 build/objs/stm32f4xx_hal_dcmi.o
 .data          0x0000000020000130        0x0 build/objs/stm32f4xx_hal_sdram.o
 .data          0x0000000020000130        0x0 build/objs/stm32f4xx_hal_flash.o
 .data          0x0000000020000130        0x0 build/objs/stm32f4xx_hal_crc.o
 .data          0x0000000020000130        0x0 build/objs/stm32f4xx_hal_usart.o
 .data          0x0000000020000130       0x1c build/objs/stm32f4_discovery.o
                0x0000000020000130                GPIO_PORT
                0x0000000020000140                BUTTON_PORT
                0x0000000020000144                I2cxTimeout
                0x0000000020000148                SpixTimeout
 .data          0x000000002000014c        0x4 build/objs/system_stm32f4xx.o
                0x000000002000014c                SystemCoreClock
 .data          0x0000000020000150        0x0 build/objs/usbd_core.o
 .data          0x0000000020000150        0x0 build/objs/usbd_ctlreq.o
 .data          0x0000000020000150        0x0 build/objs/usbd_ioreq.o
 .data          0x0000000020000150       0x18 build/objs/usbd_cdc_if_template.o
                0x0000000020000150                USBD_CDC_Template_fops
                0x0000000020000160                linecoding
 .data          0x0000000020000168      0x110 build/objs/usbd_cdc.o
                0x0000000020000174                USBD_CDC
                0x00000000200001ac                USBD_CDC_CfgHSDesc
                0x00000000200001f0                USBD_CDC_CfgFSDesc
                0x0000000020000234                USBD_CDC_OtherSpeedCfgDesc
 .data          0x0000000020000278        0x0 build/objs/startup_stm32f407xx.o
 .data          0x0000000020000278        0x0 /usr/lib/gcc/arm-none-eabi/4.9.3/../../../arm-none-eabi/lib/armv7e-m/fpu/libg.a(lib_a-errno.o)
 .data          0x0000000020000278        0x0 /usr/lib/gcc/arm-none-eabi/4.9.3/../../../arm-none-eabi/lib/armv7e-m/fpu/libg.a(lib_a-impure.o)
 .data          0x0000000020000278        0x0 /usr/lib/gcc/arm-none-eabi/4.9.3/../../../arm-none-eabi/lib/armv7e-m/fpu/libg.a(lib_a-malloc.o)
 .data          0x0000000020000278        0x0 /usr/lib/gcc/arm-none-eabi/4.9.3/../../../arm-none-eabi/lib/armv7e-m/fpu/libg.a(lib_a-mallocr.o)
 .data          0x0000000020000278        0x0 /usr/lib/gcc/arm-none-eabi/4.9.3/../../../arm-none-eabi/lib/armv7e-m/fpu/libg.a(lib_a-mlock.o)
 .data          0x0000000020000278        0x0 /usr/lib/gcc/arm-none-eabi/4.9.3/../../../arm-none-eabi/lib/armv7e-m/fpu/libg.a(lib_a-sbrkr.o)
 .data          0x0000000020000278        0x0 /usr/lib/gcc/arm-none-eabi/4.9.3/../../../arm-none-eabi/lib/armv7e-m/fpu/libg.a(lib_a-strtok.o)
 .data          0x0000000020000278        0x0 /usr/lib/gcc/arm-none-eabi/4.9.3/../../../arm-none-eabi/lib/armv7e-m/fpu/libg.a(lib_a-strtok_r.o)
 .data          0x0000000020000278        0x0 /usr/lib/gcc/arm-none-eabi/4.9.3/../../../arm-none-eabi/lib/armv7e-m/fpu/libg.a(lib_a-freer.o)
 .data          0x0000000020000278        0x0 /usr/lib/gcc/arm-none-eabi/4.9.3/../../../arm-none-eabi/lib/armv7e-m/fpu/libg.a(lib_a-reent.o)
 *(.data*)
 .data.impure_data
                0x0000000020000278      0x428 /usr/lib/gcc/arm-none-eabi/4.9.3/../../../arm-none-eabi/lib/armv7e-m/fpu/libg.a(lib_a-impure.o)
 .data._impure_ptr
                0x00000000200006a0        0x4 /usr/lib/gcc/arm-none-eabi/4.9.3/../../../arm-none-eabi/lib/armv7e-m/fpu/libg.a(lib_a-impure.o)
                0x00000000200006a0                _impure_ptr
 .data.__malloc_av_
                0x00000000200006a4      0x408 /usr/lib/gcc/arm-none-eabi/4.9.3/../../../arm-none-eabi/lib/armv7e-m/fpu/libg.a(lib_a-mallocr.o)
                0x00000000200006a4                __malloc_av_
 .data.__malloc_trim_threshold
                0x0000000020000aac        0x4 /usr/lib/gcc/arm-none-eabi/4.9.3/../../../arm-none-eabi/lib/armv7e-m/fpu/libg.a(lib_a-mallocr.o)
                0x0000000020000aac                __malloc_trim_threshold
 .data.__malloc_sbrk_base
                0x0000000020000ab0        0x4 /usr/lib/gcc/arm-none-eabi/4.9.3/../../../arm-none-eabi/lib/armv7e-m/fpu/libg.a(lib_a-mallocr.o)
                0x0000000020000ab0                __malloc_sbrk_base
                0x0000000020000ab4                . = ALIGN (0x4)
                0x0000000020000ab4                _edata = .
                0x0000000008018224                _siccmram = LOADADDR (.ccmram)

.igot.plt       0x0000000020000ab4        0x0 load address 0x0000000008018224
 .igot.plt      0x0000000020000ab4        0x0 build/objs/usbd_cdc_if.o

.ccmram         0x0000000010000000        0x0 load address 0x0000000008018224
                0x0000000010000000                . = ALIGN (0x4)
                0x0000000010000000                _sccmram = .
 *(.ccmram)
 *(.ccmram*)
                0x0000000010000000                . = ALIGN (0x4)
                0x0000000010000000                _eccmram = .
                0x0000000010000000                . = ALIGN (0x4)

.bss            0x0000000020000ab4      0xc60
                0x0000000020000ab4                _sbss = .
                0x0000000020000ab4                __bss_start__ = _sbss
 *(.bss)
 .bss           0x0000000020000ab4        0x0 build/objs/usbd_cdc_if.o
 .bss           0x0000000020000ab4        0x0 build/objs/usbd_conf.o
 .bss           0x0000000020000ab4        0x4 build/objs/syscalls.o
 .bss           0x0000000020000ab8        0x0 build/objs/stm32f4xx_hal_msp.o
 .bss           0x0000000020000ab8        0x0 build/objs/gpio.o
 .bss           0x0000000020000ab8        0x0 build/objs/SSR.o
 .bss           0x0000000020000ab8        0x0 build/objs/MAX31855.o
 .bss           0x0000000020000ab8        0x0 build/objs/main.o
 .bss           0x0000000020000ab8        0x0 build/objs/stm32f4xx_it.o
 .bss           0x0000000020000ab8        0x0 build/objs/usb_device.o
 .bss           0x0000000020000ab8        0x0 build/objs/usbd_desc.o
 .bss           0x0000000020000ab8        0x4 build/objs/pcd8544.o
                0x0000000020000ab8                PCD8544_UpdateXmin
                0x0000000020000ab9                PCD8544_UpdateXmax
                0x0000000020000aba                PCD8544_UpdateYmin
                0x0000000020000abb                PCD8544_UpdateYmax
 .bss           0x0000000020000abc        0x8 build/objs/command_processor.o
                0x0000000020000abc                reflow_list
                0x0000000020000ac0                current_pos
 .bss           0x0000000020000ac4        0x0 build/objs/stm32f4xx_hal_dsi.o
 .bss           0x0000000020000ac4        0x0 build/objs/stm32f4xx_hal_pcd.o
 .bss           0x0000000020000ac4        0x0 build/objs/stm32f4xx_hal_irda.o
 .bss           0x0000000020000ac4        0x0 build/objs/stm32f4xx_ll_fsmc.o
 .bss           0x0000000020000ac4        0x0 build/objs/stm32f4xx_hal_cec.o
 .bss           0x0000000020000ac4        0x0 build/objs/stm32f4xx_hal_timebase_tim_template.o
 .bss           0x0000000020000ac4        0x4 build/objs/stm32f4xx_ll_usb.o
 .bss           0x0000000020000ac8        0x0 build/objs/stm32f4xx_hal.o
 .bss           0x0000000020000ac8        0x0 build/objs/stm32f4xx_hal_dcmi_ex.o
 .bss           0x0000000020000ac8        0x0 build/objs/stm32f4xx_hal_flash_ex.o
 .bss           0x0000000020000ac8        0x0 build/objs/stm32f4xx_hal_cryp.o
 .bss           0x0000000020000ac8        0x0 build/objs/stm32f4xx_hal_rng.o
 .bss           0x0000000020000ac8        0x0 build/objs/stm32f4xx_hal_nand.o
[...]
USBD_LL_SOF                                       build/objs/usbd_core.o
                                                  build/objs/usbd_conf.o
USBD_LL_SetSpeed                                  build/objs/usbd_core.o
                                                  build/objs/usbd_conf.o
USBD_LL_SetUSBAddress                             build/objs/usbd_conf.o
                                                  build/objs/usbd_ctlreq.o
USBD_LL_SetupStage                                build/objs/usbd_core.o
                                                  build/objs/usbd_conf.o
USBD_LL_StallEP                                   build/objs/usbd_conf.o
                                                  build/objs/usbd_ctlreq.o
                                                  build/objs/usbd_core.o
USBD_LL_Start                                     build/objs/usbd_conf.o
                                                  build/objs/usbd_core.o
USBD_LL_Stop                                      build/objs/usbd_conf.o
                                                  build/objs/usbd_core.o
USBD_LL_Suspend                                   build/objs/usbd_core.o
                                                  build/objs/usbd_conf.o
USBD_LL_Transmit                                  build/objs/usbd_conf.o
                                                  build/objs/usbd_cdc.o
                                                  build/objs/usbd_ioreq.o
USBD_LangIDDesc                                   build/objs/usbd_desc.o
USBD_ParseSetupRequest                            build/objs/usbd_ctlreq.o
                                                  build/objs/usbd_core.o
USBD_RegisterClass                                build/objs/usbd_core.o
                                                  build/objs/usb_device.o
USBD_RunTestMode                                  build/objs/usbd_core.o
USBD_SetClassConfig                               build/objs/usbd_core.o
                                                  build/objs/usbd_ctlreq.o
USBD_Start                                        build/objs/usbd_core.o
                                                  build/objs/usb_device.o
USBD_StdDevReq                                    build/objs/usbd_ctlreq.o
                                                  build/objs/usbd_core.o
USBD_StdEPReq                                     build/objs/usbd_ctlreq.o
                                                  build/objs/usbd_core.o
USBD_StdItfReq                                    build/objs/usbd_ctlreq.o
                                                  build/objs/usbd_core.o
USBD_Stop                                         build/objs/usbd_core.o
USBD_StrDesc                                      build/objs/usbd_desc.o
USB_ActivateDedicatedEndpoint                     build/objs/stm32f4xx_ll_usb.o
USB_ActivateEndpoint                              build/objs/stm32f4xx_ll_usb.o
                                                  build/objs/stm32f4xx_hal_pcd.o
USB_ActivateSetup                                 build/objs/stm32f4xx_ll_usb.o
                                                  build/objs/stm32f4xx_hal_pcd.o
USB_ClearInterrupts                               build/objs/stm32f4xx_ll_usb.o
USB_CoreInit                                      build/objs/stm32f4xx_ll_usb.o
                                                  build/objs/stm32f4xx_hal_pcd.o
USB_DeactivateDedicatedEndpoint                   build/objs/stm32f4xx_ll_usb.o
USB_DeactivateEndpoint                            build/objs/stm32f4xx_ll_usb.o
                                                  build/objs/stm32f4xx_hal_pcd.o
USB_DevConnect                                    build/objs/stm32f4xx_ll_usb.o
                                                  build/objs/stm32f4xx_hal_pcd.o
USB_DevDisconnect                                 build/objs/stm32f4xx_ll_usb.o
                                                  build/objs/stm32f4xx_hal_pcd.o
USB_DevInit                                       build/objs/stm32f4xx_ll_usb.o
                                                  build/objs/stm32f4xx_hal_pcd.o
USB_DisableGlobalInt                              build/objs/stm32f4xx_ll_usb.o
                                                  build/objs/stm32f4xx_hal_pcd.o
USB_DoPing                                        build/objs/stm32f4xx_ll_usb.o
USB_DriveVbus                                     build/objs/stm32f4xx_ll_usb.o
USB_EP0StartXfer                                  build/objs/stm32f4xx_ll_usb.o
                                                  build/objs/stm32f4xx_hal_pcd.o
USB_EP0_OutStart                                  build/objs/stm32f4xx_ll_usb.o
                                                  build/objs/stm32f4xx_hal_pcd.o
USB_EPClearStall                                  build/objs/stm32f4xx_ll_usb.o
                                                  build/objs/stm32f4xx_hal_pcd.o
USB_EPSetStall                                    build/objs/stm32f4xx_ll_usb.o
                                                  build/objs/stm32f4xx_hal_pcd.o
USB_EPStartXfer                                   build/objs/stm32f4xx_ll_usb.o
                                                  build/objs/stm32f4xx_hal_pcd.o
USB_EnableGlobalInt                               build/objs/stm32f4xx_ll_usb.o
                                                  build/objs/stm32f4xx_hal_pcd.o
USB_FlushRxFifo                                   build/objs/stm32f4xx_ll_usb.o
                                                  build/objs/stm32f4xx_hal_pcd.o
USB_FlushTxFifo                                   build/objs/stm32f4xx_ll_usb.o
                                                  build/objs/stm32f4xx_hal_pcd.o
USB_GetCurrentFrame                               build/objs/stm32f4xx_ll_usb.o
USB_GetDevSpeed                                   build/objs/stm32f4xx_ll_usb.o
                                                  build/objs/stm32f4xx_hal_pcd.o
USB_GetHostSpeed                                  build/objs/stm32f4xx_ll_usb.o
USB_GetMode                                       build/objs/stm32f4xx_ll_usb.o
                                                  build/objs/stm32f4xx_hal_pcd.o
USB_HC_Halt                                       build/objs/stm32f4xx_ll_usb.o
USB_HC_Init                                       build/objs/stm32f4xx_ll_usb.o
USB_HC_ReadInterrupt                              build/objs/stm32f4xx_ll_usb.o
USB_HC_StartXfer                                  build/objs/stm32f4xx_ll_usb.o
USB_HostInit                                      build/objs/stm32f4xx_ll_usb.o
USB_InitFSLSPClkSel                               build/objs/stm32f4xx_ll_usb.o
USB_ReadDevAllInEpInterrupt                       build/objs/stm32f4xx_ll_usb.o
                                                  build/objs/stm32f4xx_hal_pcd.o
USB_ReadDevAllOutEpInterrupt                      build/objs/stm32f4xx_ll_usb.o
                                                  build/objs/stm32f4xx_hal_pcd.o
USB_ReadDevInEPInterrupt                          build/objs/stm32f4xx_ll_usb.o
                                                  build/objs/stm32f4xx_hal_pcd.o
USB_ReadDevOutEPInterrupt                         build/objs/stm32f4xx_ll_usb.o
                                                  build/objs/stm32f4xx_hal_pcd.o
USB_ReadInterrupts                                build/objs/stm32f4xx_ll_usb.o
                                                  build/objs/stm32f4xx_hal_pcd.o
USB_ReadPacket                                    build/objs/stm32f4xx_ll_usb.o
                                                  build/objs/stm32f4xx_hal_pcd.o
USB_ResetPort                                     build/objs/stm32f4xx_ll_usb.o
USB_SetCurrentMode                                build/objs/stm32f4xx_ll_usb.o
                                                  build/objs/stm32f4xx_hal_pcd.o
USB_SetDevAddress                                 build/objs/stm32f4xx_ll_usb.o
                                                  build/objs/stm32f4xx_hal_pcd.o
USB_SetDevSpeed                                   build/objs/stm32f4xx_ll_usb.o
USB_StopDevice                                    build/objs/stm32f4xx_ll_usb.o
                                                  build/objs/stm32f4xx_hal_pcd.o
USB_StopHost                                      build/objs/stm32f4xx_ll_usb.o
USB_WritePacket                                   build/objs/stm32f4xx_ll_usb.o
                                                  build/objs/stm32f4xx_hal_pcd.o
UsageFault_Handler                                build/objs/startup_stm32f407xx.o
UserRxBufferFS                                    build/objs/usbd_cdc_if.o
UserTxBufferFS                                    build/objs/usbd_cdc_if.o
WWDG_IRQHandler                                   build/objs/startup_stm32f407xx.o
__errno                                           /usr/lib/gcc/arm-none-eabi/4.9.3/../../../arm-none-eabi/lib/armv7e-m/fpu/libg.a(lib_a-errno.o)
                                                  build/objs/syscalls.o
__io_getchar                                      build/objs/syscalls.o
__io_putchar                                      build/objs/syscalls.o
__malloc_av_                                      /usr/lib/gcc/arm-none-eabi/4.9.3/../../../arm-none-eabi/lib/armv7e-m/fpu/libg.a(lib_a-mallocr.o)
                                                  /usr/lib/gcc/arm-none-eabi/4.9.3/../../../arm-none-eabi/lib/armv7e-m/fpu/libg.a(lib_a-freer.o)
__malloc_current_mallinfo                         /usr/lib/gcc/arm-none-eabi/4.9.3/../../../arm-none-eabi/lib/armv7e-m/fpu/libg.a(lib_a-mallocr.o)
                                                  /usr/lib/gcc/arm-none-eabi/4.9.3/../../../arm-none-eabi/lib/armv7e-m/fpu/libg.a(lib_a-freer.o)
__malloc_lock                                     /usr/lib/gcc/arm-none-eabi/4.9.3/../../../arm-none-eabi/lib/armv7e-m/fpu/libg.a(lib_a-mlock.o)
                                                  /usr/lib/gcc/arm-none-eabi/4.9.3/../../../arm-none-eabi/lib/armv7e-m/fpu/libg.a(lib_a-freer.o)
                                                  /usr/lib/gcc/arm-none-eabi/4.9.3/../../../arm-none-eabi/lib/armv7e-m/fpu/libg.a(lib_a-mallocr.o)
__malloc_max_sbrked_mem                           /usr/lib/gcc/arm-none-eabi/4.9.3/../../../arm-none-eabi/lib/armv7e-m/fpu/libg.a(lib_a-mallocr.o)
__malloc_max_total_mem                            /usr/lib/gcc/arm-none-eabi/4.9.3/../../../arm-none-eabi/lib/armv7e-m/fpu/libg.a(lib_a-mallocr.o)
__malloc_sbrk_base                                /usr/lib/gcc/arm-none-eabi/4.9.3/../../../arm-none-eabi/lib/armv7e-m/fpu/libg.a(lib_a-mallocr.o)
                                                  /usr/lib/gcc/arm-none-eabi/4.9.3/../../../arm-none-eabi/lib/armv7e-m/fpu/libg.a(lib_a-freer.o)
__malloc_top_pad                                  /usr/lib/gcc/arm-none-eabi/4.9.3/../../../arm-none-eabi/lib/armv7e-m/fpu/libg.a(lib_a-mallocr.o)
                                                  /usr/lib/gcc/arm-none-eabi/4.9.3/../../../arm-none-eabi/lib/armv7e-m/fpu/libg.a(lib_a-freer.o)
__malloc_trim_threshold                           /usr/lib/gcc/arm-none-eabi/4.9.3/../../../arm-none-eabi/lib/armv7e-m/fpu/libg.a(lib_a-mallocr.o)
                                                  /usr/lib/gcc/arm-none-eabi/4.9.3/../../../arm-none-eabi/lib/armv7e-m/fpu/libg.a(lib_a-freer.o)
__malloc_unlock                                   /usr/lib/gcc/arm-none-eabi/4.9.3/../../../arm-none-eabi/lib/armv7e-m/fpu/libg.a(lib_a-mlock.o)
                                                  /usr/lib/gcc/arm-none-eabi/4.9.3/../../../arm-none-eabi/lib/armv7e-m/fpu/libg.a(lib_a-freer.o)
                                                  /usr/lib/gcc/arm-none-eabi/4.9.3/../../../arm-none-eabi/lib/armv7e-m/fpu/libg.a(lib_a-mallocr.o)
__strtok_r                                        /usr/lib/gcc/arm-none-eabi/4.9.3/../../../arm-none-eabi/lib/armv7e-m/fpu/libg.a(lib_a-strtok_r.o)
                                                  /usr/lib/gcc/arm-none-eabi/4.9.3/../../../arm-none-eabi/lib/armv7e-m/fpu/libg.a(lib_a-strtok.o)
_close                                            build/objs/syscalls.o
_ebss                                             build/objs/startup_stm32f407xx.o
_edata                                            build/objs/startup_stm32f407xx.o
_estack                                           build/objs/startup_stm32f407xx.o
_execve                                           build/objs/syscalls.o
_exit                                             build/objs/syscalls.o
_fork                                             build/objs/syscalls.o
_free_r                                           /usr/lib/gcc/arm-none-eabi/4.9.3/../../../arm-none-eabi/lib/armv7e-m/fpu/libg.a(lib_a-freer.o)
                                                  /usr/lib/gcc/arm-none-eabi/4.9.3/../../../arm-none-eabi/lib/armv7e-m/fpu/libg.a(lib_a-reent.o)
                                                  /usr/lib/gcc/arm-none-eabi/4.9.3/../../../arm-none-eabi/lib/armv7e-m/fpu/libg.a(lib_a-mallocr.o)
                                                  /usr/lib/gcc/arm-none-eabi/4.9.3/../../../arm-none-eabi/lib/armv7e-m/fpu/libg.a(lib_a-malloc.o)
_fstat                                            build/objs/syscalls.o
_getpid                                           build/objs/syscalls.o
_gettimeofday                                     build/objs/syscalls.o
_global_impure_ptr                                /usr/lib/gcc/arm-none-eabi/4.9.3/../../../arm-none-eabi/lib/armv7e-m/fpu/libg.a(lib_a-impure.o)
_impure_ptr                                       /usr/lib/gcc/arm-none-eabi/4.9.3/../../../arm-none-eabi/lib/armv7e-m/fpu/libg.a(lib_a-impure.o)
                                                  /usr/lib/gcc/arm-none-eabi/4.9.3/../../../arm-none-eabi/lib/armv7e-m/fpu/libg.a(lib_a-reent.o)
                                                  /usr/lib/gcc/arm-none-eabi/4.9.3/../../../arm-none-eabi/lib/armv7e-m/fpu/libg.a(lib_a-strtok.o)
                                                  /usr/lib/gcc/arm-none-eabi/4.9.3/../../../arm-none-eabi/lib/armv7e-m/fpu/libg.a(lib_a-malloc.o)
                                                  /usr/lib/gcc/arm-none-eabi/4.9.3/../../../arm-none-eabi/lib/armv7e-m/fpu/libg.a(lib_a-errno.o)
_isatty                                           build/objs/syscalls.o
_kill                                             build/objs/syscalls.o
_link                                             build/objs/syscalls.o
_lseek                                            build/objs/syscalls.o
_malloc_r                                         /usr/lib/gcc/arm-none-eabi/4.9.3/../../../arm-none-eabi/lib/armv7e-m/fpu/libg.a(lib_a-mallocr.o)
                                                  /usr/lib/gcc/arm-none-eabi/4.9.3/../../../arm-none-eabi/lib/armv7e-m/fpu/libg.a(lib_a-malloc.o)
_malloc_trim_r                                    /usr/lib/gcc/arm-none-eabi/4.9.3/../../../arm-none-eabi/lib/armv7e-m/fpu/libg.a(lib_a-freer.o)
_open                                             build/objs/syscalls.o
_read                                             build/objs/syscalls.o
_reclaim_reent                                    /usr/lib/gcc/arm-none-eabi/4.9.3/../../../arm-none-eabi/lib/armv7e-m/fpu/libg.a(lib_a-reent.o)
_sbrk                                             build/objs/syscalls.o
                                                  /usr/lib/gcc/arm-none-eabi/4.9.3/../../../arm-none-eabi/lib/armv7e-m/fpu/libg.a(lib_a-sbrkr.o)
_sbrk_r                                           /usr/lib/gcc/arm-none-eabi/4.9.3/../../../arm-none-eabi/lib/armv7e-m/fpu/libg.a(lib_a-sbrkr.o)
                                                  /usr/lib/gcc/arm-none-eabi/4.9.3/../../../arm-none-eabi/lib/armv7e-m/fpu/libg.a(lib_a-freer.o)
                                                  /usr/lib/gcc/arm-none-eabi/4.9.3/../../../arm-none-eabi/lib/armv7e-m/fpu/libg.a(lib_a-mallocr.o)
_sbss                                             build/objs/startup_stm32f407xx.o
_sdata                                            build/objs/startup_stm32f407xx.o
_sidata                                           build/objs/startup_stm32f407xx.o
_stat                                             build/objs/syscalls.o
_times                                            build/objs/syscalls.o
_unlink                                           build/objs/syscalls.o
_wait                                             build/objs/syscalls.o
_write                                            build/objs/syscalls.o
allowed_commands                                  build/objs/command_processor.o
brightness_levels                                 build/objs/pcd8544.o
cleanup_glue                                      /usr/lib/gcc/arm-none-eabi/4.9.3/../../../arm-none-eabi/lib/armv7e-m/fpu/libg.a(lib_a-reent.o)
cmd_proc_receive_data                             build/objs/command_processor.o
                                                  build/objs/usbd_cdc_if.o
current_pos                                       build/objs/command_processor.o
end                                               build/objs/syscalls.o
errno                                             /usr/lib/gcc/arm-none-eabi/4.9.3/../../../arm-none-eabi/lib/armv7e-m/fpu/libg.a(lib_a-reent.o)
                                                  /usr/lib/gcc/arm-none-eabi/4.9.3/../../../arm-none-eabi/lib/armv7e-m/fpu/libg.a(lib_a-sbrkr.o)
free                                              /usr/lib/gcc/arm-none-eabi/4.9.3/../../../arm-none-eabi/lib/armv7e-m/fpu/libg.a(lib_a-malloc.o)
                                                  build/objs/usbd_cdc.o
g_pfnVectors                                      build/objs/startup_stm32f407xx.o
hSPI                                              build/objs/pcd8544.o
                                                  build/objs/MAX31855.o
hTIM                                              build/objs/pcd8544.o
                                                  build/objs/SSR.o
hUsbDeviceFS                                      build/objs/usb_device.o
                                                  build/objs/main.o
                                                  build/objs/usbd_cdc_if.o
hUsbDevice_0                                      build/objs/usbd_cdc_if.o
hpcd_USB_OTG_FS                                   build/objs/usbd_conf.o
                                                  build/objs/stm32f4xx_it.o
initialise_monitor_handles                        build/objs/syscalls.o
linecoding                                        build/objs/usbd_cdc_if_template.o
main                                              build/objs/main.o
                                                  build/objs/startup_stm32f407xx.o
malloc                                            /usr/lib/gcc/arm-none-eabi/4.9.3/../../../arm-none-eabi/lib/armv7e-m/fpu/libg.a(lib_a-malloc.o)
                                                  build/objs/usbd_cdc.o
                                                  build/objs/command_processor.o
pFlash                                            build/objs/stm32f4xx_hal_flash.o
                                                  build/objs/stm32f4xx_hal_flash_ex.o
reflow_list                                       build/objs/command_processor.o
single_line                                       build/objs/command_processor.o
strtok                                            /usr/lib/gcc/arm-none-eabi/4.9.3/../../../arm-none-eabi/lib/armv7e-m/fpu/libg.a(lib_a-strtok.o)
                                                  build/objs/command_processor.o
strtok_r                                          /usr/lib/gcc/arm-none-eabi/4.9.3/../../../arm-none-eabi/lib/armv7e-m/fpu/libg.a(lib_a-strtok_r.o)
uwTick                                            build/objs/stm32f4xx_hal.o
