Archive member included to satisfy reference by file (symbol)

/usr/lib/gcc/arm-none-eabi/4.9.3/armv7e-m/fpu/libgcc.a(_arm_addsubdf3.o)
                              build/objs/MAX31855.o (__aeabi_ui2d)
/usr/lib/gcc/arm-none-eabi/4.9.3/armv7e-m/fpu/libgcc.a(_arm_muldivdf3.o)
                              build/objs/MAX31855.o (__aeabi_dmul)
/usr/lib/gcc/arm-none-eabi/4.9.3/armv7e-m/fpu/libgcc.a(_arm_truncdfsf2.o)
                              build/objs/MAX31855.o (__aeabi_d2f)
/usr/lib/gcc/arm-none-eabi/4.9.3/../../../arm-none-eabi/lib/armv7e-m/fpu/libg.a(lib_a-atof.o)
                              build/objs/reflow_process.o (atof)
/usr/lib/gcc/arm-none-eabi/4.9.3/../../../arm-none-eabi/lib/armv7e-m/fpu/libg.a(lib_a-atoi.o)
                              build/objs/main.o (atoi)
/usr/lib/gcc/arm-none-eabi/4.9.3/../../../arm-none-eabi/lib/armv7e-m/fpu/libg.a(lib_a-errno.o)
                              build/objs/syscalls.o (__errno)
/usr/lib/gcc/arm-none-eabi/4.9.3/../../../arm-none-eabi/lib/armv7e-m/fpu/libg.a(lib_a-impure.o)
                              /usr/lib/gcc/arm-none-eabi/4.9.3/../../../arm-none-eabi/lib/armv7e-m/fpu/libg.a(lib_a-errno.o) (_impure_ptr)
/usr/lib/gcc/arm-none-eabi/4.9.3/../../../arm-none-eabi/lib/armv7e-m/fpu/libg.a(lib_a-malloc.o)
                              build/objs/usbd_cdc.o (malloc)
/usr/lib/gcc/arm-none-eabi/4.9.3/../../../arm-none-eabi/lib/armv7e-m/fpu/libg.a(lib_a-mallocr.o)
                              /usr/lib/gcc/arm-none-eabi/4.9.3/../../../arm-none-eabi/lib/armv7e-m/fpu/libg.a(lib_a-malloc.o) (_malloc_r)
/usr/lib/gcc/arm-none-eabi/4.9.3/../../../arm-none-eabi/lib/armv7e-m/fpu/libg.a(lib_a-mlock.o)
                              /usr/lib/gcc/arm-none-eabi/4.9.3/../../../arm-none-eabi/lib/armv7e-m/fpu/libg.a(lib_a-mallocr.o) (__malloc_lock)
/usr/lib/gcc/arm-none-eabi/4.9.3/../../../arm-none-eabi/lib/armv7e-m/fpu/libg.a(lib_a-sbrkr.o)
                              /usr/lib/gcc/arm-none-eabi/4.9.3/../../../arm-none-eabi/lib/armv7e-m/fpu/libg.a(lib_a-mallocr.o) (_sbrk_r)
/usr/lib/gcc/arm-none-eabi/4.9.3/../../../arm-none-eabi/lib/armv7e-m/fpu/libg.a(lib_a-strcmp.o)
                              build/objs/command_processor.o (strcmp)
/usr/lib/gcc/arm-none-eabi/4.9.3/../../../arm-none-eabi/lib/armv7e-m/fpu/libg.a(lib_a-strtod.o)
                              /usr/lib/gcc/arm-none-eabi/4.9.3/../../../arm-none-eabi/lib/armv7e-m/fpu/libg.a(lib_a-atof.o) (strtod)
/usr/lib/gcc/arm-none-eabi/4.9.3/../../../arm-none-eabi/lib/armv7e-m/fpu/libg.a(lib_a-strtok.o)
                              build/objs/command_processor.o (strtok)
/usr/lib/gcc/arm-none-eabi/4.9.3/../../../arm-none-eabi/lib/armv7e-m/fpu/libg.a(lib_a-strtok_r.o)
                              /usr/lib/gcc/arm-none-eabi/4.9.3/../../../arm-none-eabi/lib/armv7e-m/fpu/libg.a(lib_a-strtok.o) (__strtok_r)
/usr/lib/gcc/arm-none-eabi/4.9.3/../../../arm-none-eabi/lib/armv7e-m/fpu/libg.a(lib_a-strtol.o)
                              /usr/lib/gcc/arm-none-eabi/4.9.3/../../../arm-none-eabi/lib/armv7e-m/fpu/libg.a(lib_a-atoi.o) (_strtol_r)
/usr/lib/gcc/arm-none-eabi/4.9.3/../../../arm-none-eabi/lib/armv7e-m/fpu/libg.a(lib_a-ctype_.o)
                              /usr/lib/gcc/arm-none-eabi/4.9.3/../../../arm-none-eabi/lib/armv7e-m/fpu/libg.a(lib_a-strtol.o) (__ctype_ptr__)
/usr/lib/gcc/arm-none-eabi/4.9.3/../../../arm-none-eabi/lib/armv7e-m/fpu/libg.a(lib_a-freer.o)
                              /usr/lib/gcc/arm-none-eabi/4.9.3/../../../arm-none-eabi/lib/armv7e-m/fpu/libg.a(lib_a-malloc.o) (_free_r)
/usr/lib/gcc/arm-none-eabi/4.9.3/../../../arm-none-eabi/lib/armv7e-m/fpu/libg.a(lib_a-gdtoa-gethex.o)
                              /usr/lib/gcc/arm-none-eabi/4.9.3/../../../arm-none-eabi/lib/armv7e-m/fpu/libg.a(lib_a-strtod.o) (__gethex)
/usr/lib/gcc/arm-none-eabi/4.9.3/../../../arm-none-eabi/lib/armv7e-m/fpu/libg.a(lib_a-gdtoa-hexnan.o)
                              /usr/lib/gcc/arm-none-eabi/4.9.3/../../../arm-none-eabi/lib/armv7e-m/fpu/libg.a(lib_a-strtod.o) (__hexnan)
/usr/lib/gcc/arm-none-eabi/4.9.3/../../../arm-none-eabi/lib/armv7e-m/fpu/libg.a(lib_a-locale.o)
                              /usr/lib/gcc/arm-none-eabi/4.9.3/../../../arm-none-eabi/lib/armv7e-m/fpu/libg.a(lib_a-strtod.o) (_localeconv_r)
/usr/lib/gcc/arm-none-eabi/4.9.3/../../../arm-none-eabi/lib/armv7e-m/fpu/libg.a(lib_a-memcpy.o)
                              /usr/lib/gcc/arm-none-eabi/4.9.3/../../../arm-none-eabi/lib/armv7e-m/fpu/libg.a(lib_a-strtod.o) (memcpy)
/usr/lib/gcc/arm-none-eabi/4.9.3/../../../arm-none-eabi/lib/armv7e-m/fpu/libg.a(lib_a-mprec.o)
                              /usr/lib/gcc/arm-none-eabi/4.9.3/../../../arm-none-eabi/lib/armv7e-m/fpu/libg.a(lib_a-strtod.o) (_Balloc)
/usr/lib/gcc/arm-none-eabi/4.9.3/../../../arm-none-eabi/lib/armv7e-m/fpu/libg.a(lib_a-reent.o)
                              /usr/lib/gcc/arm-none-eabi/4.9.3/../../../arm-none-eabi/lib/armv7e-m/fpu/libg.a(lib_a-sbrkr.o) (errno)
[...]
Memory Configuration

Name             Origin             Length             Attributes
FLASH            0x0000000008000000 0x0000000000100000 xr
RAM              0x0000000020000000 0x0000000000020000 xrw
CCMRAM           0x0000000010000000 0x0000000000010000 rw
*default*        0x0000000000000000 0xffffffffffffffff

Linker script and memory map

LOAD build/objs/stm32f4xx_hal_msp.o
LOAD build/objs/usbd_cdc_if.o
LOAD build/objs/usbd_conf.o
LOAD build/objs/syscalls.o
LOAD build/objs/USB_printf.o
LOAD build/objs/gpio.o
LOAD build/objs/SSR.o
LOAD build/objs/MAX31855.o
LOAD build/objs/main.o
LOAD build/objs/stm32f4xx_it.o
LOAD build/objs/usb_device.o
LOAD build/objs/usbd_desc.o
LOAD build/objs/pcd8544.o
LOAD build/objs/reflow_process.o
LOAD build/objs/command_processor.o
LOAD build/objs/stm32f4xx_hal_dsi.o
LOAD build/objs/stm32f4xx_hal_pcd.o
LOAD build/objs/stm32f4xx_hal_irda.o
LOAD build/objs/stm32f4xx_ll_fsmc.o
LOAD build/objs/stm32f4xx_hal_cec.o
LOAD build/objs/stm32f4xx_hal_timebase_tim_template.o
LOAD build/objs/stm32f4xx_ll_usb.o
LOAD build/objs/stm32f4xx_hal.o
LOAD build/objs/stm32f4xx_hal_dcmi_ex.o
LOAD build/objs/stm32f4xx_hal_flash_ex.o
LOAD build/objs/stm32f4xx_hal_cryp.o
LOAD build/objs/stm32f4xx_hal_rng.o
LOAD build/objs/stm32f4xx_hal_nand.o
LOAD build/objs/stm32f4xx_hal_gpio.o
LOAD build/objs/stm32f4xx_hal_ltdc.o
LOAD build/objs/stm32f4xx_hal_hcd.o
LOAD build/objs/stm32f4xx_hal_pcd_ex.o
LOAD build/objs/stm32f4xx_hal_adc.o
LOAD build/objs/stm32f4xx_hal_adc_ex.o
LOAD build/objs/stm32f4xx_hal_lptim.o
LOAD build/objs/stm32f4xx_hal_spi.o
LOAD build/objs/stm32f4xx_hal_i2c.o
LOAD build/objs/stm32f4xx_hal_fmpi2c.o
LOAD build/objs/stm32f4xx_hal_smartcard.o
LOAD build/objs/stm32f4xx_hal_pccard.o
LOAD build/objs/stm32f4xx_hal_dma2d.o
LOAD build/objs/stm32f4xx_hal_sai.o
LOAD build/objs/stm32f4xx_hal_cryp_ex.o
LOAD build/objs/stm32f4xx_hal_rcc_ex.o
LOAD build/objs/stm32f4xx_ll_fmc.o
LOAD build/objs/stm32f4xx_hal_ltdc_ex.o
LOAD build/objs/stm32f4xx_hal_flash_ramfunc.o
LOAD build/objs/stm32f4xx_hal_cortex.o
LOAD build/objs/stm32f4xx_hal_iwdg.o
LOAD build/objs/stm32f4xx_hal_uart.o
LOAD build/objs/stm32f4xx_hal_tim_ex.o
LOAD build/objs/stm32f4xx_hal_i2c_ex.o
LOAD build/objs/stm32f4xx_hal_dma.o
LOAD build/objs/stm32f4xx_hal_dac.o
LOAD build/objs/stm32f4xx_hal_spdifrx.o
LOAD build/objs/stm32f4xx_hal_fmpi2c_ex.o
LOAD build/objs/stm32f4xx_ll_sdmmc.o
LOAD build/objs/stm32f4xx_hal_i2s_ex.o
LOAD build/objs/stm32f4xx_hal_can.o
LOAD build/objs/stm32f4xx_hal_nor.o
LOAD build/objs/stm32f4xx_hal_pwr.o
LOAD build/objs/stm32f4xx_hal_rtc.o
LOAD build/objs/stm32f4xx_hal_qspi.o
LOAD build/objs/stm32f4xx_hal_hash_ex.o
LOAD build/objs/stm32f4xx_hal_i2s.o
LOAD build/objs/stm32f4xx_hal_sram.o
LOAD build/objs/stm32f4xx_hal_hash.o
LOAD build/objs/stm32f4xx_hal_eth.o
LOAD build/objs/stm32f4xx_hal_tim.o
LOAD build/objs/stm32f4xx_hal_dma_ex.o
LOAD build/objs/stm32f4xx_hal_sd.o
LOAD build/objs/stm32f4xx_hal_sai_ex.o
LOAD build/objs/stm32f4xx_hal_rcc.o
LOAD build/objs/stm32f4xx_hal_wwdg.o
LOAD build/objs/stm32f4xx_hal_dac_ex.o
LOAD build/objs/stm32f4xx_hal_rtc_ex.o
LOAD build/objs/stm32f4xx_hal_pwr_ex.o
LOAD build/objs/stm32f4xx_hal_dcmi.o
LOAD build/objs/stm32f4xx_hal_sdram.o
LOAD build/objs/stm32f4xx_hal_flash.o
LOAD build/objs/stm32f4xx_hal_crc.o
LOAD build/objs/stm32f4xx_hal_usart.o
LOAD build/objs/stm32f4_discovery.o
LOAD build/objs/system_stm32f4xx.o
LOAD build/objs/usbd_core.o
LOAD build/objs/usbd_ctlreq.o
LOAD build/objs/usbd_ioreq.o
LOAD build/objs/usbd_cdc_if_template.o
LOAD build/objs/usbd_cdc.o
LOAD build/objs/startup_stm32f407xx.o
START GROUP
LOAD /usr/lib/gcc/arm-none-eabi/4.9.3/armv7e-m/fpu/libgcc.a
LOAD /usr/lib/gcc/arm-none-eabi/4.9.3/../../../arm-none-eabi/lib/armv7e-m/fpu/libg.a
LOAD /usr/lib/gcc/arm-none-eabi/4.9.3/../../../arm-none-eabi/lib/armv7e-m/fpu/libc.a
END GROUP
                0x000000002001ffff                _estack = 0x2001ffff
                0x0000000000000200                _Min_Heap_Size = 0x200
                0x0000000000000400                _Min_Stack_Size = 0x400

.isr_vector     0x0000000008000000      0x188
                0x0000000008000000                . = ALIGN (0x4)
 *(.isr_vector)
 .isr_vector    0x0000000008000000      0x188 build/objs/startup_stm32f407xx.o
                0x0000000008000000                g_pfnVectors
                0x0000000008000188                . = ALIGN (0x4)

.text           0x00000000080001a0    0x1b058
                0x00000000080001a0                . = ALIGN (0x4)
 *(.text)
 .text          0x00000000080001a0       0x48 build/objs/stm32f4xx_hal_msp.o
                0x00000000080001a0                HAL_MspInit
 .text          0x00000000080001e8      0x19c build/objs/usbd_cdc_if.o
                0x0000000008000330                CDC_Transmit_FS
 .text          0x0000000008000384      0x588 build/objs/usbd_conf.o
                0x0000000008000384                HAL_PCD_MspInit
                0x0000000008000400                HAL_PCD_MspDeInit
                0x000000000800043c                HAL_PCD_SetupStageCallback
                0x0000000008000460                HAL_PCD_DataOutStageCallback
                0x0000000008000498                HAL_PCD_DataInStageCallback
                0x00000000080004cc                HAL_PCD_SOFCallback
                0x00000000080004e8                HAL_PCD_ResetCallback
                0x0000000008000538                HAL_PCD_SuspendCallback
                0x0000000008000584                HAL_PCD_ResumeCallback
                0x00000000080005a0                HAL_PCD_ISOOUTIncompleteCallback
                0x00000000080005c4                HAL_PCD_ISOINIncompleteCallback
                0x00000000080005e8                HAL_PCD_ConnectCallback
                0x0000000008000604                HAL_PCD_DisconnectCallback
                0x0000000008000620                USBD_LL_Init
                0x00000000080006b4                USBD_LL_DeInit
                0x00000000080006d4                USBD_LL_Start
                0x00000000080006f4                USBD_LL_Stop
                0x0000000008000714                USBD_LL_OpenEP
                0x0000000008000748                USBD_LL_CloseEP
                0x0000000008000770                USBD_LL_FlushEP
                0x0000000008000798                USBD_LL_StallEP
                0x00000000080007c0                USBD_LL_ClearStallEP
                0x00000000080007e8                USBD_LL_IsStallEP
                0x0000000008000840                USBD_LL_SetUSBAddress
                0x0000000008000868                USBD_LL_Transmit
                0x000000000800089c                USBD_LL_PrepareReceive
                0x00000000080008d0                USBD_LL_GetRxDataSize
                0x00000000080008f8                USBD_LL_Delay
 .text          0x000000000800090c      0x2b8 build/objs/syscalls.o
                0x000000000800090c                _sbrk
                0x0000000008000978                _gettimeofday
                0x00000000080009a4                initialise_monitor_handles
                0x00000000080009b0                _getpid
                0x00000000080009c0                _kill
                0x00000000080009e0                _exit
                0x00000000080009f4                _write
                0x0000000008000a2c                _close
                0x0000000008000a44                _fstat
                0x0000000008000a64                _isatty
                0x0000000008000a7c                _lseek
                0x0000000008000a98                _read
                0x0000000008000ad4                _open
                0x0000000008000af0                _wait
                0x0000000008000b10                _unlink
                0x0000000008000b30                _times
                0x0000000008000b48                _stat
                0x0000000008000b68                _link
                0x0000000008000b88                _fork
                0x0000000008000ba0                _execve
 .text          0x0000000008000bc4      0x458 build/objs/USB_printf.o
                0x0000000008000f5c                USB_printf
                0x0000000008000f84                USB_printf_buff
                0x0000000008000fdc                PCD8544_printf_buff
 .text          0x000000000800101c       0x4c build/objs/gpio.o
                0x000000000800101c                MX_GPIO_Init
 .text          0x0000000008001068      0x138 build/objs/SSR.o
                0x0000000008001068                SSR_init
                0x0000000008001118                SSR_start
                0x000000000800113c                SSR_stop
                0x0000000008001164                SSR_set_duty_cycle
 .text          0x00000000080011a0      0x314 build/objs/MAX31855.o
                0x00000000080011a0                MAX31855_init
                0x00000000080012f8                MAX31855_read
 .text          0x00000000080014b4      0x1fc build/objs/main.o
                0x00000000080014b4                main
                0x00000000080015b8                SystemClock_Config
                0x000000000800167c                set_reflow_process_period
 .text          0x00000000080016b0       0x20 build/objs/stm32f4xx_it.o
                0x00000000080016b0                SysTick_Handler
                0x00000000080016c0                OTG_FS_IRQHandler
 .text          0x00000000080016d0       0x38 build/objs/usb_device.o
                0x00000000080016d0                MX_USB_DEVICE_Init
 .text          0x0000000008001708      0x160 build/objs/usbd_desc.o
                0x0000000008001708                USBD_FS_DeviceDescriptor
                0x000000000800172c                USBD_FS_LangIDStrDescriptor
                0x0000000008001750                USBD_FS_ProductStrDescriptor
                0x000000000800178c                USBD_FS_ManufacturerStrDescriptor
                0x00000000080017b4                USBD_FS_SerialStrDescriptor
                0x00000000080017f0                USBD_FS_ConfigStrDescriptor
                0x000000000800182c                USBD_FS_InterfaceStrDescriptor
 .text          0x0000000008001868      0xe94 build/objs/pcd8544.o
                0x0000000008001868                PCD8544_InitIO
                0x0000000008001a80                PCD8544_send
                0x0000000008001ac0                PCD8544_Pin
                0x0000000008001b2c                PCD8544_Delay
                0x0000000008001b54                PCD8544_Init
                0x0000000008001bcc                PCD8544_Write
                0x0000000008001c0c                PCD8544_SetContrast
                0x0000000008001c48                PCD8544_DrawPixel
                0x0000000008001d04                PCD8544_Invert
                0x0000000008001d2c                PCD8544_Clear
                0x0000000008001d78                PCD8544_Home
                0x0000000008001d90                PCD8544_Refresh
                0x0000000008001e4c                PCD8544_UpdateArea
                0x0000000008001ec4                PCD8544_GotoXY
                0x0000000008001ef4                PCD8544_Putc
                0x0000000008002048                PCD8544_Puts
                0x0000000008002080                PCD8544_DrawLine
                0x000000000800223c                PCD8544_DrawRectangle
                0x00000000080022a8                PCD8544_DrawFilledRectangle
                0x00000000080022f0                PCD8544_DrawCircle
                0x00000000080024e4                PCD8544_DrawFilledCircle
                0x00000000080026c8                PCD8544_SetBacklight
 .text          0x00000000080026fc      0x6b0 build/objs/reflow_process.o
                0x00000000080026fc                add_reflow_point
                0x0000000008002790                get_reflow_point
                0x0000000008002808                clear_reflow_list
                0x0000000008002830                start_reflow_process
                0x0000000008002890                stop_reflow_process
                0x00000000080028b4                private_stop_reflow_process
                0x0000000008002900                set_PID_parameters
                0x00000000080029c0                reflow_process
 .text          0x0000000008002dac      0x194 build/objs/command_processor.o
                0x0000000008002dac                cmd_proc_receive_data
 .text          0x0000000008002f40        0x0 build/objs/stm32f4xx_hal_dsi.o
 .text          0x0000000008002f40     0x1290 build/objs/stm32f4xx_hal_pcd.o
                0x0000000008002f40                HAL_PCD_Init
                0x0000000008003150                HAL_PCD_DeInit
                0x00000000080031b0                HAL_PCD_Start
                0x00000000080031f4                HAL_PCD_Stop
                0x0000000008003244                HAL_PCD_IRQHandler
                0x0000000008003ad0                HAL_PCD_DevConnect
                0x0000000008003b0c                HAL_PCD_DevDisconnect
                0x0000000008003b48                HAL_PCD_SetAddress
                0x0000000008003b8c                HAL_PCD_EP_Open
                0x0000000008003c5c                HAL_PCD_EP_Close
                0x0000000008003cf0                HAL_PCD_EP_Receive
                0x0000000008003da8                HAL_PCD_EP_GetRxCount
                0x0000000008003ddc                HAL_PCD_EP_Transmit
                0x0000000008003e90                HAL_PCD_EP_SetStall
                0x0000000008003f48                HAL_PCD_EP_ClrStall
                0x0000000008003fdc                HAL_PCD_EP_Flush
                0x0000000008004038                HAL_PCD_ActivateRemoteWakeup
                0x000000000800407c                HAL_PCD_DeActivateRemoteWakeup
                0x00000000080040b0                HAL_PCD_GetState
 .text          0x00000000080041d0        0x0 build/objs/stm32f4xx_hal_irda.o
 .text          0x00000000080041d0        0x0 build/objs/stm32f4xx_ll_fsmc.o
 .text          0x00000000080041d0        0x0 build/objs/stm32f4xx_hal_cec.o
 .text          0x00000000080041d0      0x12c build/objs/stm32f4xx_hal_timebase_tim_template.o
                0x00000000080041d0                HAL_InitTick
                0x0000000008004298                HAL_SuspendTick
                0x00000000080042b8                HAL_ResumeTick
                0x00000000080042d8                HAL_TIM_PeriodElapsedCallback
                0x00000000080042ec                TIM6_DAC_IRQHandler
 .text          0x00000000080042fc     0x2180 build/objs/stm32f4xx_ll_usb.o
                0x00000000080042fc                USB_CoreInit
                0x00000000080043a0                USB_EnableGlobalInt
                0x00000000080043c4                USB_DisableGlobalInt
                0x00000000080043e8                USB_SetCurrentMode
                0x0000000008004438                USB_DevInit
                0x0000000008004690                USB_FlushTxFifo
                0x00000000080046dc                USB_FlushRxFifo
                0x0000000008004720                USB_SetDevSpeed
                0x0000000008004750                USB_GetDevSpeed
                0x00000000080047bc                USB_ActivateEndpoint
                0x00000000080048d0                USB_ActivateDedicatedEndpoint
                0x0000000008004a58                USB_DeactivateEndpoint
                0x0000000008004b50                USB_DeactivateDedicatedEndpoint
                0x0000000008004c04                USB_EPStartXfer
                0x0000000008005088                USB_EP0StartXfer
                0x0000000008005344                USB_WritePacket
                0x00000000080053b0                USB_ReadPacket
                0x0000000008005400                USB_EPSetStall
                0x00000000080054e4                USB_EPClearStall
                0x00000000080055c0                USB_StopDevice
                0x0000000008005648                USB_SetDevAddress
                0x0000000008005694                USB_DevConnect
                0x00000000080056c4                USB_DevDisconnect
                0x00000000080056f4                USB_ReadInterrupts
                0x0000000008005720                USB_ReadDevAllOutEpInterrupt
                0x0000000008005750                USB_ReadDevAllInEpInterrupt
                0x0000000008005780                USB_ReadDevOutEPInterrupt
                0x00000000080057b8                USB_ReadDevInEPInterrupt
                0x000000000800580c                USB_ClearInterrupts
                0x000000000800582c                USB_GetMode
                0x0000000008005848                USB_ActivateSetup
                0x00000000080058b4                USB_EP0_OutStart
                0x00000000080059a8                USB_HostInit
                0x0000000008005b00                USB_InitFSLSPClkSel
                0x0000000008005b74                USB_ResetPort
                0x0000000008005bc0                USB_DriveVbus
                0x0000000008005c2c                USB_GetHostSpeed
                0x0000000008005c54                USB_GetCurrentFrame
                0x0000000008005c74                USB_HC_Init
                0x0000000008005e6c                USB_HC_StartXfer
                0x00000000080060e4                USB_HC_ReadInterrupt
                0x0000000008006104                USB_HC_Halt
                0x0000000008006304                USB_DoPing
                0x000000000800637c                USB_StopHost
 .text          0x000000000800647c      0x2dc build/objs/stm32f4xx_hal.o
                0x000000000800647c                HAL_Init
                0x00000000080064c0                HAL_DeInit
                0x0000000008006524                HAL_MspDeInit
                0x0000000008006568                HAL_IncTick
                0x0000000008006584                HAL_GetTick
                0x000000000800659c                HAL_Delay
                0x0000000008006600                HAL_GetHalVersion
                0x0000000008006614                HAL_GetREVID
                0x000000000800662c                HAL_GetDEVID
                0x0000000008006648                HAL_DBGMCU_EnableDBGSleepMode
                0x0000000008006664                HAL_DBGMCU_DisableDBGSleepMode
                0x0000000008006680                HAL_DBGMCU_EnableDBGStopMode
                0x000000000800669c                HAL_DBGMCU_DisableDBGStopMode
                0x00000000080066b8                HAL_DBGMCU_EnableDBGStandbyMode
                0x00000000080066d4                HAL_DBGMCU_DisableDBGStandbyMode
                0x00000000080066f0                HAL_EnableCompensationCell
                0x0000000008006724                HAL_DisableCompensationCell
 .text          0x0000000008006758        0x0 build/objs/stm32f4xx_hal_dcmi_ex.o
 .text          0x0000000008006758      0x60c build/objs/stm32f4xx_hal_flash_ex.o
                0x0000000008006758                HAL_FLASHEx_Erase
                0x0000000008006838                HAL_FLASHEx_Erase_IT
                0x00000000080068e4                HAL_FLASHEx_OBProgram
                0x00000000080069c4                HAL_FLASHEx_OBGetConfig
                0x0000000008006a4c                FLASH_Erase_Sector
                0x0000000008006cdc                FLASH_FlushCaches
 .text          0x0000000008006d64        0x0 build/objs/stm32f4xx_hal_cryp.o
 .text          0x0000000008006d64        0x0 build/objs/stm32f4xx_hal_rng.o
 .text          0x0000000008006d64        0x0 build/objs/stm32f4xx_hal_nand.o
 .text          0x0000000008006d64      0x658 build/objs/stm32f4xx_hal_gpio.o
                0x0000000008006d64                HAL_GPIO_Init
                0x00000000080070a0                HAL_GPIO_DeInit
                0x00000000080072a4                HAL_GPIO_ReadPin
                0x00000000080072d4                HAL_GPIO_WritePin
                0x0000000008007304                HAL_GPIO_TogglePin
                0x0000000008007328                HAL_GPIO_LockPin
                0x0000000008007378                HAL_GPIO_EXTI_IRQHandler
                0x00000000080073a8                HAL_GPIO_EXTI_Callback
 .text          0x00000000080073bc        0x0 build/objs/stm32f4xx_hal_ltdc.o
 .text          0x00000000080073bc        0x0 build/objs/stm32f4xx_hal_hcd.o
 .text          0x00000000080073bc       0xbc build/objs/stm32f4xx_hal_pcd_ex.o
                0x00000000080073bc                HAL_PCDEx_SetTxFiFo
                0x0000000008007454                HAL_PCDEx_SetRxFiFo
 .text          0x0000000008007478        0x0 build/objs/stm32f4xx_hal_adc.o
 .text          0x0000000008007478        0x0 build/objs/stm32f4xx_hal_adc_ex.o
 .text          0x0000000008007478        0x0 build/objs/stm32f4xx_hal_lptim.o
 .text          0x0000000008007478     0x1f30 build/objs/stm32f4xx_hal_spi.o
                0x0000000008007478                HAL_SPI_Init
                0x000000000800754c                HAL_SPI_DeInit
                0x000000000800759c                HAL_SPI_MspInit
                0x00000000080075b0                HAL_SPI_MspDeInit
                0x00000000080075c4                HAL_SPI_Transmit
                0x00000000080077fc                HAL_SPI_Receive
                0x0000000008007b0c                HAL_SPI_TransmitReceive
                0x0000000008007e3c                HAL_SPI_Transmit_IT
                0x0000000008007f84                HAL_SPI_Receive_IT
                0x00000000080080d8                HAL_SPI_TransmitReceive_IT
                0x0000000008008228                HAL_SPI_Transmit_DMA
                0x000000000800837c                HAL_SPI_Receive_DMA
                0x00000000080084f4                HAL_SPI_TransmitReceive_DMA
                0x00000000080086c8                HAL_SPI_DMAPause
                0x000000000800870c                HAL_SPI_DMAResume
                0x0000000008008750                HAL_SPI_DMAStop
                0x00000000080087a0                HAL_SPI_IRQHandler
                0x00000000080088cc                HAL_SPI_TxCpltCallback
                0x00000000080088e0                HAL_SPI_RxCpltCallback
                0x00000000080088f4                HAL_SPI_TxRxCpltCallback
                0x0000000008008908                HAL_SPI_TxHalfCpltCallback
                0x000000000800891c                HAL_SPI_RxHalfCpltCallback
                0x0000000008008930                HAL_SPI_TxRxHalfCpltCallback
                0x0000000008008944                HAL_SPI_ErrorCallback
                0x0000000008008958                HAL_SPI_GetState
                0x0000000008008974                HAL_SPI_GetError
 .text          0x00000000080093a8     0x4618 build/objs/stm32f4xx_hal_i2c.o
                0x00000000080093a8                HAL_I2C_Init
                0x0000000008009568                HAL_I2C_DeInit
                0x00000000080095c8                HAL_I2C_MspInit
                0x00000000080095dc                HAL_I2C_MspDeInit
                0x00000000080095f0                HAL_I2C_Master_Transmit
                0x0000000008009794                HAL_I2C_Master_Receive
                0x0000000008009ad4                HAL_I2C_Slave_Transmit
                0x0000000008009ca4                HAL_I2C_Slave_Receive
                0x0000000008009e6c                HAL_I2C_Master_Transmit_IT
                0x0000000008009fb4                HAL_I2C_Master_Receive_IT
                0x000000000800a19c                HAL_I2C_Master_Sequential_Transmit_IT
                0x000000000800a2fc                HAL_I2C_Master_Sequential_Receive_IT
                0x000000000800a568                HAL_I2C_Slave_Transmit_IT
                0x000000000800a63c                HAL_I2C_Slave_Receive_IT
                0x000000000800a710                HAL_I2C_Slave_Sequential_Transmit_IT
                0x000000000800a7d0                HAL_I2C_Slave_Sequential_Receive_IT
                0x000000000800a890                HAL_I2C_EnableListen_IT
                0x000000000800a8e0                HAL_I2C_DisableListen_IT
                0x000000000800a958                HAL_I2C_Master_Transmit_DMA
                0x000000000800ab14                HAL_I2C_Master_Receive_DMA
                0x000000000800acdc                HAL_I2C_Master_Abort_IT
                0x000000000800ad84                HAL_I2C_Slave_Transmit_DMA
                0x000000000800af10                HAL_I2C_Slave_Receive_DMA
                0x000000000800b048                HAL_I2C_Mem_Write
                0x000000000800b1e0                HAL_I2C_Mem_Read
                0x000000000800b51c                HAL_I2C_Mem_Write_IT
                0x000000000800b658                HAL_I2C_Mem_Read_IT
                0x000000000800b84c                HAL_I2C_Mem_Write_DMA
                0x000000000800b9ec                HAL_I2C_Mem_Read_DMA
                0x000000000800bbc4                HAL_I2C_IsDeviceReady
                0x000000000800bdf0                HAL_I2C_EV_IRQHandler
                0x000000000800c0d4                HAL_I2C_ER_IRQHandler
                0x000000000800c31c                HAL_I2C_MasterTxCpltCallback
                0x000000000800c330                HAL_I2C_MasterRxCpltCallback
                0x000000000800c344                HAL_I2C_SlaveTxCpltCallback
                0x000000000800c358                HAL_I2C_SlaveRxCpltCallback
                0x000000000800c36c                HAL_I2C_AddrCallback
                0x000000000800c388                HAL_I2C_ListenCpltCallback
                0x000000000800c39c                HAL_I2C_MemTxCpltCallback
                0x000000000800c3b0                HAL_I2C_MemRxCpltCallback
                0x000000000800c3c4                HAL_I2C_ErrorCallback
                0x000000000800c3d8                HAL_I2C_GetState
                0x000000000800c3f4                HAL_I2C_GetMode
                0x000000000800c410                HAL_I2C_GetError
 .text          0x000000000800d9c0        0x0 build/objs/stm32f4xx_hal_fmpi2c.o
 .text          0x000000000800d9c0        0x0 build/objs/stm32f4xx_hal_smartcard.o
 .text          0x000000000800d9c0        0x0 build/objs/stm32f4xx_hal_pccard.o
 .text          0x000000000800d9c0        0x0 build/objs/stm32f4xx_hal_dma2d.o
 .text          0x000000000800d9c0        0x0 build/objs/stm32f4xx_hal_sai.o
 .text          0x000000000800d9c0        0x0 build/objs/stm32f4xx_hal_cryp_ex.o
 .text          0x000000000800d9c0      0x2cc build/objs/stm32f4xx_hal_rcc_ex.o
                0x000000000800d9c0                HAL_RCC_DeInit
                0x000000000800da38                HAL_RCCEx_PeriphCLKConfig
                0x000000000800dc08                HAL_RCCEx_GetPeriphCLKConfig
 .text          0x000000000800dc8c        0x0 build/objs/stm32f4xx_ll_fmc.o
 .text          0x000000000800dc8c        0x0 build/objs/stm32f4xx_hal_ltdc_ex.o
 .text          0x000000000800dc8c        0x0 build/objs/stm32f4xx_hal_flash_ramfunc.o
 .text          0x000000000800dc8c      0x5b0 build/objs/stm32f4xx_hal_cortex.o
                0x000000000800e008                HAL_NVIC_SetPriorityGrouping
                0x000000000800e01c                HAL_NVIC_SetPriority
                0x000000000800e054                HAL_NVIC_EnableIRQ
                0x000000000800e070                HAL_NVIC_DisableIRQ
                0x000000000800e08c                HAL_NVIC_SystemReset
                0x000000000800e098                HAL_SYSTICK_Config
                0x000000000800e0b0                HAL_MPU_ConfigRegion
                0x000000000800e134                HAL_NVIC_GetPriorityGrouping
                0x000000000800e144                HAL_NVIC_GetPriority
                0x000000000800e174                HAL_NVIC_SetPendingIRQ
                0x000000000800e190                HAL_NVIC_GetPendingIRQ
                0x000000000800e1b0                HAL_NVIC_ClearPendingIRQ
                0x000000000800e1cc                HAL_NVIC_GetActive
                0x000000000800e1ec                HAL_SYSTICK_CLKSourceConfig
                0x000000000800e224                HAL_SYSTICK_IRQHandler
                0x000000000800e230                HAL_SYSTICK_Callback
 .text          0x000000000800e23c        0x0 build/objs/stm32f4xx_hal_iwdg.o
 .text          0x000000000800e23c        0x0 build/objs/stm32f4xx_hal_uart.o
 .text          0x000000000800e23c     0x14dc build/objs/stm32f4xx_hal_tim_ex.o
                0x000000000800e23c                HAL_TIMEx_HallSensor_Init
                0x000000000800e358                HAL_TIMEx_HallSensor_DeInit
                0x000000000800e3b8                HAL_TIMEx_HallSensor_MspInit
                0x000000000800e3cc                HAL_TIMEx_HallSensor_MspDeInit
                0x000000000800e3e0                HAL_TIMEx_HallSensor_Start
                0x000000000800e410                HAL_TIMEx_HallSensor_Stop
                0x000000000800e460                HAL_TIMEx_HallSensor_Start_IT
                0x000000000800e4a0                HAL_TIMEx_HallSensor_Stop_IT
                0x000000000800e500                HAL_TIMEx_HallSensor_Start_DMA
                0x000000000800e5ac                HAL_TIMEx_HallSensor_Stop_DMA
                0x000000000800e60c                HAL_TIMEx_OCN_Start
                0x000000000800e650                HAL_TIMEx_OCN_Stop
                0x000000000800e6d4                HAL_TIMEx_OCN_Start_IT
                0x000000000800e7b4                HAL_TIMEx_OCN_Stop_IT
                0x000000000800e8e4                HAL_TIMEx_OCN_Start_DMA
                0x000000000800ea9c                HAL_TIMEx_OCN_Stop_DMA
                0x000000000800ebb4                HAL_TIMEx_PWMN_Start
                0x000000000800ebf8                HAL_TIMEx_PWMN_Stop
                0x000000000800ec7c                HAL_TIMEx_PWMN_Start_IT
                0x000000000800ed5c                HAL_TIMEx_PWMN_Stop_IT
                0x000000000800ee8c                HAL_TIMEx_PWMN_Start_DMA
                0x000000000800f044                HAL_TIMEx_PWMN_Stop_DMA
                0x000000000800f15c                HAL_TIMEx_OnePulseN_Start
                0x000000000800f190                HAL_TIMEx_OnePulseN_Stop
                0x000000000800f214                HAL_TIMEx_OnePulseN_Start_IT
                0x000000000800f268                HAL_TIMEx_OnePulseN_Stop_IT
                0x000000000800f30c                HAL_TIMEx_ConfigCommutationEvent
                0x000000000800f3ac                HAL_TIMEx_ConfigCommutationEvent_IT
                0x000000000800f45c                HAL_TIMEx_ConfigCommutationEvent_DMA
                0x000000000800f524                HAL_TIMEx_MasterConfigSynchronization
                0x000000000800f5b0                HAL_TIMEx_ConfigBreakDeadTime
                0x000000000800f624                HAL_TIMEx_RemapConfig
                0x000000000800f66c                HAL_TIMEx_CommutationCallback
                0x000000000800f680                HAL_TIMEx_BreakCallback
                0x000000000800f694                HAL_TIMEx_HallSensor_GetState
                0x000000000800f6b0                TIMEx_DMACommutationCplt
 .text          0x000000000800f718        0x0 build/objs/stm32f4xx_hal_i2c_ex.o
 .text          0x000000000800f718      0x8e4 build/objs/stm32f4xx_hal_dma.o
                0x000000000800f718                HAL_DMA_Init
                0x000000000800f7f0                HAL_DMA_DeInit
                0x000000000800f88c                HAL_DMA_Start
                0x000000000800f8f0                HAL_DMA_Start_IT
                0x000000000800f974                HAL_DMA_Abort
                0x000000000800f9f0                HAL_DMA_PollForTransfer
                0x000000000800fc0c                HAL_DMA_IRQHandler
                0x000000000800ff00                HAL_DMA_GetState
                0x000000000800ff1c                HAL_DMA_GetError
 .text          0x000000000800fffc        0x0 build/objs/stm32f4xx_hal_dac.o
 .text          0x000000000800fffc        0x0 build/objs/stm32f4xx_hal_spdifrx.o
 .text          0x000000000800fffc        0x0 build/objs/stm32f4xx_hal_fmpi2c_ex.o
 .text          0x000000000800fffc        0x0 build/objs/stm32f4xx_ll_sdmmc.o
 .text          0x000000000800fffc        0x0 build/objs/stm32f4xx_hal_i2s_ex.o
 .text          0x000000000800fffc        0x0 build/objs/stm32f4xx_hal_can.o
 .text          0x000000000800fffc        0x0 build/objs/stm32f4xx_hal_nor.o
 .text          0x000000000800fffc      0x35c build/objs/stm32f4xx_hal_pwr.o
                0x000000000800fffc                HAL_PWR_DeInit
                0x0000000008010024                HAL_PWR_EnableBkUpAccess
                0x0000000008010058                HAL_PWR_DisableBkUpAccess
                0x000000000801008c                HAL_PWR_ConfigPVD
                0x0000000008010148                HAL_PWR_EnablePVD
                0x000000000801017c                HAL_PWR_DisablePVD
                0x00000000080101b0                HAL_PWR_EnableWakeUpPin
                0x00000000080101d4                HAL_PWR_DisableWakeUpPin
                0x00000000080101f8                HAL_PWR_EnterSLEEPMode
                0x0000000008010230                HAL_PWR_EnterSTOPMode
                0x0000000008010288                HAL_PWR_EnterSTANDBYMode
                0x00000000080102b8                HAL_PWR_PVD_IRQHandler
                0x00000000080102dc                HAL_PWR_PVDCallback
                0x00000000080102e8                HAL_PWR_EnableSleepOnExit
                0x0000000008010304                HAL_PWR_DisableSleepOnExit
                0x0000000008010320                HAL_PWR_EnableSEVOnPend
                0x000000000801033c                HAL_PWR_DisableSEVOnPend
 .text          0x0000000008010358        0x0 build/objs/stm32f4xx_hal_rtc.o
 .text          0x0000000008010358        0x0 build/objs/stm32f4xx_hal_qspi.o
 .text          0x0000000008010358        0x0 build/objs/stm32f4xx_hal_hash_ex.o
 .text          0x0000000008010358        0x0 build/objs/stm32f4xx_hal_i2s.o
 .text          0x0000000008010358        0x0 build/objs/stm32f4xx_hal_sram.o
 .text          0x0000000008010358        0x0 build/objs/stm32f4xx_hal_hash.o
 .text          0x0000000008010358        0x0 build/objs/stm32f4xx_hal_eth.o
 .text          0x0000000008010358     0x3f3c build/objs/stm32f4xx_hal_tim.o
                0x0000000008010358                HAL_TIM_Base_Init
                0x00000000080103b0                HAL_TIM_Base_DeInit
                0x0000000008010410                HAL_TIM_Base_MspInit
                0x0000000008010424                HAL_TIM_Base_MspDeInit
                0x0000000008010438                HAL_TIM_Base_Start
                0x0000000008010470                HAL_TIM_Base_Stop
                0x00000000080104c8                HAL_TIM_Base_Start_IT
                0x0000000008010500                HAL_TIM_Base_Stop_IT
                0x0000000008010558                HAL_TIM_Base_Start_DMA
                0x00000000080105f8                HAL_TIM_Base_Stop_DMA
                0x0000000008010658                HAL_TIM_OC_Init
                0x00000000080106b0                HAL_TIM_OC_DeInit
                0x0000000008010710                HAL_TIM_OC_MspInit
                0x0000000008010724                HAL_TIM_OC_MspDeInit
                0x0000000008010738                HAL_TIM_OC_Start
                0x00000000080107a0                HAL_TIM_OC_Stop
                0x0000000008010848                HAL_TIM_OC_Start_IT
                0x000000000801093c                HAL_TIM_OC_Stop_IT
                0x0000000008010a70                HAL_TIM_OC_Start_DMA
                0x0000000008010c4c                HAL_TIM_OC_Stop_DMA
                0x0000000008010d88                HAL_TIM_PWM_Init
                0x0000000008010de0                HAL_TIM_PWM_DeInit
                0x0000000008010e40                HAL_TIM_PWM_MspInit
                0x0000000008010e54                HAL_TIM_PWM_MspDeInit
                0x0000000008010e68                HAL_TIM_PWM_Start
                0x0000000008010ed0                HAL_TIM_PWM_Stop
                0x0000000008010f80                HAL_TIM_PWM_Start_IT
                0x0000000008011074                HAL_TIM_PWM_Stop_IT
                0x00000000080111a8                HAL_TIM_PWM_Start_DMA
                0x0000000008011384                HAL_TIM_PWM_Stop_DMA
                0x00000000080114c0                HAL_TIM_IC_Init
                0x0000000008011518                HAL_TIM_IC_DeInit
                0x0000000008011578                HAL_TIM_IC_MspInit
                0x000000000801158c                HAL_TIM_IC_MspDeInit
                0x00000000080115a0                HAL_TIM_IC_Start
                0x00000000080115d4                HAL_TIM_IC_Stop
                0x0000000008011628                HAL_TIM_IC_Start_IT
                0x00000000080116e8                HAL_TIM_IC_Stop_IT
                0x00000000080117c8                HAL_TIM_IC_Start_DMA
                0x0000000008011968                HAL_TIM_IC_Stop_DMA
                0x0000000008011a50                HAL_TIM_OnePulse_Init
                0x0000000008011ac8                HAL_TIM_OnePulse_DeInit
                0x0000000008011b28                HAL_TIM_OnePulse_MspInit
                0x0000000008011b3c                HAL_TIM_OnePulse_MspDeInit
                0x0000000008011b50                HAL_TIM_OnePulse_Start
                0x0000000008011bb8                HAL_TIM_OnePulse_Stop
                0x0000000008011c70                HAL_TIM_OnePulse_Start_IT
                0x0000000008011cf8                HAL_TIM_OnePulse_Stop_IT
                0x0000000008011dd0                HAL_TIM_Encoder_Init
                0x0000000008011efc                HAL_TIM_Encoder_DeInit
                0x0000000008011f5c                HAL_TIM_Encoder_MspInit
                0x0000000008011f70                HAL_TIM_Encoder_MspDeInit
                0x0000000008011f84                HAL_TIM_Encoder_Start
                0x0000000008011ff4                HAL_TIM_Encoder_Stop
                0x0000000008012084                HAL_TIM_Encoder_Start_IT
                0x0000000008012134                HAL_TIM_Encoder_Stop_IT
                0x0000000008012208                HAL_TIM_Encoder_Start_DMA
                0x00000000080123c0                HAL_TIM_Encoder_Stop_DMA
                0x0000000008012494                HAL_TIM_IRQHandler
                0x00000000080126a4                HAL_TIM_OC_ConfigChannel
                0x0000000008012764                HAL_TIM_IC_ConfigChannel
                0x000000000801289c                HAL_TIM_PWM_ConfigChannel
                0x0000000008012a28                HAL_TIM_OnePulse_ConfigChannel
                0x0000000008012ba8                HAL_TIM_DMABurst_WriteStart
                0x0000000008012db4                HAL_TIM_DMABurst_WriteStop
                0x0000000008012e64                HAL_TIM_DMABurst_ReadStart
                0x0000000008013064                HAL_TIM_DMABurst_ReadStop
                0x0000000008013114                HAL_TIM_GenerateEvent
                0x0000000008013164                HAL_TIM_ConfigOCrefClear
                0x00000000080132b8                HAL_TIM_ConfigClockSource
                0x000000000801347c                HAL_TIM_ConfigTI1Input
                0x00000000080134b8                HAL_TIM_SlaveConfigSynchronization
                0x0000000008013524                HAL_TIM_SlaveConfigSynchronization_IT
                0x0000000008013590                HAL_TIM_ReadCapturedValue
                0x0000000008013648                HAL_TIM_OC_DelayElapsedCallback
                0x000000000801365c                HAL_TIM_IC_CaptureCallback
                0x0000000008013670                HAL_TIM_PWM_PulseFinishedCallback
                0x0000000008013684                HAL_TIM_TriggerCallback
                0x0000000008013698                HAL_TIM_ErrorCallback
                0x00000000080136ac                HAL_TIM_Base_GetState
                0x00000000080136c8                HAL_TIM_OC_GetState
                0x00000000080136e4                HAL_TIM_PWM_GetState
                0x0000000008013700                HAL_TIM_IC_GetState
                0x000000000801371c                HAL_TIM_OnePulse_GetState
                0x0000000008013738                HAL_TIM_Encoder_GetState
                0x0000000008013754                TIM_Base_SetConfig
                0x00000000080138a4                TIM_TI1_SetConfig
                0x0000000008013998                TIM_OC2_SetConfig
                0x0000000008013a88                TIM_DMADelayPulseCplt
                0x0000000008013af8                TIM_DMAError
                0x0000000008013b1c                TIM_DMACaptureCplt
                0x0000000008013b8c                TIM_CCxChannelCmd
 .text          0x0000000008014294      0x210 build/objs/stm32f4xx_hal_dma_ex.o
                0x0000000008014294                HAL_DMAEx_MultiBufferStart
                0x0000000008014334                HAL_DMAEx_MultiBufferStart_IT
                0x0000000008014424                HAL_DMAEx_ChangeMemory
 .text          0x00000000080144a4        0x0 build/objs/stm32f4xx_hal_sd.o
 .text          0x00000000080144a4        0x0 build/objs/stm32f4xx_hal_sai_ex.o
 .text          0x00000000080144a4      0xae8 build/objs/stm32f4xx_hal_rcc.o
                0x00000000080144b0                HAL_RCC_OscConfig
                0x00000000080148d4                HAL_RCC_ClockConfig
                0x0000000008014abc                HAL_RCC_MCOConfig
                0x0000000008014b88                HAL_RCC_EnableCSS
                0x0000000008014ba0                HAL_RCC_DisableCSS
                0x0000000008014bb8                HAL_RCC_GetSysClockFreq
                0x0000000008014cb4                HAL_RCC_GetHCLKFreq
                0x0000000008014d04                HAL_RCC_GetPCLK1Freq
                0x0000000008014d48                HAL_RCC_GetPCLK2Freq
                0x0000000008014d8c                HAL_RCC_GetOscConfig
                0x0000000008014efc                HAL_RCC_GetClockConfig
                0x0000000008014f5c                HAL_RCC_NMI_IRQHandler
                0x0000000008014f80                HAL_RCC_CSSCallback
 .text          0x0000000008014f8c        0x0 build/objs/stm32f4xx_hal_wwdg.o
 .text          0x0000000008014f8c        0x0 build/objs/stm32f4xx_hal_dac_ex.o
 .text          0x0000000008014f8c        0x0 build/objs/stm32f4xx_hal_rtc_ex.o
 .text          0x0000000008014f8c      0x1d8 build/objs/stm32f4xx_hal_pwr_ex.o
                0x0000000008014f8c                HAL_PWREx_EnableBkUpReg
                0x0000000008014ff4                HAL_PWREx_DisableBkUpReg
                0x000000000801505c                HAL_PWREx_EnableFlashPowerDown
                0x0000000008015090                HAL_PWREx_DisableFlashPowerDown
                0x00000000080150c4                HAL_PWREx_GetVoltageRange
                0x00000000080150e0                HAL_PWREx_ControlVoltageScaling
 .text          0x0000000008015164        0x0 build/objs/stm32f4xx_hal_dcmi.o
 .text          0x0000000008015164        0x0 build/objs/stm32f4xx_hal_sdram.o
 .text          0x0000000008015164      0x5f8 build/objs/stm32f4xx_hal_flash.o
                0x0000000008015164                HAL_FLASH_Program
                0x000000000801520c                HAL_FLASH_Program_IT
                0x00000000080152a8                HAL_FLASH_IRQHandler
                0x00000000080153e8                HAL_FLASH_EndOfOperationCallback
                0x00000000080153fc                HAL_FLASH_OperationErrorCallback
                0x0000000008015410                HAL_FLASH_Unlock
                0x0000000008015444                HAL_FLASH_Lock
                0x0000000008015464                HAL_FLASH_OB_Unlock
                0x000000000801549c                HAL_FLASH_OB_Lock
                0x00000000080154bc                HAL_FLASH_OB_Launch
                0x00000000080154e4                HAL_FLASH_GetError
                0x00000000080154fc                FLASH_WaitForLastOperation
 .text          0x000000000801575c        0x0 build/objs/stm32f4xx_hal_crc.o
 .text          0x000000000801575c        0x0 build/objs/stm32f4xx_hal_usart.o
 .text          0x000000000801575c      0x7cc build/objs/stm32f4_discovery.o
                0x000000000801575c                BSP_GetVersion
                0x0000000008015770                BSP_LED_Init
                0x0000000008015860                BSP_LED_On
                0x0000000008015894                BSP_LED_Off
                0x00000000080158c8                BSP_LED_Toggle
                0x00000000080158f8                BSP_PB_Init
                0x00000000080159ac                BSP_PB_GetState
                0x0000000008015cd0                ACCELERO_IO_Init
                0x0000000008015d28                ACCELERO_IO_ITConfig
                0x0000000008015d88                ACCELERO_IO_Write
                0x0000000008015dec                ACCELERO_IO_Read
                0x0000000008015e5c                AUDIO_IO_Init
                0x0000000008015ecc                AUDIO_IO_DeInit
                0x0000000008015ed8                AUDIO_IO_Write
                0x0000000008015f00                AUDIO_IO_Read
 .text          0x0000000008015f28      0x164 build/objs/system_stm32f4xx.o
                0x0000000008015f28                SystemInit
                0x0000000008015f94                SystemCoreClockUpdate
 .text          0x000000000801608c      0x57c build/objs/usbd_core.o
                0x000000000801608c                USBD_Init
                0x00000000080160e4                USBD_DeInit
                0x0000000008016120                USBD_RegisterClass
                0x0000000008016154                USBD_Start
                0x000000000801616c                USBD_Stop
                0x0000000008016198                USBD_RunTestMode
                0x00000000080161b0                USBD_SetClassConfig
                0x00000000080161f0                USBD_ClrClassConfig
                0x0000000008016218                USBD_LL_SetupStage
                0x00000000080162ac                USBD_LL_DataOutStage
                0x0000000008016364                USBD_LL_DataInStage
                0x0000000008016484                USBD_LL_Reset
                0x00000000080164e4                USBD_LL_SetSpeed
                0x0000000008016504                USBD_LL_Suspend
                0x0000000008016530                USBD_LL_Resume
                0x0000000008016554                USBD_LL_SOF
                0x0000000008016588                USBD_LL_IsoINIncomplete
                0x00000000080165a4                USBD_LL_IsoOUTIncomplete
                0x00000000080165c0                USBD_LL_DevConnected
                0x00000000080165d8                USBD_LL_DevDisconnected
 .text          0x0000000008016608      0x8c8 build/objs/usbd_ctlreq.o
                0x0000000008016608                USBD_StdDevReq
                0x00000000080166a8                USBD_StdItfReq
                0x0000000008016710                USBD_StdEPReq
                0x0000000008016d84                USBD_ParseSetupRequest
                0x0000000008016dfc                USBD_CtlError
                0x0000000008016e1c                USBD_GetString
 .text          0x0000000008016ed0      0x130 build/objs/usbd_ioreq.o
                0x0000000008016ed0                USBD_CtlSendData
                0x0000000008016f08                USBD_CtlContinueSendData
                0x0000000008016f2c                USBD_CtlPrepareRx
                0x0000000008016f68                USBD_CtlContinueRx
                0x0000000008016f8c                USBD_CtlSendStatus
                0x0000000008016fb4                USBD_CtlReceiveStatus
                0x0000000008016fdc                USBD_GetRxCount
 .text          0x0000000008017000      0x1a4 build/objs/usbd_cdc_if_template.o
 .text          0x00000000080171a4      0x490 build/objs/usbd_cdc.o
                0x00000000080174dc                USBD_CDC_GetDeviceQualifierDescriptor
                0x00000000080174fc                USBD_CDC_RegisterInterface
                0x000000000801752c                USBD_CDC_SetTxBuffer
                0x0000000008017560                USBD_CDC_SetRxBuffer
                0x0000000008017588                USBD_CDC_TransmitPacket
                0x00000000080175dc                USBD_CDC_ReceivePacket
 .text          0x0000000008017634       0x14 build/objs/startup_stm32f407xx.o
 .text          0x0000000008017648      0x370 /usr/lib/gcc/arm-none-eabi/4.9.3/armv7e-m/fpu/libgcc.a(_arm_addsubdf3.o)
                0x0000000008017648                __aeabi_drsub
                0x0000000008017650                __aeabi_dsub
                0x0000000008017650                __subdf3
                0x0000000008017654                __adddf3
                0x0000000008017654                __aeabi_dadd
                0x00000000080178cc                __aeabi_ui2d
                0x00000000080178cc                __floatunsidf
                0x00000000080178ec                __floatsidf
                0x00000000080178ec                __aeabi_i2d
                0x0000000008017910                __extendsfdf2
                0x0000000008017910                __aeabi_f2d
                0x000000000801794c                __aeabi_ul2d
                0x000000000801794c                __floatundidf
                0x000000000801795c                __floatdidf
                0x000000000801795c                __aeabi_l2d
 .text          0x00000000080179b8      0x424 /usr/lib/gcc/arm-none-eabi/4.9.3/armv7e-m/fpu/libgcc.a(_arm_muldivdf3.o)
                0x00000000080179b8                __aeabi_dmul
                0x00000000080179b8                __muldf3
                0x0000000008017c0c                __aeabi_ddiv
                0x0000000008017c0c                __divdf3
 .text          0x0000000008017ddc       0xa0 /usr/lib/gcc/arm-none-eabi/4.9.3/armv7e-m/fpu/libgcc.a(_arm_truncdfsf2.o)
                0x0000000008017ddc                __aeabi_d2f
                0x0000000008017ddc                __truncdfsf2
 .text          0x0000000008017e7c        0x0 /usr/lib/gcc/arm-none-eabi/4.9.3/../../../arm-none-eabi/lib/armv7e-m/fpu/libg.a(lib_a-atof.o)
 .text          0x0000000008017e7c        0x0 /usr/lib/gcc/arm-none-eabi/4.9.3/../../../arm-none-eabi/lib/armv7e-m/fpu/libg.a(lib_a-atoi.o)
 .text          0x0000000008017e7c        0x0 /usr/lib/gcc/arm-none-eabi/4.9.3/../../../arm-none-eabi/lib/armv7e-m/fpu/libg.a(lib_a-errno.o)
 .text          0x0000000008017e7c        0x0 /usr/lib/gcc/arm-none-eabi/4.9.3/../../../arm-none-eabi/lib/armv7e-m/fpu/libg.a(lib_a-impure.o)
 .text          0x0000000008017e7c        0x0 /usr/lib/gcc/arm-none-eabi/4.9.3/../../../arm-none-eabi/lib/armv7e-m/fpu/libg.a(lib_a-malloc.o)
 .text          0x0000000008017e7c        0x0 /usr/lib/gcc/arm-none-eabi/4.9.3/../../../arm-none-eabi/lib/armv7e-m/fpu/libg.a(lib_a-mallocr.o)
 .text          0x0000000008017e7c        0x0 /usr/lib/gcc/arm-none-eabi/4.9.3/../../../arm-none-eabi/lib/armv7e-m/fpu/libg.a(lib_a-mlock.o)
 .text          0x0000000008017e7c        0x0 /usr/lib/gcc/arm-none-eabi/4.9.3/../../../arm-none-eabi/lib/armv7e-m/fpu/libg.a(lib_a-sbrkr.o)
 *fill*         0x0000000008017e7c        0x4 
 .text          0x0000000008017e80      0x2e0 /usr/lib/gcc/arm-none-eabi/4.9.3/../../../arm-none-eabi/lib/armv7e-m/fpu/libg.a(lib_a-strcmp.o)
                0x0000000008017e88                strcmp
 .text          0x0000000008018160        0x0 /usr/lib/gcc/arm-none-eabi/4.9.3/../../../arm-none-eabi/lib/armv7e-m/fpu/libg.a(lib_a-strtod.o)
 .text          0x0000000008018160        0x0 /usr/lib/gcc/arm-none-eabi/4.9.3/../../../arm-none-eabi/lib/armv7e-m/fpu/libg.a(lib_a-strtok.o)
 .text          0x0000000008018160        0x0 /usr/lib/gcc/arm-none-eabi/4.9.3/../../../arm-none-eabi/lib/armv7e-m/fpu/libg.a(lib_a-strtok_r.o)
 .text          0x0000000008018160        0x0 /usr/lib/gcc/arm-none-eabi/4.9.3/../../../arm-none-eabi/lib/armv7e-m/fpu/libg.a(lib_a-strtol.o)
 .text          0x0000000008018160        0x0 /usr/lib/gcc/arm-none-eabi/4.9.3/../../../arm-none-eabi/lib/armv7e-m/fpu/libg.a(lib_a-ctype_.o)
 .text          0x0000000008018160        0x0 /usr/lib/gcc/arm-none-eabi/4.9.3/../../../arm-none-eabi/lib/armv7e-m/fpu/libg.a(lib_a-freer.o)
 .text          0x0000000008018160        0x0 /usr/lib/gcc/arm-none-eabi/4.9.3/../../../arm-none-eabi/lib/armv7e-m/fpu/libg.a(lib_a-gdtoa-gethex.o)
 .text          0x0000000008018160        0x0 /usr/lib/gcc/arm-none-eabi/4.9.3/../../../arm-none-eabi/lib/armv7e-m/fpu/libg.a(lib_a-gdtoa-hexnan.o)
 .text          0x0000000008018160        0x0 /usr/lib/gcc/arm-none-eabi/4.9.3/../../../arm-none-eabi/lib/armv7e-m/fpu/libg.a(lib_a-locale.o)
 .text          0x0000000008018160      0x134 /usr/lib/gcc/arm-none-eabi/4.9.3/../../../arm-none-eabi/lib/armv7e-m/fpu/libg.a(lib_a-memcpy.o)
                0x0000000008018160                memcpy
 .text          0x0000000008018294        0x0 /usr/lib/gcc/arm-none-eabi/4.9.3/../../../arm-none-eabi/lib/armv7e-m/fpu/libg.a(lib_a-mprec.o)
 .text          0x0000000008018294        0x0 /usr/lib/gcc/arm-none-eabi/4.9.3/../../../arm-none-eabi/lib/armv7e-m/fpu/libg.a(lib_a-reent.o)
 .text          0x0000000008018294        0x0 /usr/lib/gcc/arm-none-eabi/4.9.3/../../../arm-none-eabi/lib/armv7e-m/fpu/libg.a(lib_a-s_fpclassify.o)
 .text          0x0000000008018294        0x0 /usr/lib/gcc/arm-none-eabi/4.9.3/../../../arm-none-eabi/lib/armv7e-m/fpu/libg.a(lib_a-sf_nan.o)
 .text          0x0000000008018294        0x0 /usr/lib/gcc/arm-none-eabi/4.9.3/../../../arm-none-eabi/lib/armv7e-m/fpu/libg.a(lib_a-strlen.o)
 .text          0x0000000008018294        0x0 /usr/lib/gcc/arm-none-eabi/4.9.3/../../../arm-none-eabi/lib/armv7e-m/fpu/libg.a(lib_a-strncmp.o)
 .text          0x0000000008018294        0x0 /usr/lib/gcc/arm-none-eabi/4.9.3/../../../arm-none-eabi/lib/armv7e-m/fpu/libg.a(lib_a-callocr.o)
 .text          0x0000000008018294        0x0 /usr/lib/gcc/arm-none-eabi/4.9.3/../../../arm-none-eabi/lib/armv7e-m/fpu/libg.a(lib_a-memset.o)
 .text          0x0000000008018294      0x110 /usr/lib/gcc/arm-none-eabi/4.9.3/armv7e-m/fpu/libgcc.a(_arm_cmpdf2.o)
                0x0000000008018294                __gtdf2
                0x0000000008018294                __gedf2
                0x000000000801829c                __ltdf2
                0x000000000801829c                __ledf2
                0x00000000080182a4                __cmpdf2
                0x00000000080182a4                __eqdf2
                0x00000000080182a4                __nedf2
                0x0000000008018320                __aeabi_cdrcmple
                0x0000000008018330                __aeabi_cdcmple
                0x0000000008018330                __aeabi_cdcmpeq
                0x0000000008018340                __aeabi_dcmpeq
                0x0000000008018354                __aeabi_dcmplt
                0x0000000008018368                __aeabi_dcmple
                0x000000000801837c                __aeabi_dcmpge
                0x0000000008018390                __aeabi_dcmpgt
 .text          0x00000000080183a4       0x50 /usr/lib/gcc/arm-none-eabi/4.9.3/armv7e-m/fpu/libgcc.a(_arm_fixdfsi.o)
                0x00000000080183a4                __fixdfsi
                0x00000000080183a4                __aeabi_d2iz
 .text          0x00000000080183f4       0x40 /usr/lib/gcc/arm-none-eabi/4.9.3/armv7e-m/fpu/libgcc.a(_arm_fixunsdfsi.o)
                0x00000000080183f4                __fixunsdfsi
                0x00000000080183f4                __aeabi_d2uiz
 *(.text*)
 .text.Reset_Handler
                0x0000000008018434       0x4c build/objs/startup_stm32f407xx.o
                0x0000000008018434                Reset_Handler
 .text.Default_Handler
                0x0000000008018480        0x2 build/objs/startup_stm32f407xx.o
                0x0000000008018480                RTC_Alarm_IRQHandler
                0x0000000008018480                HASH_RNG_IRQHandler
                0x0000000008018480                EXTI2_IRQHandler
                0x0000000008018480                TIM8_CC_IRQHandler
                0x0000000008018480                DebugMon_Handler
                0x0000000008018480                TIM1_CC_IRQHandler
                0x0000000008018480                DMA2_Stream5_IRQHandler
                0x0000000008018480                HardFault_Handler
                0x0000000008018480                DMA1_Stream5_IRQHandler
                0x0000000008018480                PVD_IRQHandler
                0x0000000008018480                SDIO_IRQHandler
                0x0000000008018480                TAMP_STAMP_IRQHandler
                0x0000000008018480                PendSV_Handler
                0x0000000008018480                NMI_Handler
                0x0000000008018480                CAN2_RX1_IRQHandler
                0x0000000008018480                EXTI3_IRQHandler
                0x0000000008018480                TIM8_TRG_COM_TIM14_IRQHandler
                0x0000000008018480                TIM1_UP_TIM10_IRQHandler
                0x0000000008018480                TIM8_UP_TIM13_IRQHandler
                0x0000000008018480                I2C3_ER_IRQHandler
                0x0000000008018480                EXTI0_IRQHandler
                0x0000000008018480                I2C2_EV_IRQHandler
                0x0000000008018480                DMA1_Stream2_IRQHandler
                0x0000000008018480                CAN1_RX0_IRQHandler
                0x0000000008018480                FPU_IRQHandler
                0x0000000008018480                OTG_HS_WKUP_IRQHandler
                0x0000000008018480                UsageFault_Handler
                0x0000000008018480                CAN2_SCE_IRQHandler
                0x0000000008018480                DMA2_Stream2_IRQHandler
                0x0000000008018480                SPI1_IRQHandler
                0x0000000008018480                TIM1_BRK_TIM9_IRQHandler
                0x0000000008018480                DCMI_IRQHandler
                0x0000000008018480                CAN2_RX0_IRQHandler
                0x0000000008018480                DMA2_Stream3_IRQHandler
                0x0000000008018480                USART6_IRQHandler
                0x0000000008018480                USART3_IRQHandler
                0x0000000008018480                CAN1_RX1_IRQHandler
                0x0000000008018480                UART5_IRQHandler
                0x0000000008018480                DMA2_Stream0_IRQHandler
                0x0000000008018480                TIM4_IRQHandler
                0x0000000008018480                I2C1_EV_IRQHandler
                0x0000000008018480                DMA1_Stream6_IRQHandler
                0x0000000008018480                DMA1_Stream1_IRQHandler
                0x0000000008018480                UART4_IRQHandler
                0x0000000008018480                TIM3_IRQHandler
                0x0000000008018480                RCC_IRQHandler
                0x0000000008018480                TIM8_BRK_TIM12_IRQHandler
                0x0000000008018480                Default_Handler
                0x0000000008018480                EXTI15_10_IRQHandler
                0x0000000008018480                ADC_IRQHandler
                0x0000000008018480                DMA1_Stream7_IRQHandler
                0x0000000008018480                TIM7_IRQHandler
                0x0000000008018480                CAN2_TX_IRQHandler
                0x0000000008018480                TIM5_IRQHandler
                0x0000000008018480                DMA2_Stream7_IRQHandler
                0x0000000008018480                I2C3_EV_IRQHandler
                0x0000000008018480                EXTI9_5_IRQHandler
                0x0000000008018480                RTC_WKUP_IRQHandler
                0x0000000008018480                ETH_WKUP_IRQHandler
                0x0000000008018480                SPI2_IRQHandler
                0x0000000008018480                OTG_HS_EP1_IN_IRQHandler
                0x0000000008018480                MemManage_Handler
                0x0000000008018480                DMA1_Stream0_IRQHandler
                0x0000000008018480                CAN1_TX_IRQHandler
                0x0000000008018480                SVC_Handler
                0x0000000008018480                EXTI4_IRQHandler
                0x0000000008018480                FSMC_IRQHandler
                0x0000000008018480                ETH_IRQHandler
                0x0000000008018480                OTG_HS_EP1_OUT_IRQHandler
                0x0000000008018480                WWDG_IRQHandler
                0x0000000008018480                TIM2_IRQHandler
                0x0000000008018480                OTG_FS_WKUP_IRQHandler
                0x0000000008018480                TIM1_TRG_COM_TIM11_IRQHandler
                0x0000000008018480                OTG_HS_IRQHandler
                0x0000000008018480                EXTI1_IRQHandler
                0x0000000008018480                USART2_IRQHandler
                0x0000000008018480                I2C2_ER_IRQHandler
                0x0000000008018480                DMA2_Stream1_IRQHandler
                0x0000000008018480                CAN1_SCE_IRQHandler
                0x0000000008018480                FLASH_IRQHandler
                0x0000000008018480                DMA2_Stream4_IRQHandler
                0x0000000008018480                BusFault_Handler
                0x0000000008018480                USART1_IRQHandler
                0x0000000008018480                SPI3_IRQHandler
                0x0000000008018480                DMA1_Stream4_IRQHandler
                0x0000000008018480                I2C1_ER_IRQHandler
                0x0000000008018480                DMA2_Stream6_IRQHandler
                0x0000000008018480                DMA1_Stream3_IRQHandler
 *fill*         0x0000000008018482        0x2 
 .text.atof     0x0000000008018484        0x8 /usr/lib/gcc/arm-none-eabi/4.9.3/../../../arm-none-eabi/lib/armv7e-m/fpu/libg.a(lib_a-atof.o)
                0x0000000008018484                atof
 .text.atoi     0x000000000801848c        0x8 /usr/lib/gcc/arm-none-eabi/4.9.3/../../../arm-none-eabi/lib/armv7e-m/fpu/libg.a(lib_a-atoi.o)
                0x000000000801848c                atoi
 .text._atoi_r  0x0000000008018494        0x8 /usr/lib/gcc/arm-none-eabi/4.9.3/../../../arm-none-eabi/lib/armv7e-m/fpu/libg.a(lib_a-atoi.o)
                0x0000000008018494                _atoi_r
 .text.__errno  0x000000000801849c        0xc /usr/lib/gcc/arm-none-eabi/4.9.3/../../../arm-none-eabi/lib/armv7e-m/fpu/libg.a(lib_a-errno.o)
                0x000000000801849c                __errno
 .text.malloc   0x00000000080184a8       0x10 /usr/lib/gcc/arm-none-eabi/4.9.3/../../../arm-none-eabi/lib/armv7e-m/fpu/libg.a(lib_a-malloc.o)
                0x00000000080184a8                malloc
 .text.free     0x00000000080184b8       0x10 /usr/lib/gcc/arm-none-eabi/4.9.3/../../../arm-none-eabi/lib/armv7e-m/fpu/libg.a(lib_a-malloc.o)
                0x00000000080184b8                free
 .text._malloc_r
                0x00000000080184c8      0x524 /usr/lib/gcc/arm-none-eabi/4.9.3/../../../arm-none-eabi/lib/armv7e-m/fpu/libg.a(lib_a-mallocr.o)
                0x00000000080184c8                _malloc_r
 .text.__malloc_lock
                0x00000000080189ec        0x4 /usr/lib/gcc/arm-none-eabi/4.9.3/../../../arm-none-eabi/lib/armv7e-m/fpu/libg.a(lib_a-mlock.o)
                0x00000000080189ec                __malloc_lock
 .text.__malloc_unlock
                0x00000000080189f0        0x4 /usr/lib/gcc/arm-none-eabi/4.9.3/../../../arm-none-eabi/lib/armv7e-m/fpu/libg.a(lib_a-mlock.o)
                0x00000000080189f0                __malloc_unlock
 .text._sbrk_r  0x00000000080189f4       0x24 /usr/lib/gcc/arm-none-eabi/4.9.3/../../../arm-none-eabi/lib/armv7e-m/fpu/libg.a(lib_a-sbrkr.o)
                0x00000000080189f4                _sbrk_r
 .text.sulp     0x0000000008018a18       0x40 /usr/lib/gcc/arm-none-eabi/4.9.3/../../../arm-none-eabi/lib/armv7e-m/fpu/libg.a(lib_a-strtod.o)
 .text._strtod_r
                0x0000000008018a58      0xf50 /usr/lib/gcc/arm-none-eabi/4.9.3/../../../arm-none-eabi/lib/armv7e-m/fpu/libg.a(lib_a-strtod.o)
                0x0000000008018a58                _strtod_r
 .text.strtod   0x00000000080199a8       0x10 /usr/lib/gcc/arm-none-eabi/4.9.3/../../../arm-none-eabi/lib/armv7e-m/fpu/libg.a(lib_a-strtod.o)
                0x00000000080199a8                strtod
 .text.strtof   0x00000000080199b8       0x44 /usr/lib/gcc/arm-none-eabi/4.9.3/../../../arm-none-eabi/lib/armv7e-m/fpu/libg.a(lib_a-strtod.o)
                0x00000000080199b8                strtof
 .text.strtok   0x00000000080199fc       0x10 /usr/lib/gcc/arm-none-eabi/4.9.3/../../../arm-none-eabi/lib/armv7e-m/fpu/libg.a(lib_a-strtok.o)
                0x00000000080199fc                strtok
 .text.__strtok_r
                0x0000000008019a0c       0x64 /usr/lib/gcc/arm-none-eabi/4.9.3/../../../arm-none-eabi/lib/armv7e-m/fpu/libg.a(lib_a-strtok_r.o)
                0x0000000008019a0c                __strtok_r
 .text.strtok_r
                0x0000000008019a70        0x8 /usr/lib/gcc/arm-none-eabi/4.9.3/../../../arm-none-eabi/lib/armv7e-m/fpu/libg.a(lib_a-strtok_r.o)
                0x0000000008019a70                strtok_r
 .text._strtol_r
                0x0000000008019a78      0x11c /usr/lib/gcc/arm-none-eabi/4.9.3/../../../arm-none-eabi/lib/armv7e-m/fpu/libg.a(lib_a-strtol.o)
                0x0000000008019a78                _strtol_r
 .text.strtol   0x0000000008019b94       0x18 /usr/lib/gcc/arm-none-eabi/4.9.3/../../../arm-none-eabi/lib/armv7e-m/fpu/libg.a(lib_a-strtol.o)
                0x0000000008019b94                strtol
 .text._malloc_trim_r
                0x0000000008019bac       0x9c /usr/lib/gcc/arm-none-eabi/4.9.3/../../../arm-none-eabi/lib/armv7e-m/fpu/libg.a(lib_a-freer.o)
                0x0000000008019bac                _malloc_trim_r
 .text._free_r  0x0000000008019c48      0x1b0 /usr/lib/gcc/arm-none-eabi/4.9.3/../../../arm-none-eabi/lib/armv7e-m/fpu/libg.a(lib_a-freer.o)
                0x0000000008019c48                _free_r
 .text.rshift   0x0000000008019df8       0xa0 /usr/lib/gcc/arm-none-eabi/4.9.3/../../../arm-none-eabi/lib/armv7e-m/fpu/libg.a(lib_a-gdtoa-gethex.o)
 .text.__gethex
                0x0000000008019e98      0x514 /usr/lib/gcc/arm-none-eabi/4.9.3/../../../arm-none-eabi/lib/armv7e-m/fpu/libg.a(lib_a-gdtoa-gethex.o)
                0x0000000008019e98                __gethex
 .text.__hexnan
                0x000000000801a3ac      0x184 /usr/lib/gcc/arm-none-eabi/4.9.3/../../../arm-none-eabi/lib/armv7e-m/fpu/libg.a(lib_a-gdtoa-hexnan.o)
                0x000000000801a3ac                __hexnan
 .text._setlocale_r
                0x000000000801a530       0x44 /usr/lib/gcc/arm-none-eabi/4.9.3/../../../arm-none-eabi/lib/armv7e-m/fpu/libg.a(lib_a-locale.o)
                0x000000000801a530                _setlocale_r
 .text.__locale_charset
                0x000000000801a574        0x8 /usr/lib/gcc/arm-none-eabi/4.9.3/../../../arm-none-eabi/lib/armv7e-m/fpu/libg.a(lib_a-locale.o)
                0x000000000801a574                __locale_charset
 .text.__locale_mb_cur_max
                0x000000000801a57c        0xc /usr/lib/gcc/arm-none-eabi/4.9.3/../../../arm-none-eabi/lib/armv7e-m/fpu/libg.a(lib_a-locale.o)
                0x000000000801a57c                __locale_mb_cur_max
 .text.__locale_msgcharset
                0x000000000801a588        0x8 /usr/lib/gcc/arm-none-eabi/4.9.3/../../../arm-none-eabi/lib/armv7e-m/fpu/libg.a(lib_a-locale.o)
                0x000000000801a588                __locale_msgcharset
 .text.__locale_cjk_lang
                0x000000000801a590        0x4 /usr/lib/gcc/arm-none-eabi/4.9.3/../../../arm-none-eabi/lib/armv7e-m/fpu/libg.a(lib_a-locale.o)
                0x000000000801a590                __locale_cjk_lang
 .text._localeconv_r
                0x000000000801a594        0x8 /usr/lib/gcc/arm-none-eabi/4.9.3/../../../arm-none-eabi/lib/armv7e-m/fpu/libg.a(lib_a-locale.o)
                0x000000000801a594                _localeconv_r
 .text.setlocale
                0x000000000801a59c       0x10 /usr/lib/gcc/arm-none-eabi/4.9.3/../../../arm-none-eabi/lib/armv7e-m/fpu/libg.a(lib_a-locale.o)
                0x000000000801a59c                setlocale
 .text.localeconv
                0x000000000801a5ac        0x8 /usr/lib/gcc/arm-none-eabi/4.9.3/../../../arm-none-eabi/lib/armv7e-m/fpu/libg.a(lib_a-locale.o)
                0x000000000801a5ac                localeconv
 .text._Balloc  0x000000000801a5b4       0x4c /usr/lib/gcc/arm-none-eabi/4.9.3/../../../arm-none-eabi/lib/armv7e-m/fpu/libg.a(lib_a-mprec.o)
                0x000000000801a5b4                _Balloc
 .text._Bfree   0x000000000801a600       0x14 /usr/lib/gcc/arm-none-eabi/4.9.3/../../../arm-none-eabi/lib/armv7e-m/fpu/libg.a(lib_a-mprec.o)
                0x000000000801a600                _Bfree
 .text.__multadd
                0x000000000801a614       0x84 /usr/lib/gcc/arm-none-eabi/4.9.3/../../../arm-none-eabi/lib/armv7e-m/fpu/libg.a(lib_a-mprec.o)
                0x000000000801a614                __multadd
 .text.__s2b    0x000000000801a698       0x98 /usr/lib/gcc/arm-none-eabi/4.9.3/../../../arm-none-eabi/lib/armv7e-m/fpu/libg.a(lib_a-mprec.o)
                0x000000000801a698                __s2b
 .text.__hi0bits
                0x000000000801a730       0x40 /usr/lib/gcc/arm-none-eabi/4.9.3/../../../arm-none-eabi/lib/armv7e-m/fpu/libg.a(lib_a-mprec.o)
                0x000000000801a730                __hi0bits
 .text.__lo0bits
                0x000000000801a770       0x5c /usr/lib/gcc/arm-none-eabi/4.9.3/../../../arm-none-eabi/lib/armv7e-m/fpu/libg.a(lib_a-mprec.o)
                0x000000000801a770                __lo0bits
 .text.__i2b    0x000000000801a7cc       0x14 /usr/lib/gcc/arm-none-eabi/4.9.3/../../../arm-none-eabi/lib/armv7e-m/fpu/libg.a(lib_a-mprec.o)
                0x000000000801a7cc                __i2b
 .text.__multiply
                0x000000000801a7e0      0x134 /usr/lib/gcc/arm-none-eabi/4.9.3/../../../arm-none-eabi/lib/armv7e-m/fpu/libg.a(lib_a-mprec.o)
                0x000000000801a7e0                __multiply
 .text.__pow5mult
                0x000000000801a914       0xa0 /usr/lib/gcc/arm-none-eabi/4.9.3/../../../arm-none-eabi/lib/armv7e-m/fpu/libg.a(lib_a-mprec.o)
                0x000000000801a914                __pow5mult
 .text.__lshift
                0x000000000801a9b4       0xac /usr/lib/gcc/arm-none-eabi/4.9.3/../../../arm-none-eabi/lib/armv7e-m/fpu/libg.a(lib_a-mprec.o)
                0x000000000801a9b4                __lshift
 .text.__mcmp   0x000000000801aa60       0x48 /usr/lib/gcc/arm-none-eabi/4.9.3/../../../arm-none-eabi/lib/armv7e-m/fpu/libg.a(lib_a-mprec.o)
                0x000000000801aa60                __mcmp
 .text.__mdiff  0x000000000801aaa8       0xd4 /usr/lib/gcc/arm-none-eabi/4.9.3/../../../arm-none-eabi/lib/armv7e-m/fpu/libg.a(lib_a-mprec.o)
                0x000000000801aaa8                __mdiff
 .text.__ulp    0x000000000801ab7c       0x50 /usr/lib/gcc/arm-none-eabi/4.9.3/../../../arm-none-eabi/lib/armv7e-m/fpu/libg.a(lib_a-mprec.o)
                0x000000000801ab7c                __ulp
 .text.__b2d    0x000000000801abcc       0xc4 /usr/lib/gcc/arm-none-eabi/4.9.3/../../../arm-none-eabi/lib/armv7e-m/fpu/libg.a(lib_a-mprec.o)
                0x000000000801abcc                __b2d
 .text.__d2b    0x000000000801ac90       0xbc /usr/lib/gcc/arm-none-eabi/4.9.3/../../../arm-none-eabi/lib/armv7e-m/fpu/libg.a(lib_a-mprec.o)
                0x000000000801ac90                __d2b
 .text.__ratio  0x000000000801ad4c       0x60 /usr/lib/gcc/arm-none-eabi/4.9.3/../../../arm-none-eabi/lib/armv7e-m/fpu/libg.a(lib_a-mprec.o)
                0x000000000801ad4c                __ratio
 .text._mprec_log10
                0x000000000801adac       0x38 /usr/lib/gcc/arm-none-eabi/4.9.3/../../../arm-none-eabi/lib/armv7e-m/fpu/libg.a(lib_a-mprec.o)
                0x000000000801adac                _mprec_log10
 .text.__copybits
                0x000000000801ade4       0x48 /usr/lib/gcc/arm-none-eabi/4.9.3/../../../arm-none-eabi/lib/armv7e-m/fpu/libg.a(lib_a-mprec.o)
                0x000000000801ade4                __copybits
 .text.__any_on
                0x000000000801ae2c       0x60 /usr/lib/gcc/arm-none-eabi/4.9.3/../../../arm-none-eabi/lib/armv7e-m/fpu/libg.a(lib_a-mprec.o)
                0x000000000801ae2c                __any_on
 .text.cleanup_glue
                0x000000000801ae8c       0x1c /usr/lib/gcc/arm-none-eabi/4.9.3/../../../arm-none-eabi/lib/armv7e-m/fpu/libg.a(lib_a-reent.o)
                0x000000000801ae8c                cleanup_glue
 .text._reclaim_reent
                0x000000000801aea8       0x88 /usr/lib/gcc/arm-none-eabi/4.9.3/../../../arm-none-eabi/lib/armv7e-m/fpu/libg.a(lib_a-reent.o)
                0x000000000801aea8                _reclaim_reent
 .text.__fpclassifyd
                0x000000000801af30       0x5c /usr/lib/gcc/arm-none-eabi/4.9.3/../../../arm-none-eabi/lib/armv7e-m/fpu/libg.a(lib_a-s_fpclassify.o)
                0x000000000801af30                __fpclassifyd
 .text.nanf     0x000000000801af8c        0xc /usr/lib/gcc/arm-none-eabi/4.9.3/../../../arm-none-eabi/lib/armv7e-m/fpu/libg.a(lib_a-sf_nan.o)
                0x000000000801af8c                nanf
 .text.strlen   0x000000000801af98       0x5c /usr/lib/gcc/arm-none-eabi/4.9.3/../../../arm-none-eabi/lib/armv7e-m/fpu/libg.a(lib_a-strlen.o)
                0x000000000801af98                strlen
 .text.strncmp  0x000000000801aff4       0x98 /usr/lib/gcc/arm-none-eabi/4.9.3/../../../arm-none-eabi/lib/armv7e-m/fpu/libg.a(lib_a-strncmp.o)
                0x000000000801aff4                strncmp
 .text._calloc_r
                0x000000000801b08c       0x60 /usr/lib/gcc/arm-none-eabi/4.9.3/../../../arm-none-eabi/lib/armv7e-m/fpu/libg.a(lib_a-callocr.o)
                0x000000000801b08c                _calloc_r
 .text.memset   0x000000000801b0ec       0x9c /usr/lib/gcc/arm-none-eabi/4.9.3/../../../arm-none-eabi/lib/armv7e-m/fpu/libg.a(lib_a-memset.o)
                0x000000000801b0ec                memset
 *(.glue_7)
 .glue_7        0x000000000801b188        0x0 linker stubs
 *(.glue_7t)
 .glue_7t       0x000000000801b188        0x0 linker stubs
 *(.eh_frame)
 .eh_frame      0x000000000801b188       0x70 /usr/lib/gcc/arm-none-eabi/4.9.3/../../../arm-none-eabi/lib/armv7e-m/fpu/libg.a(lib_a-strcmp.o)
 *(.init)
 *(.fini)
                0x000000000801b1f8                . = ALIGN (0x4)
                0x000000000801b1f8                _etext = .

.vfp11_veneer   0x000000000801b1f8        0x0
 .vfp11_veneer  0x000000000801b1f8        0x0 linker stubs

.v4_bx          0x000000000801b1f8        0x0
 .v4_bx         0x000000000801b1f8        0x0 linker stubs

.iplt           0x000000000801b1f8        0x0
 .iplt          0x000000000801b1f8        0x0 build/objs/stm32f4xx_hal_msp.o

.rodata         0x000000000801b1f8      0x950
                0x000000000801b1f8                . = ALIGN (0x4)
 *(.rodata)
 .rodata        0x000000000801b1f8        0x7 build/objs/USB_printf.o
 *fill*         0x000000000801b1ff        0x1 
 .rodata        0x000000000801b200       0x24 build/objs/main.o
 .rodata        0x000000000801b224       0x58 build/objs/usbd_desc.o
 .rodata        0x000000000801b27c      0x386 build/objs/pcd8544.o
                0x000000000801b27c                PCD8544_Font5x7
                0x000000000801b4c4                PCD8544_Font3x5
 *fill*         0x000000000801b602        0x2 
 .rodata        0x000000000801b604       0xb2 build/objs/reflow_process.o
 *fill*         0x000000000801b6b6        0x2 
 .rodata        0x000000000801b6b8       0xac build/objs/command_processor.o
 .rodata        0x000000000801b764        0x8 build/objs/stm32f4xx_hal_dma.o
 .rodata        0x000000000801b76c       0x10 build/objs/stm32f4xx_hal_rcc.o
                0x000000000801b76c                APBAHBPrescTable
 .rodata        0x000000000801b77c       0x10 build/objs/stm32f4_discovery.o
                0x000000000801b77c                GPIO_PIN
                0x000000000801b784                BUTTON_PIN
                0x000000000801b788                BUTTON_IRQn
 .rodata        0x000000000801b78c       0x10 build/objs/system_stm32f4xx.o
                0x000000000801b78c                AHBPrescTable
 *(.rodata*)
 .rodata.str1.4
                0x000000000801b79c        0x2 /usr/lib/gcc/arm-none-eabi/4.9.3/../../../arm-none-eabi/lib/armv7e-m/fpu/libg.a(lib_a-impure.o)
                                          0x4 (size before relaxing)
 *fill*         0x000000000801b79e        0x2 
 .rodata._global_impure_ptr
                0x000000000801b7a0        0x4 /usr/lib/gcc/arm-none-eabi/4.9.3/../../../arm-none-eabi/lib/armv7e-m/fpu/libg.a(lib_a-impure.o)
                0x000000000801b7a0                _global_impure_ptr
 *fill*         0x000000000801b7a4        0x4 
 .rodata.tinytens
                0x000000000801b7a8       0x28 /usr/lib/gcc/arm-none-eabi/4.9.3/../../../arm-none-eabi/lib/armv7e-m/fpu/libg.a(lib_a-strtod.o)
 .rodata.fpinan.5307
                0x000000000801b7d0       0x14 /usr/lib/gcc/arm-none-eabi/4.9.3/../../../arm-none-eabi/lib/armv7e-m/fpu/libg.a(lib_a-strtod.o)
 .rodata.str1.4
                0x000000000801b7e4        0xf /usr/lib/gcc/arm-none-eabi/4.9.3/../../../arm-none-eabi/lib/armv7e-m/fpu/libg.a(lib_a-strtod.o)
                                         0x10 (size before relaxing)
 *fill*         0x000000000801b7f3        0x1 
 .rodata.fpi.5271
                0x000000000801b7f4       0x14 /usr/lib/gcc/arm-none-eabi/4.9.3/../../../arm-none-eabi/lib/armv7e-m/fpu/libg.a(lib_a-strtod.o)
 .rodata._ctype_
                0x000000000801b808      0x104 /usr/lib/gcc/arm-none-eabi/4.9.3/../../../arm-none-eabi/lib/armv7e-m/fpu/libg.a(lib_a-ctype_.o)
                0x000000000801b808                _ctype_
 .rodata.__hexdig
                0x000000000801b90c      0x100 /usr/lib/gcc/arm-none-eabi/4.9.3/../../../arm-none-eabi/lib/armv7e-m/fpu/libg.a(lib_a-gdtoa-gethex.o)
                0x000000000801b90c                __hexdig
 .rodata.str1.4
                0x000000000801ba0c       0x10 /usr/lib/gcc/arm-none-eabi/4.9.3/../../../arm-none-eabi/lib/armv7e-m/fpu/libg.a(lib_a-locale.o)
                                         0x14 (size before relaxing)
 *fill*         0x000000000801ba1c        0x4 
 .rodata.__mprec_tens
                0x000000000801ba20       0xc8 /usr/lib/gcc/arm-none-eabi/4.9.3/../../../arm-none-eabi/lib/armv7e-m/fpu/libg.a(lib_a-mprec.o)
                0x000000000801ba20                __mprec_tens
 .rodata.p05.5302
                0x000000000801bae8        0xc /usr/lib/gcc/arm-none-eabi/4.9.3/../../../arm-none-eabi/lib/armv7e-m/fpu/libg.a(lib_a-mprec.o)
 *fill*         0x000000000801baf4        0x4 
 .rodata.__mprec_bigtens
                0x000000000801baf8       0x28 /usr/lib/gcc/arm-none-eabi/4.9.3/../../../arm-none-eabi/lib/armv7e-m/fpu/libg.a(lib_a-mprec.o)
                0x000000000801baf8                __mprec_bigtens
 .rodata.__mprec_tinytens
                0x000000000801bb20       0x28 /usr/lib/gcc/arm-none-eabi/4.9.3/../../../arm-none-eabi/lib/armv7e-m/fpu/libg.a(lib_a-mprec.o)
                0x000000000801bb20                __mprec_tinytens
                0x000000000801bb48                . = ALIGN (0x4)

.rel.dyn        0x000000000801bb48        0x0
 .rel.iplt      0x000000000801bb48        0x0 build/objs/stm32f4xx_hal_msp.o

.ARM.extab
 *(.ARM.extab* .gnu.linkonce.armextab.*)

.ARM            0x000000000801bb48        0x0
                0x000000000801bb48                __exidx_start = .
 *(.ARM.exidx*)
                0x000000000801bb48                __exidx_end = .

.preinit_array  0x000000000801bb48        0x0
                [!provide]                        PROVIDE (__preinit_array_start, .)
 *(.preinit_array*)
                [!provide]                        PROVIDE (__preinit_array_end, .)

.init_array     0x000000000801bb48        0x0
                [!provide]                        PROVIDE (__init_array_start, .)
 *(SORT(.init_array.*))
 *(.init_array*)
                [!provide]                        PROVIDE (__init_array_end, .)

.fini_array     0x000000000801bb48        0x0
                [!provide]                        PROVIDE (__fini_array_start, .)
 *(SORT(.fini_array.*))
 *(.fini_array*)
                [!provide]                        PROVIDE (__fini_array_end, .)
                0x000000000801bb48                _sidata = LOADADDR (.data)

.data           0x0000000020000000      0xb64 load address 0x000000000801bb48
                0x0000000020000000                . = ALIGN (0x4)
                0x0000000020000000                _sdata = .
 *(.data)
 .data          0x0000000020000000        0x0 build/objs/stm32f4xx_hal_msp.o
 .data          0x0000000020000000       0x10 build/objs/usbd_cdc_if.o
                0x0000000020000000                USBD_Interface_fops_FS
 .data          0x0000000020000010        0x0 build/objs/usbd_conf.o
 .data          0x0000000020000010        0x0 build/objs/syscalls.o
 .data          0x0000000020000010        0x0 build/objs/USB_printf.o
 .data          0x0000000020000010        0x0 build/objs/gpio.o
 .data          0x0000000020000010        0x0 build/objs/SSR.o
 .data          0x0000000020000010        0x0 build/objs/MAX31855.o
 .data          0x0000000020000010        0x4 build/objs/main.o
                0x0000000020000010                main_loop_period
 .data          0x0000000020000014        0x0 build/objs/stm32f4xx_it.o
 .data          0x0000000020000014        0x0 build/objs/usb_device.o
 .data          0x0000000020000014       0x34 build/objs/usbd_desc.o
                0x0000000020000014                FS_Desc
                0x0000000020000030                USBD_FS_DeviceDesc
                0x0000000020000044                USBD_LangIDDesc
 .data          0x0000000020000048       0xca build/objs/pcd8544.o
                0x0000000020000048                brightness_levels
 .data          0x0000000020000112        0x0 build/objs/reflow_process.o
 *fill*         0x0000000020000112        0x2 
 .data          0x0000000020000114       0x48 build/objs/command_processor.o
                0x0000000020000114                allowed_commands
 .data          0x000000002000015c        0x0 build/objs/stm32f4xx_hal_dsi.o
 .data          0x000000002000015c        0x0 build/objs/stm32f4xx_hal_pcd.o
 .data          0x000000002000015c        0x0 build/objs/stm32f4xx_hal_irda.o
 .data          0x000000002000015c        0x0 build/objs/stm32f4xx_ll_fsmc.o
 .data          0x000000002000015c        0x0 build/objs/stm32f4xx_hal_cec.o
 .data          0x000000002000015c        0x0 build/objs/stm32f4xx_hal_timebase_tim_template.o
 .data          0x000000002000015c        0x0 build/objs/stm32f4xx_ll_usb.o
 .data          0x000000002000015c        0x0 build/objs/stm32f4xx_hal.o
 .data          0x000000002000015c        0x0 build/objs/stm32f4xx_hal_dcmi_ex.o
 .data          0x000000002000015c        0x0 build/objs/stm32f4xx_hal_flash_ex.o
 .data          0x000000002000015c        0x0 build/objs/stm32f4xx_hal_cryp.o
 .data          0x000000002000015c        0x0 build/objs/stm32f4xx_hal_rng.o
 .data          0x000000002000015c        0x0 build/objs/stm32f4xx_hal_nand.o
 .data          0x000000002000015c        0x0 build/objs/stm32f4xx_hal_gpio.o
 .data          0x000000002000015c        0x0 build/objs/stm32f4xx_hal_ltdc.o
 .data          0x000000002000015c        0x0 build/objs/stm32f4xx_hal_hcd.o
 .data          0x000000002000015c        0x0 build/objs/stm32f4xx_hal_pcd_ex.o
 .data          0x000000002000015c        0x0 build/objs/stm32f4xx_hal_adc.o
 .data          0x000000002000015c        0x0 build/objs/stm32f4xx_hal_adc_ex.o
 .data          0x000000002000015c        0x0 build/objs/stm32f4xx_hal_lptim.o
 .data          0x000000002000015c        0x0 build/objs/stm32f4xx_hal_spi.o
 .data          0x000000002000015c        0x0 build/objs/stm32f4xx_hal_i2c.o
 .data          0x000000002000015c        0x0 build/objs/stm32f4xx_hal_fmpi2c.o
 .data          0x000000002000015c        0x0 build/objs/stm32f4xx_hal_smartcard.o
 .data          0x000000002000015c        0x0 build/objs/stm32f4xx_hal_pccard.o
 .data          0x000000002000015c        0x0 build/objs/stm32f4xx_hal_dma2d.o
 .data          0x000000002000015c        0x0 build/objs/stm32f4xx_hal_sai.o
 .data          0x000000002000015c        0x0 build/objs/stm32f4xx_hal_cryp_ex.o
 .data          0x000000002000015c        0x0 build/objs/stm32f4xx_hal_rcc_ex.o
 .data          0x000000002000015c        0x0 build/objs/stm32f4xx_ll_fmc.o
 .data          0x000000002000015c        0x0 build/objs/stm32f4xx_hal_ltdc_ex.o
 .data          0x000000002000015c        0x0 build/objs/stm32f4xx_hal_flash_ramfunc.o
 .data          0x000000002000015c        0x0 build/objs/stm32f4xx_hal_cortex.o
 .data          0x000000002000015c        0x0 build/objs/stm32f4xx_hal_iwdg.o
 .data          0x000000002000015c        0x0 build/objs/stm32f4xx_hal_uart.o
 .data          0x000000002000015c        0x0 build/objs/stm32f4xx_hal_tim_ex.o
 .data          0x000000002000015c        0x0 build/objs/stm32f4xx_hal_i2c_ex.o
 .data          0x000000002000015c        0x0 build/objs/stm32f4xx_hal_dma.o
 .data          0x000000002000015c        0x0 build/objs/stm32f4xx_hal_dac.o
 .data          0x000000002000015c        0x0 build/objs/stm32f4xx_hal_spdifrx.o
 .data          0x000000002000015c        0x0 build/objs/stm32f4xx_hal_fmpi2c_ex.o
 .data          0x000000002000015c        0x0 build/objs/stm32f4xx_ll_sdmmc.o
 .data          0x000000002000015c        0x0 build/objs/stm32f4xx_hal_i2s_ex.o
 .data          0x000000002000015c        0x0 build/objs/stm32f4xx_hal_can.o
 .data          0x000000002000015c        0x0 build/objs/stm32f4xx_hal_nor.o
 .data          0x000000002000015c        0x0 build/objs/stm32f4xx_hal_pwr.o
 .data          0x000000002000015c        0x0 build/objs/stm32f4xx_hal_rtc.o
 .data          0x000000002000015c        0x0 build/objs/stm32f4xx_hal_qspi.o
 .data          0x000000002000015c        0x0 build/objs/stm32f4xx_hal_hash_ex.o
 .data          0x000000002000015c        0x0 build/objs/stm32f4xx_hal_i2s.o
 .data          0x000000002000015c        0x0 build/objs/stm32f4xx_hal_sram.o
 .data          0x000000002000015c        0x0 build/objs/stm32f4xx_hal_hash.o
 .data          0x000000002000015c        0x0 build/objs/stm32f4xx_hal_eth.o
 .data          0x000000002000015c        0x0 build/objs/stm32f4xx_hal_tim.o
 .data          0x000000002000015c        0x0 build/objs/stm32f4xx_hal_dma_ex.o
 .data          0x000000002000015c        0x0 build/objs/stm32f4xx_hal_sd.o
 .data          0x000000002000015c        0x0 build/objs/stm32f4xx_hal_sai_ex.o
 .data          0x000000002000015c        0x0 build/objs/stm32f4xx_hal_rcc.o
 .data          0x000000002000015c        0x0 build/objs/stm32f4xx_hal_wwdg.o
 .data          0x000000002000015c        0x0 build/objs/stm32f4xx_hal_dac_ex.o
 .data          0x000000002000015c        0x0 build/objs/stm32f4xx_hal_rtc_ex.o
 .data          0x000000002000015c        0x0 build/objs/stm32f4xx_hal_pwr_ex.o
 .data          0x000000002000015c        0x0 build/objs/stm32f4xx_hal_dcmi.o
 .data          0x000000002000015c        0x0 build/objs/stm32f4xx_hal_sdram.o
 .data          0x000000002000015c        0x0 build/objs/stm32f4xx_hal_flash.o
 .data          0x000000002000015c        0x0 build/objs/stm32f4xx_hal_crc.o
 .data          0x000000002000015c        0x0 build/objs/stm32f4xx_hal_usart.o
 .data          0x000000002000015c       0x1c build/objs/stm32f4_discovery.o
                0x000000002000015c                GPIO_PORT
                0x000000002000016c                BUTTON_PORT
                0x0000000020000170                I2cxTimeout
                0x0000000020000174                SpixTimeout
 .data          0x0000000020000178        0x4 build/objs/system_stm32f4xx.o
                0x0000000020000178                SystemCoreClock
 .data          0x000000002000017c        0x0 build/objs/usbd_core.o
 .data          0x000000002000017c        0x0 build/objs/usbd_ctlreq.o
 .data          0x000000002000017c        0x0 build/objs/usbd_ioreq.o
 .data          0x000000002000017c       0x18 build/objs/usbd_cdc_if_template.o
                0x000000002000017c                USBD_CDC_Template_fops
                0x000000002000018c                linecoding
 .data          0x0000000020000194      0x110 build/objs/usbd_cdc.o
                0x00000000200001a0                USBD_CDC
                0x00000000200001d8                USBD_CDC_CfgHSDesc
                0x000000002000021c                USBD_CDC_CfgFSDesc
                0x0000000020000260                USBD_CDC_OtherSpeedCfgDesc
 .data          0x00000000200002a4        0x0 build/objs/startup_stm32f407xx.o
 .data          0x00000000200002a4        0x0 /usr/lib/gcc/arm-none-eabi/4.9.3/armv7e-m/fpu/libgcc.a(_arm_addsubdf3.o)
 .data          0x00000000200002a4        0x0 /usr/lib/gcc/arm-none-eabi/4.9.3/armv7e-m/fpu/libgcc.a(_arm_muldivdf3.o)
 .data          0x00000000200002a4        0x0 /usr/lib/gcc/arm-none-eabi/4.9.3/armv7e-m/fpu/libgcc.a(_arm_truncdfsf2.o)
 .data          0x00000000200002a4        0x0 /usr/lib/gcc/arm-none-eabi/4.9.3/../../../arm-none-eabi/lib/armv7e-m/fpu/libg.a(lib_a-atof.o)
 .data          0x00000000200002a4        0x0 /usr/lib/gcc/arm-none-eabi/4.9.3/../../../arm-none-eabi/lib/armv7e-m/fpu/libg.a(lib_a-atoi.o)
 .data          0x00000000200002a4        0x0 /usr/lib/gcc/arm-none-eabi/4.9.3/../../../arm-none-eabi/lib/armv7e-m/fpu/libg.a(lib_a-errno.o)
 .data          0x00000000200002a4        0x0 /usr/lib/gcc/arm-none-eabi/4.9.3/../../../arm-none-eabi/lib/armv7e-m/fpu/libg.a(lib_a-impure.o)
 .data          0x00000000200002a4        0x0 /usr/lib/gcc/arm-none-eabi/4.9.3/../../../arm-none-eabi/lib/armv7e-m/fpu/libg.a(lib_a-malloc.o)
 .data          0x00000000200002a4        0x0 /usr/lib/gcc/arm-none-eabi/4.9.3/../../../arm-none-eabi/lib/armv7e-m/fpu/libg.a(lib_a-mallocr.o)
 .data          0x00000000200002a4        0x0 /usr/lib/gcc/arm-none-eabi/4.9.3/../../../arm-none-eabi/lib/armv7e-m/fpu/libg.a(lib_a-mlock.o)
 .data          0x00000000200002a4        0x0 /usr/lib/gcc/arm-none-eabi/4.9.3/../../../arm-none-eabi/lib/armv7e-m/fpu/libg.a(lib_a-sbrkr.o)
 .data          0x00000000200002a4        0x0 /usr/lib/gcc/arm-none-eabi/4.9.3/../../../arm-none-eabi/lib/armv7e-m/fpu/libg.a(lib_a-strcmp.o)
 .data          0x00000000200002a4        0x0 /usr/lib/gcc/arm-none-eabi/4.9.3/../../../arm-none-eabi/lib/armv7e-m/fpu/libg.a(lib_a-strtod.o)
 .data          0x00000000200002a4        0x0 /usr/lib/gcc/arm-none-eabi/4.9.3/../../../arm-none-eabi/lib/armv7e-m/fpu/libg.a(lib_a-strtok.o)
 .data          0x00000000200002a4        0x0 /usr/lib/gcc/arm-none-eabi/4.9.3/../../../arm-none-eabi/lib/armv7e-m/fpu/libg.a(lib_a-strtok_r.o)
 .data          0x00000000200002a4        0x0 /usr/lib/gcc/arm-none-eabi/4.9.3/../../../arm-none-eabi/lib/armv7e-m/fpu/libg.a(lib_a-strtol.o)
 .data          0x00000000200002a4        0x0 /usr/lib/gcc/arm-none-eabi/4.9.3/../../../arm-none-eabi/lib/armv7e-m/fpu/libg.a(lib_a-ctype_.o)
 .data          0x00000000200002a4        0x0 /usr/lib/gcc/arm-none-eabi/4.9.3/../../../arm-none-eabi/lib/armv7e-m/fpu/libg.a(lib_a-freer.o)
 .data          0x00000000200002a4        0x0 /usr/lib/gcc/arm-none-eabi/4.9.3/../../../arm-none-eabi/lib/armv7e-m/fpu/libg.a(lib_a-gdtoa-gethex.o)
 .data          0x00000000200002a4        0x0 /usr/lib/gcc/arm-none-eabi/4.9.3/../../../arm-none-eabi/lib/armv7e-m/fpu/libg.a(lib_a-gdtoa-hexnan.o)
 .data          0x00000000200002a4        0x0 /usr/lib/gcc/arm-none-eabi/4.9.3/../../../arm-none-eabi/lib/armv7e-m/fpu/libg.a(lib_a-locale.o)
 .data          0x00000000200002a4        0x0 /usr/lib/gcc/arm-none-eabi/4.9.3/../../../arm-none-eabi/lib/armv7e-m/fpu/libg.a(lib_a-memcpy.o)
 .data          0x00000000200002a4        0x0 /usr/lib/gcc/arm-none-eabi/4.9.3/../../../arm-none-eabi/lib/armv7e-m/fpu/libg.a(lib_a-mprec.o)
 .data          0x00000000200002a4        0x0 /usr/lib/gcc/arm-none-eabi/4.9.3/../../../arm-none-eabi/lib/armv7e-m/fpu/libg.a(lib_a-reent.o)
 .data          0x00000000200002a4        0x0 /usr/lib/gcc/arm-none-eabi/4.9.3/../../../arm-none-eabi/lib/armv7e-m/fpu/libg.a(lib_a-s_fpclassify.o)
 .data          0x00000000200002a4        0x0 /usr/lib/gcc/arm-none-eabi/4.9.3/../../../arm-none-eabi/lib/armv7e-m/fpu/libg.a(lib_a-sf_nan.o)
 .data          0x00000000200002a4        0x0 /usr/lib/gcc/arm-none-eabi/4.9.3/../../../arm-none-eabi/lib/armv7e-m/fpu/libg.a(lib_a-strlen.o)
 .data          0x00000000200002a4        0x0 /usr/lib/gcc/arm-none-eabi/4.9.3/../../../arm-none-eabi/lib/armv7e-m/fpu/libg.a(lib_a-strncmp.o)
 .data          0x00000000200002a4        0x0 /usr/lib/gcc/arm-none-eabi/4.9.3/../../../arm-none-eabi/lib/armv7e-m/fpu/libg.a(lib_a-callocr.o)
 .data          0x00000000200002a4        0x0 /usr/lib/gcc/arm-none-eabi/4.9.3/../../../arm-none-eabi/lib/armv7e-m/fpu/libg.a(lib_a-memset.o)
 .data          0x00000000200002a4        0x0 /usr/lib/gcc/arm-none-eabi/4.9.3/armv7e-m/fpu/libgcc.a(_arm_cmpdf2.o)
 .data          0x00000000200002a4        0x0 /usr/lib/gcc/arm-none-eabi/4.9.3/armv7e-m/fpu/libgcc.a(_arm_fixdfsi.o)
 .data          0x00000000200002a4        0x0 /usr/lib/gcc/arm-none-eabi/4.9.3/armv7e-m/fpu/libgcc.a(_arm_fixunsdfsi.o)
 *(.data*)
 *fill*         0x00000000200002a4        0x4 
 .data.impure_data
                0x00000000200002a8      0x428 /usr/lib/gcc/arm-none-eabi/4.9.3/../../../arm-none-eabi/lib/armv7e-m/fpu/libg.a(lib_a-impure.o)
 .data._impure_ptr