Archive member included to satisfy reference by file (symbol)

/usr/lib/gcc/arm-none-eabi/4.9.3/armv7e-m/fpu/libgcc.a(_arm_addsubdf3.o)
                              build/objs/MAX31855.o (__aeabi_ui2d)
/usr/lib/gcc/arm-none-eabi/4.9.3/armv7e-m/fpu/libgcc.a(_arm_muldivdf3.o)
                              build/objs/MAX31855.o (__aeabi_dmul)
/usr/lib/gcc/arm-none-eabi/4.9.3/armv7e-m/fpu/libgcc.a(_arm_truncdfsf2.o)
                              build/objs/MAX31855.o (__aeabi_d2f)
/usr/lib/gcc/arm-none-eabi/4.9.3/../../../arm-none-eabi/lib/armv7e-m/fpu/libg.a(lib_a-atof.o)
                              build/objs/reflow_process.o (atof)
/usr/lib/gcc/arm-none-eabi/4.9.3/../../../arm-none-eabi/lib/armv7e-m/fpu/libg.a(lib_a-atoi.o)
                              build/objs/SSR.o (atoi)
/usr/lib/gcc/arm-none-eabi/4.9.3/../../../arm-none-eabi/lib/armv7e-m/fpu/libg.a(lib_a-errno.o)
                              build/objs/syscalls.o (__errno)
/usr/lib/gcc/arm-none-eabi/4.9.3/../../../arm-none-eabi/lib/armv7e-m/fpu/libg.a(lib_a-impure.o)
                              /usr/lib/gcc/arm-none-eabi/4.9.3/../../../arm-none-eabi/lib/armv7e-m/fpu/libg.a(lib_a-errno.o) (_impure_ptr)
/usr/lib/gcc/arm-none-eabi/4.9.3/../../../arm-none-eabi/lib/armv7e-m/fpu/libg.a(lib_a-malloc.o)
                              build/objs/usbd_cdc.o (malloc)
/usr/lib/gcc/arm-none-eabi/4.9.3/../../../arm-none-eabi/lib/armv7e-m/fpu/libg.a(lib_a-mallocr.o)
                              /usr/lib/gcc/arm-none-eabi/4.9.3/../../../arm-none-eabi/lib/armv7e-m/fpu/libg.a(lib_a-malloc.o) (_malloc_r)
/usr/lib/gcc/arm-none-eabi/4.9.3/../../../arm-none-eabi/lib/armv7e-m/fpu/libg.a(lib_a-mlock.o)
                              /usr/lib/gcc/arm-none-eabi/4.9.3/../../../arm-none-eabi/lib/armv7e-m/fpu/libg.a(lib_a-mallocr.o) (__malloc_lock)
/usr/lib/gcc/arm-none-eabi/4.9.3/../../../arm-none-eabi/lib/armv7e-m/fpu/libg.a(lib_a-sbrkr.o)
                              /usr/lib/gcc/arm-none-eabi/4.9.3/../../../arm-none-eabi/lib/armv7e-m/fpu/libg.a(lib_a-mallocr.o) (_sbrk_r)
/usr/lib/gcc/arm-none-eabi/4.9.3/../../../arm-none-eabi/lib/armv7e-m/fpu/libg.a(lib_a-strcmp.o)
                              build/objs/command_processor.o (strcmp)
/usr/lib/gcc/arm-none-eabi/4.9.3/../../../arm-none-eabi/lib/armv7e-m/fpu/libg.a(lib_a-strtod.o)
                              /usr/lib/gcc/arm-none-eabi/4.9.3/../../../arm-none-eabi/lib/armv7e-m/fpu/libg.a(lib_a-atof.o) (strtod)
/usr/lib/gcc/arm-none-eabi/4.9.3/../../../arm-none-eabi/lib/armv7e-m/fpu/libg.a(lib_a-strtok.o)
                              build/objs/command_processor.o (strtok)
/usr/lib/gcc/arm-none-eabi/4.9.3/../../../arm-none-eabi/lib/armv7e-m/fpu/libg.a(lib_a-strtok_r.o)
                              /usr/lib/gcc/arm-none-eabi/4.9.3/../../../arm-none-eabi/lib/armv7e-m/fpu/libg.a(lib_a-strtok.o) (__strtok_r)
/usr/lib/gcc/arm-none-eabi/4.9.3/../../../arm-none-eabi/lib/armv7e-m/fpu/libg.a(lib_a-strtol.o)
                              /usr/lib/gcc/arm-none-eabi/4.9.3/../../../arm-none-eabi/lib/armv7e-m/fpu/libg.a(lib_a-atoi.o) (_strtol_r)
/usr/lib/gcc/arm-none-eabi/4.9.3/../../../arm-none-eabi/lib/armv7e-m/fpu/libg.a(lib_a-ctype_.o)
                              /usr/lib/gcc/arm-none-eabi/4.9.3/../../../arm-none-eabi/lib/armv7e-m/fpu/libg.a(lib_a-strtol.o) (__ctype_ptr__)
/usr/lib/gcc/arm-none-eabi/4.9.3/../../../arm-none-eabi/lib/armv7e-m/fpu/libg.a(lib_a-freer.o)
                              /usr/lib/gcc/arm-none-eabi/4.9.3/../../../arm-none-eabi/lib/armv7e-m/fpu/libg.a(lib_a-malloc.o) (_free_r)
/usr/lib/gcc/arm-none-eabi/4.9.3/../../../arm-none-eabi/lib/armv7e-m/fpu/libg.a(lib_a-gdtoa-gethex.o)
                              /usr/lib/gcc/arm-none-eabi/4.9.3/../../../arm-none-eabi/lib/armv7e-m/fpu/libg.a(lib_a-strtod.o) (__gethex)
/usr/lib/gcc/arm-none-eabi/4.9.3/../../../arm-none-eabi/lib/armv7e-m/fpu/libg.a(lib_a-gdtoa-hexnan.o)
                              /usr/lib/gcc/arm-none-eabi/4.9.3/../../../arm-none-eabi/lib/armv7e-m/fpu/libg.a(lib_a-strtod.o) (__hexnan)
/usr/lib/gcc/arm-none-eabi/4.9.3/../../../arm-none-eabi/lib/armv7e-m/fpu/libg.a(lib_a-locale.o)
                              /usr/lib/gcc/arm-none-eabi/4.9.3/../../../arm-none-eabi/lib/armv7e-m/fpu/libg.a(lib_a-strtod.o) (_localeconv_r)
/usr/lib/gcc/arm-none-eabi/4.9.3/../../../arm-none-eabi/lib/armv7e-m/fpu/libg.a(lib_a-memcpy.o)
                              /usr/lib/gcc/arm-none-eabi/4.9.3/../../../arm-none-eabi/lib/armv7e-m/fpu/libg.a(lib_a-strtod.o) (memcpy)
/usr/lib/gcc/arm-none-eabi/4.9.3/../../../arm-none-eabi/lib/armv7e-m/fpu/libg.a(lib_a-mprec.o)
                              /usr/lib/gcc/arm-none-eabi/4.9.3/../../../arm-none-eabi/lib/armv7e-m/fpu/libg.a(lib_a-strtod.o) (_Balloc)
/usr/lib/gcc/arm-none-eabi/4.9.3/../../../arm-none-eabi/lib/armv7e-m/fpu/libg.a(lib_a-reent.o)
                              /usr/lib/gcc/arm-none-eabi/4.9.3/../../../arm-none-eabi/lib/armv7e-m/fpu/libg.a(lib_a-sbrkr.o) (errno)
[...]
Memory Configuration

Name             Origin             Length             Attributes
FLASH            0x0000000008000000 0x0000000000100000 xr
RAM              0x0000000020000000 0x0000000000020000 xrw
CCMRAM           0x0000000010000000 0x0000000000010000 rw
*default*        0x0000000000000000 0xffffffffffffffff

Linker script and memory map

LOAD build/objs/stm32f4xx_hal_msp.o
LOAD build/objs/usbd_cdc_if.o
LOAD build/objs/usbd_conf.o
LOAD build/objs/syscalls.o
LOAD build/objs/USB_printf.o
LOAD build/objs/gpio.o
LOAD build/objs/SSR.o
LOAD build/objs/MAX31855.o
LOAD build/objs/main.o
LOAD build/objs/stm32f4xx_it.o
LOAD build/objs/usb_device.o
LOAD build/objs/usbd_desc.o
LOAD build/objs/pcd8544.o
LOAD build/objs/reflow_process.o
LOAD build/objs/command_processor.o
LOAD build/objs/stm32f4xx_hal_dsi.o
LOAD build/objs/stm32f4xx_hal_pcd.o
LOAD build/objs/stm32f4xx_hal_irda.o
LOAD build/objs/stm32f4xx_ll_fsmc.o
LOAD build/objs/stm32f4xx_hal_cec.o
LOAD build/objs/stm32f4xx_hal_timebase_tim_template.o
LOAD build/objs/stm32f4xx_ll_usb.o
LOAD build/objs/stm32f4xx_hal.o
LOAD build/objs/stm32f4xx_hal_dcmi_ex.o
LOAD build/objs/stm32f4xx_hal_flash_ex.o
LOAD build/objs/stm32f4xx_hal_cryp.o
LOAD build/objs/stm32f4xx_hal_rng.o
LOAD build/objs/stm32f4xx_hal_nand.o
LOAD build/objs/stm32f4xx_hal_gpio.o
LOAD build/objs/stm32f4xx_hal_ltdc.o
LOAD build/objs/stm32f4xx_hal_hcd.o
LOAD build/objs/stm32f4xx_hal_pcd_ex.o
LOAD build/objs/stm32f4xx_hal_adc.o
LOAD build/objs/stm32f4xx_hal_adc_ex.o
LOAD build/objs/stm32f4xx_hal_lptim.o
LOAD build/objs/stm32f4xx_hal_spi.o
LOAD build/objs/stm32f4xx_hal_i2c.o
LOAD build/objs/stm32f4xx_hal_fmpi2c.o
LOAD build/objs/stm32f4xx_hal_smartcard.o
LOAD build/objs/stm32f4xx_hal_pccard.o
LOAD build/objs/stm32f4xx_hal_dma2d.o
LOAD build/objs/stm32f4xx_hal_sai.o
LOAD build/objs/stm32f4xx_hal_cryp_ex.o
LOAD build/objs/stm32f4xx_hal_rcc_ex.o
LOAD build/objs/stm32f4xx_ll_fmc.o
LOAD build/objs/stm32f4xx_hal_ltdc_ex.o
LOAD build/objs/stm32f4xx_hal_flash_ramfunc.o
LOAD build/objs/stm32f4xx_hal_cortex.o
LOAD build/objs/stm32f4xx_hal_iwdg.o
LOAD build/objs/stm32f4xx_hal_uart.o
LOAD build/objs/stm32f4xx_hal_tim_ex.o
LOAD build/objs/stm32f4xx_hal_i2c_ex.o
LOAD build/objs/stm32f4xx_hal_dma.o
LOAD build/objs/stm32f4xx_hal_dac.o
LOAD build/objs/stm32f4xx_hal_spdifrx.o
LOAD build/objs/stm32f4xx_hal_fmpi2c_ex.o
LOAD build/objs/stm32f4xx_ll_sdmmc.o
LOAD build/objs/stm32f4xx_hal_i2s_ex.o
LOAD build/objs/stm32f4xx_hal_can.o
LOAD build/objs/stm32f4xx_hal_nor.o
LOAD build/objs/stm32f4xx_hal_pwr.o
LOAD build/objs/stm32f4xx_hal_rtc.o
LOAD build/objs/stm32f4xx_hal_qspi.o
LOAD build/objs/stm32f4xx_hal_hash_ex.o
LOAD build/objs/stm32f4xx_hal_i2s.o
LOAD build/objs/stm32f4xx_hal_sram.o
LOAD build/objs/stm32f4xx_hal_hash.o
LOAD build/objs/stm32f4xx_hal_eth.o
LOAD build/objs/stm32f4xx_hal_tim.o
LOAD build/objs/stm32f4xx_hal_dma_ex.o
LOAD build/objs/stm32f4xx_hal_sd.o
LOAD build/objs/stm32f4xx_hal_sai_ex.o
LOAD build/objs/stm32f4xx_hal_rcc.o
LOAD build/objs/stm32f4xx_hal_wwdg.o
LOAD build/objs/stm32f4xx_hal_dac_ex.o
LOAD build/objs/stm32f4xx_hal_rtc_ex.o
LOAD build/objs/stm32f4xx_hal_pwr_ex.o
LOAD build/objs/stm32f4xx_hal_dcmi.o
LOAD build/objs/stm32f4xx_hal_sdram.o
LOAD build/objs/stm32f4xx_hal_flash.o
LOAD build/objs/stm32f4xx_hal_crc.o
LOAD build/objs/stm32f4xx_hal_usart.o
LOAD build/objs/stm32f4_discovery.o
LOAD build/objs/system_stm32f4xx.o
LOAD build/objs/usbd_core.o
LOAD build/objs/usbd_ctlreq.o
LOAD build/objs/usbd_ioreq.o
LOAD build/objs/usbd_cdc_if_template.o
LOAD build/objs/usbd_cdc.o
LOAD build/objs/startup_stm32f407xx.o
START GROUP
LOAD /usr/lib/gcc/arm-none-eabi/4.9.3/armv7e-m/fpu/libgcc.a
LOAD /usr/lib/gcc/arm-none-eabi/4.9.3/../../../arm-none-eabi/lib/armv7e-m/fpu/libg.a
LOAD /usr/lib/gcc/arm-none-eabi/4.9.3/../../../arm-none-eabi/lib/armv7e-m/fpu/libc.a
END GROUP
                0x000000002001ffff                _estack = 0x2001ffff
                0x0000000000000200                _Min_Heap_Size = 0x200
                0x0000000000000400                _Min_Stack_Size = 0x400

.isr_vector     0x0000000008000000      0x188
                0x0000000008000000                . = ALIGN (0x4)
 *(.isr_vector)
 .isr_vector    0x0000000008000000      0x188 build/objs/startup_stm32f407xx.o
                0x0000000008000000                g_pfnVectors
                0x0000000008000188                . = ALIGN (0x4)

.text           0x00000000080001a0    0x1b238
                0x00000000080001a0                . = ALIGN (0x4)
 *(.text)
 .text          0x00000000080001a0       0x48 build/objs/stm32f4xx_hal_msp.o
                0x00000000080001a0                HAL_MspInit
 .text          0x00000000080001e8      0x19c build/objs/usbd_cdc_if.o
                0x0000000008000330                CDC_Transmit_FS
 .text          0x0000000008000384      0x588 build/objs/usbd_conf.o
                0x0000000008000384                HAL_PCD_MspInit
                0x0000000008000400                HAL_PCD_MspDeInit
                0x000000000800043c                HAL_PCD_SetupStageCallback
                0x0000000008000460                HAL_PCD_DataOutStageCallback
                0x0000000008000498                HAL_PCD_DataInStageCallback
                0x00000000080004cc                HAL_PCD_SOFCallback
                0x00000000080004e8                HAL_PCD_ResetCallback
                0x0000000008000538                HAL_PCD_SuspendCallback
                0x0000000008000584                HAL_PCD_ResumeCallback
                0x00000000080005a0                HAL_PCD_ISOOUTIncompleteCallback
                0x00000000080005c4                HAL_PCD_ISOINIncompleteCallback
                0x00000000080005e8                HAL_PCD_ConnectCallback
                0x0000000008000604                HAL_PCD_DisconnectCallback
                0x0000000008000620                USBD_LL_Init
                0x00000000080006b4                USBD_LL_DeInit
                0x00000000080006d4                USBD_LL_Start
                0x00000000080006f4                USBD_LL_Stop
                0x0000000008000714                USBD_LL_OpenEP
                0x0000000008000748                USBD_LL_CloseEP
                0x0000000008000770                USBD_LL_FlushEP
                0x0000000008000798                USBD_LL_StallEP
                0x00000000080007c0                USBD_LL_ClearStallEP
                0x00000000080007e8                USBD_LL_IsStallEP
                0x0000000008000840                USBD_LL_SetUSBAddress
                0x0000000008000868                USBD_LL_Transmit
                0x000000000800089c                USBD_LL_PrepareReceive
                0x00000000080008d0                USBD_LL_GetRxDataSize
                0x00000000080008f8                USBD_LL_Delay
 .text          0x000000000800090c      0x2b8 build/objs/syscalls.o
                0x000000000800090c                _sbrk
                0x0000000008000978                _gettimeofday
                0x00000000080009a4                initialise_monitor_handles
                0x00000000080009b0                _getpid
                0x00000000080009c0                _kill
                0x00000000080009e0                _exit
                0x00000000080009f4                _write
                0x0000000008000a2c                _close
                0x0000000008000a44                _fstat
                0x0000000008000a64                _isatty
                0x0000000008000a7c                _lseek
                0x0000000008000a98                _read
                0x0000000008000ad4                _open
                0x0000000008000af0                _wait
                0x0000000008000b10                _unlink
                0x0000000008000b30                _times
                0x0000000008000b48                _stat
                0x0000000008000b68                _link
                0x0000000008000b88                _fork
                0x0000000008000ba0                _execve
 .text          0x0000000008000bc4      0x458 build/objs/USB_printf.o
                0x0000000008000f5c                USB_printf
                0x0000000008000f84                USB_printf_buff
                0x0000000008000fdc                PCD8544_printf_buff
 .text          0x000000000800101c       0x4c build/objs/gpio.o
                0x000000000800101c                MX_GPIO_Init
 .text          0x0000000008001068      0x274 build/objs/SSR.o
                0x0000000008001068                SSR_init
                0x0000000008001118                SSR_start
                0x000000000800113c                SSR_stop
                0x0000000008001164                SSR_set_duty_cycle
                0x00000000080011c4                SSR_force_duty_cycle
                0x000000000800123c                SSR_lock_duty_cycle
                0x0000000008001288                SSR_force_on_off
 .text          0x00000000080012dc      0x314 build/objs/MAX31855.o
                0x00000000080012dc                MAX31855_init
                0x0000000008001434                MAX31855_read
 .text          0x00000000080015f0      0x1f4 build/objs/main.o
                0x00000000080015f0                main
                0x00000000080016ec                SystemClock_Config
                0x00000000080017b0                set_reflow_process_period
 .text          0x00000000080017e4       0x20 build/objs/stm32f4xx_it.o
                0x00000000080017e4                SysTick_Handler
                0x00000000080017f4                OTG_FS_IRQHandler
 .text          0x0000000008001804       0x38 build/objs/usb_device.o
                0x0000000008001804                MX_USB_DEVICE_Init
 .text          0x000000000800183c      0x160 build/objs/usbd_desc.o
                0x000000000800183c                USBD_FS_DeviceDescriptor
                0x0000000008001860                USBD_FS_LangIDStrDescriptor
                0x0000000008001884                USBD_FS_ProductStrDescriptor
                0x00000000080018c0                USBD_FS_ManufacturerStrDescriptor
                0x00000000080018e8                USBD_FS_SerialStrDescriptor
                0x0000000008001924                USBD_FS_ConfigStrDescriptor
                0x0000000008001960                USBD_FS_InterfaceStrDescriptor
 .text          0x000000000800199c      0xe94 build/objs/pcd8544.o
                0x000000000800199c                PCD8544_InitIO
                0x0000000008001bb4                PCD8544_send
                0x0000000008001bf4                PCD8544_Pin
                0x0000000008001c60                PCD8544_Delay
                0x0000000008001c88                PCD8544_Init
                0x0000000008001d00                PCD8544_Write
                0x0000000008001d40                PCD8544_SetContrast
                0x0000000008001d7c                PCD8544_DrawPixel
                0x0000000008001e38                PCD8544_Invert
                0x0000000008001e60                PCD8544_Clear
                0x0000000008001eac                PCD8544_Home
                0x0000000008001ec4                PCD8544_Refresh
                0x0000000008001f80                PCD8544_UpdateArea
                0x0000000008001ff8                PCD8544_GotoXY
                0x0000000008002028                PCD8544_Putc
                0x000000000800217c                PCD8544_Puts
                0x00000000080021b4                PCD8544_DrawLine
                0x0000000008002370                PCD8544_DrawRectangle
                0x00000000080023dc                PCD8544_DrawFilledRectangle
                0x0000000008002424                PCD8544_DrawCircle
                0x0000000008002618                PCD8544_DrawFilledCircle
                0x00000000080027fc                PCD8544_SetBacklight
 .text          0x0000000008002830      0x748 build/objs/reflow_process.o
                0x0000000008002830                add_reflow_point
                0x00000000080028c4                get_reflow_point
                0x000000000800293c                clear_reflow_list
                0x0000000008002964                start_reflow_process
                0x00000000080029c4                stop_reflow_process
                0x00000000080029e8                private_stop_reflow_process
                0x0000000008002a34                set_PID_parameters
                0x0000000008002af4                reflow_process
 .text          0x0000000008002f78      0x194 build/objs/command_processor.o
                0x0000000008002f78                cmd_proc_receive_data
 .text          0x000000000800310c        0x0 build/objs/stm32f4xx_hal_dsi.o
 .text          0x000000000800310c     0x1290 build/objs/stm32f4xx_hal_pcd.o
                0x000000000800310c                HAL_PCD_Init
                0x000000000800331c                HAL_PCD_DeInit
                0x000000000800337c                HAL_PCD_Start
                0x00000000080033c0                HAL_PCD_Stop
                0x0000000008003410                HAL_PCD_IRQHandler
                0x0000000008003c9c                HAL_PCD_DevConnect
                0x0000000008003cd8                HAL_PCD_DevDisconnect
                0x0000000008003d14                HAL_PCD_SetAddress
                0x0000000008003d58                HAL_PCD_EP_Open
                0x0000000008003e28                HAL_PCD_EP_Close
                0x0000000008003ebc                HAL_PCD_EP_Receive
                0x0000000008003f74                HAL_PCD_EP_GetRxCount
                0x0000000008003fa8                HAL_PCD_EP_Transmit
                0x000000000800405c                HAL_PCD_EP_SetStall
                0x0000000008004114                HAL_PCD_EP_ClrStall
                0x00000000080041a8                HAL_PCD_EP_Flush
                0x0000000008004204                HAL_PCD_ActivateRemoteWakeup
                0x0000000008004248                HAL_PCD_DeActivateRemoteWakeup
                0x000000000800427c                HAL_PCD_GetState
 .text          0x000000000800439c        0x0 build/objs/stm32f4xx_hal_irda.o
 .text          0x000000000800439c        0x0 build/objs/stm32f4xx_ll_fsmc.o
 .text          0x000000000800439c        0x0 build/objs/stm32f4xx_hal_cec.o
 .text          0x000000000800439c      0x12c build/objs/stm32f4xx_hal_timebase_tim_template.o
                0x000000000800439c                HAL_InitTick
                0x0000000008004464                HAL_SuspendTick
                0x0000000008004484                HAL_ResumeTick
                0x00000000080044a4                HAL_TIM_PeriodElapsedCallback
                0x00000000080044b8                TIM6_DAC_IRQHandler
 .text          0x00000000080044c8     0x2180 build/objs/stm32f4xx_ll_usb.o
                0x00000000080044c8                USB_CoreInit
                0x000000000800456c                USB_EnableGlobalInt
                0x0000000008004590                USB_DisableGlobalInt
                0x00000000080045b4                USB_SetCurrentMode
                0x0000000008004604                USB_DevInit
                0x000000000800485c                USB_FlushTxFifo
                0x00000000080048a8                USB_FlushRxFifo
                0x00000000080048ec                USB_SetDevSpeed
                0x000000000800491c                USB_GetDevSpeed
                0x0000000008004988                USB_ActivateEndpoint
                0x0000000008004a9c                USB_ActivateDedicatedEndpoint
                0x0000000008004c24                USB_DeactivateEndpoint
                0x0000000008004d1c                USB_DeactivateDedicatedEndpoint
                0x0000000008004dd0                USB_EPStartXfer
                0x0000000008005254                USB_EP0StartXfer
                0x0000000008005510                USB_WritePacket
                0x000000000800557c                USB_ReadPacket
                0x00000000080055cc                USB_EPSetStall
                0x00000000080056b0                USB_EPClearStall
                0x000000000800578c                USB_StopDevice
                0x0000000008005814                USB_SetDevAddress
                0x0000000008005860                USB_DevConnect
                0x0000000008005890                USB_DevDisconnect
                0x00000000080058c0                USB_ReadInterrupts
                0x00000000080058ec                USB_ReadDevAllOutEpInterrupt
                0x000000000800591c                USB_ReadDevAllInEpInterrupt
                0x000000000800594c                USB_ReadDevOutEPInterrupt
                0x0000000008005984                USB_ReadDevInEPInterrupt
                0x00000000080059d8                USB_ClearInterrupts
                0x00000000080059f8                USB_GetMode
                0x0000000008005a14                USB_ActivateSetup
                0x0000000008005a80                USB_EP0_OutStart
                0x0000000008005b74                USB_HostInit
                0x0000000008005ccc                USB_InitFSLSPClkSel
                0x0000000008005d40                USB_ResetPort
                0x0000000008005d8c                USB_DriveVbus
                0x0000000008005df8                USB_GetHostSpeed
                0x0000000008005e20                USB_GetCurrentFrame
                0x0000000008005e40                USB_HC_Init
                0x0000000008006038                USB_HC_StartXfer
                0x00000000080062b0                USB_HC_ReadInterrupt
                0x00000000080062d0                USB_HC_Halt
                0x00000000080064d0                USB_DoPing
                0x0000000008006548                USB_StopHost
 .text          0x0000000008006648      0x2dc build/objs/stm32f4xx_hal.o
                0x0000000008006648                HAL_Init
                0x000000000800668c                HAL_DeInit
                0x00000000080066f0                HAL_MspDeInit
                0x0000000008006734                HAL_IncTick
                0x0000000008006750                HAL_GetTick
                0x0000000008006768                HAL_Delay
                0x00000000080067cc                HAL_GetHalVersion
                0x00000000080067e0                HAL_GetREVID
                0x00000000080067f8                HAL_GetDEVID
                0x0000000008006814                HAL_DBGMCU_EnableDBGSleepMode
                0x0000000008006830                HAL_DBGMCU_DisableDBGSleepMode
                0x000000000800684c                HAL_DBGMCU_EnableDBGStopMode
                0x0000000008006868                HAL_DBGMCU_DisableDBGStopMode
                0x0000000008006884                HAL_DBGMCU_EnableDBGStandbyMode
                0x00000000080068a0                HAL_DBGMCU_DisableDBGStandbyMode
                0x00000000080068bc                HAL_EnableCompensationCell
                0x00000000080068f0                HAL_DisableCompensationCell
 .text          0x0000000008006924        0x0 build/objs/stm32f4xx_hal_dcmi_ex.o
 .text          0x0000000008006924      0x60c build/objs/stm32f4xx_hal_flash_ex.o
                0x0000000008006924                HAL_FLASHEx_Erase
                0x0000000008006a04                HAL_FLASHEx_Erase_IT
                0x0000000008006ab0                HAL_FLASHEx_OBProgram
                0x0000000008006b90                HAL_FLASHEx_OBGetConfig
                0x0000000008006c18                FLASH_Erase_Sector
                0x0000000008006ea8                FLASH_FlushCaches
 .text          0x0000000008006f30        0x0 build/objs/stm32f4xx_hal_cryp.o
 .text          0x0000000008006f30        0x0 build/objs/stm32f4xx_hal_rng.o
 .text          0x0000000008006f30        0x0 build/objs/stm32f4xx_hal_nand.o
 .text          0x0000000008006f30      0x658 build/objs/stm32f4xx_hal_gpio.o
                0x0000000008006f30                HAL_GPIO_Init
                0x000000000800726c                HAL_GPIO_DeInit
                0x0000000008007470                HAL_GPIO_ReadPin
                0x00000000080074a0                HAL_GPIO_WritePin
                0x00000000080074d0                HAL_GPIO_TogglePin
                0x00000000080074f4                HAL_GPIO_LockPin
                0x0000000008007544                HAL_GPIO_EXTI_IRQHandler
                0x0000000008007574                HAL_GPIO_EXTI_Callback
 .text          0x0000000008007588        0x0 build/objs/stm32f4xx_hal_ltdc.o
 .text          0x0000000008007588        0x0 build/objs/stm32f4xx_hal_hcd.o
 .text          0x0000000008007588       0xbc build/objs/stm32f4xx_hal_pcd_ex.o
                0x0000000008007588                HAL_PCDEx_SetTxFiFo
                0x0000000008007620                HAL_PCDEx_SetRxFiFo
 .text          0x0000000008007644        0x0 build/objs/stm32f4xx_hal_adc.o
 .text          0x0000000008007644        0x0 build/objs/stm32f4xx_hal_adc_ex.o
 .text          0x0000000008007644        0x0 build/objs/stm32f4xx_hal_lptim.o
 .text          0x0000000008007644     0x1f30 build/objs/stm32f4xx_hal_spi.o
                0x0000000008007644                HAL_SPI_Init
                0x0000000008007718                HAL_SPI_DeInit
                0x0000000008007768                HAL_SPI_MspInit
                0x000000000800777c                HAL_SPI_MspDeInit
                0x0000000008007790                HAL_SPI_Transmit
                0x00000000080079c8                HAL_SPI_Receive
                0x0000000008007cd8                HAL_SPI_TransmitReceive
                0x0000000008008008                HAL_SPI_Transmit_IT
                0x0000000008008150                HAL_SPI_Receive_IT
                0x00000000080082a4                HAL_SPI_TransmitReceive_IT
                0x00000000080083f4                HAL_SPI_Transmit_DMA
                0x0000000008008548                HAL_SPI_Receive_DMA
                0x00000000080086c0                HAL_SPI_TransmitReceive_DMA
                0x0000000008008894                HAL_SPI_DMAPause
                0x00000000080088d8                HAL_SPI_DMAResume
                0x000000000800891c                HAL_SPI_DMAStop
                0x000000000800896c                HAL_SPI_IRQHandler
                0x0000000008008a98                HAL_SPI_TxCpltCallback
                0x0000000008008aac                HAL_SPI_RxCpltCallback
                0x0000000008008ac0                HAL_SPI_TxRxCpltCallback
                0x0000000008008ad4                HAL_SPI_TxHalfCpltCallback
                0x0000000008008ae8                HAL_SPI_RxHalfCpltCallback
                0x0000000008008afc                HAL_SPI_TxRxHalfCpltCallback
                0x0000000008008b10                HAL_SPI_ErrorCallback
                0x0000000008008b24                HAL_SPI_GetState
                0x0000000008008b40                HAL_SPI_GetError
 .text          0x0000000008009574     0x4618 build/objs/stm32f4xx_hal_i2c.o
                0x0000000008009574                HAL_I2C_Init
                0x0000000008009734                HAL_I2C_DeInit
                0x0000000008009794                HAL_I2C_MspInit
                0x00000000080097a8                HAL_I2C_MspDeInit
                0x00000000080097bc                HAL_I2C_Master_Transmit
                0x0000000008009960                HAL_I2C_Master_Receive
                0x0000000008009ca0                HAL_I2C_Slave_Transmit
                0x0000000008009e70                HAL_I2C_Slave_Receive
                0x000000000800a038                HAL_I2C_Master_Transmit_IT
                0x000000000800a180                HAL_I2C_Master_Receive_IT
                0x000000000800a368                HAL_I2C_Master_Sequential_Transmit_IT
                0x000000000800a4c8                HAL_I2C_Master_Sequential_Receive_IT
                0x000000000800a734                HAL_I2C_Slave_Transmit_IT
                0x000000000800a808                HAL_I2C_Slave_Receive_IT
                0x000000000800a8dc                HAL_I2C_Slave_Sequential_Transmit_IT
                0x000000000800a99c                HAL_I2C_Slave_Sequential_Receive_IT
                0x000000000800aa5c                HAL_I2C_EnableListen_IT
                0x000000000800aaac                HAL_I2C_DisableListen_IT
                0x000000000800ab24                HAL_I2C_Master_Transmit_DMA
                0x000000000800ace0                HAL_I2C_Master_Receive_DMA
                0x000000000800aea8                HAL_I2C_Master_Abort_IT
                0x000000000800af50                HAL_I2C_Slave_Transmit_DMA
                0x000000000800b0dc                HAL_I2C_Slave_Receive_DMA
                0x000000000800b214                HAL_I2C_Mem_Write
                0x000000000800b3ac                HAL_I2C_Mem_Read
                0x000000000800b6e8                HAL_I2C_Mem_Write_IT
                0x000000000800b824                HAL_I2C_Mem_Read_IT
                0x000000000800ba18                HAL_I2C_Mem_Write_DMA
                0x000000000800bbb8                HAL_I2C_Mem_Read_DMA
                0x000000000800bd90                HAL_I2C_IsDeviceReady
                0x000000000800bfbc                HAL_I2C_EV_IRQHandler
                0x000000000800c2a0                HAL_I2C_ER_IRQHandler
                0x000000000800c4e8                HAL_I2C_MasterTxCpltCallback
                0x000000000800c4fc                HAL_I2C_MasterRxCpltCallback
                0x000000000800c510                HAL_I2C_SlaveTxCpltCallback
                0x000000000800c524                HAL_I2C_SlaveRxCpltCallback
                0x000000000800c538                HAL_I2C_AddrCallback
                0x000000000800c554                HAL_I2C_ListenCpltCallback
                0x000000000800c568                HAL_I2C_MemTxCpltCallback
                0x000000000800c57c                HAL_I2C_MemRxCpltCallback
                0x000000000800c590                HAL_I2C_ErrorCallback
                0x000000000800c5a4                HAL_I2C_GetState
                0x000000000800c5c0                HAL_I2C_GetMode
                0x000000000800c5dc                HAL_I2C_GetError
 .text          0x000000000800db8c        0x0 build/objs/stm32f4xx_hal_fmpi2c.o
 .text          0x000000000800db8c        0x0 build/objs/stm32f4xx_hal_smartcard.o
 .text          0x000000000800db8c        0x0 build/objs/stm32f4xx_hal_pccard.o
 .text          0x000000000800db8c        0x0 build/objs/stm32f4xx_hal_dma2d.o
 .text          0x000000000800db8c        0x0 build/objs/stm32f4xx_hal_sai.o
 .text          0x000000000800db8c        0x0 build/objs/stm32f4xx_hal_cryp_ex.o
 .text          0x000000000800db8c      0x2cc build/objs/stm32f4xx_hal_rcc_ex.o
                0x000000000800db8c                HAL_RCC_DeInit
                0x000000000800dc04                HAL_RCCEx_PeriphCLKConfig
                0x000000000800ddd4                HAL_RCCEx_GetPeriphCLKConfig
 .text          0x000000000800de58        0x0 build/objs/stm32f4xx_ll_fmc.o
 .text          0x000000000800de58        0x0 build/objs/stm32f4xx_hal_ltdc_ex.o
 .text          0x000000000800de58        0x0 build/objs/stm32f4xx_hal_flash_ramfunc.o
 .text          0x000000000800de58      0x5b0 build/objs/stm32f4xx_hal_cortex.o
                0x000000000800e1d4                HAL_NVIC_SetPriorityGrouping
                0x000000000800e1e8                HAL_NVIC_SetPriority
                0x000000000800e220                HAL_NVIC_EnableIRQ
                0x000000000800e23c                HAL_NVIC_DisableIRQ
                0x000000000800e258                HAL_NVIC_SystemReset
                0x000000000800e264                HAL_SYSTICK_Config
                0x000000000800e27c                HAL_MPU_ConfigRegion
                0x000000000800e300                HAL_NVIC_GetPriorityGrouping
                0x000000000800e310                HAL_NVIC_GetPriority
                0x000000000800e340                HAL_NVIC_SetPendingIRQ
                0x000000000800e35c                HAL_NVIC_GetPendingIRQ
                0x000000000800e37c                HAL_NVIC_ClearPendingIRQ
                0x000000000800e398                HAL_NVIC_GetActive
                0x000000000800e3b8                HAL_SYSTICK_CLKSourceConfig
                0x000000000800e3f0                HAL_SYSTICK_IRQHandler
                0x000000000800e3fc                HAL_SYSTICK_Callback
 .text          0x000000000800e408        0x0 build/objs/stm32f4xx_hal_iwdg.o
 .text          0x000000000800e408        0x0 build/objs/stm32f4xx_hal_uart.o
 .text          0x000000000800e408     0x14dc build/objs/stm32f4xx_hal_tim_ex.o
                0x000000000800e408                HAL_TIMEx_HallSensor_Init
                0x000000000800e524                HAL_TIMEx_HallSensor_DeInit
                0x000000000800e584                HAL_TIMEx_HallSensor_MspInit
                0x000000000800e598                HAL_TIMEx_HallSensor_MspDeInit
                0x000000000800e5ac                HAL_TIMEx_HallSensor_Start
                0x000000000800e5dc                HAL_TIMEx_HallSensor_Stop
                0x000000000800e62c                HAL_TIMEx_HallSensor_Start_IT
                0x000000000800e66c                HAL_TIMEx_HallSensor_Stop_IT
                0x000000000800e6cc                HAL_TIMEx_HallSensor_Start_DMA
                0x000000000800e778                HAL_TIMEx_HallSensor_Stop_DMA
                0x000000000800e7d8                HAL_TIMEx_OCN_Start
                0x000000000800e81c                HAL_TIMEx_OCN_Stop
                0x000000000800e8a0                HAL_TIMEx_OCN_Start_IT
                0x000000000800e980                HAL_TIMEx_OCN_Stop_IT
                0x000000000800eab0                HAL_TIMEx_OCN_Start_DMA
                0x000000000800ec68                HAL_TIMEx_OCN_Stop_DMA
                0x000000000800ed80                HAL_TIMEx_PWMN_Start
                0x000000000800edc4                HAL_TIMEx_PWMN_Stop
                0x000000000800ee48                HAL_TIMEx_PWMN_Start_IT
                0x000000000800ef28                HAL_TIMEx_PWMN_Stop_IT
                0x000000000800f058                HAL_TIMEx_PWMN_Start_DMA
                0x000000000800f210                HAL_TIMEx_PWMN_Stop_DMA
                0x000000000800f328                HAL_TIMEx_OnePulseN_Start
                0x000000000800f35c                HAL_TIMEx_OnePulseN_Stop
                0x000000000800f3e0                HAL_TIMEx_OnePulseN_Start_IT
                0x000000000800f434                HAL_TIMEx_OnePulseN_Stop_IT
                0x000000000800f4d8                HAL_TIMEx_ConfigCommutationEvent
                0x000000000800f578                HAL_TIMEx_ConfigCommutationEvent_IT
                0x000000000800f628                HAL_TIMEx_ConfigCommutationEvent_DMA
                0x000000000800f6f0                HAL_TIMEx_MasterConfigSynchronization
                0x000000000800f77c                HAL_TIMEx_ConfigBreakDeadTime
                0x000000000800f7f0                HAL_TIMEx_RemapConfig
                0x000000000800f838                HAL_TIMEx_CommutationCallback
                0x000000000800f84c                HAL_TIMEx_BreakCallback
                0x000000000800f860                HAL_TIMEx_HallSensor_GetState
                0x000000000800f87c                TIMEx_DMACommutationCplt
 .text          0x000000000800f8e4        0x0 build/objs/stm32f4xx_hal_i2c_ex.o
 .text          0x000000000800f8e4      0x8e4 build/objs/stm32f4xx_hal_dma.o
                0x000000000800f8e4                HAL_DMA_Init
                0x000000000800f9bc                HAL_DMA_DeInit
                0x000000000800fa58                HAL_DMA_Start
                0x000000000800fabc                HAL_DMA_Start_IT
                0x000000000800fb40                HAL_DMA_Abort
                0x000000000800fbbc                HAL_DMA_PollForTransfer
                0x000000000800fdd8                HAL_DMA_IRQHandler
                0x00000000080100cc                HAL_DMA_GetState
                0x00000000080100e8                HAL_DMA_GetError
 .text          0x00000000080101c8        0x0 build/objs/stm32f4xx_hal_dac.o
 .text          0x00000000080101c8        0x0 build/objs/stm32f4xx_hal_spdifrx.o
 .text          0x00000000080101c8        0x0 build/objs/stm32f4xx_hal_fmpi2c_ex.o
 .text          0x00000000080101c8        0x0 build/objs/stm32f4xx_ll_sdmmc.o
 .text          0x00000000080101c8        0x0 build/objs/stm32f4xx_hal_i2s_ex.o
 .text          0x00000000080101c8        0x0 build/objs/stm32f4xx_hal_can.o
 .text          0x00000000080101c8        0x0 build/objs/stm32f4xx_hal_nor.o
 .text          0x00000000080101c8      0x35c build/objs/stm32f4xx_hal_pwr.o
                0x00000000080101c8                HAL_PWR_DeInit
                0x00000000080101f0                HAL_PWR_EnableBkUpAccess
                0x0000000008010224                HAL_PWR_DisableBkUpAccess
                0x0000000008010258                HAL_PWR_ConfigPVD
                0x0000000008010314                HAL_PWR_EnablePVD
                0x0000000008010348                HAL_PWR_DisablePVD
                0x000000000801037c                HAL_PWR_EnableWakeUpPin
                0x00000000080103a0                HAL_PWR_DisableWakeUpPin
                0x00000000080103c4                HAL_PWR_EnterSLEEPMode
                0x00000000080103fc                HAL_PWR_EnterSTOPMode
                0x0000000008010454                HAL_PWR_EnterSTANDBYMode
                0x0000000008010484                HAL_PWR_PVD_IRQHandler
                0x00000000080104a8                HAL_PWR_PVDCallback
                0x00000000080104b4                HAL_PWR_EnableSleepOnExit
                0x00000000080104d0                HAL_PWR_DisableSleepOnExit
                0x00000000080104ec                HAL_PWR_EnableSEVOnPend
                0x0000000008010508                HAL_PWR_DisableSEVOnPend
 .text          0x0000000008010524        0x0 build/objs/stm32f4xx_hal_rtc.o
 .text          0x0000000008010524        0x0 build/objs/stm32f4xx_hal_qspi.o
 .text          0x0000000008010524        0x0 build/objs/stm32f4xx_hal_hash_ex.o
 .text          0x0000000008010524        0x0 build/objs/stm32f4xx_hal_i2s.o
 .text          0x0000000008010524        0x0 build/objs/stm32f4xx_hal_sram.o
 .text          0x0000000008010524        0x0 build/objs/stm32f4xx_hal_hash.o
 .text          0x0000000008010524        0x0 build/objs/stm32f4xx_hal_eth.o
 .text          0x0000000008010524     0x3f3c build/objs/stm32f4xx_hal_tim.o
                0x0000000008010524                HAL_TIM_Base_Init
                0x000000000801057c                HAL_TIM_Base_DeInit
                0x00000000080105dc                HAL_TIM_Base_MspInit
                0x00000000080105f0                HAL_TIM_Base_MspDeInit
                0x0000000008010604                HAL_TIM_Base_Start
                0x000000000801063c                HAL_TIM_Base_Stop
                0x0000000008010694                HAL_TIM_Base_Start_IT
                0x00000000080106cc                HAL_TIM_Base_Stop_IT
                0x0000000008010724                HAL_TIM_Base_Start_DMA
                0x00000000080107c4                HAL_TIM_Base_Stop_DMA
                0x0000000008010824                HAL_TIM_OC_Init
                0x000000000801087c                HAL_TIM_OC_DeInit
                0x00000000080108dc                HAL_TIM_OC_MspInit
                0x00000000080108f0                HAL_TIM_OC_MspDeInit
                0x0000000008010904                HAL_TIM_OC_Start
                0x000000000801096c                HAL_TIM_OC_Stop
                0x0000000008010a14                HAL_TIM_OC_Start_IT
                0x0000000008010b08                HAL_TIM_OC_Stop_IT
                0x0000000008010c3c                HAL_TIM_OC_Start_DMA
                0x0000000008010e18                HAL_TIM_OC_Stop_DMA
                0x0000000008010f54                HAL_TIM_PWM_Init
                0x0000000008010fac                HAL_TIM_PWM_DeInit
                0x000000000801100c                HAL_TIM_PWM_MspInit
                0x0000000008011020                HAL_TIM_PWM_MspDeInit
                0x0000000008011034                HAL_TIM_PWM_Start
                0x000000000801109c                HAL_TIM_PWM_Stop
                0x000000000801114c                HAL_TIM_PWM_Start_IT
                0x0000000008011240                HAL_TIM_PWM_Stop_IT
                0x0000000008011374                HAL_TIM_PWM_Start_DMA
                0x0000000008011550                HAL_TIM_PWM_Stop_DMA
                0x000000000801168c                HAL_TIM_IC_Init
                0x00000000080116e4                HAL_TIM_IC_DeInit
                0x0000000008011744                HAL_TIM_IC_MspInit
                0x0000000008011758                HAL_TIM_IC_MspDeInit
                0x000000000801176c                HAL_TIM_IC_Start
                0x00000000080117a0                HAL_TIM_IC_Stop
                0x00000000080117f4                HAL_TIM_IC_Start_IT
                0x00000000080118b4                HAL_TIM_IC_Stop_IT
                0x0000000008011994                HAL_TIM_IC_Start_DMA
                0x0000000008011b34                HAL_TIM_IC_Stop_DMA
                0x0000000008011c1c                HAL_TIM_OnePulse_Init
                0x0000000008011c94                HAL_TIM_OnePulse_DeInit
                0x0000000008011cf4                HAL_TIM_OnePulse_MspInit
                0x0000000008011d08                HAL_TIM_OnePulse_MspDeInit
                0x0000000008011d1c                HAL_TIM_OnePulse_Start
                0x0000000008011d84                HAL_TIM_OnePulse_Stop
                0x0000000008011e3c                HAL_TIM_OnePulse_Start_IT
                0x0000000008011ec4                HAL_TIM_OnePulse_Stop_IT
                0x0000000008011f9c                HAL_TIM_Encoder_Init
                0x00000000080120c8                HAL_TIM_Encoder_DeInit
                0x0000000008012128                HAL_TIM_Encoder_MspInit
                0x000000000801213c                HAL_TIM_Encoder_MspDeInit
                0x0000000008012150                HAL_TIM_Encoder_Start
                0x00000000080121c0                HAL_TIM_Encoder_Stop
                0x0000000008012250                HAL_TIM_Encoder_Start_IT
                0x0000000008012300                HAL_TIM_Encoder_Stop_IT
                0x00000000080123d4                HAL_TIM_Encoder_Start_DMA
                0x000000000801258c                HAL_TIM_Encoder_Stop_DMA
                0x0000000008012660                HAL_TIM_IRQHandler
                0x0000000008012870                HAL_TIM_OC_ConfigChannel
                0x0000000008012930                HAL_TIM_IC_ConfigChannel
                0x0000000008012a68                HAL_TIM_PWM_ConfigChannel
                0x0000000008012bf4                HAL_TIM_OnePulse_ConfigChannel
                0x0000000008012d74                HAL_TIM_DMABurst_WriteStart
                0x0000000008012f80                HAL_TIM_DMABurst_WriteStop
                0x0000000008013030                HAL_TIM_DMABurst_ReadStart
                0x0000000008013230                HAL_TIM_DMABurst_ReadStop
                0x00000000080132e0                HAL_TIM_GenerateEvent
                0x0000000008013330                HAL_TIM_ConfigOCrefClear
                0x0000000008013484                HAL_TIM_ConfigClockSource
                0x0000000008013648                HAL_TIM_ConfigTI1Input
                0x0000000008013684                HAL_TIM_SlaveConfigSynchronization
                0x00000000080136f0                HAL_TIM_SlaveConfigSynchronization_IT
                0x000000000801375c                HAL_TIM_ReadCapturedValue
                0x0000000008013814                HAL_TIM_OC_DelayElapsedCallback
                0x0000000008013828                HAL_TIM_IC_CaptureCallback
                0x000000000801383c                HAL_TIM_PWM_PulseFinishedCallback
                0x0000000008013850                HAL_TIM_TriggerCallback
                0x0000000008013864                HAL_TIM_ErrorCallback
                0x0000000008013878                HAL_TIM_Base_GetState
                0x0000000008013894                HAL_TIM_OC_GetState
                0x00000000080138b0                HAL_TIM_PWM_GetState
                0x00000000080138cc                HAL_TIM_IC_GetState
                0x00000000080138e8                HAL_TIM_OnePulse_GetState
                0x0000000008013904                HAL_TIM_Encoder_GetState
                0x0000000008013920                TIM_Base_SetConfig
                0x0000000008013a70                TIM_TI1_SetConfig
                0x0000000008013b64                TIM_OC2_SetConfig
                0x0000000008013c54                TIM_DMADelayPulseCplt
                0x0000000008013cc4                TIM_DMAError
                0x0000000008013ce8                TIM_DMACaptureCplt
                0x0000000008013d58                TIM_CCxChannelCmd
 .text          0x0000000008014460      0x210 build/objs/stm32f4xx_hal_dma_ex.o
                0x0000000008014460                HAL_DMAEx_MultiBufferStart
                0x0000000008014500                HAL_DMAEx_MultiBufferStart_IT
                0x00000000080145f0                HAL_DMAEx_ChangeMemory
 .text          0x0000000008014670        0x0 build/objs/stm32f4xx_hal_sd.o
 .text          0x0000000008014670        0x0 build/objs/stm32f4xx_hal_sai_ex.o
 .text          0x0000000008014670      0xae8 build/objs/stm32f4xx_hal_rcc.o
                0x000000000801467c                HAL_RCC_OscConfig
                0x0000000008014aa0                HAL_RCC_ClockConfig
                0x0000000008014c88                HAL_RCC_MCOConfig
                0x0000000008014d54                HAL_RCC_EnableCSS
                0x0000000008014d6c                HAL_RCC_DisableCSS
                0x0000000008014d84                HAL_RCC_GetSysClockFreq
                0x0000000008014e80                HAL_RCC_GetHCLKFreq
                0x0000000008014ed0                HAL_RCC_GetPCLK1Freq
                0x0000000008014f14                HAL_RCC_GetPCLK2Freq
                0x0000000008014f58                HAL_RCC_GetOscConfig
                0x00000000080150c8                HAL_RCC_GetClockConfig
                0x0000000008015128                HAL_RCC_NMI_IRQHandler
                0x000000000801514c                HAL_RCC_CSSCallback
 .text          0x0000000008015158        0x0 build/objs/stm32f4xx_hal_wwdg.o
 .text          0x0000000008015158        0x0 build/objs/stm32f4xx_hal_dac_ex.o
 .text          0x0000000008015158        0x0 build/objs/stm32f4xx_hal_rtc_ex.o
 .text          0x0000000008015158      0x1d8 build/objs/stm32f4xx_hal_pwr_ex.o
                0x0000000008015158                HAL_PWREx_EnableBkUpReg
                0x00000000080151c0                HAL_PWREx_DisableBkUpReg
                0x0000000008015228                HAL_PWREx_EnableFlashPowerDown
                0x000000000801525c                HAL_PWREx_DisableFlashPowerDown
                0x0000000008015290                HAL_PWREx_GetVoltageRange
                0x00000000080152ac                HAL_PWREx_ControlVoltageScaling
 .text          0x0000000008015330        0x0 build/objs/stm32f4xx_hal_dcmi.o
 .text          0x0000000008015330        0x0 build/objs/stm32f4xx_hal_sdram.o
 .text          0x0000000008015330      0x5f8 build/objs/stm32f4xx_hal_flash.o
                0x0000000008015330                HAL_FLASH_Program
                0x00000000080153d8                HAL_FLASH_Program_IT
                0x0000000008015474                HAL_FLASH_IRQHandler
                0x00000000080155b4                HAL_FLASH_EndOfOperationCallback
                0x00000000080155c8                HAL_FLASH_OperationErrorCallback
                0x00000000080155dc                HAL_FLASH_Unlock
                0x0000000008015610                HAL_FLASH_Lock
                0x0000000008015630                HAL_FLASH_OB_Unlock
                0x0000000008015668                HAL_FLASH_OB_Lock
                0x0000000008015688                HAL_FLASH_OB_Launch
                0x00000000080156b0                HAL_FLASH_GetError
                0x00000000080156c8                FLASH_WaitForLastOperation
 .text          0x0000000008015928        0x0 build/objs/stm32f4xx_hal_crc.o
 .text          0x0000000008015928        0x0 build/objs/stm32f4xx_hal_usart.o
 .text          0x0000000008015928      0x7cc build/objs/stm32f4_discovery.o
                0x0000000008015928                BSP_GetVersion
                0x000000000801593c                BSP_LED_Init
                0x0000000008015a2c                BSP_LED_On
                0x0000000008015a60                BSP_LED_Off
                0x0000000008015a94                BSP_LED_Toggle
                0x0000000008015ac4                BSP_PB_Init
                0x0000000008015b78                BSP_PB_GetState
                0x0000000008015e9c                ACCELERO_IO_Init
                0x0000000008015ef4                ACCELERO_IO_ITConfig
                0x0000000008015f54                ACCELERO_IO_Write
                0x0000000008015fb8                ACCELERO_IO_Read
                0x0000000008016028                AUDIO_IO_Init
                0x0000000008016098                AUDIO_IO_DeInit
                0x00000000080160a4                AUDIO_IO_Write
                0x00000000080160cc                AUDIO_IO_Read
 .text          0x00000000080160f4      0x164 build/objs/system_stm32f4xx.o
                0x00000000080160f4                SystemInit
                0x0000000008016160                SystemCoreClockUpdate
 .text          0x0000000008016258      0x57c build/objs/usbd_core.o
                0x0000000008016258                USBD_Init
                0x00000000080162b0                USBD_DeInit
                0x00000000080162ec                USBD_RegisterClass
                0x0000000008016320                USBD_Start
                0x0000000008016338                USBD_Stop
                0x0000000008016364                USBD_RunTestMode
                0x000000000801637c                USBD_SetClassConfig
                0x00000000080163bc                USBD_ClrClassConfig
                0x00000000080163e4                USBD_LL_SetupStage
                0x0000000008016478                USBD_LL_DataOutStage
                0x0000000008016530                USBD_LL_DataInStage
                0x0000000008016650                USBD_LL_Reset
                0x00000000080166b0                USBD_LL_SetSpeed
                0x00000000080166d0                USBD_LL_Suspend
                0x00000000080166fc                USBD_LL_Resume
                0x0000000008016720                USBD_LL_SOF
                0x0000000008016754                USBD_LL_IsoINIncomplete
                0x0000000008016770                USBD_LL_IsoOUTIncomplete
                0x000000000801678c                USBD_LL_DevConnected
                0x00000000080167a4                USBD_LL_DevDisconnected
 .text          0x00000000080167d4      0x8c8 build/objs/usbd_ctlreq.o
                0x00000000080167d4                USBD_StdDevReq
                0x0000000008016874                USBD_StdItfReq
                0x00000000080168dc                USBD_StdEPReq
                0x0000000008016f50                USBD_ParseSetupRequest
                0x0000000008016fc8                USBD_CtlError
                0x0000000008016fe8                USBD_GetString
 .text          0x000000000801709c      0x130 build/objs/usbd_ioreq.o
                0x000000000801709c                USBD_CtlSendData
                0x00000000080170d4                USBD_CtlContinueSendData
                0x00000000080170f8                USBD_CtlPrepareRx
                0x0000000008017134                USBD_CtlContinueRx
                0x0000000008017158                USBD_CtlSendStatus
                0x0000000008017180                USBD_CtlReceiveStatus
                0x00000000080171a8                USBD_GetRxCount
 .text          0x00000000080171cc      0x1a4 build/objs/usbd_cdc_if_template.o
 .text          0x0000000008017370      0x490 build/objs/usbd_cdc.o
                0x00000000080176a8                USBD_CDC_GetDeviceQualifierDescriptor
                0x00000000080176c8                USBD_CDC_RegisterInterface
                0x00000000080176f8                USBD_CDC_SetTxBuffer
                0x000000000801772c                USBD_CDC_SetRxBuffer
                0x0000000008017754                USBD_CDC_TransmitPacket
                0x00000000080177a8                USBD_CDC_ReceivePacket
 .text          0x0000000008017800       0x14 build/objs/startup_stm32f407xx.o
 .text          0x0000000008017814      0x370 /usr/lib/gcc/arm-none-eabi/4.9.3/armv7e-m/fpu/libgcc.a(_arm_addsubdf3.o)
                0x0000000008017814                __aeabi_drsub
                0x000000000801781c                __aeabi_dsub
                0x000000000801781c                __subdf3
                0x0000000008017820                __adddf3
                0x0000000008017820                __aeabi_dadd
                0x0000000008017a98                __aeabi_ui2d
                0x0000000008017a98                __floatunsidf
                0x0000000008017ab8                __floatsidf
                0x0000000008017ab8                __aeabi_i2d
                0x0000000008017adc                __extendsfdf2
                0x0000000008017adc                __aeabi_f2d
                0x0000000008017b18                __aeabi_ul2d
                0x0000000008017b18                __floatundidf
                0x0000000008017b28                __floatdidf
                0x0000000008017b28                __aeabi_l2d
 .text          0x0000000008017b84      0x424 /usr/lib/gcc/arm-none-eabi/4.9.3/armv7e-m/fpu/libgcc.a(_arm_muldivdf3.o)
                0x0000000008017b84                __aeabi_dmul
                0x0000000008017b84                __muldf3
                0x0000000008017dd8                __aeabi_ddiv
                0x0000000008017dd8                __divdf3
 .text          0x0000000008017fa8       0xa0 /usr/lib/gcc/arm-none-eabi/4.9.3/armv7e-m/fpu/libgcc.a(_arm_truncdfsf2.o)
                0x0000000008017fa8                __aeabi_d2f
                0x0000000008017fa8                __truncdfsf2
 .text          0x0000000008018048        0x0 /usr/lib/gcc/arm-none-eabi/4.9.3/../../../arm-none-eabi/lib/armv7e-m/fpu/libg.a(lib_a-atof.o)
 .text          0x0000000008018048        0x0 /usr/lib/gcc/arm-none-eabi/4.9.3/../../../arm-none-eabi/lib/armv7e-m/fpu/libg.a(lib_a-atoi.o)
 .text          0x0000000008018048        0x0 /usr/lib/gcc/arm-none-eabi/4.9.3/../../../arm-none-eabi/lib/armv7e-m/fpu/libg.a(lib_a-errno.o)
 .text          0x0000000008018048        0x0 /usr/lib/gcc/arm-none-eabi/4.9.3/../../../arm-none-eabi/lib/armv7e-m/fpu/libg.a(lib_a-impure.o)
 .text          0x0000000008018048        0x0 /usr/lib/gcc/arm-none-eabi/4.9.3/../../../arm-none-eabi/lib/armv7e-m/fpu/libg.a(lib_a-malloc.o)
 .text          0x0000000008018048        0x0 /usr/lib/gcc/arm-none-eabi/4.9.3/../../../arm-none-eabi/lib/armv7e-m/fpu/libg.a(lib_a-mallocr.o)
 .text          0x0000000008018048        0x0 /usr/lib/gcc/arm-none-eabi/4.9.3/../../../arm-none-eabi/lib/armv7e-m/fpu/libg.a(lib_a-mlock.o)
 .text          0x0000000008018048        0x0 /usr/lib/gcc/arm-none-eabi/4.9.3/../../../arm-none-eabi/lib/armv7e-m/fpu/libg.a(lib_a-sbrkr.o)
 *fill*         0x0000000008018048       0x18 
 .text          0x0000000008018060      0x2e0 /usr/lib/gcc/arm-none-eabi/4.9.3/../../../arm-none-eabi/lib/armv7e-m/fpu/libg.a(lib_a-strcmp.o)
                0x0000000008018068                strcmp
 .text          0x0000000008018340        0x0 /usr/lib/gcc/arm-none-eabi/4.9.3/../../../arm-none-eabi/lib/armv7e-m/fpu/libg.a(lib_a-strtod.o)
 .text          0x0000000008018340        0x0 /usr/lib/gcc/arm-none-eabi/4.9.3/../../../arm-none-eabi/lib/armv7e-m/fpu/libg.a(lib_a-strtok.o)
 .text          0x0000000008018340        0x0 /usr/lib/gcc/arm-none-eabi/4.9.3/../../../arm-none-eabi/lib/armv7e-m/fpu/libg.a(lib_a-strtok_r.o)
 .text          0x0000000008018340        0x0 /usr/lib/gcc/arm-none-eabi/4.9.3/../../../arm-none-eabi/lib/armv7e-m/fpu/libg.a(lib_a-strtol.o)
 .text          0x0000000008018340        0x0 /usr/lib/gcc/arm-none-eabi/4.9.3/../../../arm-none-eabi/lib/armv7e-m/fpu/libg.a(lib_a-ctype_.o)
 .text          0x0000000008018340        0x0 /usr/lib/gcc/arm-none-eabi/4.9.3/../../../arm-none-eabi/lib/armv7e-m/fpu/libg.a(lib_a-freer.o)
 .text          0x0000000008018340        0x0 /usr/lib/gcc/arm-none-eabi/4.9.3/../../../arm-none-eabi/lib/armv7e-m/fpu/libg.a(lib_a-gdtoa-gethex.o)
 .text          0x0000000008018340        0x0 /usr/lib/gcc/arm-none-eabi/4.9.3/../../../arm-none-eabi/lib/armv7e-m/fpu/libg.a(lib_a-gdtoa-hexnan.o)
 .text          0x0000000008018340        0x0 /usr/lib/gcc/arm-none-eabi/4.9.3/../../../arm-none-eabi/lib/armv7e-m/fpu/libg.a(lib_a-locale.o)
 .text          0x0000000008018340      0x134 /usr/lib/gcc/arm-none-eabi/4.9.3/../../../arm-none-eabi/lib/armv7e-m/fpu/libg.a(lib_a-memcpy.o)
                0x0000000008018340                memcpy
 .text          0x0000000008018474        0x0 /usr/lib/gcc/arm-none-eabi/4.9.3/../../../arm-none-eabi/lib/armv7e-m/fpu/libg.a(lib_a-mprec.o)
 .text          0x0000000008018474        0x0 /usr/lib/gcc/arm-none-eabi/4.9.3/../../../arm-none-eabi/lib/armv7e-m/fpu/libg.a(lib_a-reent.o)
 .text          0x0000000008018474        0x0 /usr/lib/gcc/arm-none-eabi/4.9.3/../../../arm-none-eabi/lib/armv7e-m/fpu/libg.a(lib_a-s_fpclassify.o)
 .text          0x0000000008018474        0x0 /usr/lib/gcc/arm-none-eabi/4.9.3/../../../arm-none-eabi/lib/armv7e-m/fpu/libg.a(lib_a-sf_nan.o)
 .text          0x0000000008018474        0x0 /usr/lib/gcc/arm-none-eabi/4.9.3/../../../arm-none-eabi/lib/armv7e-m/fpu/libg.a(lib_a-strlen.o)
 .text          0x0000000008018474        0x0 /usr/lib/gcc/arm-none-eabi/4.9.3/../../../arm-none-eabi/lib/armv7e-m/fpu/libg.a(lib_a-strncmp.o)
 .text          0x0000000008018474        0x0 /usr/lib/gcc/arm-none-eabi/4.9.3/../../../arm-none-eabi/lib/armv7e-m/fpu/libg.a(lib_a-callocr.o)
 .text          0x0000000008018474        0x0 /usr/lib/gcc/arm-none-eabi/4.9.3/../../../arm-none-eabi/lib/armv7e-m/fpu/libg.a(lib_a-memset.o)
 .text          0x0000000008018474      0x110 /usr/lib/gcc/arm-none-eabi/4.9.3/armv7e-m/fpu/libgcc.a(_arm_cmpdf2.o)
                0x0000000008018474                __gtdf2
                0x0000000008018474                __gedf2
                0x000000000801847c                __ltdf2
                0x000000000801847c                __ledf2
                0x0000000008018484                __cmpdf2
                0x0000000008018484                __eqdf2
                0x0000000008018484                __nedf2
                0x0000000008018500                __aeabi_cdrcmple
                0x0000000008018510                __aeabi_cdcmple
                0x0000000008018510                __aeabi_cdcmpeq
                0x0000000008018520                __aeabi_dcmpeq
                0x0000000008018534                __aeabi_dcmplt
                0x0000000008018548                __aeabi_dcmple
                0x000000000801855c                __aeabi_dcmpge
                0x0000000008018570                __aeabi_dcmpgt
 .text          0x0000000008018584       0x50 /usr/lib/gcc/arm-none-eabi/4.9.3/armv7e-m/fpu/libgcc.a(_arm_fixdfsi.o)
                0x0000000008018584                __fixdfsi
                0x0000000008018584                __aeabi_d2iz
 .text          0x00000000080185d4       0x40 /usr/lib/gcc/arm-none-eabi/4.9.3/armv7e-m/fpu/libgcc.a(_arm_fixunsdfsi.o)
                0x00000000080185d4                __fixunsdfsi
                0x00000000080185d4                __aeabi_d2uiz
 *(.text*)
 .text.Reset_Handler
                0x0000000008018614       0x4c build/objs/startup_stm32f407xx.o
                0x0000000008018614                Reset_Handler
 .text.Default_Handler
                0x0000000008018660        0x2 build/objs/startup_stm32f407xx.o
                0x0000000008018660                RTC_Alarm_IRQHandler
                0x0000000008018660                HASH_RNG_IRQHandler
                0x0000000008018660                EXTI2_IRQHandler
                0x0000000008018660                TIM8_CC_IRQHandler
                0x0000000008018660                DebugMon_Handler
                0x0000000008018660                TIM1_CC_IRQHandler
                0x0000000008018660                DMA2_Stream5_IRQHandler
                0x0000000008018660                HardFault_Handler
                0x0000000008018660                DMA1_Stream5_IRQHandler
                0x0000000008018660                PVD_IRQHandler
                0x0000000008018660                SDIO_IRQHandler
                0x0000000008018660                TAMP_STAMP_IRQHandler
                0x0000000008018660                PendSV_Handler
                0x0000000008018660                NMI_Handler
                0x0000000008018660                CAN2_RX1_IRQHandler
                0x0000000008018660                EXTI3_IRQHandler
                0x0000000008018660                TIM8_TRG_COM_TIM14_IRQHandler
                0x0000000008018660                TIM1_UP_TIM10_IRQHandler
                0x0000000008018660                TIM8_UP_TIM13_IRQHandler
                0x0000000008018660                I2C3_ER_IRQHandler
                0x0000000008018660                EXTI0_IRQHandler
                0x0000000008018660                I2C2_EV_IRQHandler
                0x0000000008018660                DMA1_Stream2_IRQHandler
                0x0000000008018660                CAN1_RX0_IRQHandler
                0x0000000008018660                FPU_IRQHandler
                0x0000000008018660                OTG_HS_WKUP_IRQHandler
                0x0000000008018660                UsageFault_Handler
                0x0000000008018660                CAN2_SCE_IRQHandler
                0x0000000008018660                DMA2_Stream2_IRQHandler
                0x0000000008018660                SPI1_IRQHandler
                0x0000000008018660                TIM1_BRK_TIM9_IRQHandler
                0x0000000008018660                DCMI_IRQHandler
                0x0000000008018660                CAN2_RX0_IRQHandler
                0x0000000008018660                DMA2_Stream3_IRQHandler
                0x0000000008018660                USART6_IRQHandler
                0x0000000008018660                USART3_IRQHandler
                0x0000000008018660                CAN1_RX1_IRQHandler
                0x0000000008018660                UART5_IRQHandler
                0x0000000008018660                DMA2_Stream0_IRQHandler
                0x0000000008018660                TIM4_IRQHandler
                0x0000000008018660                I2C1_EV_IRQHandler
                0x0000000008018660                DMA1_Stream6_IRQHandler
                0x0000000008018660                DMA1_Stream1_IRQHandler
                0x0000000008018660                UART4_IRQHandler
                0x0000000008018660                TIM3_IRQHandler
                0x0000000008018660                RCC_IRQHandler
                0x0000000008018660                TIM8_BRK_TIM12_IRQHandler
                0x0000000008018660                Default_Handler
                0x0000000008018660                EXTI15_10_IRQHandler
                0x0000000008018660                ADC_IRQHandler
                0x0000000008018660                DMA1_Stream7_IRQHandler
                0x0000000008018660                TIM7_IRQHandler
                0x0000000008018660                CAN2_TX_IRQHandler
                0x0000000008018660                TIM5_IRQHandler
                0x0000000008018660                DMA2_Stream7_IRQHandler
                0x0000000008018660                I2C3_EV_IRQHandler
                0x0000000008018660                EXTI9_5_IRQHandler
                0x0000000008018660                RTC_WKUP_IRQHandler
                0x0000000008018660                ETH_WKUP_IRQHandler
                0x0000000008018660                SPI2_IRQHandler
                0x0000000008018660                OTG_HS_EP1_IN_IRQHandler
                0x0000000008018660                MemManage_Handler
                0x0000000008018660                DMA1_Stream0_IRQHandler
                0x0000000008018660                CAN1_TX_IRQHandler
                0x0000000008018660                SVC_Handler
                0x0000000008018660                EXTI4_IRQHandler
                0x0000000008018660                FSMC_IRQHandler
                0x0000000008018660                ETH_IRQHandler
                0x0000000008018660                OTG_HS_EP1_OUT_IRQHandler
                0x0000000008018660                WWDG_IRQHandler
                0x0000000008018660                TIM2_IRQHandler
                0x0000000008018660                OTG_FS_WKUP_IRQHandler
                0x0000000008018660                TIM1_TRG_COM_TIM11_IRQHandler
                0x0000000008018660                OTG_HS_IRQHandler
                0x0000000008018660                EXTI1_IRQHandler
                0x0000000008018660                USART2_IRQHandler
                0x0000000008018660                I2C2_ER_IRQHandler
                0x0000000008018660                DMA2_Stream1_IRQHandler
                0x0000000008018660                CAN1_SCE_IRQHandler
                0x0000000008018660                FLASH_IRQHandler
                0x0000000008018660                DMA2_Stream4_IRQHandler
                0x0000000008018660                BusFault_Handler
                0x0000000008018660                USART1_IRQHandler
                0x0000000008018660                SPI3_IRQHandler
                0x0000000008018660                DMA1_Stream4_IRQHandler
                0x0000000008018660                I2C1_ER_IRQHandler
                0x0000000008018660                DMA2_Stream6_IRQHandler
                0x0000000008018660                DMA1_Stream3_IRQHandler
 *fill*         0x0000000008018662        0x2 
 .text.atof     0x0000000008018664        0x8 /usr/lib/gcc/arm-none-eabi/4.9.3/../../../arm-none-eabi/lib/armv7e-m/fpu/libg.a(lib_a-atof.o)
                0x0000000008018664                atof
 .text.atoi     0x000000000801866c        0x8 /usr/lib/gcc/arm-none-eabi/4.9.3/../../../arm-none-eabi/lib/armv7e-m/fpu/libg.a(lib_a-atoi.o)
                0x000000000801866c                atoi
 .text._atoi_r  0x0000000008018674        0x8 /usr/lib/gcc/arm-none-eabi/4.9.3/../../../arm-none-eabi/lib/armv7e-m/fpu/libg.a(lib_a-atoi.o)
                0x0000000008018674                _atoi_r
 .text.__errno  0x000000000801867c        0xc /usr/lib/gcc/arm-none-eabi/4.9.3/../../../arm-none-eabi/lib/armv7e-m/fpu/libg.a(lib_a-errno.o)
                0x000000000801867c                __errno
 .text.malloc   0x0000000008018688       0x10 /usr/lib/gcc/arm-none-eabi/4.9.3/../../../arm-none-eabi/lib/armv7e-m/fpu/libg.a(lib_a-malloc.o)
                0x0000000008018688                malloc
 .text.free     0x0000000008018698       0x10 /usr/lib/gcc/arm-none-eabi/4.9.3/../../../arm-none-eabi/lib/armv7e-m/fpu/libg.a(lib_a-malloc.o)
                0x0000000008018698                free
 .text._malloc_r
                0x00000000080186a8      0x524 /usr/lib/gcc/arm-none-eabi/4.9.3/../../../arm-none-eabi/lib/armv7e-m/fpu/libg.a(lib_a-mallocr.o)
                0x00000000080186a8                _malloc_r
 .text.__malloc_lock
                0x0000000008018bcc        0x4 /usr/lib/gcc/arm-none-eabi/4.9.3/../../../arm-none-eabi/lib/armv7e-m/fpu/libg.a(lib_a-mlock.o)
                0x0000000008018bcc                __malloc_lock
 .text.__malloc_unlock
                0x0000000008018bd0        0x4 /usr/lib/gcc/arm-none-eabi/4.9.3/../../../arm-none-eabi/lib/armv7e-m/fpu/libg.a(lib_a-mlock.o)
                0x0000000008018bd0                __malloc_unlock
 .text._sbrk_r  0x0000000008018bd4       0x24 /usr/lib/gcc/arm-none-eabi/4.9.3/../../../arm-none-eabi/lib/armv7e-m/fpu/libg.a(lib_a-sbrkr.o)
                0x0000000008018bd4                _sbrk_r
 .text.sulp     0x0000000008018bf8       0x40 /usr/lib/gcc/arm-none-eabi/4.9.3/../../../arm-none-eabi/lib/armv7e-m/fpu/libg.a(lib_a-strtod.o)
 .text._strtod_r
                0x0000000008018c38      0xf50 /usr/lib/gcc/arm-none-eabi/4.9.3/../../../arm-none-eabi/lib/armv7e-m/fpu/libg.a(lib_a-strtod.o)
                0x0000000008018c38                _strtod_r
 .text.strtod   0x0000000008019b88       0x10 /usr/lib/gcc/arm-none-eabi/4.9.3/../../../arm-none-eabi/lib/armv7e-m/fpu/libg.a(lib_a-strtod.o)
                0x0000000008019b88                strtod
 .text.strtof   0x0000000008019b98       0x44 /usr/lib/gcc/arm-none-eabi/4.9.3/../../../arm-none-eabi/lib/armv7e-m/fpu/libg.a(lib_a-strtod.o)
                0x0000000008019b98                strtof
 .text.strtok   0x0000000008019bdc       0x10 /usr/lib/gcc/arm-none-eabi/4.9.3/../../../arm-none-eabi/lib/armv7e-m/fpu/libg.a(lib_a-strtok.o)
                0x0000000008019bdc                strtok
 .text.__strtok_r
                0x0000000008019bec       0x64 /usr/lib/gcc/arm-none-eabi/4.9.3/../../../arm-none-eabi/lib/armv7e-m/fpu/libg.a(lib_a-strtok_r.o)
                0x0000000008019bec                __strtok_r
 .text.strtok_r
                0x0000000008019c50        0x8 /usr/lib/gcc/arm-none-eabi/4.9.3/../../../arm-none-eabi/lib/armv7e-m/fpu/libg.a(lib_a-strtok_r.o)
                0x0000000008019c50                strtok_r
 .text._strtol_r
                0x0000000008019c58      0x11c /usr/lib/gcc/arm-none-eabi/4.9.3/../../../arm-none-eabi/lib/armv7e-m/fpu/libg.a(lib_a-strtol.o)
                0x0000000008019c58                _strtol_r
 .text.strtol   0x0000000008019d74       0x18 /usr/lib/gcc/arm-none-eabi/4.9.3/../../../arm-none-eabi/lib/armv7e-m/fpu/libg.a(lib_a-strtol.o)
                0x0000000008019d74                strtol
 .text._malloc_trim_r
                0x0000000008019d8c       0x9c /usr/lib/gcc/arm-none-eabi/4.9.3/../../../arm-none-eabi/lib/armv7e-m/fpu/libg.a(lib_a-freer.o)
                0x0000000008019d8c                _malloc_trim_r
 .text._free_r  0x0000000008019e28      0x1b0 /usr/lib/gcc/arm-none-eabi/4.9.3/../../../arm-none-eabi/lib/armv7e-m/fpu/libg.a(lib_a-freer.o)
                0x0000000008019e28                _free_r
 .text.rshift   0x0000000008019fd8       0xa0 /usr/lib/gcc/arm-none-eabi/4.9.3/../../../arm-none-eabi/lib/armv7e-m/fpu/libg.a(lib_a-gdtoa-gethex.o)
 .text.__gethex
                0x000000000801a078      0x514 /usr/lib/gcc/arm-none-eabi/4.9.3/../../../arm-none-eabi/lib/armv7e-m/fpu/libg.a(lib_a-gdtoa-gethex.o)
                0x000000000801a078                __gethex
 .text.__hexnan
                0x000000000801a58c      0x184 /usr/lib/gcc/arm-none-eabi/4.9.3/../../../arm-none-eabi/lib/armv7e-m/fpu/libg.a(lib_a-gdtoa-hexnan.o)
                0x000000000801a58c                __hexnan
 .text._setlocale_r
                0x000000000801a710       0x44 /usr/lib/gcc/arm-none-eabi/4.9.3/../../../arm-none-eabi/lib/armv7e-m/fpu/libg.a(lib_a-locale.o)
                0x000000000801a710                _setlocale_r
 .text.__locale_charset
                0x000000000801a754        0x8 /usr/lib/gcc/arm-none-eabi/4.9.3/../../../arm-none-eabi/lib/armv7e-m/fpu/libg.a(lib_a-locale.o)
                0x000000000801a754                __locale_charset
 .text.__locale_mb_cur_max
                0x000000000801a75c        0xc /usr/lib/gcc/arm-none-eabi/4.9.3/../../../arm-none-eabi/lib/armv7e-m/fpu/libg.a(lib_a-locale.o)
                0x000000000801a75c                __locale_mb_cur_max
 .text.__locale_msgcharset
                0x000000000801a768        0x8 /usr/lib/gcc/arm-none-eabi/4.9.3/../../../arm-none-eabi/lib/armv7e-m/fpu/libg.a(lib_a-locale.o)
                0x000000000801a768                __locale_msgcharset
 .text.__locale_cjk_lang
                0x000000000801a770        0x4 /usr/lib/gcc/arm-none-eabi/4.9.3/../../../arm-none-eabi/lib/armv7e-m/fpu/libg.a(lib_a-locale.o)
                0x000000000801a770                __locale_cjk_lang
 .text._localeconv_r
                0x000000000801a774        0x8 /usr/lib/gcc/arm-none-eabi/4.9.3/../../../arm-none-eabi/lib/armv7e-m/fpu/libg.a(lib_a-locale.o)
                0x000000000801a774                _localeconv_r
 .text.setlocale
                0x000000000801a77c       0x10 /usr/lib/gcc/arm-none-eabi/4.9.3/../../../arm-none-eabi/lib/armv7e-m/fpu/libg.a(lib_a-locale.o)
                0x000000000801a77c                setlocale
 .text.localeconv
                0x000000000801a78c        0x8 /usr/lib/gcc/arm-none-eabi/4.9.3/../../../arm-none-eabi/lib/armv7e-m/fpu/libg.a(lib_a-locale.o)
                0x000000000801a78c                localeconv
 .text._Balloc  0x000000000801a794       0x4c /usr/lib/gcc/arm-none-eabi/4.9.3/../../../arm-none-eabi/lib/armv7e-m/fpu/libg.a(lib_a-mprec.o)
                0x000000000801a794                _Balloc
 .text._Bfree   0x000000000801a7e0       0x14 /usr/lib/gcc/arm-none-eabi/4.9.3/../../../arm-none-eabi/lib/armv7e-m/fpu/libg.a(lib_a-mprec.o)
                0x000000000801a7e0                _Bfree
 .text.__multadd
                0x000000000801a7f4       0x84 /usr/lib/gcc/arm-none-eabi/4.9.3/../../../arm-none-eabi/lib/armv7e-m/fpu/libg.a(lib_a-mprec.o)
                0x000000000801a7f4                __multadd
 .text.__s2b    0x000000000801a878       0x98 /usr/lib/gcc/arm-none-eabi/4.9.3/../../../arm-none-eabi/lib/armv7e-m/fpu/libg.a(lib_a-mprec.o)
                0x000000000801a878                __s2b
 .text.__hi0bits
                0x000000000801a910       0x40 /usr/lib/gcc/arm-none-eabi/4.9.3/../../../arm-none-eabi/lib/armv7e-m/fpu/libg.a(lib_a-mprec.o)
                0x000000000801a910                __hi0bits
 .text.__lo0bits
                0x000000000801a950       0x5c /usr/lib/gcc/arm-none-eabi/4.9.3/../../../arm-none-eabi/lib/armv7e-m/fpu/libg.a(lib_a-mprec.o)
                0x000000000801a950                __lo0bits
 .text.__i2b    0x000000000801a9ac       0x14 /usr/lib/gcc/arm-none-eabi/4.9.3/../../../arm-none-eabi/lib/armv7e-m/fpu/libg.a(lib_a-mprec.o)
                0x000000000801a9ac                __i2b
 .text.__multiply
                0x000000000801a9c0      0x134 /usr/lib/gcc/arm-none-eabi/4.9.3/../../../arm-none-eabi/lib/armv7e-m/fpu/libg.a(lib_a-mprec.o)
                0x000000000801a9c0                __multiply
 .text.__pow5mult
                0x000000000801aaf4       0xa0 /usr/lib/gcc/arm-none-eabi/4.9.3/../../../arm-none-eabi/lib/armv7e-m/fpu/libg.a(lib_a-mprec.o)
                0x000000000801aaf4                __pow5mult
 .text.__lshift
                0x000000000801ab94       0xac /usr/lib/gcc/arm-none-eabi/4.9.3/../../../arm-none-eabi/lib/armv7e-m/fpu/libg.a(lib_a-mprec.o)
                0x000000000801ab94                __lshift
 .text.__mcmp   0x000000000801ac40       0x48 /usr/lib/gcc/arm-none-eabi/4.9.3/../../../arm-none-eabi/lib/armv7e-m/fpu/libg.a(lib_a-mprec.o)
                0x000000000801ac40                __mcmp
 .text.__mdiff  0x000000000801ac88       0xd4 /usr/lib/gcc/arm-none-eabi/4.9.3/../../../arm-none-eabi/lib/armv7e-m/fpu/libg.a(lib_a-mprec.o)
                0x000000000801ac88                __mdiff
 .text.__ulp    0x000000000801ad5c       0x50 /usr/lib/gcc/arm-none-eabi/4.9.3/../../../arm-none-eabi/lib/armv7e-m/fpu/libg.a(lib_a-mprec.o)
                0x000000000801ad5c                __ulp
 .text.__b2d    0x000000000801adac       0xc4 /usr/lib/gcc/arm-none-eabi/4.9.3/../../../arm-none-eabi/lib/armv7e-m/fpu/libg.a(lib_a-mprec.o)
                0x000000000801adac                __b2d
 .text.__d2b    0x000000000801ae70       0xbc /usr/lib/gcc/arm-none-eabi/4.9.3/../../../arm-none-eabi/lib/armv7e-m/fpu/libg.a(lib_a-mprec.o)
                0x000000000801ae70                __d2b
 .text.__ratio  0x000000000801af2c       0x60 /usr/lib/gcc/arm-none-eabi/4.9.3/../../../arm-none-eabi/lib/armv7e-m/fpu/libg.a(lib_a-mprec.o)
                0x000000000801af2c                __ratio
 .text._mprec_log10
                0x000000000801af8c       0x38 /usr/lib/gcc/arm-none-eabi/4.9.3/../../../arm-none-eabi/lib/armv7e-m/fpu/libg.a(lib_a-mprec.o)
                0x000000000801af8c                _mprec_log10
 .text.__copybits
                0x000000000801afc4       0x48 /usr/lib/gcc/arm-none-eabi/4.9.3/../../../arm-none-eabi/lib/armv7e-m/fpu/libg.a(lib_a-mprec.o)
                0x000000000801afc4                __copybits
 .text.__any_on
                0x000000000801b00c       0x60 /usr/lib/gcc/arm-none-eabi/4.9.3/../../../arm-none-eabi/lib/armv7e-m/fpu/libg.a(lib_a-mprec.o)
                0x000000000801b00c                __any_on
 .text.cleanup_glue
                0x000000000801b06c       0x1c /usr/lib/gcc/arm-none-eabi/4.9.3/../../../arm-none-eabi/lib/armv7e-m/fpu/libg.a(lib_a-reent.o)
                0x000000000801b06c                cleanup_glue
 .text._reclaim_reent
                0x000000000801b088       0x88 /usr/lib/gcc/arm-none-eabi/4.9.3/../../../arm-none-eabi/lib/armv7e-m/fpu/libg.a(lib_a-reent.o)
                0x000000000801b088                _reclaim_reent
 .text.__fpclassifyd
                0x000000000801b110       0x5c /usr/lib/gcc/arm-none-eabi/4.9.3/../../../arm-none-eabi/lib/armv7e-m/fpu/libg.a(lib_a-s_fpclassify.o)
                0x000000000801b110                __fpclassifyd
 .text.nanf     0x000000000801b16c        0xc /usr/lib/gcc/arm-none-eabi/4.9.3/../../../arm-none-eabi/lib/armv7e-m/fpu/libg.a(lib_a-sf_nan.o)
                0x000000000801b16c                nanf
 .text.strlen   0x000000000801b178       0x5c /usr/lib/gcc/arm-none-eabi/4.9.3/../../../arm-none-eabi/lib/armv7e-m/fpu/libg.a(lib_a-strlen.o)
                0x000000000801b178                strlen
 .text.strncmp  0x000000000801b1d4       0x98 /usr/lib/gcc/arm-none-eabi/4.9.3/../../../arm-none-eabi/lib/armv7e-m/fpu/libg.a(lib_a-strncmp.o)
                0x000000000801b1d4                strncmp
 .text._calloc_r
                0x000000000801b26c       0x60 /usr/lib/gcc/arm-none-eabi/4.9.3/../../../arm-none-eabi/lib/armv7e-m/fpu/libg.a(lib_a-callocr.o)
                0x000000000801b26c                _calloc_r
 .text.memset   0x000000000801b2cc       0x9c /usr/lib/gcc/arm-none-eabi/4.9.3/../../../arm-none-eabi/lib/armv7e-m/fpu/libg.a(lib_a-memset.o)
                0x000000000801b2cc                memset
 *(.glue_7)
 .glue_7        0x000000000801b368        0x0 linker stubs
 *(.glue_7t)
 .glue_7t       0x000000000801b368        0x0 linker stubs
 *(.eh_frame)
 .eh_frame      0x000000000801b368       0x70 /usr/lib/gcc/arm-none-eabi/4.9.3/../../../arm-none-eabi/lib/armv7e-m/fpu/libg.a(lib_a-strcmp.o)
 *(.init)
 *(.fini)
                0x000000000801b3d8                . = ALIGN (0x4)
                0x000000000801b3d8                _etext = .

.vfp11_veneer   0x000000000801b3d8        0x0
 .vfp11_veneer  0x000000000801b3d8        0x0 linker stubs

.v4_bx          0x000000000801b3d8        0x0
 .v4_bx         0x000000000801b3d8        0x0 linker stubs

.iplt           0x000000000801b3d8        0x0
 .iplt          0x000000000801b3d8        0x0 build/objs/stm32f4xx_hal_msp.o

.rodata         0x000000000801b3d8      0x9b0
                0x000000000801b3d8                . = ALIGN (0x4)
 *(.rodata)
 .rodata        0x000000000801b3d8        0x7 build/objs/USB_printf.o
 *fill*         0x000000000801b3df        0x1 
 .rodata        0x000000000801b3e0        0xc build/objs/SSR.o
 .rodata        0x000000000801b3ec       0x24 build/objs/main.o
 .rodata        0x000000000801b410       0x58 build/objs/usbd_desc.o
 .rodata        0x000000000801b468      0x386 build/objs/pcd8544.o
                0x000000000801b468                PCD8544_Font5x7
                0x000000000801b6b0                PCD8544_Font3x5
 *fill*         0x000000000801b7ee        0x2 
 .rodata        0x000000000801b7f0       0xc6 build/objs/reflow_process.o
 *fill*         0x000000000801b8b6        0x2 
 .rodata        0x000000000801b8b8       0xec build/objs/command_processor.o
 .rodata        0x000000000801b9a4        0x8 build/objs/stm32f4xx_hal_dma.o
 .rodata        0x000000000801b9ac       0x10 build/objs/stm32f4xx_hal_rcc.o
                0x000000000801b9ac                APBAHBPrescTable
 .rodata        0x000000000801b9bc       0x10 build/objs/stm32f4_discovery.o
                0x000000000801b9bc                GPIO_PIN
                0x000000000801b9c4                BUTTON_PIN
                0x000000000801b9c8                BUTTON_IRQn
 .rodata        0x000000000801b9cc       0x10 build/objs/system_stm32f4xx.o
                0x000000000801b9cc                AHBPrescTable
 *(.rodata*)
 .rodata.str1.4
                0x000000000801b9dc        0x2 /usr/lib/gcc/arm-none-eabi/4.9.3/../../../arm-none-eabi/lib/armv7e-m/fpu/libg.a(lib_a-impure.o)
                                          0x4 (size before relaxing)
 *fill*         0x000000000801b9de        0x2 
 .rodata._global_impure_ptr
                0x000000000801b9e0        0x4 /usr/lib/gcc/arm-none-eabi/4.9.3/../../../arm-none-eabi/lib/armv7e-m/fpu/libg.a(lib_a-impure.o)
                0x000000000801b9e0                _global_impure_ptr
 *fill*         0x000000000801b9e4        0x4 
 .rodata.tinytens
                0x000000000801b9e8       0x28 /usr/lib/gcc/arm-none-eabi/4.9.3/../../../arm-none-eabi/lib/armv7e-m/fpu/libg.a(lib_a-strtod.o)
 .rodata.fpinan.5307
                0x000000000801ba10       0x14 /usr/lib/gcc/arm-none-eabi/4.9.3/../../../arm-none-eabi/lib/armv7e-m/fpu/libg.a(lib_a-strtod.o)
 .rodata.str1.4
                0x000000000801ba24        0xf /usr/lib/gcc/arm-none-eabi/4.9.3/../../../arm-none-eabi/lib/armv7e-m/fpu/libg.a(lib_a-strtod.o)
                                         0x10 (size before relaxing)
 *fill*         0x000000000801ba33        0x1 
 .rodata.fpi.5271
                0x000000000801ba34       0x14 /usr/lib/gcc/arm-none-eabi/4.9.3/../../../arm-none-eabi/lib/armv7e-m/fpu/libg.a(lib_a-strtod.o)
 .rodata._ctype_
                0x000000000801ba48      0x104 /usr/lib/gcc/arm-none-eabi/4.9.3/../../../arm-none-eabi/lib/armv7e-m/fpu/libg.a(lib_a-ctype_.o)
                0x000000000801ba48                _ctype_
 .rodata.__hexdig
                0x000000000801bb4c      0x100 /usr/lib/gcc/arm-none-eabi/4.9.3/../../../arm-none-eabi/lib/armv7e-m/fpu/libg.a(lib_a-gdtoa-gethex.o)
                0x000000000801bb4c                __hexdig
 .rodata.str1.4
                0x000000000801bc4c       0x10 /usr/lib/gcc/arm-none-eabi/4.9.3/../../../arm-none-eabi/lib/armv7e-m/fpu/libg.a(lib_a-locale.o)
                                         0x14 (size before relaxing)
 *fill*         0x000000000801bc5c        0x4 
 .rodata.__mprec_tens
                0x000000000801bc60       0xc8 /usr/lib/gcc/arm-none-eabi/4.9.3/../../../arm-none-eabi/lib/armv7e-m/fpu/libg.a(lib_a-mprec.o)
                0x000000000801bc60                __mprec_tens
 .rodata.p05.5302
                0x000000000801bd28        0xc /usr/lib/gcc/arm-none-eabi/4.9.3/../../../arm-none-eabi/lib/armv7e-m/fpu/libg.a(lib_a-mprec.o)
 *fill*         0x000000000801bd34        0x4 
 .rodata.__mprec_bigtens
                0x000000000801bd38       0x28 /usr/lib/gcc/arm-none-eabi/4.9.3/../../../arm-none-eabi/lib/armv7e-m/fpu/libg.a(lib_a-mprec.o)
                0x000000000801bd38                __mprec_bigtens
 .rodata.__mprec_tinytens
                0x000000000801bd60       0x28 /usr/lib/gcc/arm-none-eabi/4.9.3/../../../arm-none-eabi/lib/armv7e-m/fpu/libg.a(lib_a-mprec.o)
                0x000000000801bd60                __mprec_tinytens
                0x000000000801bd88                . = ALIGN (0x4)

.rel.dyn        0x000000000801bd88        0x0
 .rel.iplt      0x000000000801bd88        0x0 build/objs/stm32f4xx_hal_msp.o

.ARM.extab
 *(.ARM.extab* .gnu.linkonce.armextab.*)

.ARM            0x000000000801bd88        0x0
                0x000000000801bd88                __exidx_start = .
 *(.ARM.exidx*)
                0x000000000801bd88                __exidx_end = .

.preinit_array  0x000000000801bd88        0x0
                [!provide]                        PROVIDE (__preinit_array_start, .)
 *(.preinit_array*)
                [!provide]                        PROVIDE (__preinit_array_end, .)

.init_array     0x000000000801bd88        0x0
                [!provide]                        PROVIDE (__init_array_start, .)
 *(SORT(.init_array.*))
 *(.init_array*)
                [!provide]                        PROVIDE (__init_array_end, .)

.fini_array     0x000000000801bd88        0x0
                [!provide]                        PROVIDE (__fini_array_start, .)
 *(SORT(.fini_array.*))
 *(.fini_array*)
                [!provide]                        PROVIDE (__fini_array_end, .)
                0x000000000801bd88                _sidata = LOADADDR (.data)

.data           0x0000000020000000      0xb7c load address 0x000000000801bd88
                0x0000000020000000                . = ALIGN (0x4)
                0x0000000020000000                _sdata = .
 *(.data)
 .data          0x0000000020000000        0x0 build/objs/stm32f4xx_hal_msp.o
 .data          0x0000000020000000       0x10 build/objs/usbd_cdc_if.o
                0x0000000020000000                USBD_Interface_fops_FS
 .data          0x0000000020000010        0x0 build/objs/usbd_conf.o
 .data          0x0000000020000010        0x0 build/objs/syscalls.o
 .data          0x0000000020000010        0x0 build/objs/USB_printf.o
 .data          0x0000000020000010        0x0 build/objs/gpio.o
 .data          0x0000000020000010        0x0 build/objs/SSR.o
 .data          0x0000000020000010        0x0 build/objs/MAX31855.o
 .data          0x0000000020000010        0x4 build/objs/main.o
                0x0000000020000010                main_loop_period
 .data          0x0000000020000014        0x0 build/objs/stm32f4xx_it.o
 .data          0x0000000020000014        0x0 build/objs/usb_device.o
 .data          0x0000000020000014       0x34 build/objs/usbd_desc.o
                0x0000000020000014                FS_Desc
                0x0000000020000030                USBD_FS_DeviceDesc
                0x0000000020000044                USBD_LangIDDesc
 .data          0x0000000020000048       0xca build/objs/pcd8544.o
                0x0000000020000048                brightness_levels
 .data          0x0000000020000112        0x0 build/objs/reflow_process.o
 *fill*         0x0000000020000112        0x2 
 .data          0x0000000020000114       0x60 build/objs/command_processor.o
                0x0000000020000114                allowed_commands
 .data          0x0000000020000174        0x0 build/objs/stm32f4xx_hal_dsi.o
 .data          0x0000000020000174        0x0 build/objs/stm32f4xx_hal_pcd.o
 .data          0x0000000020000174        0x0 build/objs/stm32f4xx_hal_irda.o
 .data          0x0000000020000174        0x0 build/objs/stm32f4xx_ll_fsmc.o
 .data          0x0000000020000174        0x0 build/objs/stm32f4xx_hal_cec.o
 .data          0x0000000020000174        0x0 build/objs/stm32f4xx_hal_timebase_tim_template.o
 .data          0x0000000020000174        0x0 build/objs/stm32f4xx_ll_usb.o
 .data          0x0000000020000174        0x0 build/objs/stm32f4xx_hal.o
 .data          0x0000000020000174        0x0 build/objs/stm32f4xx_hal_dcmi_ex.o
 .data          0x0000000020000174        0x0 build/objs/stm32f4xx_hal_flash_ex.o
 .data          0x0000000020000174        0x0 build/objs/stm32f4xx_hal_cryp.o
 .data          0x0000000020000174        0x0 build/objs/stm32f4xx_hal_rng.o
 .data          0x0000000020000174        0x0 build/objs/stm32f4xx_hal_nand.o
 .data          0x0000000020000174        0x0 build/objs/stm32f4xx_hal_gpio.o
 .data          0x0000000020000174        0x0 build/objs/stm32f4xx_hal_ltdc.o
 .data          0x0000000020000174        0x0 build/objs/stm32f4xx_hal_hcd.o
 .data          0x0000000020000174        0x0 build/objs/stm32f4xx_hal_pcd_ex.o
 .data          0x0000000020000174        0x0 build/objs/stm32f4xx_hal_adc.o
 .data          0x0000000020000174        0x0 build/objs/stm32f4xx_hal_adc_ex.o
 .data          0x0000000020000174        0x0 build/objs/stm32f4xx_hal_lptim.o
 .data          0x0000000020000174        0x0 build/objs/stm32f4xx_hal_spi.o
 .data          0x0000000020000174        0x0 build/objs/stm32f4xx_hal_i2c.o
 .data          0x0000000020000174        0x0 build/objs/stm32f4xx_hal_fmpi2c.o
 .data          0x0000000020000174        0x0 build/objs/stm32f4xx_hal_smartcard.o
 .data          0x0000000020000174        0x0 build/objs/stm32f4xx_hal_pccard.o
 .data          0x0000000020000174        0x0 build/objs/stm32f4xx_hal_dma2d.o
 .data          0x0000000020000174        0x0 build/objs/stm32f4xx_hal_sai.o
 .data          0x0000000020000174        0x0 build/objs/stm32f4xx_hal_cryp_ex.o
 .data          0x0000000020000174        0x0 build/objs/stm32f4xx_hal_rcc_ex.o
 .data          0x0000000020000174        0x0 build/objs/stm32f4xx_ll_fmc.o
 .data          0x0000000020000174        0x0 build/objs/stm32f4xx_hal_ltdc_ex.o
 .data          0x0000000020000174        0x0 build/objs/stm32f4xx_hal_flash_ramfunc.o
 .data          0x0000000020000174        0x0 build/objs/stm32f4xx_hal_cortex.o
 .data          0x0000000020000174        0x0 build/objs/stm32f4xx_hal_iwdg.o
 .data          0x0000000020000174        0x0 build/objs/stm32f4xx_hal_uart.o
 .data          0x0000000020000174        0x0 build/objs/stm32f4xx_hal_tim_ex.o
 .data          0x0000000020000174        0x0 build/objs/stm32f4xx_hal_i2c_ex.o
 .data          0x0000000020000174        0x0 build/objs/stm32f4xx_hal_dma.o
 .data          0x0000000020000174        0x0 build/objs/stm32f4xx_hal_dac.o
 .data          0x0000000020000174        0x0 build/objs/stm32f4xx_hal_spdifrx.o
 .data          0x0000000020000174        0x0 build/objs/stm32f4xx_hal_fmpi2c_ex.o
 .data          0x0000000020000174        0x0 build/objs/stm32f4xx_ll_sdmmc.o
 .data          0x0000000020000174        0x0 build/objs/stm32f4xx_hal_i2s_ex.o
 .data          0x0000000020000174        0x0 build/objs/stm32f4xx_hal_can.o
 .data          0x0000000020000174        0x0 build/objs/stm32f4xx_hal_nor.o
 .data          0x0000000020000174        0x0 build/objs/stm32f4xx_hal_pwr.o
 .data          0x0000000020000174        0x0 build/objs/stm32f4xx_hal_rtc.o
 .data          0x0000000020000174        0x0 build/objs/stm32f4xx_hal_qspi.o
 .data          0x0000000020000174        0x0 build/objs/stm32f4xx_hal_hash_ex.o
 .data          0x0000000020000174        0x0 build/objs/stm32f4xx_hal_i2s.o
 .data          0x0000000020000174        0x0 build/objs/stm32f4xx_hal_sram.o
 .data          0x0000000020000174        0x0 build/objs/stm32f4xx_hal_hash.o
 .data          0x0000000020000174        0x0 build/objs/stm32f4xx_hal_eth.o
 .data          0x0000000020000174        0x0 build/objs/stm32f4xx_hal_tim.o
 .data          0x0000000020000174        0x0 build/objs/stm32f4xx_hal_dma_ex.o
 .data          0x0000000020000174        0x0 build/objs/stm32f4xx_hal_sd.o
 .data          0x0000000020000174        0x0 build/objs/stm32f4xx_hal_sai_ex.o
 .data          0x0000000020000174        0x0 build/objs/stm32f4xx_hal_rcc.o
 .data          0x0000000020000174        0x0 build/objs/stm32f4xx_hal_wwdg.o
 .data          0x0000000020000174        0x0 build/objs/stm32f4xx_hal_dac_ex.o
 .data          0x0000000020000174        0x0 build/objs/stm32f4xx_hal_rtc_ex.o
 .data          0x0000000020000174        0x0 build/objs/stm32f4xx_hal_pwr_ex.o
 .data          0x0000000020000174        0x0 build/objs/stm32f4xx_hal_dcmi.o
 .data          0x0000000020000174        0x0 build/objs/stm32f4xx_hal_sdram.o
 .data          0x0000000020000174        0x0 build/objs/stm32f4xx_hal_flash.o
 .data          0x0000000020000174        0x0 build/objs/stm32f4xx_hal_crc.o
 .data          0x0000000020000174        0x0 build/objs/stm32f4xx_hal_usart.o
 .data          0x0000000020000174       0x1c build/objs/stm32f4_discovery.o
                0x0000000020000174                GPIO_PORT
                0x0000000020000184                BUTTON_PORT
                0x0000000020000188                I2cxTimeout
                0x000000002000018c                SpixTimeout
 .data          0x0000000020000190        0x4 build/objs/system_stm32f4xx.o
                0x0000000020000190                SystemCoreClock
 .data          0x0000000020000194        0x0 build/objs/usbd_core.o
 .data          0x0000000020000194        0x0 build/objs/usbd_ctlreq.o
 .data          0x0000000020000194        0x0 build/objs/usbd_ioreq.o
 .data          0x0000000020000194       0x18 build/objs/usbd_cdc_if_template.o
                0x0000000020000194                USBD_CDC_Template_fops
                0x00000000200001a4                linecoding
 .data          0x00000000200001ac      0x110 build/objs/usbd_cdc.o
                0x00000000200001b8                USBD_CDC
                0x00000000200001f0                USBD_CDC_CfgHSDesc
                0x0000000020000234                USBD_CDC_CfgFSDesc
                0x0000000020000278                USBD_CDC_OtherSpeedCfgDesc
 .data          0x00000000200002bc        0x0 build/objs/startup_stm32f407xx.o
 .data          0x00000000200002bc        0x0 /usr/lib/gcc/arm-none-eabi/4.9.3/armv7e-m/fpu/libgcc.a(_arm_addsubdf3.o)
 .data          0x00000000200002bc        0x0 /usr/lib/gcc/arm-none-eabi/4.9.3/armv7e-m/fpu/libgcc.a(_arm_muldivdf3.o)
 .data          0x00000000200002bc        0x0 /usr/lib/gcc/arm-none-eabi/4.9.3/armv7e-m/fpu/libgcc.a(_arm_truncdfsf2.o)
 .data          0x00000000200002bc        0x0 /usr/lib/gcc/arm-none-eabi/4.9.3/../../../arm-none-eabi/lib/armv7e-m/fpu/libg.a(lib_a-atof.o)
 .data          0x00000000200002bc        0x0 /usr/lib/gcc/arm-none-eabi/4.9.3/../../../arm-none-eabi/lib/armv7e-m/fpu/libg.a(lib_a-atoi.o)
 .data          0x00000000200002bc        0x0 /usr/lib/gcc/arm-none-eabi/4.9.3/../../../arm-none-eabi/lib/armv7e-m/fpu/libg.a(lib_a-errno.o)
 .data          0x00000000200002bc        0x0 /usr/lib/gcc/arm-none-eabi/4.9.3/../../../arm-none-eabi/lib/armv7e-m/fpu/libg.a(lib_a-impure.o)
 .data          0x00000000200002bc        0x0 /usr/lib/gcc/arm-none-eabi/4.9.3/../../../arm-none-eabi/lib/armv7e-m/fpu/libg.a(lib_a-malloc.o)
 .data          0x00000000200002bc        0x0 /usr/lib/gcc/arm-none-eabi/4.9.3/../../../arm-none-eabi/lib/armv7e-m/fpu/libg.a(lib_a-mallocr.o)
 .data          0x00000000200002bc        0x0 /usr/lib/gcc/arm-none-eabi/4.9.3/../../../arm-none-eabi/lib/armv7e-m/fpu/libg.a(lib_a-mlock.o)
 .data          0x00000000200002bc        0x0 /usr/lib/gcc/arm-none-eabi/4.9.3/../../../arm-none-eabi/lib/armv7e-m/fpu/libg.a(lib_a-sbrkr.o)
 .data          0x00000000200002bc        0x0 /usr/lib/gcc/arm-none-eabi/4.9.3/../../../arm-none-eabi/lib/armv7e-m/fpu/libg.a(lib_a-strcmp.o)
 .data          0x00000000200002bc        0x0 /usr/lib/gcc/arm-none-eabi/4.9.3/../../../arm-none-eabi/lib/armv7e-m/fpu/libg.a(lib_a-strtod.o)
 .data          0x00000000200002bc        0x0 /usr/lib/gcc/arm-none-eabi/4.9.3/../../../arm-none-eabi/lib/armv7e-m/fpu/libg.a(lib_a-strtok.o)
 .data          0x00000000200002bc        0x0 /usr/lib/gcc/arm-none-eabi/4.9.3/../../../arm-none-eabi/lib/armv7e-m/fpu/libg.a(lib_a-strtok_r.o)
 .data          0x00000000200002bc        0x0 /usr/lib/gcc/arm-none-eabi/4.9.3/../../../arm-none-eabi/lib/armv7e-m/fpu/libg.a(lib_a-strtol.o)
 .data          0x00000000200002bc        0x0 /usr/lib/gcc/arm-none-eabi/4.9.3/../../../arm-none-eabi/lib/armv7e-m/fpu/libg.a(lib_a-ctype_.o)
 .data          0x00000000200002bc        0x0 /usr/lib/gcc/arm-none-eabi/4.9.3/../../../arm-none-eabi/lib/armv7e-m/fpu/libg.a(lib_a-freer.o)
 .data          0x00000000200002bc        0x0 /usr/lib/gcc/arm-none-eabi/4.9.3/../../../arm-none-eabi/lib/armv7e-m/fpu/libg.a(lib_a-gdtoa-gethex.o)
 .data          0x00000000200002bc        0x0 /usr/lib/gcc/arm-none-eabi/4.9.3/../../../arm-none-eabi/lib/armv7e-m/fpu/libg.a(lib_a-gdtoa-hexnan.o)
 .data          0x00000000200002bc        0x0 /usr/lib/gcc/arm-none-eabi/4.9.3/../../../arm-none-eabi/lib/armv7e-m/fpu/libg.a(lib_a-locale.o)
 .data          0x00000000200002bc        0x0 /usr/lib/gcc/arm-none-eabi/4.9.3/../../../arm-none-eabi/lib/armv7e-m/fpu/libg.a(lib_a-memcpy.o)
 .data          0x00000000200002bc        0x0 /usr/lib/gcc/arm-none-eabi/4.9.3/../../../arm-none-eabi/lib/armv7e-m/fpu/libg.a(lib_a-mprec.o)
 .data          0x00000000200002bc        0x0 /usr/lib/gcc/arm-none-eabi/4.9.3/../../../arm-none-eabi/lib/armv7e-m/fpu/libg.a(lib_a-reent.o)
 .data          0x00000000200002bc        0x0 /usr/lib/gcc/arm-none-eabi/4.9.3/../../../arm-none-eabi/lib/armv7e-m/fpu/libg.a(lib_a-s_fpclassify.o)
 .data          0x00000000200002bc        0x0 /usr/lib/gcc/arm-none-eabi/4.9.3/../../../arm-none-eabi/lib/armv7e-m/fpu/libg.a(lib_a-sf_nan.o)
 .data          0x00000000200002bc        0x0 /usr/lib/gcc/arm-none-eabi/4.9.3/../../../arm-none-eabi/lib/armv7e-m/fpu/libg.a(lib_a-strlen.o)
 .data          0x00000000200002bc        0x0 /usr/lib/gcc/arm-none-eabi/4.9.3/../../../arm-none-eabi/lib/armv7e-m/fpu/libg.a(lib_a-strncmp.o)
 .data          0x00000000200002bc        0x0 /usr/lib/gcc/arm-none-eabi/4.9.3/../../../arm-none-eabi/lib/armv7e-m/fpu/libg.a(lib_a-callocr.o)
 .data          0x00000000200002bc        0x0 /usr/lib/gcc/arm-none-eabi/4.9.3/../../../arm-none-eabi/lib/armv7e-m/fpu/libg.a(lib_a-memset.o)
 .data          0x00000000200002bc        0x0 /usr/lib/gcc/arm-none-eabi/4.9.3/armv7e-m/fpu/libgcc.a(_arm_cmpdf2.o)
 .data          0x00000000200002bc        0x0 /usr/lib/gcc/arm-none-eabi/4.9.3/armv7e-m/fpu/libgcc.a(_arm_fixdfsi.o)
 .data          0x00000000200002bc        0x0 /usr/lib/gcc/arm-none-eabi/4.9.3/armv7e-m/fpu/libgcc.a(_arm_fixunsdfsi.o)
 *(.data*)